
> axiom-ai-experience-center@0.1.0 test
> react-app-rewired test --no-watch --testTimeout=20000

FAIL src/components/__tests__/RepositoryView.test.tsx
  ● RepositoryView › renders loading state initially

    expect(element).toHaveTextContent()

    Checking with empty string will always match, use .toBeEmptyDOMElement() instead:

    Received:
      Loading repository details...

      48 |     expect(screen.getByText('Loading repository details...')).toBeInTheDocument();
      49 |     // Check for spinner by class
    > 50 |     expect(document.documentElement).toHaveTextContent(''); // Verify component rendered
         |                                      ^
      51 |     // Note: Testing for specific CSS classes is discouraged. Consider testing behavior instead.;
      52 |   });
      53 |

      at Object.<anonymous> (src/components/__tests__/RepositoryView.test.tsx:50:38)

  ● RepositoryView › displays language with color indicator

    expect(element).toHaveTextContent()

    Checking with empty string will always match, use .toBeEmptyDOMElement() instead:

    Received:
      ArrowLeftBack to RepositoriesFoldertest-repoJavaScriptInfoAvailable API Toolstest-repo API ButtonsDocumentationView Documentation→README.md→

    Ignored nodes: comments, script, style
    [36m<html>[39m
      [36m<head />[39m
      [36m<body>[39m
        [36m<div>[39m
          [36m<div[39m
            [33mclass[39m=[32m"min-h-screen bg-gray-900 text-white"[39m
          [36m>[39m
            [36m<div[39m
              [33mclass[39m=[32m"container mx-auto px-4 py-8"[39m
            [36m>[39m
              [36m<a[39m
                [33mclass[39m=[32m"inline-flex items-center text-blue-400 hover:text-blue-300 mb-6 transition-colors"[39m
                [33mhref[39m=[32m"/repositories"[39m
              [36m>[39m
                [36m<span>[39m
                  [0mArrowLeft[0m
                [36m</span>[39m
                [0mBack to Repositories[0m
              [36m</a>[39m
              [36m<div[39m
                [33mclass[39m=[32m"bg-gray-800 rounded-lg p-6 mb-6"[39m
              [36m>[39m
                [36m<div[39m
                  [33mclass[39m=[32m"flex items-start justify-between mb-4"[39m
                [36m>[39m
                  [36m<div[39m
                    [33mclass[39m=[32m"flex items-center"[39m
                  [36m>[39m
                    [36m<span>[39m
                      [0mFolder[0m
                    [36m</span>[39m
                    [36m<h1[39m
                      [33mclass[39m=[32m"text-3xl font-bold"[39m
                    [36m>[39m
                      [0mtest-repo[0m
                    [36m</h1>[39m
                  [36m</div>[39m
                [36m</div>[39m
                [36m<div[39m
                  [33mclass[39m=[32m"flex flex-wrap gap-4 text-sm text-gray-400"[39m
                [36m>[39m
                  [36m<div[39m
                    [33mclass[39m=[32m"flex items-center"[39m
                  [36m>[39m
                    [36m<span[39m
                      [33mclass[39m=[32m"w-3 h-3 rounded-full bg-blue-500 mr-2"[39m
                    [36m/>[39m
                    [0mJavaScript[0m
                  [36m</div>[39m
                [36m</div>[39m
              [36m</div>[39m
              [36m<div[39m
                [33mclass[39m=[32m"bg-gray-800 rounded-lg p-6 mb-6"[39m
              [36m>[39m
                [36m<h2[39m
                  [33mclass[39m=[32m"text-xl font-semibold mb-4 flex items-center"[39m
                [36m>[39m
                  [36m<span>[39m
                    [0mInfo[0m
                  [36m</span>[39m
                  [0mAvailable API Tools[0m
                [36m</h2>[39m
                [36m<div[39m
                  [33mdata-testid[39m=[32m"dynamic-api-buttons"[39m
                [36m>[39m
                  [0mtest-repo[0m
                  [0m API Buttons[0m
                [36m</div>[39m
              [36m</div>[39m
              [36m<div[39m
                [33mclass[39m=[32m"bg-gray-800 rounded-lg p-6"[39m
              [36m>[39m
                [36m<h2[39m
                  [33mclass[39m=[32m"text-xl font-semibold mb-4"[39m
                [36m>[39m
                  [0mDocumentation[0m
                [36m</h2>[39m
                [36m<div[39m
                  [33mclass[39m=[32m"space-y-3"[39m
                [36m>[39m
                  [36m<a[39m
                    [33mclass[39m=[32m"block p-4 bg-gray-700 rounded hover:bg-gray-600 transition-colors"[39m
                    [33mhref[39m=[32m"/repository/test-repo/docs"[39m
                  [36m>[39m
                    [36m<div[39m
                      [33mclass[39m=[32m"flex justify-between items-center"[39m
                    [36m>[39m
                      [36m<span>[39m
                        [0mView Documentation[0m
                      [36m</span>[39m
                      [36m<span[39m
                        [33mclass[39m=[32m"text-gray-400"[39m
                      [36m>[39m
                        [0m→[0m
                      [36m</span>[39m
                    [36m</div>[39m
                  [36m</a>[39m
                  [36m<a[39m
                    [33mclass[39m=[32m"block p-4 bg-gray-700 rounded hover:bg-gray-600 transition-colors"[39m
                    [33mhref[39m=[32m"/repository/test-repo/readme"[39m
                  [36m>[39m
                    [36m<div[39m
                      [33mclass[39m=[32m"flex justify-between items-center"[39m
                    [36m>[39m
                      [36m<span>[39m
                        [0mREADME.md[0m
                      [36m</span>[39m
                      [36m<span[39m
                        [33mclass[39m=[32m"text-gray-400"[39m
                      [36m>[39m
                        [0m→[0m
                      [36m</span>[39m
                    [36m</div>[39m
                  [36m</a>[39m
                [36m</div>[39m
              [36m</div>[39m
            [36m</div>[39m
          [36m</div>[39m
        [36m</div>[39m
      [36m</body>[39m
    [36m</html>[39m

      235 |       expect(screen.getByText('JavaScript')).toBeInTheDocument();
      236 |       // Language indicator dot
    > 237 |       expect(document.documentElement).toHaveTextContent(''); // Verify component rendered
          |                                        ^
      238 |     // Note: Testing for specific CSS classes is discouraged. Consider testing behavior instead.;
      239 |     });
      240 |   });

      at src/components/__tests__/RepositoryView.test.tsx:237:40
      at runWithExpensiveErrorDiagnosticsDisabled (node_modules/@testing-library/react/node_modules/@testing-library/dom/dist/config.js:47:12)
      at checkCallback (node_modules/@testing-library/react/node_modules/@testing-library/dom/dist/wait-for.js:127:77)
      at checkRealTimersCallback (node_modules/@testing-library/react/node_modules/@testing-library/dom/dist/wait-for.js:121:16)
      at Timeout.task [as _onTimeout] (node_modules/jsdom/lib/jsdom/browser/Window.js:516:19)

FAIL src/services/__tests__/repositorySync.test.ts
  ● repositorySyncService › getSyncStatus › returns current sync status

    expect(received).toMatchObject(expected)

    - Expected  - 6
    + Received  + 1

    - Object {
    -   "completedRepositories": 0,
    -   "errors": Array [],
    -   "isInProgress": false,
    -   "totalRepositories": 0,
    - }
    + Promise {}

      25 |       });
      26 |     });
    > 27 |
         | ^
      28 |     it('returns status during sync', async () => {
      29 |       // This test would need to check status during an actual sync
      30 |       // Since we can't easily set private properties, we'll skip this detailed test

      at Object.<anonymous> (src/services/__tests__/repositorySync.test.ts:27:22)

  ● repositorySyncService › getSyncStatus › returns status during sync

    expect(received).toBe(expected) // Object.is equality

    Expected: false
    Received: undefined

      37 |   describe('getLastSyncInfo', () => {
      38 |     it('returns empty object when no sync has occurred', () => {
    > 39 |       const info = repositorySyncService.getLastSyncInfo();
         |                                   ^
      40 |       expect(info).toEqual({});
      41 |     });
      42 |

      at Object.<anonymous> (src/services/__tests__/repositorySync.test.ts:39:35)

  ● repositorySyncService › getLastSyncInfo › returns last sync information from file

    expect(received).toEqual(expected) // deep equality

    Expected: 2025-01-20T15:00:00.000Z
    Received: undefined

      53 |       expect(info.repositories).toEqual(['repo1', 'repo2']);
      54 |     });
    > 55 |   });
         |      ^
      56 |
      57 |   describe('syncOnStartup', () => {
      58 |     const mockRepositories = [

      at Object.<anonymous> (src/services/__tests__/repositorySync.test.ts:55:30)

  ● repositorySyncService › syncOnStartup › syncs all repositories successfully

    expect(received).toBe(expected) // Object.is equality

    Expected: false
    Received: true

      103 |       expect(result.failedRepositories).toEqual([]);
      104 |       expect(result.totalTime).toBeGreaterThan(0);
    > 105 |       expect(result.timestamp).toBeInstanceOf(Date);
          |                              ^
      106 |     });
      107 |
      108 |     it('handles sync errors gracefully', async () => {

      at Object.<anonymous> (src/services/__tests__/repositorySync.test.ts:105:30)

  ● repositorySyncService › syncOnStartup › handles sync errors gracefully

    expect(received).toBe(expected) // Object.is equality

    Expected: false
    Received: true

      132 |       expect(result.failedRepositories).toHaveLength(1);
      133 |       expect(result.failedRepositories[0].name).toBe('repo2');
    > 134 |       expect(result.failedRepositories[0].error).toContain('Git pull failed');
          |                              ^
      135 |     });
      136 |
      137 |     it('updates sync progress during operation', async () => {

      at Object.<anonymous> (src/services/__tests__/repositorySync.test.ts:134:30)

  ● repositorySyncService › syncOnStartup › updates sync progress during operation

    expect(received).toBeGreaterThan(expected)

    Expected: > 0
    Received:   0

      154 |       expect(progressChecks.length).toBeGreaterThan(0);
      155 |       expect(progressChecks[0].isInProgress).toBe(true);
    > 156 |     });
          |        ^
      157 |
      158 |     it('handles missing cloned-repositories directory', async () => {
      159 |       (fs.existsSync as jest.Mock).mockReturnValue(false);

      at Object.<anonymous> (src/services/__tests__/repositorySync.test.ts:156:37)

  ● repositorySyncService › syncOnStartup › handles missing cloned-repositories directory

    expect(received).toBe(expected) // Object.is equality

    Expected: false
    Received: true

      160 |
      161 |       const result = await repositorySyncService.syncOnStartup();
    > 162 |
          | ^
      163 |       expect(result.success).toBe(false);
      164 |       // The actual implementation returns failedRepositories, not error
      165 |       expect(result.failedRepositories).toEqual([]);

      at Object.<anonymous> (src/services/__tests__/repositorySync.test.ts:162:30)

  ● repositorySyncService › syncOnStartup › skips non-directory entries

    expect(received).toEqual(expected) // deep equality

    - Expected  - 4
    + Received  + 1

    - Array [
    -   "repo1",
    -   "repo2",
    - ]
    + Array []

      179 |       expect(result.syncedRepositories).not.toContain('file.txt');
      180 |       expect(result.syncedRepositories).not.toContain('.hidden');
    > 181 |     });
          |        ^
      182 |
      183 |     it('handles special branch for demo-labsdashboards', async () => {
      184 |       (fs.readdirSync as jest.Mock).mockReturnValue([

      at Object.<anonymous> (src/services/__tests__/repositorySync.test.ts:181:41)

  ● repositorySyncService › syncOnStartup › handles special branch for demo-labsdashboards

    expect(received).toBeGreaterThan(expected)

    Expected: > 0
    Received:   0

      192 |         call => call[0].includes('checkout james-update')
      193 |       );
    > 194 |       expect(checkoutCalls.length).toBeGreaterThan(0);
          |                                    ^
      195 |     });
      196 |
      197 |     it('updates last sync info after successful sync', async () => {

      at Object.<anonymous> (src/services/__tests__/repositorySync.test.ts:194:36)

  ● repositorySyncService › syncOnStartup › updates last sync info after successful sync

    expect(received).toBeInstanceOf(expected)

    Expected constructor: Date

    Received value has no prototype
    Received value: undefined

      198 |       const beforeSync = Date.now();
      199 |       
    > 200 |       await repositorySyncService.syncOnStartup();
          |                                  ^
      201 |       
      202 |       const lastSync = repositorySyncService.getLastSyncInfo();
      203 |       expect(lastSync.timestamp).toBeInstanceOf(Date);

      at Object.<anonymous> (src/services/__tests__/repositorySync.test.ts:200:34)

  ● repositorySyncService › syncOnStartup › handles empty repository directory

    expect(received).toBe(expected) // Object.is equality

    Expected: 0
    Received: undefined

      207 |
      208 |     it('handles empty repository directory', async () => {
    > 209 |       (fs.readdirSync as jest.Mock).mockReturnValue([]);
          |                                        ^
      210 |
      211 |       const result = await repositorySyncService.syncOnStartup();
      212 |

      at Object.<anonymous> (src/services/__tests__/repositorySync.test.ts:209:40)

  ● repositorySyncService › syncOnStartup › continues syncing after individual repository failure

    expect(received).toEqual(expected) // deep equality

    - Expected  - 4
    + Received  + 1

    - Array [
    -   "repo1",
    -   "repo3",
    - ]
    + Array []

      227 |           throw new Error('Git pull failed');
      228 |         }
    > 229 |         return '';
          |                   ^
      230 |       });
      231 |
      232 |       const result = await repositorySyncService.syncOnStartup();

      at Object.<anonymous> (src/services/__tests__/repositorySync.test.ts:229:41)

  ● repositorySyncService › syncOnStartup › captures detailed error information

    TypeError: Cannot read properties of undefined (reading 'error')

      239 |     it('captures detailed error information', async () => {
      240 |       const errorMessage = 'fatal: unable to access repository';
    > 241 |       
          |       ^
      242 |       (execSync as jest.Mock).mockImplementation(() => {
      243 |         const error = new Error(errorMessage);
      244 |         (error as any).stderr = Buffer.from('Permission denied');

      at Object.<anonymous> (src/services/__tests__/repositorySync.test.ts:241:43)

  ● repositorySyncService › error handling › handles permission errors

    expect(received).toBe(expected) // Object.is equality

    Expected: false
    Received: true

      262 |
      263 |       const result = await repositorySyncService.syncOnStartup();
    > 264 |
          | ^
      265 |       expect(result.totalTime).toBeGreaterThanOrEqual(delay);
      266 |     });
      267 |   });

      at Object.<anonymous> (src/services/__tests__/repositorySync.test.ts:264:30)

  ● repositorySyncService › error handling › handles network errors

    expect(received).toBe(expected) // Object.is equality

    Expected: false
    Received: true

      272 |         const error = new Error('Permission denied');
      273 |         (error as any).code = 'EACCES';
    > 274 |         throw error;
          |                     ^
      275 |       });
      276 |
      277 |       const result = await repositorySyncService.syncOnStartup();

      at Object.<anonymous> (src/services/__tests__/repositorySync.test.ts:274:30)

FAIL src/components/__tests__/UnifiedApiExplorer.test.tsx
  ● UnifiedApiExplorer › should execute request and display response

    Unable to find an element with the text: /Response/. This could be because the text is broken up by multiple elements. In this case, you can provide a function for your text matcher to make your matcher more flexible.

    Ignored nodes: comments, script, style
    [36m<body>[39m
      [36m<div>[39m
        [36m<div[39m
          [33mclass[39m=[32m"sc-dNFkOE bpJcYT"[39m
        [36m>[39m
          [36m<div[39m
            [33mclass[39m=[32m"sc-fszimp RkDfF"[39m
          [36m>[39m
            [36m<div[39m
              [33mclass[39m=[32m"sc-bjMIFn dkUTTl"[39m
            [36m>[39m
              [36m<svg[39m
                [33mclass[39m=[32m"sc-fhfEft jdZxDh"[39m
                [33mfill[39m=[32m"none"[39m
                [33mheight[39m=[32m"20"[39m
                [33mstroke[39m=[32m"currentColor"[39m
                [33mstroke-linecap[39m=[32m"round"[39m
                [33mstroke-linejoin[39m=[32m"round"[39m
                [33mstroke-width[39m=[32m"2"[39m
                [33mviewBox[39m=[32m"0 0 24 24"[39m
                [33mwidth[39m=[32m"20"[39m
                [33mxmlns[39m=[32m"http://www.w3.org/2000/svg"[39m
              [36m>[39m
                [36m<circle[39m
                  [33mcx[39m=[32m"11"[39m
                  [33mcy[39m=[32m"11"[39m
                  [33mr[39m=[32m"8"[39m
                [36m/>[39m
                [36m<path[39m
                  [33md[39m=[32m"m21 21-4.3-4.3"[39m
                [36m/>[39m
              [36m</svg>[39m
              [36m<input[39m
                [33mclass[39m=[32m"sc-cCVJLD sc-dClGHI gaYutE jeoCNx"[39m
                [33mplaceholder[39m=[32m"Search APIs..."[39m
                [33mtype[39m=[32m"text"[39m
                [33mvalue[39m=[32m""[39m
              [36m/>[39m
            [36m</div>[39m
            [36m<div[39m
              [33mclass[39m=[32m"sc-bAehkN iklRLd"[39m
            [36m>[39m
              [36m<div[39m
                [33mclass[39m=[32m"sc-gahYZc bqXIUo"[39m
                [33mdatatype[39m=[32m"OpenAPI"[39m
              [36m>[39m
                [36m<div[39m
                  [33mclass[39m=[32m"sc-eqYatC gSlqz"[39m
                  [33mstyle[39m=[32m"margin-bottom: 0.5rem;"[39m
                [36m>[39m
                  [36m<p[39m
                    [33mclass[39m=[32m"sc-fbQrwq hJkJgj"[39m
                    [33mweight[39m=[32m"semibold"[39m
                  [36m>[39m
                    [0mUser API[0m
                  [36m</p>[39m
                  [36m<span[39m
                    [33mclass[39m=[32m"sc-pYNGo cghKyQ"[39m
                  [36m>[39m
                    [0mOpenAPI[0m
                  [36m</span>[39m
                [36m</div>[39m
                [36m<p[39m
                  [33mclass[39m=[32m"sc-fbQrwq fSRbFM"[39m
                  [33mcolor[39m=[32m"secondary"[39m
                [36m>[39m
                  [0mapi/openapi.yaml[0m
                [36m</p>[39m
              [36m</div>[39m
            [36m</div>[39m
            [36m<div[39m
              [33mclass[39m=[32m"sc-cpclqO iaYnfr"[39m
            [36m>[39m
              [36m<p[39m
                [33mclass[39m=[32m"sc-fbQrwq hJkJgj"[39m
                [33mstyle[39m=[32m"margin-bottom: 0.5rem;"[39m
                [33mweight[39m=[32m"semibold"[39m
              [36m>[39m
                [0mEnvironment[0m
              [36m</p>[39m
              [36m<select[39m
                [33mstyle[39m=[32m"width: 100%; padding: 0.5rem; background: rgb(255, 255, 255); color: rgb(33, 33, 33); border-radius: 0.375rem;"[39m
              [36m>[39m
                [36m<option[39m
                  [33mvalue[39m=[32m"Development"[39m
                [36m>[39m
                  [0mDevelopment[0m
                [36m</option>[39m
                [36m<option[39m
                  [33mvalue[39m=[32m"Production"[39m
                [36m>[39m
                  [0mProduction[0m
                [36m</option>[39m
              [36m</select>[39m
            [36m</div>[39m
          [36m</div>[39m
          [36m<div[39m
            [33mclass[39m=[32m"sc-etsjJW iLfPfi"[39m
          [36m>[39m
            [36m<div[39m
              [33mclass[39m=[32m"sc-fYmhhH hQEFBY"[39m
            [36m>[39m
              [36m<div[39m
                [33mclass[39m=[32m"sc-eqYatC gSlqz"[39m
              [36m>[39m
                [36m<div>[39m
                  [36m<h2[39m
                    [33mclass[39m=[32m"sc-dntSTA fKUUfw"[39m
                    [33mstyle[39m=[32m"margin: 0px;"[39m
                  [36m>[39m
                    [0mUser API[0m
                  [36m</h2>[39m
                  [36m<p[39m
                    [33mclass[39m=[32m"sc-fbQrwq diSTbZ"[39m
                    [33mcolor[39m=[32m"secondary"[39m
                    [33mstyle[39m=[32m"margin-top: 0.25rem;"[39m
                  [36m>[39m
                    [0mOpenAPI[0m
                    [0m • [0m
                    [0m1.0.0[0m
                  [36m</p>[39m
                [36m</div>[39m
                [36m<div[39m
                  [33mclass[39m=[32m"sc-eqYatC BfFaI"[39m
                [36m>[39m
                  [36m<button[39m
                    [33mclass[39m=[32m"sc-bRKDuR iuryfz"[39m
                    [33mvariant[39m=[32m"outline"[39m
                  [36m>[39m
                    [36m<svg[39m
                      [33mclass[39m=[32m"lucide lucide-history"[39m
                      [33mfill[39m=[32m"none"[39m
                      [33mheight[39m=[32m"20"[39m
                      [33mstroke[39m=[32m"currentColor"[39m
                      [33mstroke-linecap[39m=[32m"round"[39m
                      [33mstroke-linejoin[39m=[32m"round"[39m
                      [33mstroke-width[39m=[32m"2"[39m
                      [33mviewBox[39m=[32m"0 0 24 24"[39m
                      [33mwidth[39m=[32m"20"[39m
                      [33mxmlns[39m=[32m"http://www.w3.org/2000/svg"[39m
                    [36m>[39m
                      [36m<path[39m
                        [33md[39m=[32m"M3 12a9 9 0 1 0 9-9 9.75 9.75 0 0 0-6.74 2.74L3 8"[39m
                      [36m/>[39m
                      [36m<path[39m
                        [33md[39m=[32m"M3 3v5h5"[39m
                      [36m/>[39m
                      [36m<path[39m
                        [33md[39m=[32m"M12 7v5l4 2"[39m
                      [36m/>[39m
                    [36m</svg>[39m
                    [0mHistory[0m
                  [36m</button>[39m
                  [36m<button[39m
                    [33mclass[39m=[32m"sc-bRKDuR iuryfz"[39m
                    [33mvariant[39m=[32m"outline"[39m
                  [36m>[39m
                    [36m<svg[39m
                      [33mclass[39m=[32m"lucide lucide-code2"[39m
                      [33mfill[39m=[32m"none"[39m
                      [33mheight[39m=[32m"20"[39m
                      [33mstroke[39m=[32m"currentColor"[39m
                      [33mstroke-linecap[39m=[32m"round"[39m
                      [33mstroke-linejoin[39m=[32m"round"[39m
                      [33mstroke-width[39m=[32m"2"[39m
                      [33mviewBox[39m=[32m"0 0 24 24"[39m
                      [33mwidth[39m=[32m"20"[39m
                      [33mxmlns[39m=[32m"http://www.w3.org/2000/svg"[39m
                    [36m>[39m
                      [36m<path[39m
                        [33md[39m=[32m"m18 16 4-4-4-4"[39m
                      [36m/>[39m
                      [36m<path[39m
                        [33md[39m=[32m"m6 8-4 4 4 4"[39m
                      [36m/>[39m
                      [36m<path[39m
                        [33md[39m=[32m"m14.5 4-5 16"[39m
                      [36m/>[39m
                    [36m</svg>[39m
                    [0mCode[0m
                  [36m</button>[39m
                [36m</div>[39m
              [36m</div>[39m
            [36m</div>[39m
            [36m<div[39m
              [33mclass[39m=[32m"sc-DZJJV fJevky"[39m
            [36m>[39m
              [36m<button[39m
                [33mclass[39m=[32m"sc-kUouGy kQbVHr"[39m
              [36m>[39m
                [0mAPI Explorer[0m
              [36m</button>[39m
              [36m<button[39m
                [33mclass[39m=[32m"sc-kUouGy jhZqWL"[39m
              [36m>[39m
                [0mRequest History[0m
              [36m</button>[39m
              [36m<button[39m
                [33mclass[39m=[32m"sc-kUouGy jhZqWL"[39m
              [36m>[39m
                [0mCode Snippets[0m
              [36m</button>[39m
            [36m</div>[39m
            [36m<div[39m
              [33mclass[39m=[32m"sc-koBvLg emhtRW"[39m
            [36m>[39m
              [36m<div[39m
                [33mclass[39m=[32m"sc-fhHczv sc-bSFBcf lasDUW hkwmPN"[39m
              [36m>[39m
                [36m<div[39m
                  [33mclass[39m=[32m"sc-ggWZvA jrJtVq"[39m
                [36m>[39m
                  [36m<h3[39m
                    [33mclass[39m=[32m"sc-dTvVRJ bkmBgs"[39m
                  [36m>[39m
                    [0mRequest[0m
                  [36m</h3>[39m
                [36m</div>[39m
                [36m<div[39m
                  [33mclass[39m=[32m"sc-hjsuWn lcauGV"[39m
                [36m>[39m
                  [36m<div[39m
                    [33mclass[39m=[32m"sc-eqYatC BfFaI"[39m
                    [33mstyle[39m=[32m"margin-bottom: 1rem;"[39m
                  [36m>[39m
                    [36m<select[39m
                      [33mclass[39m=[32m"sc-gsJsQu kUgtEP"[39m
                    [36m>[39m
                      [36m<option[39m
                        [33mvalue[39m=[32m"GET"[39m
                      [36m>[39m
                        [0mGET[0m
                      [36m</option>[39m
                      [36m<option[39m
                        [33mvalue[39m=[32m"POST"[39m
                      [36m>[39m
                        [0mPOST[0m
                      [36m</option>[39m
                      [36m<option[39m
                        [33mvalue[39m=[32m"PUT"[39m
                      [36m>[39m
                        [0mPUT[0m
                      [36m</option>[39m
                      [36m<option[39m
                        [33mvalue[39m=[32m"PATCH"[39m
                      [36m>[39m
                        [0mPATCH[0m
                      [36m</option>[39m
                      [36m<option[39m
                        [33mvalue[39m=[32m"DELETE"[39m
                      [36m>[39m
                        [0mDELETE[0m
                      [36m</option>[39m
                    [36m</select>[39m
                    [36m<input[39m
                      [33mclass[39m=[32m"sc-cCVJLD sc-ibashp gaYutE eFVpaW"[39m
                      [33mplaceholder[39m=[32m"Enter request URL..."[39m
                      [33mtype[39m=[32m"text"[39m
                      [33mvalue[39m=[32m"{{BASE_URL}}/users"[39m
                    [36m/>[39m
                    [36m<button[39m
                      [33mclass[39m=[32m"sc-bRKDuR launxd"[39m
                    [36m>[39m
                      [36m<svg[39m
                        [33mclass[39m=[32m"lucide lucide-play"[39m
                        [33mfill[39m=[32m"none"[39m
                        [33mheight[39m=[32m"20"[39m
                        [33mstroke[39m=[32m"currentColor"[39m
                        [33mstroke-linecap[39m=[32m"round"[39m
                        [33mstroke-linejoin[39m=[32m"round"[39m
                        [33mstroke-width[39m=[32m"2"[39m
                        [33mviewBox[39m=[32m"0 0 24 24"[39m
                        [33mwidth[39m=[32m"20"[39m
                        [33mxmlns[39m=[32m"http://www.w3.org/2000/svg"[39m
                      [36m>[39m
                        [36m<polygon[39m
                          [33mpoints[39m=[32m"5 3 19 12 5 21 5 3"[39m
                        [36m/>[39m
                      [36m</svg>[39m
                      [0mSend[0m
                    [36m</button>[39m
                  [36m</div>[39m
                  [36m<div[39m
                    [33mclass[39m=[32m"sc-blIAwI eIqjJa"[39m
                  [36m>[39m
                    [36m<p[39m
                      [33mclass[39m=[32m"sc-fbQrwq hJkJgj"[39m
                      [33mstyle[39m=[32m"margin-bottom: 0.5rem;"[39m
                      [33mweight[39m=[32m"semibold"[39m
                    [36m>[39m
                      [0mHeaders[0m
                    [36m</p>[39m
                    [36m<div[39m
                      [33mclass[39m=[32m"sc-itBLYH cDOjoP"[39m
                    [36m>[39m
                      [36m<input[39m
                        [33mclass[39m=[32m"sc-cCVJLD gaYutE"[39m
                        [33mplaceholder[39m=[32m"Header name"[39m
                        [33mtype[39m=[32m"text"[39m
                        [33mvalue[39m=[32m"Content-Type"[39m
                      [36m/>[39m
                      [36m<input[39m
                        [33mclass[39m=[32m"sc-cCVJLD gaYutE"[39m
                        [33mplaceholder[39m=[32m"Header value"[39m
                        [33mtype[39m=[32m"text"[39m
                        [33mvalue[39m=[32m"application/json"[39m
                      [36m/>[39m
                    [36m</div>[39m
                    [36m<button[39m
                      [33mclass[39m=[32m"sc-bRKDuR gMRavL"[39m
                      [33mvariant[39m=[32m"outline"[39m
                    [36m>[39m
                      [0mAdd Header[0m
                    [36m</button>[39m
                  [36m</div>[39m
                [36m</div>[39m
              [36m</div>[39m
              [36m<div[39m
                [33mstyle[39m=[32m"margin-top: 1.5rem;"[39m
              [36m>[39m
                [36m<div[39m
                  [33mdata-testid[39m=[32m"swagger-ui"[39m
                [36m>[39m
                  [0mSwagger UI Mock[0m
                [36m</div>[39m
              [36m</div>[39m
            [36m</div>[39m
          [36m</div>[39m
        [36m</div>[39m
        [36m<div[39m
          [33mclass[39m=[32m"sc-jxOwhs gkzgRS"[39m
        [36m>[39m
          [36m<div[39m
            [33mstyle[39m=[32m"padding: 1rem;"[39m
          [36m>[39m
            [36m<div[39m
              [33mclass[39m=[32m"sc-eqYatC gSlqz"[39m
              [33mstyle[39m=[32m"margin-bottom: 1rem;"[39m
            [36m>[39m
              [36m<h3[39m
                [33mclass[39m=[32m"sc-kvnevz irKCSL"[39m
              [36m>[39m
                [0mRequest History[0m
              [36m</h3>[39m
              [36m<button[39m
                [33mclass[39m=[32m"sc-bRKDuR iqrrIY"[39m
                [33mvariant[39m=[32m"ghost"[39m
              [36m>[39m
                [0m✕[0m
              [36m</button>[39m
            [36m</div>[39m
            [36m<p[39m
              [33mclass[39m=[32m"sc-fbQrwq diSTbZ"[39m
              [33mcolor[39m=[32m"secondary"[39m
            [36m>[39m
              [0mNo requests yet[0m
            [36m</p>[39m
          [36m</div>[39m
        [36m</div>[39m
      [36m</div>[39m
    [36m</body>[39m

      232 |     fireEvent.click(screen.getByText('Send'));
      233 |
    > 234 |     await waitFor(() => {
          |                  ^
      235 |       expect(screen.getByText(/Response/)).toBeInTheDocument();
      236 |       expect(screen.getByText(/200/)).toBeInTheDocument();
      237 |       expect(screen.getByText(/This is a simulated response/)).toBeInTheDocument();

      at waitForWrapper (node_modules/@testing-library/react/node_modules/@testing-library/dom/dist/wait-for.js:166:27)
      at Object.<anonymous> (src/components/__tests__/UnifiedApiExplorer.test.tsx:234:18)

  ● UnifiedApiExplorer › should save and load request history

    Unable to find an element with the text: /Response/. This could be because the text is broken up by multiple elements. In this case, you can provide a function for your text matcher to make your matcher more flexible.

    Ignored nodes: comments, script, style
    [36m<body>[39m
      [36m<div>[39m
        [36m<div[39m
          [33mclass[39m=[32m"sc-dNFkOE bpJcYT"[39m
        [36m>[39m
          [36m<div[39m
            [33mclass[39m=[32m"sc-fszimp RkDfF"[39m
          [36m>[39m
            [36m<div[39m
              [33mclass[39m=[32m"sc-bjMIFn dkUTTl"[39m
            [36m>[39m
              [36m<svg[39m
                [33mclass[39m=[32m"sc-fhfEft jdZxDh"[39m
                [33mfill[39m=[32m"none"[39m
                [33mheight[39m=[32m"20"[39m
                [33mstroke[39m=[32m"currentColor"[39m
                [33mstroke-linecap[39m=[32m"round"[39m
                [33mstroke-linejoin[39m=[32m"round"[39m
                [33mstroke-width[39m=[32m"2"[39m
                [33mviewBox[39m=[32m"0 0 24 24"[39m
                [33mwidth[39m=[32m"20"[39m
                [33mxmlns[39m=[32m"http://www.w3.org/2000/svg"[39m
              [36m>[39m
                [36m<circle[39m
                  [33mcx[39m=[32m"11"[39m
                  [33mcy[39m=[32m"11"[39m
                  [33mr[39m=[32m"8"[39m
                [36m/>[39m
                [36m<path[39m
                  [33md[39m=[32m"m21 21-4.3-4.3"[39m
                [36m/>[39m
              [36m</svg>[39m
              [36m<input[39m
                [33mclass[39m=[32m"sc-cCVJLD sc-dClGHI gaYutE jeoCNx"[39m
                [33mplaceholder[39m=[32m"Search APIs..."[39m
                [33mtype[39m=[32m"text"[39m
                [33mvalue[39m=[32m""[39m
              [36m/>[39m
            [36m</div>[39m
            [36m<div[39m
              [33mclass[39m=[32m"sc-bAehkN iklRLd"[39m
            [36m>[39m
              [36m<div[39m
                [33mclass[39m=[32m"sc-gahYZc bqXIUo"[39m
                [33mdatatype[39m=[32m"OpenAPI"[39m
              [36m>[39m
                [36m<div[39m
                  [33mclass[39m=[32m"sc-eqYatC gSlqz"[39m
                  [33mstyle[39m=[32m"margin-bottom: 0.5rem;"[39m
                [36m>[39m
                  [36m<p[39m
                    [33mclass[39m=[32m"sc-fbQrwq hJkJgj"[39m
                    [33mweight[39m=[32m"semibold"[39m
                  [36m>[39m
                    [0mUser API[0m
                  [36m</p>[39m
                  [36m<span[39m
                    [33mclass[39m=[32m"sc-pYNGo cghKyQ"[39m
                  [36m>[39m
                    [0mOpenAPI[0m
                  [36m</span>[39m
                [36m</div>[39m
                [36m<p[39m
                  [33mclass[39m=[32m"sc-fbQrwq fSRbFM"[39m
                  [33mcolor[39m=[32m"secondary"[39m
                [36m>[39m
                  [0mapi/openapi.yaml[0m
                [36m</p>[39m
              [36m</div>[39m
            [36m</div>[39m
            [36m<div[39m
              [33mclass[39m=[32m"sc-cpclqO iaYnfr"[39m
            [36m>[39m
              [36m<p[39m
                [33mclass[39m=[32m"sc-fbQrwq hJkJgj"[39m
                [33mstyle[39m=[32m"margin-bottom: 0.5rem;"[39m
                [33mweight[39m=[32m"semibold"[39m
              [36m>[39m
                [0mEnvironment[0m
              [36m</p>[39m
              [36m<select[39m
                [33mstyle[39m=[32m"width: 100%; padding: 0.5rem; background: rgb(255, 255, 255); color: rgb(33, 33, 33); border-radius: 0.375rem;"[39m
              [36m>[39m
                [36m<option[39m
                  [33mvalue[39m=[32m"Development"[39m
                [36m>[39m
                  [0mDevelopment[0m
                [36m</option>[39m
                [36m<option[39m
                  [33mvalue[39m=[32m"Production"[39m
                [36m>[39m
                  [0mProduction[0m
                [36m</option>[39m
              [36m</select>[39m
            [36m</div>[39m
          [36m</div>[39m
          [36m<div[39m
            [33mclass[39m=[32m"sc-etsjJW iLfPfi"[39m
          [36m>[39m
            [36m<div[39m
              [33mclass[39m=[32m"sc-fYmhhH hQEFBY"[39m
            [36m>[39m
              [36m<div[39m
                [33mclass[39m=[32m"sc-eqYatC gSlqz"[39m
              [36m>[39m
                [36m<div>[39m
                  [36m<h2[39m
                    [33mclass[39m=[32m"sc-dntSTA fKUUfw"[39m
                    [33mstyle[39m=[32m"margin: 0px;"[39m
                  [36m>[39m
                    [0mUser API[0m
                  [36m</h2>[39m
                  [36m<p[39m
                    [33mclass[39m=[32m"sc-fbQrwq diSTbZ"[39m
                    [33mcolor[39m=[32m"secondary"[39m
                    [33mstyle[39m=[32m"margin-top: 0.25rem;"[39m
                  [36m>[39m
                    [0mOpenAPI[0m
                    [0m • [0m
                    [0m1.0.0[0m
                  [36m</p>[39m
                [36m</div>[39m
                [36m<div[39m
                  [33mclass[39m=[32m"sc-eqYatC BfFaI"[39m
                [36m>[39m
                  [36m<button[39m
                    [33mclass[39m=[32m"sc-bRKDuR iuryfz"[39m
                    [33mvariant[39m=[32m"outline"[39m
                  [36m>[39m
                    [36m<svg[39m
                      [33mclass[39m=[32m"lucide lucide-history"[39m
                      [33mfill[39m=[32m"none"[39m
                      [33mheight[39m=[32m"20"[39m
                      [33mstroke[39m=[32m"currentColor"[39m
                      [33mstroke-linecap[39m=[32m"round"[39m
                      [33mstroke-linejoin[39m=[32m"round"[39m
                      [33mstroke-width[39m=[32m"2"[39m
                      [33mviewBox[39m=[32m"0 0 24 24"[39m
                      [33mwidth[39m=[32m"20"[39m
                      [33mxmlns[39m=[32m"http://www.w3.org/2000/svg"[39m
                    [36m>[39m
                      [36m<path[39m
                        [33md[39m=[32m"M3 12a9 9 0 1 0 9-9 9.75 9.75 0 0 0-6.74 2.74L3 8"[39m
                      [36m/>[39m
                      [36m<path[39m
                        [33md[39m=[32m"M3 3v5h5"[39m
                      [36m/>[39m
                      [36m<path[39m
                        [33md[39m=[32m"M12 7v5l4 2"[39m
                      [36m/>[39m
                    [36m</svg>[39m
                    [0mHistory[0m
                  [36m</button>[39m
                  [36m<button[39m
                    [33mclass[39m=[32m"sc-bRKDuR iuryfz"[39m
                    [33mvariant[39m=[32m"outline"[39m
                  [36m>[39m
                    [36m<svg[39m
                      [33mclass[39m=[32m"lucide lucide-code2"[39m
                      [33mfill[39m=[32m"none"[39m
                      [33mheight[39m=[32m"20"[39m
                      [33mstroke[39m=[32m"currentColor"[39m
                      [33mstroke-linecap[39m=[32m"round"[39m
                      [33mstroke-linejoin[39m=[32m"round"[39m
                      [33mstroke-width[39m=[32m"2"[39m
                      [33mviewBox[39m=[32m"0 0 24 24"[39m
                      [33mwidth[39m=[32m"20"[39m
                      [33mxmlns[39m=[32m"http://www.w3.org/2000/svg"[39m
                    [36m>[39m
                      [36m<path[39m
                        [33md[39m=[32m"m18 16 4-4-4-4"[39m
                      [36m/>[39m
                      [36m<path[39m
                        [33md[39m=[32m"m6 8-4 4 4 4"[39m
                      [36m/>[39m
                      [36m<path[39m
                        [33md[39m=[32m"m14.5 4-5 16"[39m
                      [36m/>[39m
                    [36m</svg>[39m
                    [0mCode[0m
                  [36m</button>[39m
                [36m</div>[39m
              [36m</div>[39m
            [36m</div>[39m
            [36m<div[39m
              [33mclass[39m=[32m"sc-DZJJV fJevky"[39m
            [36m>[39m
              [36m<button[39m
                [33mclass[39m=[32m"sc-kUouGy kQbVHr"[39m
              [36m>[39m
                [0mAPI Explorer[0m
              [36m</button>[39m
              [36m<button[39m
                [33mclass[39m=[32m"sc-kUouGy jhZqWL"[39m
              [36m>[39m
                [0mRequest History[0m
              [36m</button>[39m
              [36m<button[39m
                [33mclass[39m=[32m"sc-kUouGy jhZqWL"[39m
              [36m>[39m
                [0mCode Snippets[0m
              [36m</button>[39m
            [36m</div>[39m
            [36m<div[39m
              [33mclass[39m=[32m"sc-koBvLg emhtRW"[39m
            [36m>[39m
              [36m<div[39m
                [33mclass[39m=[32m"sc-fhHczv sc-bSFBcf lasDUW hkwmPN"[39m
              [36m>[39m
                [36m<div[39m
                  [33mclass[39m=[32m"sc-ggWZvA jrJtVq"[39m
                [36m>[39m
                  [36m<h3[39m
                    [33mclass[39m=[32m"sc-dTvVRJ bkmBgs"[39m
                  [36m>[39m
                    [0mRequest[0m
                  [36m</h3>[39m
                [36m</div>[39m
                [36m<div[39m
                  [33mclass[39m=[32m"sc-hjsuWn lcauGV"[39m
                [36m>[39m
                  [36m<div[39m
                    [33mclass[39m=[32m"sc-eqYatC BfFaI"[39m
                    [33mstyle[39m=[32m"margin-bottom: 1rem;"[39m
                  [36m>[39m
                    [36m<select[39m
                      [33mclass[39m=[32m"sc-gsJsQu kUgtEP"[39m
                    [36m>[39m
                      [36m<option[39m
                        [33mvalue[39m=[32m"GET"[39m
                      [36m>[39m
                        [0mGET[0m
                      [36m</option>[39m
                      [36m<option[39m
                        [33mvalue[39m=[32m"POST"[39m
                      [36m>[39m
                        [0mPOST[0m
                      [36m</option>[39m
                      [36m<option[39m
                        [33mvalue[39m=[32m"PUT"[39m
                      [36m>[39m
                        [0mPUT[0m
                      [36m</option>[39m
                      [36m<option[39m
                        [33mvalue[39m=[32m"PATCH"[39m
                      [36m>[39m
                        [0mPATCH[0m
                      [36m</option>[39m
                      [36m<option[39m
                        [33mvalue[39m=[32m"DELETE"[39m
                      [36m>[39m
                        [0mDELETE[0m
                      [36m</option>[39m
                    [36m</select>[39m
                    [36m<input[39m
                      [33mclass[39m=[32m"sc-cCVJLD sc-ibashp gaYutE eFVpaW"[39m
                      [33mplaceholder[39m=[32m"Enter request URL..."[39m
                      [33mtype[39m=[32m"text"[39m
                      [33mvalue[39m=[32m"{{BASE_URL}}/users"[39m
                    [36m/>[39m
                    [36m<button[39m
                      [33mclass[39m=[32m"sc-bRKDuR launxd"[39m
                    [36m>[39m
                      [36m<svg[39m
                        [33mclass[39m=[32m"lucide lucide-play"[39m
                        [33mfill[39m=[32m"none"[39m
                        [33mheight[39m=[32m"20"[39m
                        [33mstroke[39m=[32m"currentColor"[39m
                        [33mstroke-linecap[39m=[32m"round"[39m
                        [33mstroke-linejoin[39m=[32m"round"[39m
                        [33mstroke-width[39m=[32m"2"[39m
                        [33mviewBox[39m=[32m"0 0 24 24"[39m
                        [33mwidth[39m=[32m"20"[39m
                        [33mxmlns[39m=[32m"http://www.w3.org/2000/svg"[39m
                      [36m>[39m
                        [36m<polygon[39m
                          [33mpoints[39m=[32m"5 3 19 12 5 21 5 3"[39m
                        [36m/>[39m
                      [36m</svg>[39m
                      [0mSend[0m
                    [36m</button>[39m
                  [36m</div>[39m
                  [36m<div[39m
                    [33mclass[39m=[32m"sc-blIAwI eIqjJa"[39m
                  [36m>[39m
                    [36m<p[39m
                      [33mclass[39m=[32m"sc-fbQrwq hJkJgj"[39m
                      [33mstyle[39m=[32m"margin-bottom: 0.5rem;"[39m
                      [33mweight[39m=[32m"semibold"[39m
                    [36m>[39m
                      [0mHeaders[0m
                    [36m</p>[39m
                    [36m<div[39m
                      [33mclass[39m=[32m"sc-itBLYH cDOjoP"[39m
                    [36m>[39m
                      [36m<input[39m
                        [33mclass[39m=[32m"sc-cCVJLD gaYutE"[39m
                        [33mplaceholder[39m=[32m"Header name"[39m
                        [33mtype[39m=[32m"text"[39m
                        [33mvalue[39m=[32m"Content-Type"[39m
                      [36m/>[39m
                      [36m<input[39m
                        [33mclass[39m=[32m"sc-cCVJLD gaYutE"[39m
                        [33mplaceholder[39m=[32m"Header value"[39m
                        [33mtype[39m=[32m"text"[39m
                        [33mvalue[39m=[32m"application/json"[39m
                      [36m/>[39m
                    [36m</div>[39m
                    [36m<button[39m
                      [33mclass[39m=[32m"sc-bRKDuR gMRavL"[39m
                      [33mvariant[39m=[32m"outline"[39m
                    [36m>[39m
                      [0mAdd Header[0m
                    [36m</button>[39m
                  [36m</div>[39m
                [36m</div>[39m
              [36m</div>[39m
              [36m<div[39m
                [33mstyle[39m=[32m"margin-top: 1.5rem;"[39m
              [36m>[39m
                [36m<div[39m
                  [33mdata-testid[39m=[32m"swagger-ui"[39m
                [36m>[39m
                  [0mSwagger UI Mock[0m
                [36m</div>[39m
              [36m</div>[39m
            [36m</div>[39m
          [36m</div>[39m
        [36m</div>[39m
        [36m<div[39m
          [33mclass[39m=[32m"sc-jxOwhs gkzgRS"[39m
        [36m>[39m
          [36m<div[39m
            [33mstyle[39m=[32m"padding: 1rem;"[39m
          [36m>[39m
            [36m<div[39m
              [33mclass[39m=[32m"sc-eqYatC gSlqz"[39m
              [33mstyle[39m=[32m"margin-bottom: 1rem;"[39m
            [36m>[39m
              [36m<h3[39m
                [33mclass[39m=[32m"sc-kvnevz irKCSL"[39m
              [36m>[39m
                [0mRequest History[0m
              [36m</h3>[39m
              [36m<button[39m
                [33mclass[39m=[32m"sc-bRKDuR iqrrIY"[39m
                [33mvariant[39m=[32m"ghost"[39m
              [36m>[39m
                [0m✕[0m
              [36m</button>[39m
            [36m</div>[39m
            [36m<p[39m
              [33mclass[39m=[32m"sc-fbQrwq diSTbZ"[39m
              [33mcolor[39m=[32m"secondary"[39m
            [36m>[39m
              [0mNo requests yet[0m
            [36m</p>[39m
          [36m</div>[39m
        [36m</div>[39m
      [36m</div>[39m
    [36m</body>[39m

      279 |     fireEvent.click(screen.getByText('Send'));
      280 |
    > 281 |     await waitFor(() => {
          |                  ^
      282 |       expect(screen.getByText(/Response/)).toBeInTheDocument();
      283 |     });
      284 |

      at waitForWrapper (node_modules/@testing-library/react/node_modules/@testing-library/dom/dist/wait-for.js:166:27)
      at Object.<anonymous> (src/components/__tests__/UnifiedApiExplorer.test.tsx:281:18)

FAIL src/components/__tests__/App.test.tsx
  ● Console

    console.log
      Theme loaded: {
        colors: {
          gray: {
            '50': '#FAFAFA',
            '100': '#F5F5F5',
            '200': '#E0E0E6',
            '300': '#C0C0C6',
            '400': '#9E9E9E',
            '500': '#747480',
            '600': '#616161',
            '700': '#424242',
            '800': '#2E2E38',
            '900': '#212121'
          },
          primaryDark: '#E6D100',
          backgroundHover: '#F5F5F5',
          info: { light: '#E3F2FD', main: '#0B6BA7' },
          primary: {
            yellow: '#FFE600',
            black: '#2E2E38',
            white: '#FFFFFF',
            main: '#FFE600'
          },
          secondary: {
            darkGray: '#747480',
            mediumGray: '#C0C0C6',
            lightGray: '#F5F5F5',
            gray: '#C0C0C6'
          },
          accent: {
            blue: '#0B6BA7',
            green: '#00A350',
            red: '#C4232B',
            orange: '#FF7900',
            purple: '#6B46C1'
          },
          semantic: {
            success: '#00A350',
            warning: '#FF7900',
            error: '#C4232B',
            info: '#0B6BA7'
          },
          status: {
            success: '#00A350',
            warning: '#FF7900',
            error: '#C4232B',
            info: '#0B6BA7'
          },
          background: {
            primary: '#FFFFFF',
            secondary: '#F5F5F5',
            tertiary: '#FAFAFA',
            dark: '#2E2E38',
            overlay: 'rgba(46, 46, 56, 0.8)'
          },
          text: {
            primary: '#2E2E38',
            secondary: '#747480',
            tertiary: '#C0C0C6',
            inverse: '#FFFFFF',
            link: '#0B6BA7'
          },
          border: { light: '#E0E0E6', medium: '#C0C0C6', dark: '#747480' },
          shadow: {
            light: 'rgba(46, 46, 56, 0.08)',
            medium: 'rgba(46, 46, 56, 0.12)',
            dark: 'rgba(46, 46, 56, 0.24)'
          }
        },
        typography: {
          fontFamily: {
            primary: '"EYInterstate", -apple-system, BlinkMacSystemFont, "Segoe UI", Roboto, "Helvetica Neue", Arial, sans-serif',
            secondary: '"Georgia", "Times New Roman", Times, serif',
            mono: '"SF Mono", Monaco, "Cascadia Code", "Roboto Mono", Consolas, "Courier New", monospace'
          },
          fontSize: {
            xs: '0.75rem',
            sm: '0.875rem',
            base: '1rem',
            lg: '1.125rem',
            xl: '1.25rem',
            '2xl': '1.5rem',
            '3xl': '1.875rem',
            '4xl': '2.25rem',
            '5xl': '3rem',
            '6xl': '3.75rem'
          },
          fontWeight: {
            light: 300,
            normal: 400,
            medium: 500,
            semibold: 600,
            bold: 700,
            black: 900
          },
          lineHeight: { tight: 1.2, normal: 1.5, relaxed: 1.75, loose: 2 },
          letterSpacing: {
            tighter: '-0.02em',
            tight: '-0.01em',
            normal: '0',
            wide: '0.02em',
            wider: '0.04em',
            widest: '0.08em'
          },
          textStyles: {
            h1: [Object],
            h2: [Object],
            h3: [Object],
            h4: [Object],
            h5: [Object],
            h6: [Object],
            bodyLarge: [Object],
            body: [Object],
            bodySmall: [Object],
            button: [Object],
            caption: [Object],
            overline: [Object]
          }
        },
        spacing: {
          '0': '0',
          '1': '0.25rem',
          '2': '0.5rem',
          '3': '0.75rem',
          '4': '1rem',
          '5': '1.25rem',
          '6': '1.5rem',
          '7': '1.75rem',
          '8': '2rem',
          '9': '2.25rem',
          '10': '2.5rem',
          '11': '2.75rem',
          '12': '3rem',
          '14': '3.5rem',
          '16': '4rem',
          '20': '5rem',
          '24': '6rem',
          '28': '7rem',
          '32': '8rem',
          '36': '9rem',
          '40': '10rem',
          '44': '11rem',
          '48': '12rem',
          '52': '13rem',
          '56': '14rem',
          '60': '15rem',
          '64': '16rem',
          '72': '18rem',
          '80': '20rem',
          '96': '24rem',
          px: '1px',
          '0.5': '0.125rem',
          '1.5': '0.375rem',
          '2.5': '0.625rem',
          '3.5': '0.875rem'
        },
        layout: {
          containerPadding: { mobile: '1rem', tablet: '1.5rem', desktop: '2rem' },
          sectionSpacing: { small: '2rem', medium: '4rem', large: '6rem' },
          componentSpacing: {
            xs: '0.5rem',
            sm: '0.75rem',
            md: '1rem',
            lg: '1.5rem',
            xl: '2rem'
          },
          gridGap: { small: '1rem', medium: '1.5rem', large: '2rem' }
        },
        shadows: {
          none: 'none',
          sm: '0 1px 3px 0 rgba(46, 46, 56, 0.1), 0 1px 2px 0 rgba(46, 46, 56, 0.06)',
          md: '0 4px 6px -1px rgba(46, 46, 56, 0.1), 0 2px 4px -1px rgba(46, 46, 56, 0.06)',
          lg: '0 10px 15px -3px rgba(46, 46, 56, 0.1), 0 4px 6px -2px rgba(46, 46, 56, 0.05)',
          xl: '0 20px 25px -5px rgba(46, 46, 56, 0.1), 0 10px 10px -5px rgba(46, 46, 56, 0.04)',
          '2xl': '0 25px 50px -12px rgba(46, 46, 56, 0.25)',
          card: '0 2px 8px rgba(46, 46, 56, 0.08)',
          cardHover: '0 8px 16px rgba(46, 46, 56, 0.12)',
          dropdown: '0 10px 20px rgba(46, 46, 56, 0.15)',
          modal: '0 20px 40px rgba(46, 46, 56, 0.2)',
          inner: 'inset 0 2px 4px 0 rgba(46, 46, 56, 0.06)',
          focus: '0 0 0 3px rgba(255, 230, 0, 0.5)',
          focusError: '0 0 0 3px rgba(196, 35, 43, 0.5)',
          focusSuccess: '0 0 0 3px rgba(0, 163, 80, 0.5)'
        },
        breakpoints: {
          values: { xs: 0, sm: 640, md: 768, lg: 1024, xl: 1280, '2xl': 1536 },
          up: {
            xs: '@media (min-width: 0px)',
            sm: '@media (min-width: 640px)',
            md: '@media (min-width: 768px)',
            lg: '@media (min-width: 1024px)',
            xl: '@media (min-width: 1280px)',
            '2xl': '@media (min-width: 1536px)'
          },
          down: {
            xs: '@media (max-width: 639px)',
            sm: '@media (max-width: 767px)',
            md: '@media (max-width: 1023px)',
            lg: '@media (max-width: 1279px)',
            xl: '@media (max-width: 1535px)',
            '2xl': '@media (max-width: 9999px)'
          }
        },
        containers: {
          sm: '640px',
          md: '768px',
          lg: '1024px',
          xl: '1280px',
          '2xl': '1536px',
          full: '100%'
        },
        animations: {
          duration: { fast: '150ms', normal: '250ms', slow: '350ms', slower: '500ms' },
          easing: {
            linear: 'linear',
            easeIn: 'cubic-bezier(0.4, 0, 1, 1)',
            easeOut: 'cubic-bezier(0, 0, 0.2, 1)',
            easeInOut: 'cubic-bezier(0.4, 0, 0.2, 1)',
            bounce: 'cubic-bezier(0.68, -0.55, 0.265, 1.55)',
            in: 'cubic-bezier(0.4, 0, 1, 1)',
            out: 'cubic-bezier(0, 0, 0.2, 1)',
            inOut: 'cubic-bezier(0.4, 0, 0.2, 1)'
          },
          transition: {
            all: 'all 250ms cubic-bezier(0.4, 0, 0.2, 1)',
            colors: 'background-color 250ms cubic-bezier(0.4, 0, 0.2, 1), border-color 250ms cubic-bezier(0.4, 0, 0.2, 1), color 250ms cubic-bezier(0.4, 0, 0.2, 1), fill 250ms cubic-bezier(0.4, 0, 0.2, 1), stroke 250ms cubic-bezier(0.4, 0, 0.2, 1)',
            opacity: 'opacity 250ms cubic-bezier(0.4, 0, 0.2, 1)',
            shadow: 'box-shadow 250ms cubic-bezier(0.4, 0, 0.2, 1)',
            transform: 'transform 250ms cubic-bezier(0.4, 0, 0.2, 1)'
          },
          keyframes: {
            fadeIn: [Object],
            fadeOut: [Object],
            slideIn: [Object],
            slideOut: [Object],
            scaleIn: [Object],
            spin: [Object],
            pulse: [Object],
            bounce: [Object]
          },
          animate: {
            fadeIn: 'fadeIn 250ms cubic-bezier(0, 0, 0.2, 1)',
            fadeOut: 'fadeOut 250ms cubic-bezier(0.4, 0, 1, 1)',
            slideIn: 'slideIn 250ms cubic-bezier(0, 0, 0.2, 1)',
            slideOut: 'slideOut 250ms cubic-bezier(0.4, 0, 1, 1)',
            scaleIn: 'scaleIn 250ms cubic-bezier(0, 0, 0.2, 1)',
            spin: 'spin 1s linear infinite',
            pulse: 'pulse 2s cubic-bezier(0.4, 0, 0.2, 1) infinite',
            bounce: 'bounce 1s cubic-bezier(0.4, 0, 0.2, 1) infinite'
          }
        },
        components: {
          button: { height: [Object], padding: [Object], borderRadius: '4px' },
          card: {
            borderRadius: '8px',
            padding: '1.5rem',
            background: '#FFFFFF',
            border: '1px solid #E0E0E6'
          },
          input: {
            height: '40px',
            padding: '0.5rem 0.75rem',
            borderRadius: '4px',
            border: '1px solid #C0C0C6',
            focusBorder: '#FFE600'
          },
          modal: {
            overlay: 'rgba(46, 46, 56, 0.8)',
            borderRadius: '12px',
            padding: '2rem',
            maxWidth: '600px'
          }
        },
        zIndex: {
          dropdown: 1000,
          sticky: 1020,
          fixed: 1030,
          modalBackdrop: 1040,
          modal: 1050,
          popover: 1060,
          tooltip: 1070
        },
        borderRadius: {
          none: '0',
          sm: '2px',
          md: '4px',
          lg: '8px',
          xl: '12px',
          '2xl': '16px',
          '3xl': '24px',
          full: '9999px'
        }
      }

      at App (src/App.tsx:235:11)

    console.log
      Theme loaded: {
        colors: {
          gray: {
            '50': '#FAFAFA',
            '100': '#F5F5F5',
            '200': '#E0E0E6',
            '300': '#C0C0C6',
            '400': '#9E9E9E',
            '500': '#747480',
            '600': '#616161',
            '700': '#424242',
            '800': '#2E2E38',
            '900': '#212121'
          },
          primaryDark: '#E6D100',
          backgroundHover: '#F5F5F5',
          info: { light: '#E3F2FD', main: '#0B6BA7' },
          primary: {
            yellow: '#FFE600',
            black: '#2E2E38',
            white: '#FFFFFF',
            main: '#FFE600'
          },
          secondary: {
            darkGray: '#747480',
            mediumGray: '#C0C0C6',
            lightGray: '#F5F5F5',
            gray: '#C0C0C6'
          },
          accent: {
            blue: '#0B6BA7',
            green: '#00A350',
            red: '#C4232B',
            orange: '#FF7900',
            purple: '#6B46C1'
          },
          semantic: {
            success: '#00A350',
            warning: '#FF7900',
            error: '#C4232B',
            info: '#0B6BA7'
          },
          status: {
            success: '#00A350',
            warning: '#FF7900',
            error: '#C4232B',
            info: '#0B6BA7'
          },
          background: {
            primary: '#FFFFFF',
            secondary: '#F5F5F5',
            tertiary: '#FAFAFA',
            dark: '#2E2E38',
            overlay: 'rgba(46, 46, 56, 0.8)'
          },
          text: {
            primary: '#2E2E38',
            secondary: '#747480',
            tertiary: '#C0C0C6',
            inverse: '#FFFFFF',
            link: '#0B6BA7'
          },
          border: { light: '#E0E0E6', medium: '#C0C0C6', dark: '#747480' },
          shadow: {
            light: 'rgba(46, 46, 56, 0.08)',
            medium: 'rgba(46, 46, 56, 0.12)',
            dark: 'rgba(46, 46, 56, 0.24)'
          }
        },
        typography: {
          fontFamily: {
            primary: '"EYInterstate", -apple-system, BlinkMacSystemFont, "Segoe UI", Roboto, "Helvetica Neue", Arial, sans-serif',
            secondary: '"Georgia", "Times New Roman", Times, serif',
            mono: '"SF Mono", Monaco, "Cascadia Code", "Roboto Mono", Consolas, "Courier New", monospace'
          },
          fontSize: {
            xs: '0.75rem',
            sm: '0.875rem',
            base: '1rem',
            lg: '1.125rem',
            xl: '1.25rem',
            '2xl': '1.5rem',
            '3xl': '1.875rem',
            '4xl': '2.25rem',
            '5xl': '3rem',
            '6xl': '3.75rem'
          },
          fontWeight: {
            light: 300,
            normal: 400,
            medium: 500,
            semibold: 600,
            bold: 700,
            black: 900
          },
          lineHeight: { tight: 1.2, normal: 1.5, relaxed: 1.75, loose: 2 },
          letterSpacing: {
            tighter: '-0.02em',
            tight: '-0.01em',
            normal: '0',
            wide: '0.02em',
            wider: '0.04em',
            widest: '0.08em'
          },
          textStyles: {
            h1: [Object],
            h2: [Object],
            h3: [Object],
            h4: [Object],
            h5: [Object],
            h6: [Object],
            bodyLarge: [Object],
            body: [Object],
            bodySmall: [Object],
            button: [Object],
            caption: [Object],
            overline: [Object]
          }
        },
        spacing: {
          '0': '0',
          '1': '0.25rem',
          '2': '0.5rem',
          '3': '0.75rem',
          '4': '1rem',
          '5': '1.25rem',
          '6': '1.5rem',
          '7': '1.75rem',
          '8': '2rem',
          '9': '2.25rem',
          '10': '2.5rem',
          '11': '2.75rem',
          '12': '3rem',
          '14': '3.5rem',
          '16': '4rem',
          '20': '5rem',
          '24': '6rem',
          '28': '7rem',
          '32': '8rem',
          '36': '9rem',
          '40': '10rem',
          '44': '11rem',
          '48': '12rem',
          '52': '13rem',
          '56': '14rem',
          '60': '15rem',
          '64': '16rem',
          '72': '18rem',
          '80': '20rem',
          '96': '24rem',
          px: '1px',
          '0.5': '0.125rem',
          '1.5': '0.375rem',
          '2.5': '0.625rem',
          '3.5': '0.875rem'
        },
        layout: {
          containerPadding: { mobile: '1rem', tablet: '1.5rem', desktop: '2rem' },
          sectionSpacing: { small: '2rem', medium: '4rem', large: '6rem' },
          componentSpacing: {
            xs: '0.5rem',
            sm: '0.75rem',
            md: '1rem',
            lg: '1.5rem',
            xl: '2rem'
          },
          gridGap: { small: '1rem', medium: '1.5rem', large: '2rem' }
        },
        shadows: {
          none: 'none',
          sm: '0 1px 3px 0 rgba(46, 46, 56, 0.1), 0 1px 2px 0 rgba(46, 46, 56, 0.06)',
          md: '0 4px 6px -1px rgba(46, 46, 56, 0.1), 0 2px 4px -1px rgba(46, 46, 56, 0.06)',
          lg: '0 10px 15px -3px rgba(46, 46, 56, 0.1), 0 4px 6px -2px rgba(46, 46, 56, 0.05)',
          xl: '0 20px 25px -5px rgba(46, 46, 56, 0.1), 0 10px 10px -5px rgba(46, 46, 56, 0.04)',
          '2xl': '0 25px 50px -12px rgba(46, 46, 56, 0.25)',
          card: '0 2px 8px rgba(46, 46, 56, 0.08)',
          cardHover: '0 8px 16px rgba(46, 46, 56, 0.12)',
          dropdown: '0 10px 20px rgba(46, 46, 56, 0.15)',
          modal: '0 20px 40px rgba(46, 46, 56, 0.2)',
          inner: 'inset 0 2px 4px 0 rgba(46, 46, 56, 0.06)',
          focus: '0 0 0 3px rgba(255, 230, 0, 0.5)',
          focusError: '0 0 0 3px rgba(196, 35, 43, 0.5)',
          focusSuccess: '0 0 0 3px rgba(0, 163, 80, 0.5)'
        },
        breakpoints: {
          values: { xs: 0, sm: 640, md: 768, lg: 1024, xl: 1280, '2xl': 1536 },
          up: {
            xs: '@media (min-width: 0px)',
            sm: '@media (min-width: 640px)',
            md: '@media (min-width: 768px)',
            lg: '@media (min-width: 1024px)',
            xl: '@media (min-width: 1280px)',
            '2xl': '@media (min-width: 1536px)'
          },
          down: {
            xs: '@media (max-width: 639px)',
            sm: '@media (max-width: 767px)',
            md: '@media (max-width: 1023px)',
            lg: '@media (max-width: 1279px)',
            xl: '@media (max-width: 1535px)',
            '2xl': '@media (max-width: 9999px)'
          }
        },
        containers: {
          sm: '640px',
          md: '768px',
          lg: '1024px',
          xl: '1280px',
          '2xl': '1536px',
          full: '100%'
        },
        animations: {
          duration: { fast: '150ms', normal: '250ms', slow: '350ms', slower: '500ms' },
          easing: {
            linear: 'linear',
            easeIn: 'cubic-bezier(0.4, 0, 1, 1)',
            easeOut: 'cubic-bezier(0, 0, 0.2, 1)',
            easeInOut: 'cubic-bezier(0.4, 0, 0.2, 1)',
            bounce: 'cubic-bezier(0.68, -0.55, 0.265, 1.55)',
            in: 'cubic-bezier(0.4, 0, 1, 1)',
            out: 'cubic-bezier(0, 0, 0.2, 1)',
            inOut: 'cubic-bezier(0.4, 0, 0.2, 1)'
          },
          transition: {
            all: 'all 250ms cubic-bezier(0.4, 0, 0.2, 1)',
            colors: 'background-color 250ms cubic-bezier(0.4, 0, 0.2, 1), border-color 250ms cubic-bezier(0.4, 0, 0.2, 1), color 250ms cubic-bezier(0.4, 0, 0.2, 1), fill 250ms cubic-bezier(0.4, 0, 0.2, 1), stroke 250ms cubic-bezier(0.4, 0, 0.2, 1)',
            opacity: 'opacity 250ms cubic-bezier(0.4, 0, 0.2, 1)',
            shadow: 'box-shadow 250ms cubic-bezier(0.4, 0, 0.2, 1)',
            transform: 'transform 250ms cubic-bezier(0.4, 0, 0.2, 1)'
          },
          keyframes: {
            fadeIn: [Object],
            fadeOut: [Object],
            slideIn: [Object],
            slideOut: [Object],
            scaleIn: [Object],
            spin: [Object],
            pulse: [Object],
            bounce: [Object]
          },
          animate: {
            fadeIn: 'fadeIn 250ms cubic-bezier(0, 0, 0.2, 1)',
            fadeOut: 'fadeOut 250ms cubic-bezier(0.4, 0, 1, 1)',
            slideIn: 'slideIn 250ms cubic-bezier(0, 0, 0.2, 1)',
            slideOut: 'slideOut 250ms cubic-bezier(0.4, 0, 1, 1)',
            scaleIn: 'scaleIn 250ms cubic-bezier(0, 0, 0.2, 1)',
            spin: 'spin 1s linear infinite',
            pulse: 'pulse 2s cubic-bezier(0.4, 0, 0.2, 1) infinite',
            bounce: 'bounce 1s cubic-bezier(0.4, 0, 0.2, 1) infinite'
          }
        },
        components: {
          button: { height: [Object], padding: [Object], borderRadius: '4px' },
          card: {
            borderRadius: '8px',
            padding: '1.5rem',
            background: '#FFFFFF',
            border: '1px solid #E0E0E6'
          },
          input: {
            height: '40px',
            padding: '0.5rem 0.75rem',
            borderRadius: '4px',
            border: '1px solid #C0C0C6',
            focusBorder: '#FFE600'
          },
          modal: {
            overlay: 'rgba(46, 46, 56, 0.8)',
            borderRadius: '12px',
            padding: '2rem',
            maxWidth: '600px'
          }
        },
        zIndex: {
          dropdown: 1000,
          sticky: 1020,
          fixed: 1030,
          modalBackdrop: 1040,
          modal: 1050,
          popover: 1060,
          tooltip: 1070
        },
        borderRadius: {
          none: '0',
          sm: '2px',
          md: '4px',
          lg: '8px',
          xl: '12px',
          '2xl': '16px',
          '3xl': '24px',
          full: '9999px'
        }
      }

      at App (src/App.tsx:235:11)

    console.log
      Theme loaded: {
        colors: {
          gray: {
            '50': '#FAFAFA',
            '100': '#F5F5F5',
            '200': '#E0E0E6',
            '300': '#C0C0C6',
            '400': '#9E9E9E',
            '500': '#747480',
            '600': '#616161',
            '700': '#424242',
            '800': '#2E2E38',
            '900': '#212121'
          },
          primaryDark: '#E6D100',
          backgroundHover: '#F5F5F5',
          info: { light: '#E3F2FD', main: '#0B6BA7' },
          primary: {
            yellow: '#FFE600',
            black: '#2E2E38',
            white: '#FFFFFF',
            main: '#FFE600'
          },
          secondary: {
            darkGray: '#747480',
            mediumGray: '#C0C0C6',
            lightGray: '#F5F5F5',
            gray: '#C0C0C6'
          },
          accent: {
            blue: '#0B6BA7',
            green: '#00A350',
            red: '#C4232B',
            orange: '#FF7900',
            purple: '#6B46C1'
          },
          semantic: {
            success: '#00A350',
            warning: '#FF7900',
            error: '#C4232B',
            info: '#0B6BA7'
          },
          status: {
            success: '#00A350',
            warning: '#FF7900',
            error: '#C4232B',
            info: '#0B6BA7'
          },
          background: {
            primary: '#FFFFFF',
            secondary: '#F5F5F5',
            tertiary: '#FAFAFA',
            dark: '#2E2E38',
            overlay: 'rgba(46, 46, 56, 0.8)'
          },
          text: {
            primary: '#2E2E38',
            secondary: '#747480',
            tertiary: '#C0C0C6',
            inverse: '#FFFFFF',
            link: '#0B6BA7'
          },
          border: { light: '#E0E0E6', medium: '#C0C0C6', dark: '#747480' },
          shadow: {
            light: 'rgba(46, 46, 56, 0.08)',
            medium: 'rgba(46, 46, 56, 0.12)',
            dark: 'rgba(46, 46, 56, 0.24)'
          }
        },
        typography: {
          fontFamily: {
            primary: '"EYInterstate", -apple-system, BlinkMacSystemFont, "Segoe UI", Roboto, "Helvetica Neue", Arial, sans-serif',
            secondary: '"Georgia", "Times New Roman", Times, serif',
            mono: '"SF Mono", Monaco, "Cascadia Code", "Roboto Mono", Consolas, "Courier New", monospace'
          },
          fontSize: {
            xs: '0.75rem',
            sm: '0.875rem',
            base: '1rem',
            lg: '1.125rem',
            xl: '1.25rem',
            '2xl': '1.5rem',
            '3xl': '1.875rem',
            '4xl': '2.25rem',
            '5xl': '3rem',
            '6xl': '3.75rem'
          },
          fontWeight: {
            light: 300,
            normal: 400,
            medium: 500,
            semibold: 600,
            bold: 700,
            black: 900
          },
          lineHeight: { tight: 1.2, normal: 1.5, relaxed: 1.75, loose: 2 },
          letterSpacing: {
            tighter: '-0.02em',
            tight: '-0.01em',
            normal: '0',
            wide: '0.02em',
            wider: '0.04em',
            widest: '0.08em'
          },
          textStyles: {
            h1: [Object],
            h2: [Object],
            h3: [Object],
            h4: [Object],
            h5: [Object],
            h6: [Object],
            bodyLarge: [Object],
            body: [Object],
            bodySmall: [Object],
            button: [Object],
            caption: [Object],
            overline: [Object]
          }
        },
        spacing: {
          '0': '0',
          '1': '0.25rem',
          '2': '0.5rem',
          '3': '0.75rem',
          '4': '1rem',
          '5': '1.25rem',
          '6': '1.5rem',
          '7': '1.75rem',
          '8': '2rem',
          '9': '2.25rem',
          '10': '2.5rem',
          '11': '2.75rem',
          '12': '3rem',
          '14': '3.5rem',
          '16': '4rem',
          '20': '5rem',
          '24': '6rem',
          '28': '7rem',
          '32': '8rem',
          '36': '9rem',
          '40': '10rem',
          '44': '11rem',
          '48': '12rem',
          '52': '13rem',
          '56': '14rem',
          '60': '15rem',
          '64': '16rem',
          '72': '18rem',
          '80': '20rem',
          '96': '24rem',
          px: '1px',
          '0.5': '0.125rem',
          '1.5': '0.375rem',
          '2.5': '0.625rem',
          '3.5': '0.875rem'
        },
        layout: {
          containerPadding: { mobile: '1rem', tablet: '1.5rem', desktop: '2rem' },
          sectionSpacing: { small: '2rem', medium: '4rem', large: '6rem' },
          componentSpacing: {
            xs: '0.5rem',
            sm: '0.75rem',
            md: '1rem',
            lg: '1.5rem',
            xl: '2rem'
          },
          gridGap: { small: '1rem', medium: '1.5rem', large: '2rem' }
        },
        shadows: {
          none: 'none',
          sm: '0 1px 3px 0 rgba(46, 46, 56, 0.1), 0 1px 2px 0 rgba(46, 46, 56, 0.06)',
          md: '0 4px 6px -1px rgba(46, 46, 56, 0.1), 0 2px 4px -1px rgba(46, 46, 56, 0.06)',
          lg: '0 10px 15px -3px rgba(46, 46, 56, 0.1), 0 4px 6px -2px rgba(46, 46, 56, 0.05)',
          xl: '0 20px 25px -5px rgba(46, 46, 56, 0.1), 0 10px 10px -5px rgba(46, 46, 56, 0.04)',
          '2xl': '0 25px 50px -12px rgba(46, 46, 56, 0.25)',
          card: '0 2px 8px rgba(46, 46, 56, 0.08)',
          cardHover: '0 8px 16px rgba(46, 46, 56, 0.12)',
          dropdown: '0 10px 20px rgba(46, 46, 56, 0.15)',
          modal: '0 20px 40px rgba(46, 46, 56, 0.2)',
          inner: 'inset 0 2px 4px 0 rgba(46, 46, 56, 0.06)',
          focus: '0 0 0 3px rgba(255, 230, 0, 0.5)',
          focusError: '0 0 0 3px rgba(196, 35, 43, 0.5)',
          focusSuccess: '0 0 0 3px rgba(0, 163, 80, 0.5)'
        },
        breakpoints: {
          values: { xs: 0, sm: 640, md: 768, lg: 1024, xl: 1280, '2xl': 1536 },
          up: {
            xs: '@media (min-width: 0px)',
            sm: '@media (min-width: 640px)',
            md: '@media (min-width: 768px)',
            lg: '@media (min-width: 1024px)',
            xl: '@media (min-width: 1280px)',
            '2xl': '@media (min-width: 1536px)'
          },
          down: {
            xs: '@media (max-width: 639px)',
            sm: '@media (max-width: 767px)',
            md: '@media (max-width: 1023px)',
            lg: '@media (max-width: 1279px)',
            xl: '@media (max-width: 1535px)',
            '2xl': '@media (max-width: 9999px)'
          }
        },
        containers: {
          sm: '640px',
          md: '768px',
          lg: '1024px',
          xl: '1280px',
          '2xl': '1536px',
          full: '100%'
        },
        animations: {
          duration: { fast: '150ms', normal: '250ms', slow: '350ms', slower: '500ms' },
          easing: {
            linear: 'linear',
            easeIn: 'cubic-bezier(0.4, 0, 1, 1)',
            easeOut: 'cubic-bezier(0, 0, 0.2, 1)',
            easeInOut: 'cubic-bezier(0.4, 0, 0.2, 1)',
            bounce: 'cubic-bezier(0.68, -0.55, 0.265, 1.55)',
            in: 'cubic-bezier(0.4, 0, 1, 1)',
            out: 'cubic-bezier(0, 0, 0.2, 1)',
            inOut: 'cubic-bezier(0.4, 0, 0.2, 1)'
          },
          transition: {
            all: 'all 250ms cubic-bezier(0.4, 0, 0.2, 1)',
            colors: 'background-color 250ms cubic-bezier(0.4, 0, 0.2, 1), border-color 250ms cubic-bezier(0.4, 0, 0.2, 1), color 250ms cubic-bezier(0.4, 0, 0.2, 1), fill 250ms cubic-bezier(0.4, 0, 0.2, 1), stroke 250ms cubic-bezier(0.4, 0, 0.2, 1)',
            opacity: 'opacity 250ms cubic-bezier(0.4, 0, 0.2, 1)',
            shadow: 'box-shadow 250ms cubic-bezier(0.4, 0, 0.2, 1)',
            transform: 'transform 250ms cubic-bezier(0.4, 0, 0.2, 1)'
          },
          keyframes: {
            fadeIn: [Object],
            fadeOut: [Object],
            slideIn: [Object],
            slideOut: [Object],
            scaleIn: [Object],
            spin: [Object],
            pulse: [Object],
            bounce: [Object]
          },
          animate: {
            fadeIn: 'fadeIn 250ms cubic-bezier(0, 0, 0.2, 1)',
            fadeOut: 'fadeOut 250ms cubic-bezier(0.4, 0, 1, 1)',
            slideIn: 'slideIn 250ms cubic-bezier(0, 0, 0.2, 1)',
            slideOut: 'slideOut 250ms cubic-bezier(0.4, 0, 1, 1)',
            scaleIn: 'scaleIn 250ms cubic-bezier(0, 0, 0.2, 1)',
            spin: 'spin 1s linear infinite',
            pulse: 'pulse 2s cubic-bezier(0.4, 0, 0.2, 1) infinite',
            bounce: 'bounce 1s cubic-bezier(0.4, 0, 0.2, 1) infinite'
          }
        },
        components: {
          button: { height: [Object], padding: [Object], borderRadius: '4px' },
          card: {
            borderRadius: '8px',
            padding: '1.5rem',
            background: '#FFFFFF',
            border: '1px solid #E0E0E6'
          },
          input: {
            height: '40px',
            padding: '0.5rem 0.75rem',
            borderRadius: '4px',
            border: '1px solid #C0C0C6',
            focusBorder: '#FFE600'
          },
          modal: {
            overlay: 'rgba(46, 46, 56, 0.8)',
            borderRadius: '12px',
            padding: '2rem',
            maxWidth: '600px'
          }
        },
        zIndex: {
          dropdown: 1000,
          sticky: 1020,
          fixed: 1030,
          modalBackdrop: 1040,
          modal: 1050,
          popover: 1060,
          tooltip: 1070
        },
        borderRadius: {
          none: '0',
          sm: '2px',
          md: '4px',
          lg: '8px',
          xl: '12px',
          '2xl': '16px',
          '3xl': '24px',
          full: '9999px'
        }
      }

      at App (src/App.tsx:235:11)

    console.log
      Theme loaded: {
        colors: {
          gray: {
            '50': '#FAFAFA',
            '100': '#F5F5F5',
            '200': '#E0E0E6',
            '300': '#C0C0C6',
            '400': '#9E9E9E',
            '500': '#747480',
            '600': '#616161',
            '700': '#424242',
            '800': '#2E2E38',
            '900': '#212121'
          },
          primaryDark: '#E6D100',
          backgroundHover: '#F5F5F5',
          info: { light: '#E3F2FD', main: '#0B6BA7' },
          primary: {
            yellow: '#FFE600',
            black: '#2E2E38',
            white: '#FFFFFF',
            main: '#FFE600'
          },
          secondary: {
            darkGray: '#747480',
            mediumGray: '#C0C0C6',
            lightGray: '#F5F5F5',
            gray: '#C0C0C6'
          },
          accent: {
            blue: '#0B6BA7',
            green: '#00A350',
            red: '#C4232B',
            orange: '#FF7900',
            purple: '#6B46C1'
          },
          semantic: {
            success: '#00A350',
            warning: '#FF7900',
            error: '#C4232B',
            info: '#0B6BA7'
          },
          status: {
            success: '#00A350',
            warning: '#FF7900',
            error: '#C4232B',
            info: '#0B6BA7'
          },
          background: {
            primary: '#FFFFFF',
            secondary: '#F5F5F5',
            tertiary: '#FAFAFA',
            dark: '#2E2E38',
            overlay: 'rgba(46, 46, 56, 0.8)'
          },
          text: {
            primary: '#2E2E38',
            secondary: '#747480',
            tertiary: '#C0C0C6',
            inverse: '#FFFFFF',
            link: '#0B6BA7'
          },
          border: { light: '#E0E0E6', medium: '#C0C0C6', dark: '#747480' },
          shadow: {
            light: 'rgba(46, 46, 56, 0.08)',
            medium: 'rgba(46, 46, 56, 0.12)',
            dark: 'rgba(46, 46, 56, 0.24)'
          }
        },
        typography: {
          fontFamily: {
            primary: '"EYInterstate", -apple-system, BlinkMacSystemFont, "Segoe UI", Roboto, "Helvetica Neue", Arial, sans-serif',
            secondary: '"Georgia", "Times New Roman", Times, serif',
            mono: '"SF Mono", Monaco, "Cascadia Code", "Roboto Mono", Consolas, "Courier New", monospace'
          },
          fontSize: {
            xs: '0.75rem',
            sm: '0.875rem',
            base: '1rem',
            lg: '1.125rem',
            xl: '1.25rem',
            '2xl': '1.5rem',
            '3xl': '1.875rem',
            '4xl': '2.25rem',
            '5xl': '3rem',
            '6xl': '3.75rem'
          },
          fontWeight: {
            light: 300,
            normal: 400,
            medium: 500,
            semibold: 600,
            bold: 700,
            black: 900
          },
          lineHeight: { tight: 1.2, normal: 1.5, relaxed: 1.75, loose: 2 },
          letterSpacing: {
            tighter: '-0.02em',
            tight: '-0.01em',
            normal: '0',
            wide: '0.02em',
            wider: '0.04em',
            widest: '0.08em'
          },
          textStyles: {
            h1: [Object],
            h2: [Object],
            h3: [Object],
            h4: [Object],
            h5: [Object],
            h6: [Object],
            bodyLarge: [Object],
            body: [Object],
            bodySmall: [Object],
            button: [Object],
            caption: [Object],
            overline: [Object]
          }
        },
        spacing: {
          '0': '0',
          '1': '0.25rem',
          '2': '0.5rem',
          '3': '0.75rem',
          '4': '1rem',
          '5': '1.25rem',
          '6': '1.5rem',
          '7': '1.75rem',
          '8': '2rem',
          '9': '2.25rem',
          '10': '2.5rem',
          '11': '2.75rem',
          '12': '3rem',
          '14': '3.5rem',
          '16': '4rem',
          '20': '5rem',
          '24': '6rem',
          '28': '7rem',
          '32': '8rem',
          '36': '9rem',
          '40': '10rem',
          '44': '11rem',
          '48': '12rem',
          '52': '13rem',
          '56': '14rem',
          '60': '15rem',
          '64': '16rem',
          '72': '18rem',
          '80': '20rem',
          '96': '24rem',
          px: '1px',
          '0.5': '0.125rem',
          '1.5': '0.375rem',
          '2.5': '0.625rem',
          '3.5': '0.875rem'
        },
        layout: {
          containerPadding: { mobile: '1rem', tablet: '1.5rem', desktop: '2rem' },
          sectionSpacing: { small: '2rem', medium: '4rem', large: '6rem' },
          componentSpacing: {
            xs: '0.5rem',
            sm: '0.75rem',
            md: '1rem',
            lg: '1.5rem',
            xl: '2rem'
          },
          gridGap: { small: '1rem', medium: '1.5rem', large: '2rem' }
        },
        shadows: {
          none: 'none',
          sm: '0 1px 3px 0 rgba(46, 46, 56, 0.1), 0 1px 2px 0 rgba(46, 46, 56, 0.06)',
          md: '0 4px 6px -1px rgba(46, 46, 56, 0.1), 0 2px 4px -1px rgba(46, 46, 56, 0.06)',
          lg: '0 10px 15px -3px rgba(46, 46, 56, 0.1), 0 4px 6px -2px rgba(46, 46, 56, 0.05)',
          xl: '0 20px 25px -5px rgba(46, 46, 56, 0.1), 0 10px 10px -5px rgba(46, 46, 56, 0.04)',
          '2xl': '0 25px 50px -12px rgba(46, 46, 56, 0.25)',
          card: '0 2px 8px rgba(46, 46, 56, 0.08)',
          cardHover: '0 8px 16px rgba(46, 46, 56, 0.12)',
          dropdown: '0 10px 20px rgba(46, 46, 56, 0.15)',
          modal: '0 20px 40px rgba(46, 46, 56, 0.2)',
          inner: 'inset 0 2px 4px 0 rgba(46, 46, 56, 0.06)',
          focus: '0 0 0 3px rgba(255, 230, 0, 0.5)',
          focusError: '0 0 0 3px rgba(196, 35, 43, 0.5)',
          focusSuccess: '0 0 0 3px rgba(0, 163, 80, 0.5)'
        },
        breakpoints: {
          values: { xs: 0, sm: 640, md: 768, lg: 1024, xl: 1280, '2xl': 1536 },
          up: {
            xs: '@media (min-width: 0px)',
            sm: '@media (min-width: 640px)',
            md: '@media (min-width: 768px)',
            lg: '@media (min-width: 1024px)',
            xl: '@media (min-width: 1280px)',
            '2xl': '@media (min-width: 1536px)'
          },
          down: {
            xs: '@media (max-width: 639px)',
            sm: '@media (max-width: 767px)',
            md: '@media (max-width: 1023px)',
            lg: '@media (max-width: 1279px)',
            xl: '@media (max-width: 1535px)',
            '2xl': '@media (max-width: 9999px)'
          }
        },
        containers: {
          sm: '640px',
          md: '768px',
          lg: '1024px',
          xl: '1280px',
          '2xl': '1536px',
          full: '100%'
        },
        animations: {
          duration: { fast: '150ms', normal: '250ms', slow: '350ms', slower: '500ms' },
          easing: {
            linear: 'linear',
            easeIn: 'cubic-bezier(0.4, 0, 1, 1)',
            easeOut: 'cubic-bezier(0, 0, 0.2, 1)',
            easeInOut: 'cubic-bezier(0.4, 0, 0.2, 1)',
            bounce: 'cubic-bezier(0.68, -0.55, 0.265, 1.55)',
            in: 'cubic-bezier(0.4, 0, 1, 1)',
            out: 'cubic-bezier(0, 0, 0.2, 1)',
            inOut: 'cubic-bezier(0.4, 0, 0.2, 1)'
          },
          transition: {
            all: 'all 250ms cubic-bezier(0.4, 0, 0.2, 1)',
            colors: 'background-color 250ms cubic-bezier(0.4, 0, 0.2, 1), border-color 250ms cubic-bezier(0.4, 0, 0.2, 1), color 250ms cubic-bezier(0.4, 0, 0.2, 1), fill 250ms cubic-bezier(0.4, 0, 0.2, 1), stroke 250ms cubic-bezier(0.4, 0, 0.2, 1)',
            opacity: 'opacity 250ms cubic-bezier(0.4, 0, 0.2, 1)',
            shadow: 'box-shadow 250ms cubic-bezier(0.4, 0, 0.2, 1)',
            transform: 'transform 250ms cubic-bezier(0.4, 0, 0.2, 1)'
          },
          keyframes: {
            fadeIn: [Object],
            fadeOut: [Object],
            slideIn: [Object],
            slideOut: [Object],
            scaleIn: [Object],
            spin: [Object],
            pulse: [Object],
            bounce: [Object]
          },
          animate: {
            fadeIn: 'fadeIn 250ms cubic-bezier(0, 0, 0.2, 1)',
            fadeOut: 'fadeOut 250ms cubic-bezier(0.4, 0, 1, 1)',
            slideIn: 'slideIn 250ms cubic-bezier(0, 0, 0.2, 1)',
            slideOut: 'slideOut 250ms cubic-bezier(0.4, 0, 1, 1)',
            scaleIn: 'scaleIn 250ms cubic-bezier(0, 0, 0.2, 1)',
            spin: 'spin 1s linear infinite',
            pulse: 'pulse 2s cubic-bezier(0.4, 0, 0.2, 1) infinite',
            bounce: 'bounce 1s cubic-bezier(0.4, 0, 0.2, 1) infinite'
          }
        },
        components: {
          button: { height: [Object], padding: [Object], borderRadius: '4px' },
          card: {
            borderRadius: '8px',
            padding: '1.5rem',
            background: '#FFFFFF',
            border: '1px solid #E0E0E6'
          },
          input: {
            height: '40px',
            padding: '0.5rem 0.75rem',
            borderRadius: '4px',
            border: '1px solid #C0C0C6',
            focusBorder: '#FFE600'
          },
          modal: {
            overlay: 'rgba(46, 46, 56, 0.8)',
            borderRadius: '12px',
            padding: '2rem',
            maxWidth: '600px'
          }
        },
        zIndex: {
          dropdown: 1000,
          sticky: 1020,
          fixed: 1030,
          modalBackdrop: 1040,
          modal: 1050,
          popover: 1060,
          tooltip: 1070
        },
        borderRadius: {
          none: '0',
          sm: '2px',
          md: '4px',
          lg: '8px',
          xl: '12px',
          '2xl': '16px',
          '3xl': '24px',
          full: '9999px'
        }
      }

      at App (src/App.tsx:235:11)

    console.log
      Theme loaded: {
        colors: {
          gray: {
            '50': '#FAFAFA',
            '100': '#F5F5F5',
            '200': '#E0E0E6',
            '300': '#C0C0C6',
            '400': '#9E9E9E',
            '500': '#747480',
            '600': '#616161',
            '700': '#424242',
            '800': '#2E2E38',
            '900': '#212121'
          },
          primaryDark: '#E6D100',
          backgroundHover: '#F5F5F5',
          info: { light: '#E3F2FD', main: '#0B6BA7' },
          primary: {
            yellow: '#FFE600',
            black: '#2E2E38',
            white: '#FFFFFF',
            main: '#FFE600'
          },
          secondary: {
            darkGray: '#747480',
            mediumGray: '#C0C0C6',
            lightGray: '#F5F5F5',
            gray: '#C0C0C6'
          },
          accent: {
            blue: '#0B6BA7',
            green: '#00A350',
            red: '#C4232B',
            orange: '#FF7900',
            purple: '#6B46C1'
          },
          semantic: {
            success: '#00A350',
            warning: '#FF7900',
            error: '#C4232B',
            info: '#0B6BA7'
          },
          status: {
            success: '#00A350',
            warning: '#FF7900',
            error: '#C4232B',
            info: '#0B6BA7'
          },
          background: {
            primary: '#FFFFFF',
            secondary: '#F5F5F5',
            tertiary: '#FAFAFA',
            dark: '#2E2E38',
            overlay: 'rgba(46, 46, 56, 0.8)'
          },
          text: {
            primary: '#2E2E38',
            secondary: '#747480',
            tertiary: '#C0C0C6',
            inverse: '#FFFFFF',
            link: '#0B6BA7'
          },
          border: { light: '#E0E0E6', medium: '#C0C0C6', dark: '#747480' },
          shadow: {
            light: 'rgba(46, 46, 56, 0.08)',
            medium: 'rgba(46, 46, 56, 0.12)',
            dark: 'rgba(46, 46, 56, 0.24)'
          }
        },
        typography: {
          fontFamily: {
            primary: '"EYInterstate", -apple-system, BlinkMacSystemFont, "Segoe UI", Roboto, "Helvetica Neue", Arial, sans-serif',
            secondary: '"Georgia", "Times New Roman", Times, serif',
            mono: '"SF Mono", Monaco, "Cascadia Code", "Roboto Mono", Consolas, "Courier New", monospace'
          },
          fontSize: {
            xs: '0.75rem',
            sm: '0.875rem',
            base: '1rem',
            lg: '1.125rem',
            xl: '1.25rem',
            '2xl': '1.5rem',
            '3xl': '1.875rem',
            '4xl': '2.25rem',
            '5xl': '3rem',
            '6xl': '3.75rem'
          },
          fontWeight: {
            light: 300,
            normal: 400,
            medium: 500,
            semibold: 600,
            bold: 700,
            black: 900
          },
          lineHeight: { tight: 1.2, normal: 1.5, relaxed: 1.75, loose: 2 },
          letterSpacing: {
            tighter: '-0.02em',
            tight: '-0.01em',
            normal: '0',
            wide: '0.02em',
            wider: '0.04em',
            widest: '0.08em'
          },
          textStyles: {
            h1: [Object],
            h2: [Object],
            h3: [Object],
            h4: [Object],
            h5: [Object],
            h6: [Object],
            bodyLarge: [Object],
            body: [Object],
            bodySmall: [Object],
            button: [Object],
            caption: [Object],
            overline: [Object]
          }
        },
        spacing: {
          '0': '0',
          '1': '0.25rem',
          '2': '0.5rem',
          '3': '0.75rem',
          '4': '1rem',
          '5': '1.25rem',
          '6': '1.5rem',
          '7': '1.75rem',
          '8': '2rem',
          '9': '2.25rem',
          '10': '2.5rem',
          '11': '2.75rem',
          '12': '3rem',
          '14': '3.5rem',
          '16': '4rem',
          '20': '5rem',
          '24': '6rem',
          '28': '7rem',
          '32': '8rem',
          '36': '9rem',
          '40': '10rem',
          '44': '11rem',
          '48': '12rem',
          '52': '13rem',
          '56': '14rem',
          '60': '15rem',
          '64': '16rem',
          '72': '18rem',
          '80': '20rem',
          '96': '24rem',
          px: '1px',
          '0.5': '0.125rem',
          '1.5': '0.375rem',
          '2.5': '0.625rem',
          '3.5': '0.875rem'
        },
        layout: {
          containerPadding: { mobile: '1rem', tablet: '1.5rem', desktop: '2rem' },
          sectionSpacing: { small: '2rem', medium: '4rem', large: '6rem' },
          componentSpacing: {
            xs: '0.5rem',
            sm: '0.75rem',
            md: '1rem',
            lg: '1.5rem',
            xl: '2rem'
          },
          gridGap: { small: '1rem', medium: '1.5rem', large: '2rem' }
        },
        shadows: {
          none: 'none',
          sm: '0 1px 3px 0 rgba(46, 46, 56, 0.1), 0 1px 2px 0 rgba(46, 46, 56, 0.06)',
          md: '0 4px 6px -1px rgba(46, 46, 56, 0.1), 0 2px 4px -1px rgba(46, 46, 56, 0.06)',
          lg: '0 10px 15px -3px rgba(46, 46, 56, 0.1), 0 4px 6px -2px rgba(46, 46, 56, 0.05)',
          xl: '0 20px 25px -5px rgba(46, 46, 56, 0.1), 0 10px 10px -5px rgba(46, 46, 56, 0.04)',
          '2xl': '0 25px 50px -12px rgba(46, 46, 56, 0.25)',
          card: '0 2px 8px rgba(46, 46, 56, 0.08)',
          cardHover: '0 8px 16px rgba(46, 46, 56, 0.12)',
          dropdown: '0 10px 20px rgba(46, 46, 56, 0.15)',
          modal: '0 20px 40px rgba(46, 46, 56, 0.2)',
          inner: 'inset 0 2px 4px 0 rgba(46, 46, 56, 0.06)',
          focus: '0 0 0 3px rgba(255, 230, 0, 0.5)',
          focusError: '0 0 0 3px rgba(196, 35, 43, 0.5)',
          focusSuccess: '0 0 0 3px rgba(0, 163, 80, 0.5)'
        },
        breakpoints: {
          values: { xs: 0, sm: 640, md: 768, lg: 1024, xl: 1280, '2xl': 1536 },
          up: {
            xs: '@media (min-width: 0px)',
            sm: '@media (min-width: 640px)',
            md: '@media (min-width: 768px)',
            lg: '@media (min-width: 1024px)',
            xl: '@media (min-width: 1280px)',
            '2xl': '@media (min-width: 1536px)'
          },
          down: {
            xs: '@media (max-width: 639px)',
            sm: '@media (max-width: 767px)',
            md: '@media (max-width: 1023px)',
            lg: '@media (max-width: 1279px)',
            xl: '@media (max-width: 1535px)',
            '2xl': '@media (max-width: 9999px)'
          }
        },
        containers: {
          sm: '640px',
          md: '768px',
          lg: '1024px',
          xl: '1280px',
          '2xl': '1536px',
          full: '100%'
        },
        animations: {
          duration: { fast: '150ms', normal: '250ms', slow: '350ms', slower: '500ms' },
          easing: {
            linear: 'linear',
            easeIn: 'cubic-bezier(0.4, 0, 1, 1)',
            easeOut: 'cubic-bezier(0, 0, 0.2, 1)',
            easeInOut: 'cubic-bezier(0.4, 0, 0.2, 1)',
            bounce: 'cubic-bezier(0.68, -0.55, 0.265, 1.55)',
            in: 'cubic-bezier(0.4, 0, 1, 1)',
            out: 'cubic-bezier(0, 0, 0.2, 1)',
            inOut: 'cubic-bezier(0.4, 0, 0.2, 1)'
          },
          transition: {
            all: 'all 250ms cubic-bezier(0.4, 0, 0.2, 1)',
            colors: 'background-color 250ms cubic-bezier(0.4, 0, 0.2, 1), border-color 250ms cubic-bezier(0.4, 0, 0.2, 1), color 250ms cubic-bezier(0.4, 0, 0.2, 1), fill 250ms cubic-bezier(0.4, 0, 0.2, 1), stroke 250ms cubic-bezier(0.4, 0, 0.2, 1)',
            opacity: 'opacity 250ms cubic-bezier(0.4, 0, 0.2, 1)',
            shadow: 'box-shadow 250ms cubic-bezier(0.4, 0, 0.2, 1)',
            transform: 'transform 250ms cubic-bezier(0.4, 0, 0.2, 1)'
          },
          keyframes: {
            fadeIn: [Object],
            fadeOut: [Object],
            slideIn: [Object],
            slideOut: [Object],
            scaleIn: [Object],
            spin: [Object],
            pulse: [Object],
            bounce: [Object]
          },
          animate: {
            fadeIn: 'fadeIn 250ms cubic-bezier(0, 0, 0.2, 1)',
            fadeOut: 'fadeOut 250ms cubic-bezier(0.4, 0, 1, 1)',
            slideIn: 'slideIn 250ms cubic-bezier(0, 0, 0.2, 1)',
            slideOut: 'slideOut 250ms cubic-bezier(0.4, 0, 1, 1)',
            scaleIn: 'scaleIn 250ms cubic-bezier(0, 0, 0.2, 1)',
            spin: 'spin 1s linear infinite',
            pulse: 'pulse 2s cubic-bezier(0.4, 0, 0.2, 1) infinite',
            bounce: 'bounce 1s cubic-bezier(0.4, 0, 0.2, 1) infinite'
          }
        },
        components: {
          button: { height: [Object], padding: [Object], borderRadius: '4px' },
          card: {
            borderRadius: '8px',
            padding: '1.5rem',
            background: '#FFFFFF',
            border: '1px solid #E0E0E6'
          },
          input: {
            height: '40px',
            padding: '0.5rem 0.75rem',
            borderRadius: '4px',
            border: '1px solid #C0C0C6',
            focusBorder: '#FFE600'
          },
          modal: {
            overlay: 'rgba(46, 46, 56, 0.8)',
            borderRadius: '12px',
            padding: '2rem',
            maxWidth: '600px'
          }
        },
        zIndex: {
          dropdown: 1000,
          sticky: 1020,
          fixed: 1030,
          modalBackdrop: 1040,
          modal: 1050,
          popover: 1060,
          tooltip: 1070
        },
        borderRadius: {
          none: '0',
          sm: '2px',
          md: '4px',
          lg: '8px',
          xl: '12px',
          '2xl': '16px',
          '3xl': '24px',
          full: '9999px'
        }
      }

      at App (src/App.tsx:235:11)

    console.log
      Theme loaded: {
        colors: {
          gray: {
            '50': '#FAFAFA',
            '100': '#F5F5F5',
            '200': '#E0E0E6',
            '300': '#C0C0C6',
            '400': '#9E9E9E',
            '500': '#747480',
            '600': '#616161',
            '700': '#424242',
            '800': '#2E2E38',
            '900': '#212121'
          },
          primaryDark: '#E6D100',
          backgroundHover: '#F5F5F5',
          info: { light: '#E3F2FD', main: '#0B6BA7' },
          primary: {
            yellow: '#FFE600',
            black: '#2E2E38',
            white: '#FFFFFF',
            main: '#FFE600'
          },
          secondary: {
            darkGray: '#747480',
            mediumGray: '#C0C0C6',
            lightGray: '#F5F5F5',
            gray: '#C0C0C6'
          },
          accent: {
            blue: '#0B6BA7',
            green: '#00A350',
            red: '#C4232B',
            orange: '#FF7900',
            purple: '#6B46C1'
          },
          semantic: {
            success: '#00A350',
            warning: '#FF7900',
            error: '#C4232B',
            info: '#0B6BA7'
          },
          status: {
            success: '#00A350',
            warning: '#FF7900',
            error: '#C4232B',
            info: '#0B6BA7'
          },
          background: {
            primary: '#FFFFFF',
            secondary: '#F5F5F5',
            tertiary: '#FAFAFA',
            dark: '#2E2E38',
            overlay: 'rgba(46, 46, 56, 0.8)'
          },
          text: {
            primary: '#2E2E38',
            secondary: '#747480',
            tertiary: '#C0C0C6',
            inverse: '#FFFFFF',
            link: '#0B6BA7'
          },
          border: { light: '#E0E0E6', medium: '#C0C0C6', dark: '#747480' },
          shadow: {
            light: 'rgba(46, 46, 56, 0.08)',
            medium: 'rgba(46, 46, 56, 0.12)',
            dark: 'rgba(46, 46, 56, 0.24)'
          }
        },
        typography: {
          fontFamily: {
            primary: '"EYInterstate", -apple-system, BlinkMacSystemFont, "Segoe UI", Roboto, "Helvetica Neue", Arial, sans-serif',
            secondary: '"Georgia", "Times New Roman", Times, serif',
            mono: '"SF Mono", Monaco, "Cascadia Code", "Roboto Mono", Consolas, "Courier New", monospace'
          },
          fontSize: {
            xs: '0.75rem',
            sm: '0.875rem',
            base: '1rem',
            lg: '1.125rem',
            xl: '1.25rem',
            '2xl': '1.5rem',
            '3xl': '1.875rem',
            '4xl': '2.25rem',
            '5xl': '3rem',
            '6xl': '3.75rem'
          },
          fontWeight: {
            light: 300,
            normal: 400,
            medium: 500,
            semibold: 600,
            bold: 700,
            black: 900
          },
          lineHeight: { tight: 1.2, normal: 1.5, relaxed: 1.75, loose: 2 },
          letterSpacing: {
            tighter: '-0.02em',
            tight: '-0.01em',
            normal: '0',
            wide: '0.02em',
            wider: '0.04em',
            widest: '0.08em'
          },
          textStyles: {
            h1: [Object],
            h2: [Object],
            h3: [Object],
            h4: [Object],
            h5: [Object],
            h6: [Object],
            bodyLarge: [Object],
            body: [Object],
            bodySmall: [Object],
            button: [Object],
            caption: [Object],
            overline: [Object]
          }
        },
        spacing: {
          '0': '0',
          '1': '0.25rem',
          '2': '0.5rem',
          '3': '0.75rem',
          '4': '1rem',
          '5': '1.25rem',
          '6': '1.5rem',
          '7': '1.75rem',
          '8': '2rem',
          '9': '2.25rem',
          '10': '2.5rem',
          '11': '2.75rem',
          '12': '3rem',
          '14': '3.5rem',
          '16': '4rem',
          '20': '5rem',
          '24': '6rem',
          '28': '7rem',
          '32': '8rem',
          '36': '9rem',
          '40': '10rem',
          '44': '11rem',
          '48': '12rem',
          '52': '13rem',
          '56': '14rem',
          '60': '15rem',
          '64': '16rem',
          '72': '18rem',
          '80': '20rem',
          '96': '24rem',
          px: '1px',
          '0.5': '0.125rem',
          '1.5': '0.375rem',
          '2.5': '0.625rem',
          '3.5': '0.875rem'
        },
        layout: {
          containerPadding: { mobile: '1rem', tablet: '1.5rem', desktop: '2rem' },
          sectionSpacing: { small: '2rem', medium: '4rem', large: '6rem' },
          componentSpacing: {
            xs: '0.5rem',
            sm: '0.75rem',
            md: '1rem',
            lg: '1.5rem',
            xl: '2rem'
          },
          gridGap: { small: '1rem', medium: '1.5rem', large: '2rem' }
        },
        shadows: {
          none: 'none',
          sm: '0 1px 3px 0 rgba(46, 46, 56, 0.1), 0 1px 2px 0 rgba(46, 46, 56, 0.06)',
          md: '0 4px 6px -1px rgba(46, 46, 56, 0.1), 0 2px 4px -1px rgba(46, 46, 56, 0.06)',
          lg: '0 10px 15px -3px rgba(46, 46, 56, 0.1), 0 4px 6px -2px rgba(46, 46, 56, 0.05)',
          xl: '0 20px 25px -5px rgba(46, 46, 56, 0.1), 0 10px 10px -5px rgba(46, 46, 56, 0.04)',
          '2xl': '0 25px 50px -12px rgba(46, 46, 56, 0.25)',
          card: '0 2px 8px rgba(46, 46, 56, 0.08)',
          cardHover: '0 8px 16px rgba(46, 46, 56, 0.12)',
          dropdown: '0 10px 20px rgba(46, 46, 56, 0.15)',
          modal: '0 20px 40px rgba(46, 46, 56, 0.2)',
          inner: 'inset 0 2px 4px 0 rgba(46, 46, 56, 0.06)',
          focus: '0 0 0 3px rgba(255, 230, 0, 0.5)',
          focusError: '0 0 0 3px rgba(196, 35, 43, 0.5)',
          focusSuccess: '0 0 0 3px rgba(0, 163, 80, 0.5)'
        },
        breakpoints: {
          values: { xs: 0, sm: 640, md: 768, lg: 1024, xl: 1280, '2xl': 1536 },
          up: {
            xs: '@media (min-width: 0px)',
            sm: '@media (min-width: 640px)',
            md: '@media (min-width: 768px)',
            lg: '@media (min-width: 1024px)',
            xl: '@media (min-width: 1280px)',
            '2xl': '@media (min-width: 1536px)'
          },
          down: {
            xs: '@media (max-width: 639px)',
            sm: '@media (max-width: 767px)',
            md: '@media (max-width: 1023px)',
            lg: '@media (max-width: 1279px)',
            xl: '@media (max-width: 1535px)',
            '2xl': '@media (max-width: 9999px)'
          }
        },
        containers: {
          sm: '640px',
          md: '768px',
          lg: '1024px',
          xl: '1280px',
          '2xl': '1536px',
          full: '100%'
        },
        animations: {
          duration: { fast: '150ms', normal: '250ms', slow: '350ms', slower: '500ms' },
          easing: {
            linear: 'linear',
            easeIn: 'cubic-bezier(0.4, 0, 1, 1)',
            easeOut: 'cubic-bezier(0, 0, 0.2, 1)',
            easeInOut: 'cubic-bezier(0.4, 0, 0.2, 1)',
            bounce: 'cubic-bezier(0.68, -0.55, 0.265, 1.55)',
            in: 'cubic-bezier(0.4, 0, 1, 1)',
            out: 'cubic-bezier(0, 0, 0.2, 1)',
            inOut: 'cubic-bezier(0.4, 0, 0.2, 1)'
          },
          transition: {
            all: 'all 250ms cubic-bezier(0.4, 0, 0.2, 1)',
            colors: 'background-color 250ms cubic-bezier(0.4, 0, 0.2, 1), border-color 250ms cubic-bezier(0.4, 0, 0.2, 1), color 250ms cubic-bezier(0.4, 0, 0.2, 1), fill 250ms cubic-bezier(0.4, 0, 0.2, 1), stroke 250ms cubic-bezier(0.4, 0, 0.2, 1)',
            opacity: 'opacity 250ms cubic-bezier(0.4, 0, 0.2, 1)',
            shadow: 'box-shadow 250ms cubic-bezier(0.4, 0, 0.2, 1)',
            transform: 'transform 250ms cubic-bezier(0.4, 0, 0.2, 1)'
          },
          keyframes: {
            fadeIn: [Object],
            fadeOut: [Object],
            slideIn: [Object],
            slideOut: [Object],
            scaleIn: [Object],
            spin: [Object],
            pulse: [Object],
            bounce: [Object]
          },
          animate: {
            fadeIn: 'fadeIn 250ms cubic-bezier(0, 0, 0.2, 1)',
            fadeOut: 'fadeOut 250ms cubic-bezier(0.4, 0, 1, 1)',
            slideIn: 'slideIn 250ms cubic-bezier(0, 0, 0.2, 1)',
            slideOut: 'slideOut 250ms cubic-bezier(0.4, 0, 1, 1)',
            scaleIn: 'scaleIn 250ms cubic-bezier(0, 0, 0.2, 1)',
            spin: 'spin 1s linear infinite',
            pulse: 'pulse 2s cubic-bezier(0.4, 0, 0.2, 1) infinite',
            bounce: 'bounce 1s cubic-bezier(0.4, 0, 0.2, 1) infinite'
          }
        },
        components: {
          button: { height: [Object], padding: [Object], borderRadius: '4px' },
          card: {
            borderRadius: '8px',
            padding: '1.5rem',
            background: '#FFFFFF',
            border: '1px solid #E0E0E6'
          },
          input: {
            height: '40px',
            padding: '0.5rem 0.75rem',
            borderRadius: '4px',
            border: '1px solid #C0C0C6',
            focusBorder: '#FFE600'
          },
          modal: {
            overlay: 'rgba(46, 46, 56, 0.8)',
            borderRadius: '12px',
            padding: '2rem',
            maxWidth: '600px'
          }
        },
        zIndex: {
          dropdown: 1000,
          sticky: 1020,
          fixed: 1030,
          modalBackdrop: 1040,
          modal: 1050,
          popover: 1060,
          tooltip: 1070
        },
        borderRadius: {
          none: '0',
          sm: '2px',
          md: '4px',
          lg: '8px',
          xl: '12px',
          '2xl': '16px',
          '3xl': '24px',
          full: '9999px'
        }
      }

      at App (src/App.tsx:235:11)

    console.log
      Theme loaded: {
        colors: {
          gray: {
            '50': '#FAFAFA',
            '100': '#F5F5F5',
            '200': '#E0E0E6',
            '300': '#C0C0C6',
            '400': '#9E9E9E',
            '500': '#747480',
            '600': '#616161',
            '700': '#424242',
            '800': '#2E2E38',
            '900': '#212121'
          },
          primaryDark: '#E6D100',
          backgroundHover: '#F5F5F5',
          info: { light: '#E3F2FD', main: '#0B6BA7' },
          primary: {
            yellow: '#FFE600',
            black: '#2E2E38',
            white: '#FFFFFF',
            main: '#FFE600'
          },
          secondary: {
            darkGray: '#747480',
            mediumGray: '#C0C0C6',
            lightGray: '#F5F5F5',
            gray: '#C0C0C6'
          },
          accent: {
            blue: '#0B6BA7',
            green: '#00A350',
            red: '#C4232B',
            orange: '#FF7900',
            purple: '#6B46C1'
          },
          semantic: {
            success: '#00A350',
            warning: '#FF7900',
            error: '#C4232B',
            info: '#0B6BA7'
          },
          status: {
            success: '#00A350',
            warning: '#FF7900',
            error: '#C4232B',
            info: '#0B6BA7'
          },
          background: {
            primary: '#FFFFFF',
            secondary: '#F5F5F5',
            tertiary: '#FAFAFA',
            dark: '#2E2E38',
            overlay: 'rgba(46, 46, 56, 0.8)'
          },
          text: {
            primary: '#2E2E38',
            secondary: '#747480',
            tertiary: '#C0C0C6',
            inverse: '#FFFFFF',
            link: '#0B6BA7'
          },
          border: { light: '#E0E0E6', medium: '#C0C0C6', dark: '#747480' },
          shadow: {
            light: 'rgba(46, 46, 56, 0.08)',
            medium: 'rgba(46, 46, 56, 0.12)',
            dark: 'rgba(46, 46, 56, 0.24)'
          }
        },
        typography: {
          fontFamily: {
            primary: '"EYInterstate", -apple-system, BlinkMacSystemFont, "Segoe UI", Roboto, "Helvetica Neue", Arial, sans-serif',
            secondary: '"Georgia", "Times New Roman", Times, serif',
            mono: '"SF Mono", Monaco, "Cascadia Code", "Roboto Mono", Consolas, "Courier New", monospace'
          },
          fontSize: {
            xs: '0.75rem',
            sm: '0.875rem',
            base: '1rem',
            lg: '1.125rem',
            xl: '1.25rem',
            '2xl': '1.5rem',
            '3xl': '1.875rem',
            '4xl': '2.25rem',
            '5xl': '3rem',
            '6xl': '3.75rem'
          },
          fontWeight: {
            light: 300,
            normal: 400,
            medium: 500,
            semibold: 600,
            bold: 700,
            black: 900
          },
          lineHeight: { tight: 1.2, normal: 1.5, relaxed: 1.75, loose: 2 },
          letterSpacing: {
            tighter: '-0.02em',
            tight: '-0.01em',
            normal: '0',
            wide: '0.02em',
            wider: '0.04em',
            widest: '0.08em'
          },
          textStyles: {
            h1: [Object],
            h2: [Object],
            h3: [Object],
            h4: [Object],
            h5: [Object],
            h6: [Object],
            bodyLarge: [Object],
            body: [Object],
            bodySmall: [Object],
            button: [Object],
            caption: [Object],
            overline: [Object]
          }
        },
        spacing: {
          '0': '0',
          '1': '0.25rem',
          '2': '0.5rem',
          '3': '0.75rem',
          '4': '1rem',
          '5': '1.25rem',
          '6': '1.5rem',
          '7': '1.75rem',
          '8': '2rem',
          '9': '2.25rem',
          '10': '2.5rem',
          '11': '2.75rem',
          '12': '3rem',
          '14': '3.5rem',
          '16': '4rem',
          '20': '5rem',
          '24': '6rem',
          '28': '7rem',
          '32': '8rem',
          '36': '9rem',
          '40': '10rem',
          '44': '11rem',
          '48': '12rem',
          '52': '13rem',
          '56': '14rem',
          '60': '15rem',
          '64': '16rem',
          '72': '18rem',
          '80': '20rem',
          '96': '24rem',
          px: '1px',
          '0.5': '0.125rem',
          '1.5': '0.375rem',
          '2.5': '0.625rem',
          '3.5': '0.875rem'
        },
        layout: {
          containerPadding: { mobile: '1rem', tablet: '1.5rem', desktop: '2rem' },
          sectionSpacing: { small: '2rem', medium: '4rem', large: '6rem' },
          componentSpacing: {
            xs: '0.5rem',
            sm: '0.75rem',
            md: '1rem',
            lg: '1.5rem',
            xl: '2rem'
          },
          gridGap: { small: '1rem', medium: '1.5rem', large: '2rem' }
        },
        shadows: {
          none: 'none',
          sm: '0 1px 3px 0 rgba(46, 46, 56, 0.1), 0 1px 2px 0 rgba(46, 46, 56, 0.06)',
          md: '0 4px 6px -1px rgba(46, 46, 56, 0.1), 0 2px 4px -1px rgba(46, 46, 56, 0.06)',
          lg: '0 10px 15px -3px rgba(46, 46, 56, 0.1), 0 4px 6px -2px rgba(46, 46, 56, 0.05)',
          xl: '0 20px 25px -5px rgba(46, 46, 56, 0.1), 0 10px 10px -5px rgba(46, 46, 56, 0.04)',
          '2xl': '0 25px 50px -12px rgba(46, 46, 56, 0.25)',
          card: '0 2px 8px rgba(46, 46, 56, 0.08)',
          cardHover: '0 8px 16px rgba(46, 46, 56, 0.12)',
          dropdown: '0 10px 20px rgba(46, 46, 56, 0.15)',
          modal: '0 20px 40px rgba(46, 46, 56, 0.2)',
          inner: 'inset 0 2px 4px 0 rgba(46, 46, 56, 0.06)',
          focus: '0 0 0 3px rgba(255, 230, 0, 0.5)',
          focusError: '0 0 0 3px rgba(196, 35, 43, 0.5)',
          focusSuccess: '0 0 0 3px rgba(0, 163, 80, 0.5)'
        },
        breakpoints: {
          values: { xs: 0, sm: 640, md: 768, lg: 1024, xl: 1280, '2xl': 1536 },
          up: {
            xs: '@media (min-width: 0px)',
            sm: '@media (min-width: 640px)',
            md: '@media (min-width: 768px)',
            lg: '@media (min-width: 1024px)',
            xl: '@media (min-width: 1280px)',
            '2xl': '@media (min-width: 1536px)'
          },
          down: {
            xs: '@media (max-width: 639px)',
            sm: '@media (max-width: 767px)',
            md: '@media (max-width: 1023px)',
            lg: '@media (max-width: 1279px)',
            xl: '@media (max-width: 1535px)',
            '2xl': '@media (max-width: 9999px)'
          }
        },
        containers: {
          sm: '640px',
          md: '768px',
          lg: '1024px',
          xl: '1280px',
          '2xl': '1536px',
          full: '100%'
        },
        animations: {
          duration: { fast: '150ms', normal: '250ms', slow: '350ms', slower: '500ms' },
          easing: {
            linear: 'linear',
            easeIn: 'cubic-bezier(0.4, 0, 1, 1)',
            easeOut: 'cubic-bezier(0, 0, 0.2, 1)',
            easeInOut: 'cubic-bezier(0.4, 0, 0.2, 1)',
            bounce: 'cubic-bezier(0.68, -0.55, 0.265, 1.55)',
            in: 'cubic-bezier(0.4, 0, 1, 1)',
            out: 'cubic-bezier(0, 0, 0.2, 1)',
            inOut: 'cubic-bezier(0.4, 0, 0.2, 1)'
          },
          transition: {
            all: 'all 250ms cubic-bezier(0.4, 0, 0.2, 1)',
            colors: 'background-color 250ms cubic-bezier(0.4, 0, 0.2, 1), border-color 250ms cubic-bezier(0.4, 0, 0.2, 1), color 250ms cubic-bezier(0.4, 0, 0.2, 1), fill 250ms cubic-bezier(0.4, 0, 0.2, 1), stroke 250ms cubic-bezier(0.4, 0, 0.2, 1)',
            opacity: 'opacity 250ms cubic-bezier(0.4, 0, 0.2, 1)',
            shadow: 'box-shadow 250ms cubic-bezier(0.4, 0, 0.2, 1)',
            transform: 'transform 250ms cubic-bezier(0.4, 0, 0.2, 1)'
          },
          keyframes: {
            fadeIn: [Object],
            fadeOut: [Object],
            slideIn: [Object],
            slideOut: [Object],
            scaleIn: [Object],
            spin: [Object],
            pulse: [Object],
            bounce: [Object]
          },
          animate: {
            fadeIn: 'fadeIn 250ms cubic-bezier(0, 0, 0.2, 1)',
            fadeOut: 'fadeOut 250ms cubic-bezier(0.4, 0, 1, 1)',
            slideIn: 'slideIn 250ms cubic-bezier(0, 0, 0.2, 1)',
            slideOut: 'slideOut 250ms cubic-bezier(0.4, 0, 1, 1)',
            scaleIn: 'scaleIn 250ms cubic-bezier(0, 0, 0.2, 1)',
            spin: 'spin 1s linear infinite',
            pulse: 'pulse 2s cubic-bezier(0.4, 0, 0.2, 1) infinite',
            bounce: 'bounce 1s cubic-bezier(0.4, 0, 0.2, 1) infinite'
          }
        },
        components: {
          button: { height: [Object], padding: [Object], borderRadius: '4px' },
          card: {
            borderRadius: '8px',
            padding: '1.5rem',
            background: '#FFFFFF',
            border: '1px solid #E0E0E6'
          },
          input: {
            height: '40px',
            padding: '0.5rem 0.75rem',
            borderRadius: '4px',
            border: '1px solid #C0C0C6',
            focusBorder: '#FFE600'
          },
          modal: {
            overlay: 'rgba(46, 46, 56, 0.8)',
            borderRadius: '12px',
            padding: '2rem',
            maxWidth: '600px'
          }
        },
        zIndex: {
          dropdown: 1000,
          sticky: 1020,
          fixed: 1030,
          modalBackdrop: 1040,
          modal: 1050,
          popover: 1060,
          tooltip: 1070
        },
        borderRadius: {
          none: '0',
          sm: '2px',
          md: '4px',
          lg: '8px',
          xl: '12px',
          '2xl': '16px',
          '3xl': '24px',
          full: '9999px'
        }
      }

      at App (src/App.tsx:235:11)

    console.log
      Theme loaded: {
        colors: {
          gray: {
            '50': '#FAFAFA',
            '100': '#F5F5F5',
            '200': '#E0E0E6',
            '300': '#C0C0C6',
            '400': '#9E9E9E',
            '500': '#747480',
            '600': '#616161',
            '700': '#424242',
            '800': '#2E2E38',
            '900': '#212121'
          },
          primaryDark: '#E6D100',
          backgroundHover: '#F5F5F5',
          info: { light: '#E3F2FD', main: '#0B6BA7' },
          primary: {
            yellow: '#FFE600',
            black: '#2E2E38',
            white: '#FFFFFF',
            main: '#FFE600'
          },
          secondary: {
            darkGray: '#747480',
            mediumGray: '#C0C0C6',
            lightGray: '#F5F5F5',
            gray: '#C0C0C6'
          },
          accent: {
            blue: '#0B6BA7',
            green: '#00A350',
            red: '#C4232B',
            orange: '#FF7900',
            purple: '#6B46C1'
          },
          semantic: {
            success: '#00A350',
            warning: '#FF7900',
            error: '#C4232B',
            info: '#0B6BA7'
          },
          status: {
            success: '#00A350',
            warning: '#FF7900',
            error: '#C4232B',
            info: '#0B6BA7'
          },
          background: {
            primary: '#FFFFFF',
            secondary: '#F5F5F5',
            tertiary: '#FAFAFA',
            dark: '#2E2E38',
            overlay: 'rgba(46, 46, 56, 0.8)'
          },
          text: {
            primary: '#2E2E38',
            secondary: '#747480',
            tertiary: '#C0C0C6',
            inverse: '#FFFFFF',
            link: '#0B6BA7'
          },
          border: { light: '#E0E0E6', medium: '#C0C0C6', dark: '#747480' },
          shadow: {
            light: 'rgba(46, 46, 56, 0.08)',
            medium: 'rgba(46, 46, 56, 0.12)',
            dark: 'rgba(46, 46, 56, 0.24)'
          }
        },
        typography: {
          fontFamily: {
            primary: '"EYInterstate", -apple-system, BlinkMacSystemFont, "Segoe UI", Roboto, "Helvetica Neue", Arial, sans-serif',
            secondary: '"Georgia", "Times New Roman", Times, serif',
            mono: '"SF Mono", Monaco, "Cascadia Code", "Roboto Mono", Consolas, "Courier New", monospace'
          },
          fontSize: {
            xs: '0.75rem',
            sm: '0.875rem',
            base: '1rem',
            lg: '1.125rem',
            xl: '1.25rem',
            '2xl': '1.5rem',
            '3xl': '1.875rem',
            '4xl': '2.25rem',
            '5xl': '3rem',
            '6xl': '3.75rem'
          },
          fontWeight: {
            light: 300,
            normal: 400,
            medium: 500,
            semibold: 600,
            bold: 700,
            black: 900
          },
          lineHeight: { tight: 1.2, normal: 1.5, relaxed: 1.75, loose: 2 },
          letterSpacing: {
            tighter: '-0.02em',
            tight: '-0.01em',
            normal: '0',
            wide: '0.02em',
            wider: '0.04em',
            widest: '0.08em'
          },
          textStyles: {
            h1: [Object],
            h2: [Object],
            h3: [Object],
            h4: [Object],
            h5: [Object],
            h6: [Object],
            bodyLarge: [Object],
            body: [Object],
            bodySmall: [Object],
            button: [Object],
            caption: [Object],
            overline: [Object]
          }
        },
        spacing: {
          '0': '0',
          '1': '0.25rem',
          '2': '0.5rem',
          '3': '0.75rem',
          '4': '1rem',
          '5': '1.25rem',
          '6': '1.5rem',
          '7': '1.75rem',
          '8': '2rem',
          '9': '2.25rem',
          '10': '2.5rem',
          '11': '2.75rem',
          '12': '3rem',
          '14': '3.5rem',
          '16': '4rem',
          '20': '5rem',
          '24': '6rem',
          '28': '7rem',
          '32': '8rem',
          '36': '9rem',
          '40': '10rem',
          '44': '11rem',
          '48': '12rem',
          '52': '13rem',
          '56': '14rem',
          '60': '15rem',
          '64': '16rem',
          '72': '18rem',
          '80': '20rem',
          '96': '24rem',
          px: '1px',
          '0.5': '0.125rem',
          '1.5': '0.375rem',
          '2.5': '0.625rem',
          '3.5': '0.875rem'
        },
        layout: {
          containerPadding: { mobile: '1rem', tablet: '1.5rem', desktop: '2rem' },
          sectionSpacing: { small: '2rem', medium: '4rem', large: '6rem' },
          componentSpacing: {
            xs: '0.5rem',
            sm: '0.75rem',
            md: '1rem',
            lg: '1.5rem',
            xl: '2rem'
          },
          gridGap: { small: '1rem', medium: '1.5rem', large: '2rem' }
        },
        shadows: {
          none: 'none',
          sm: '0 1px 3px 0 rgba(46, 46, 56, 0.1), 0 1px 2px 0 rgba(46, 46, 56, 0.06)',
          md: '0 4px 6px -1px rgba(46, 46, 56, 0.1), 0 2px 4px -1px rgba(46, 46, 56, 0.06)',
          lg: '0 10px 15px -3px rgba(46, 46, 56, 0.1), 0 4px 6px -2px rgba(46, 46, 56, 0.05)',
          xl: '0 20px 25px -5px rgba(46, 46, 56, 0.1), 0 10px 10px -5px rgba(46, 46, 56, 0.04)',
          '2xl': '0 25px 50px -12px rgba(46, 46, 56, 0.25)',
          card: '0 2px 8px rgba(46, 46, 56, 0.08)',
          cardHover: '0 8px 16px rgba(46, 46, 56, 0.12)',
          dropdown: '0 10px 20px rgba(46, 46, 56, 0.15)',
          modal: '0 20px 40px rgba(46, 46, 56, 0.2)',
          inner: 'inset 0 2px 4px 0 rgba(46, 46, 56, 0.06)',
          focus: '0 0 0 3px rgba(255, 230, 0, 0.5)',
          focusError: '0 0 0 3px rgba(196, 35, 43, 0.5)',
          focusSuccess: '0 0 0 3px rgba(0, 163, 80, 0.5)'
        },
        breakpoints: {
          values: { xs: 0, sm: 640, md: 768, lg: 1024, xl: 1280, '2xl': 1536 },
          up: {
            xs: '@media (min-width: 0px)',
            sm: '@media (min-width: 640px)',
            md: '@media (min-width: 768px)',
            lg: '@media (min-width: 1024px)',
            xl: '@media (min-width: 1280px)',
            '2xl': '@media (min-width: 1536px)'
          },
          down: {
            xs: '@media (max-width: 639px)',
            sm: '@media (max-width: 767px)',
            md: '@media (max-width: 1023px)',
            lg: '@media (max-width: 1279px)',
            xl: '@media (max-width: 1535px)',
            '2xl': '@media (max-width: 9999px)'
          }
        },
        containers: {
          sm: '640px',
          md: '768px',
          lg: '1024px',
          xl: '1280px',
          '2xl': '1536px',
          full: '100%'
        },
        animations: {
          duration: { fast: '150ms', normal: '250ms', slow: '350ms', slower: '500ms' },
          easing: {
            linear: 'linear',
            easeIn: 'cubic-bezier(0.4, 0, 1, 1)',
            easeOut: 'cubic-bezier(0, 0, 0.2, 1)',
            easeInOut: 'cubic-bezier(0.4, 0, 0.2, 1)',
            bounce: 'cubic-bezier(0.68, -0.55, 0.265, 1.55)',
            in: 'cubic-bezier(0.4, 0, 1, 1)',
            out: 'cubic-bezier(0, 0, 0.2, 1)',
            inOut: 'cubic-bezier(0.4, 0, 0.2, 1)'
          },
          transition: {
            all: 'all 250ms cubic-bezier(0.4, 0, 0.2, 1)',
            colors: 'background-color 250ms cubic-bezier(0.4, 0, 0.2, 1), border-color 250ms cubic-bezier(0.4, 0, 0.2, 1), color 250ms cubic-bezier(0.4, 0, 0.2, 1), fill 250ms cubic-bezier(0.4, 0, 0.2, 1), stroke 250ms cubic-bezier(0.4, 0, 0.2, 1)',
            opacity: 'opacity 250ms cubic-bezier(0.4, 0, 0.2, 1)',
            shadow: 'box-shadow 250ms cubic-bezier(0.4, 0, 0.2, 1)',
            transform: 'transform 250ms cubic-bezier(0.4, 0, 0.2, 1)'
          },
          keyframes: {
            fadeIn: [Object],
            fadeOut: [Object],
            slideIn: [Object],
            slideOut: [Object],
            scaleIn: [Object],
            spin: [Object],
            pulse: [Object],
            bounce: [Object]
          },
          animate: {
            fadeIn: 'fadeIn 250ms cubic-bezier(0, 0, 0.2, 1)',
            fadeOut: 'fadeOut 250ms cubic-bezier(0.4, 0, 1, 1)',
            slideIn: 'slideIn 250ms cubic-bezier(0, 0, 0.2, 1)',
            slideOut: 'slideOut 250ms cubic-bezier(0.4, 0, 1, 1)',
            scaleIn: 'scaleIn 250ms cubic-bezier(0, 0, 0.2, 1)',
            spin: 'spin 1s linear infinite',
            pulse: 'pulse 2s cubic-bezier(0.4, 0, 0.2, 1) infinite',
            bounce: 'bounce 1s cubic-bezier(0.4, 0, 0.2, 1) infinite'
          }
        },
        components: {
          button: { height: [Object], padding: [Object], borderRadius: '4px' },
          card: {
            borderRadius: '8px',
            padding: '1.5rem',
            background: '#FFFFFF',
            border: '1px solid #E0E0E6'
          },
          input: {
            height: '40px',
            padding: '0.5rem 0.75rem',
            borderRadius: '4px',
            border: '1px solid #C0C0C6',
            focusBorder: '#FFE600'
          },
          modal: {
            overlay: 'rgba(46, 46, 56, 0.8)',
            borderRadius: '12px',
            padding: '2rem',
            maxWidth: '600px'
          }
        },
        zIndex: {
          dropdown: 1000,
          sticky: 1020,
          fixed: 1030,
          modalBackdrop: 1040,
          modal: 1050,
          popover: 1060,
          tooltip: 1070
        },
        borderRadius: {
          none: '0',
          sm: '2px',
          md: '4px',
          lg: '8px',
          xl: '12px',
          '2xl': '16px',
          '3xl': '24px',
          full: '9999px'
        }
      }

      at App (src/App.tsx:235:11)

    console.log
      Theme loaded: {
        colors: {
          gray: {
            '50': '#FAFAFA',
            '100': '#F5F5F5',
            '200': '#E0E0E6',
            '300': '#C0C0C6',
            '400': '#9E9E9E',
            '500': '#747480',
            '600': '#616161',
            '700': '#424242',
            '800': '#2E2E38',
            '900': '#212121'
          },
          primaryDark: '#E6D100',
          backgroundHover: '#F5F5F5',
          info: { light: '#E3F2FD', main: '#0B6BA7' },
          primary: {
            yellow: '#FFE600',
            black: '#2E2E38',
            white: '#FFFFFF',
            main: '#FFE600'
          },
          secondary: {
            darkGray: '#747480',
            mediumGray: '#C0C0C6',
            lightGray: '#F5F5F5',
            gray: '#C0C0C6'
          },
          accent: {
            blue: '#0B6BA7',
            green: '#00A350',
            red: '#C4232B',
            orange: '#FF7900',
            purple: '#6B46C1'
          },
          semantic: {
            success: '#00A350',
            warning: '#FF7900',
            error: '#C4232B',
            info: '#0B6BA7'
          },
          status: {
            success: '#00A350',
            warning: '#FF7900',
            error: '#C4232B',
            info: '#0B6BA7'
          },
          background: {
            primary: '#FFFFFF',
            secondary: '#F5F5F5',
            tertiary: '#FAFAFA',
            dark: '#2E2E38',
            overlay: 'rgba(46, 46, 56, 0.8)'
          },
          text: {
            primary: '#2E2E38',
            secondary: '#747480',
            tertiary: '#C0C0C6',
            inverse: '#FFFFFF',
            link: '#0B6BA7'
          },
          border: { light: '#E0E0E6', medium: '#C0C0C6', dark: '#747480' },
          shadow: {
            light: 'rgba(46, 46, 56, 0.08)',
            medium: 'rgba(46, 46, 56, 0.12)',
            dark: 'rgba(46, 46, 56, 0.24)'
          }
        },
        typography: {
          fontFamily: {
            primary: '"EYInterstate", -apple-system, BlinkMacSystemFont, "Segoe UI", Roboto, "Helvetica Neue", Arial, sans-serif',
            secondary: '"Georgia", "Times New Roman", Times, serif',
            mono: '"SF Mono", Monaco, "Cascadia Code", "Roboto Mono", Consolas, "Courier New", monospace'
          },
          fontSize: {
            xs: '0.75rem',
            sm: '0.875rem',
            base: '1rem',
            lg: '1.125rem',
            xl: '1.25rem',
            '2xl': '1.5rem',
            '3xl': '1.875rem',
            '4xl': '2.25rem',
            '5xl': '3rem',
            '6xl': '3.75rem'
          },
          fontWeight: {
            light: 300,
            normal: 400,
            medium: 500,
            semibold: 600,
            bold: 700,
            black: 900
          },
          lineHeight: { tight: 1.2, normal: 1.5, relaxed: 1.75, loose: 2 },
          letterSpacing: {
            tighter: '-0.02em',
            tight: '-0.01em',
            normal: '0',
            wide: '0.02em',
            wider: '0.04em',
            widest: '0.08em'
          },
          textStyles: {
            h1: [Object],
            h2: [Object],
            h3: [Object],
            h4: [Object],
            h5: [Object],
            h6: [Object],
            bodyLarge: [Object],
            body: [Object],
            bodySmall: [Object],
            button: [Object],
            caption: [Object],
            overline: [Object]
          }
        },
        spacing: {
          '0': '0',
          '1': '0.25rem',
          '2': '0.5rem',
          '3': '0.75rem',
          '4': '1rem',
          '5': '1.25rem',
          '6': '1.5rem',
          '7': '1.75rem',
          '8': '2rem',
          '9': '2.25rem',
          '10': '2.5rem',
          '11': '2.75rem',
          '12': '3rem',
          '14': '3.5rem',
          '16': '4rem',
          '20': '5rem',
          '24': '6rem',
          '28': '7rem',
          '32': '8rem',
          '36': '9rem',
          '40': '10rem',
          '44': '11rem',
          '48': '12rem',
          '52': '13rem',
          '56': '14rem',
          '60': '15rem',
          '64': '16rem',
          '72': '18rem',
          '80': '20rem',
          '96': '24rem',
          px: '1px',
          '0.5': '0.125rem',
          '1.5': '0.375rem',
          '2.5': '0.625rem',
          '3.5': '0.875rem'
        },
        layout: {
          containerPadding: { mobile: '1rem', tablet: '1.5rem', desktop: '2rem' },
          sectionSpacing: { small: '2rem', medium: '4rem', large: '6rem' },
          componentSpacing: {
            xs: '0.5rem',
            sm: '0.75rem',
            md: '1rem',
            lg: '1.5rem',
            xl: '2rem'
          },
          gridGap: { small: '1rem', medium: '1.5rem', large: '2rem' }
        },
        shadows: {
          none: 'none',
          sm: '0 1px 3px 0 rgba(46, 46, 56, 0.1), 0 1px 2px 0 rgba(46, 46, 56, 0.06)',
          md: '0 4px 6px -1px rgba(46, 46, 56, 0.1), 0 2px 4px -1px rgba(46, 46, 56, 0.06)',
          lg: '0 10px 15px -3px rgba(46, 46, 56, 0.1), 0 4px 6px -2px rgba(46, 46, 56, 0.05)',
          xl: '0 20px 25px -5px rgba(46, 46, 56, 0.1), 0 10px 10px -5px rgba(46, 46, 56, 0.04)',
          '2xl': '0 25px 50px -12px rgba(46, 46, 56, 0.25)',
          card: '0 2px 8px rgba(46, 46, 56, 0.08)',
          cardHover: '0 8px 16px rgba(46, 46, 56, 0.12)',
          dropdown: '0 10px 20px rgba(46, 46, 56, 0.15)',
          modal: '0 20px 40px rgba(46, 46, 56, 0.2)',
          inner: 'inset 0 2px 4px 0 rgba(46, 46, 56, 0.06)',
          focus: '0 0 0 3px rgba(255, 230, 0, 0.5)',
          focusError: '0 0 0 3px rgba(196, 35, 43, 0.5)',
          focusSuccess: '0 0 0 3px rgba(0, 163, 80, 0.5)'
        },
        breakpoints: {
          values: { xs: 0, sm: 640, md: 768, lg: 1024, xl: 1280, '2xl': 1536 },
          up: {
            xs: '@media (min-width: 0px)',
            sm: '@media (min-width: 640px)',
            md: '@media (min-width: 768px)',
            lg: '@media (min-width: 1024px)',
            xl: '@media (min-width: 1280px)',
            '2xl': '@media (min-width: 1536px)'
          },
          down: {
            xs: '@media (max-width: 639px)',
            sm: '@media (max-width: 767px)',
            md: '@media (max-width: 1023px)',
            lg: '@media (max-width: 1279px)',
            xl: '@media (max-width: 1535px)',
            '2xl': '@media (max-width: 9999px)'
          }
        },
        containers: {
          sm: '640px',
          md: '768px',
          lg: '1024px',
          xl: '1280px',
          '2xl': '1536px',
          full: '100%'
        },
        animations: {
          duration: { fast: '150ms', normal: '250ms', slow: '350ms', slower: '500ms' },
          easing: {
            linear: 'linear',
            easeIn: 'cubic-bezier(0.4, 0, 1, 1)',
            easeOut: 'cubic-bezier(0, 0, 0.2, 1)',
            easeInOut: 'cubic-bezier(0.4, 0, 0.2, 1)',
            bounce: 'cubic-bezier(0.68, -0.55, 0.265, 1.55)',
            in: 'cubic-bezier(0.4, 0, 1, 1)',
            out: 'cubic-bezier(0, 0, 0.2, 1)',
            inOut: 'cubic-bezier(0.4, 0, 0.2, 1)'
          },
          transition: {
            all: 'all 250ms cubic-bezier(0.4, 0, 0.2, 1)',
            colors: 'background-color 250ms cubic-bezier(0.4, 0, 0.2, 1), border-color 250ms cubic-bezier(0.4, 0, 0.2, 1), color 250ms cubic-bezier(0.4, 0, 0.2, 1), fill 250ms cubic-bezier(0.4, 0, 0.2, 1), stroke 250ms cubic-bezier(0.4, 0, 0.2, 1)',
            opacity: 'opacity 250ms cubic-bezier(0.4, 0, 0.2, 1)',
            shadow: 'box-shadow 250ms cubic-bezier(0.4, 0, 0.2, 1)',
            transform: 'transform 250ms cubic-bezier(0.4, 0, 0.2, 1)'
          },
          keyframes: {
            fadeIn: [Object],
            fadeOut: [Object],
            slideIn: [Object],
            slideOut: [Object],
            scaleIn: [Object],
            spin: [Object],
            pulse: [Object],
            bounce: [Object]
          },
          animate: {
            fadeIn: 'fadeIn 250ms cubic-bezier(0, 0, 0.2, 1)',
            fadeOut: 'fadeOut 250ms cubic-bezier(0.4, 0, 1, 1)',
            slideIn: 'slideIn 250ms cubic-bezier(0, 0, 0.2, 1)',
            slideOut: 'slideOut 250ms cubic-bezier(0.4, 0, 1, 1)',
            scaleIn: 'scaleIn 250ms cubic-bezier(0, 0, 0.2, 1)',
            spin: 'spin 1s linear infinite',
            pulse: 'pulse 2s cubic-bezier(0.4, 0, 0.2, 1) infinite',
            bounce: 'bounce 1s cubic-bezier(0.4, 0, 0.2, 1) infinite'
          }
        },
        components: {
          button: { height: [Object], padding: [Object], borderRadius: '4px' },
          card: {
            borderRadius: '8px',
            padding: '1.5rem',
            background: '#FFFFFF',
            border: '1px solid #E0E0E6'
          },
          input: {
            height: '40px',
            padding: '0.5rem 0.75rem',
            borderRadius: '4px',
            border: '1px solid #C0C0C6',
            focusBorder: '#FFE600'
          },
          modal: {
            overlay: 'rgba(46, 46, 56, 0.8)',
            borderRadius: '12px',
            padding: '2rem',
            maxWidth: '600px'
          }
        },
        zIndex: {
          dropdown: 1000,
          sticky: 1020,
          fixed: 1030,
          modalBackdrop: 1040,
          modal: 1050,
          popover: 1060,
          tooltip: 1070
        },
        borderRadius: {
          none: '0',
          sm: '2px',
          md: '4px',
          lg: '8px',
          xl: '12px',
          '2xl': '16px',
          '3xl': '24px',
          full: '9999px'
        }
      }

      at App (src/App.tsx:235:11)

    console.log
      Theme loaded: {
        colors: {
          gray: {
            '50': '#FAFAFA',
            '100': '#F5F5F5',
            '200': '#E0E0E6',
            '300': '#C0C0C6',
            '400': '#9E9E9E',
            '500': '#747480',
            '600': '#616161',
            '700': '#424242',
            '800': '#2E2E38',
            '900': '#212121'
          },
          primaryDark: '#E6D100',
          backgroundHover: '#F5F5F5',
          info: { light: '#E3F2FD', main: '#0B6BA7' },
          primary: {
            yellow: '#FFE600',
            black: '#2E2E38',
            white: '#FFFFFF',
            main: '#FFE600'
          },
          secondary: {
            darkGray: '#747480',
            mediumGray: '#C0C0C6',
            lightGray: '#F5F5F5',
            gray: '#C0C0C6'
          },
          accent: {
            blue: '#0B6BA7',
            green: '#00A350',
            red: '#C4232B',
            orange: '#FF7900',
            purple: '#6B46C1'
          },
          semantic: {
            success: '#00A350',
            warning: '#FF7900',
            error: '#C4232B',
            info: '#0B6BA7'
          },
          status: {
            success: '#00A350',
            warning: '#FF7900',
            error: '#C4232B',
            info: '#0B6BA7'
          },
          background: {
            primary: '#FFFFFF',
            secondary: '#F5F5F5',
            tertiary: '#FAFAFA',
            dark: '#2E2E38',
            overlay: 'rgba(46, 46, 56, 0.8)'
          },
          text: {
            primary: '#2E2E38',
            secondary: '#747480',
            tertiary: '#C0C0C6',
            inverse: '#FFFFFF',
            link: '#0B6BA7'
          },
          border: { light: '#E0E0E6', medium: '#C0C0C6', dark: '#747480' },
          shadow: {
            light: 'rgba(46, 46, 56, 0.08)',
            medium: 'rgba(46, 46, 56, 0.12)',
            dark: 'rgba(46, 46, 56, 0.24)'
          }
        },
        typography: {
          fontFamily: {
            primary: '"EYInterstate", -apple-system, BlinkMacSystemFont, "Segoe UI", Roboto, "Helvetica Neue", Arial, sans-serif',
            secondary: '"Georgia", "Times New Roman", Times, serif',
            mono: '"SF Mono", Monaco, "Cascadia Code", "Roboto Mono", Consolas, "Courier New", monospace'
          },
          fontSize: {
            xs: '0.75rem',
            sm: '0.875rem',
            base: '1rem',
            lg: '1.125rem',
            xl: '1.25rem',
            '2xl': '1.5rem',
            '3xl': '1.875rem',
            '4xl': '2.25rem',
            '5xl': '3rem',
            '6xl': '3.75rem'
          },
          fontWeight: {
            light: 300,
            normal: 400,
            medium: 500,
            semibold: 600,
            bold: 700,
            black: 900
          },
          lineHeight: { tight: 1.2, normal: 1.5, relaxed: 1.75, loose: 2 },
          letterSpacing: {
            tighter: '-0.02em',
            tight: '-0.01em',
            normal: '0',
            wide: '0.02em',
            wider: '0.04em',
            widest: '0.08em'
          },
          textStyles: {
            h1: [Object],
            h2: [Object],
            h3: [Object],
            h4: [Object],
            h5: [Object],
            h6: [Object],
            bodyLarge: [Object],
            body: [Object],
            bodySmall: [Object],
            button: [Object],
            caption: [Object],
            overline: [Object]
          }
        },
        spacing: {
          '0': '0',
          '1': '0.25rem',
          '2': '0.5rem',
          '3': '0.75rem',
          '4': '1rem',
          '5': '1.25rem',
          '6': '1.5rem',
          '7': '1.75rem',
          '8': '2rem',
          '9': '2.25rem',
          '10': '2.5rem',
          '11': '2.75rem',
          '12': '3rem',
          '14': '3.5rem',
          '16': '4rem',
          '20': '5rem',
          '24': '6rem',
          '28': '7rem',
          '32': '8rem',
          '36': '9rem',
          '40': '10rem',
          '44': '11rem',
          '48': '12rem',
          '52': '13rem',
          '56': '14rem',
          '60': '15rem',
          '64': '16rem',
          '72': '18rem',
          '80': '20rem',
          '96': '24rem',
          px: '1px',
          '0.5': '0.125rem',
          '1.5': '0.375rem',
          '2.5': '0.625rem',
          '3.5': '0.875rem'
        },
        layout: {
          containerPadding: { mobile: '1rem', tablet: '1.5rem', desktop: '2rem' },
          sectionSpacing: { small: '2rem', medium: '4rem', large: '6rem' },
          componentSpacing: {
            xs: '0.5rem',
            sm: '0.75rem',
            md: '1rem',
            lg: '1.5rem',
            xl: '2rem'
          },
          gridGap: { small: '1rem', medium: '1.5rem', large: '2rem' }
        },
        shadows: {
          none: 'none',
          sm: '0 1px 3px 0 rgba(46, 46, 56, 0.1), 0 1px 2px 0 rgba(46, 46, 56, 0.06)',
          md: '0 4px 6px -1px rgba(46, 46, 56, 0.1), 0 2px 4px -1px rgba(46, 46, 56, 0.06)',
          lg: '0 10px 15px -3px rgba(46, 46, 56, 0.1), 0 4px 6px -2px rgba(46, 46, 56, 0.05)',
          xl: '0 20px 25px -5px rgba(46, 46, 56, 0.1), 0 10px 10px -5px rgba(46, 46, 56, 0.04)',
          '2xl': '0 25px 50px -12px rgba(46, 46, 56, 0.25)',
          card: '0 2px 8px rgba(46, 46, 56, 0.08)',
          cardHover: '0 8px 16px rgba(46, 46, 56, 0.12)',
          dropdown: '0 10px 20px rgba(46, 46, 56, 0.15)',
          modal: '0 20px 40px rgba(46, 46, 56, 0.2)',
          inner: 'inset 0 2px 4px 0 rgba(46, 46, 56, 0.06)',
          focus: '0 0 0 3px rgba(255, 230, 0, 0.5)',
          focusError: '0 0 0 3px rgba(196, 35, 43, 0.5)',
          focusSuccess: '0 0 0 3px rgba(0, 163, 80, 0.5)'
        },
        breakpoints: {
          values: { xs: 0, sm: 640, md: 768, lg: 1024, xl: 1280, '2xl': 1536 },
          up: {
            xs: '@media (min-width: 0px)',
            sm: '@media (min-width: 640px)',
            md: '@media (min-width: 768px)',
            lg: '@media (min-width: 1024px)',
            xl: '@media (min-width: 1280px)',
            '2xl': '@media (min-width: 1536px)'
          },
          down: {
            xs: '@media (max-width: 639px)',
            sm: '@media (max-width: 767px)',
            md: '@media (max-width: 1023px)',
            lg: '@media (max-width: 1279px)',
            xl: '@media (max-width: 1535px)',
            '2xl': '@media (max-width: 9999px)'
          }
        },
        containers: {
          sm: '640px',
          md: '768px',
          lg: '1024px',
          xl: '1280px',
          '2xl': '1536px',
          full: '100%'
        },
        animations: {
          duration: { fast: '150ms', normal: '250ms', slow: '350ms', slower: '500ms' },
          easing: {
            linear: 'linear',
            easeIn: 'cubic-bezier(0.4, 0, 1, 1)',
            easeOut: 'cubic-bezier(0, 0, 0.2, 1)',
            easeInOut: 'cubic-bezier(0.4, 0, 0.2, 1)',
            bounce: 'cubic-bezier(0.68, -0.55, 0.265, 1.55)',
            in: 'cubic-bezier(0.4, 0, 1, 1)',
            out: 'cubic-bezier(0, 0, 0.2, 1)',
            inOut: 'cubic-bezier(0.4, 0, 0.2, 1)'
          },
          transition: {
            all: 'all 250ms cubic-bezier(0.4, 0, 0.2, 1)',
            colors: 'background-color 250ms cubic-bezier(0.4, 0, 0.2, 1), border-color 250ms cubic-bezier(0.4, 0, 0.2, 1), color 250ms cubic-bezier(0.4, 0, 0.2, 1), fill 250ms cubic-bezier(0.4, 0, 0.2, 1), stroke 250ms cubic-bezier(0.4, 0, 0.2, 1)',
            opacity: 'opacity 250ms cubic-bezier(0.4, 0, 0.2, 1)',
            shadow: 'box-shadow 250ms cubic-bezier(0.4, 0, 0.2, 1)',
            transform: 'transform 250ms cubic-bezier(0.4, 0, 0.2, 1)'
          },
          keyframes: {
            fadeIn: [Object],
            fadeOut: [Object],
            slideIn: [Object],
            slideOut: [Object],
            scaleIn: [Object],
            spin: [Object],
            pulse: [Object],
            bounce: [Object]
          },
          animate: {
            fadeIn: 'fadeIn 250ms cubic-bezier(0, 0, 0.2, 1)',
            fadeOut: 'fadeOut 250ms cubic-bezier(0.4, 0, 1, 1)',
            slideIn: 'slideIn 250ms cubic-bezier(0, 0, 0.2, 1)',
            slideOut: 'slideOut 250ms cubic-bezier(0.4, 0, 1, 1)',
            scaleIn: 'scaleIn 250ms cubic-bezier(0, 0, 0.2, 1)',
            spin: 'spin 1s linear infinite',
            pulse: 'pulse 2s cubic-bezier(0.4, 0, 0.2, 1) infinite',
            bounce: 'bounce 1s cubic-bezier(0.4, 0, 0.2, 1) infinite'
          }
        },
        components: {
          button: { height: [Object], padding: [Object], borderRadius: '4px' },
          card: {
            borderRadius: '8px',
            padding: '1.5rem',
            background: '#FFFFFF',
            border: '1px solid #E0E0E6'
          },
          input: {
            height: '40px',
            padding: '0.5rem 0.75rem',
            borderRadius: '4px',
            border: '1px solid #C0C0C6',
            focusBorder: '#FFE600'
          },
          modal: {
            overlay: 'rgba(46, 46, 56, 0.8)',
            borderRadius: '12px',
            padding: '2rem',
            maxWidth: '600px'
          }
        },
        zIndex: {
          dropdown: 1000,
          sticky: 1020,
          fixed: 1030,
          modalBackdrop: 1040,
          modal: 1050,
          popover: 1060,
          tooltip: 1070
        },
        borderRadius: {
          none: '0',
          sm: '2px',
          md: '4px',
          lg: '8px',
          xl: '12px',
          '2xl': '16px',
          '3xl': '24px',
          full: '9999px'
        }
      }

      at App (src/App.tsx:235:11)

    console.log
      Theme loaded: {
        colors: {
          gray: {
            '50': '#FAFAFA',
            '100': '#F5F5F5',
            '200': '#E0E0E6',
            '300': '#C0C0C6',
            '400': '#9E9E9E',
            '500': '#747480',
            '600': '#616161',
            '700': '#424242',
            '800': '#2E2E38',
            '900': '#212121'
          },
          primaryDark: '#E6D100',
          backgroundHover: '#F5F5F5',
          info: { light: '#E3F2FD', main: '#0B6BA7' },
          primary: {
            yellow: '#FFE600',
            black: '#2E2E38',
            white: '#FFFFFF',
            main: '#FFE600'
          },
          secondary: {
            darkGray: '#747480',
            mediumGray: '#C0C0C6',
            lightGray: '#F5F5F5',
            gray: '#C0C0C6'
          },
          accent: {
            blue: '#0B6BA7',
            green: '#00A350',
            red: '#C4232B',
            orange: '#FF7900',
            purple: '#6B46C1'
          },
          semantic: {
            success: '#00A350',
            warning: '#FF7900',
            error: '#C4232B',
            info: '#0B6BA7'
          },
          status: {
            success: '#00A350',
            warning: '#FF7900',
            error: '#C4232B',
            info: '#0B6BA7'
          },
          background: {
            primary: '#FFFFFF',
            secondary: '#F5F5F5',
            tertiary: '#FAFAFA',
            dark: '#2E2E38',
            overlay: 'rgba(46, 46, 56, 0.8)'
          },
          text: {
            primary: '#2E2E38',
            secondary: '#747480',
            tertiary: '#C0C0C6',
            inverse: '#FFFFFF',
            link: '#0B6BA7'
          },
          border: { light: '#E0E0E6', medium: '#C0C0C6', dark: '#747480' },
          shadow: {
            light: 'rgba(46, 46, 56, 0.08)',
            medium: 'rgba(46, 46, 56, 0.12)',
            dark: 'rgba(46, 46, 56, 0.24)'
          }
        },
        typography: {
          fontFamily: {
            primary: '"EYInterstate", -apple-system, BlinkMacSystemFont, "Segoe UI", Roboto, "Helvetica Neue", Arial, sans-serif',
            secondary: '"Georgia", "Times New Roman", Times, serif',
            mono: '"SF Mono", Monaco, "Cascadia Code", "Roboto Mono", Consolas, "Courier New", monospace'
          },
          fontSize: {
            xs: '0.75rem',
            sm: '0.875rem',
            base: '1rem',
            lg: '1.125rem',
            xl: '1.25rem',
            '2xl': '1.5rem',
            '3xl': '1.875rem',
            '4xl': '2.25rem',
            '5xl': '3rem',
            '6xl': '3.75rem'
          },
          fontWeight: {
            light: 300,
            normal: 400,
            medium: 500,
            semibold: 600,
            bold: 700,
            black: 900
          },
          lineHeight: { tight: 1.2, normal: 1.5, relaxed: 1.75, loose: 2 },
          letterSpacing: {
            tighter: '-0.02em',
            tight: '-0.01em',
            normal: '0',
            wide: '0.02em',
            wider: '0.04em',
            widest: '0.08em'
          },
          textStyles: {
            h1: [Object],
            h2: [Object],
            h3: [Object],
            h4: [Object],
            h5: [Object],
            h6: [Object],
            bodyLarge: [Object],
            body: [Object],
            bodySmall: [Object],
            button: [Object],
            caption: [Object],
            overline: [Object]
          }
        },
        spacing: {
          '0': '0',
          '1': '0.25rem',
          '2': '0.5rem',
          '3': '0.75rem',
          '4': '1rem',
          '5': '1.25rem',
          '6': '1.5rem',
          '7': '1.75rem',
          '8': '2rem',
          '9': '2.25rem',
          '10': '2.5rem',
          '11': '2.75rem',
          '12': '3rem',
          '14': '3.5rem',
          '16': '4rem',
          '20': '5rem',
          '24': '6rem',
          '28': '7rem',
          '32': '8rem',
          '36': '9rem',
          '40': '10rem',
          '44': '11rem',
          '48': '12rem',
          '52': '13rem',
          '56': '14rem',
          '60': '15rem',
          '64': '16rem',
          '72': '18rem',
          '80': '20rem',
          '96': '24rem',
          px: '1px',
          '0.5': '0.125rem',
          '1.5': '0.375rem',
          '2.5': '0.625rem',
          '3.5': '0.875rem'
        },
        layout: {
          containerPadding: { mobile: '1rem', tablet: '1.5rem', desktop: '2rem' },
          sectionSpacing: { small: '2rem', medium: '4rem', large: '6rem' },
          componentSpacing: {
            xs: '0.5rem',
            sm: '0.75rem',
            md: '1rem',
            lg: '1.5rem',
            xl: '2rem'
          },
          gridGap: { small: '1rem', medium: '1.5rem', large: '2rem' }
        },
        shadows: {
          none: 'none',
          sm: '0 1px 3px 0 rgba(46, 46, 56, 0.1), 0 1px 2px 0 rgba(46, 46, 56, 0.06)',
          md: '0 4px 6px -1px rgba(46, 46, 56, 0.1), 0 2px 4px -1px rgba(46, 46, 56, 0.06)',
          lg: '0 10px 15px -3px rgba(46, 46, 56, 0.1), 0 4px 6px -2px rgba(46, 46, 56, 0.05)',
          xl: '0 20px 25px -5px rgba(46, 46, 56, 0.1), 0 10px 10px -5px rgba(46, 46, 56, 0.04)',
          '2xl': '0 25px 50px -12px rgba(46, 46, 56, 0.25)',
          card: '0 2px 8px rgba(46, 46, 56, 0.08)',
          cardHover: '0 8px 16px rgba(46, 46, 56, 0.12)',
          dropdown: '0 10px 20px rgba(46, 46, 56, 0.15)',
          modal: '0 20px 40px rgba(46, 46, 56, 0.2)',
          inner: 'inset 0 2px 4px 0 rgba(46, 46, 56, 0.06)',
          focus: '0 0 0 3px rgba(255, 230, 0, 0.5)',
          focusError: '0 0 0 3px rgba(196, 35, 43, 0.5)',
          focusSuccess: '0 0 0 3px rgba(0, 163, 80, 0.5)'
        },
        breakpoints: {
          values: { xs: 0, sm: 640, md: 768, lg: 1024, xl: 1280, '2xl': 1536 },
          up: {
            xs: '@media (min-width: 0px)',
            sm: '@media (min-width: 640px)',
            md: '@media (min-width: 768px)',
            lg: '@media (min-width: 1024px)',
            xl: '@media (min-width: 1280px)',
            '2xl': '@media (min-width: 1536px)'
          },
          down: {
            xs: '@media (max-width: 639px)',
            sm: '@media (max-width: 767px)',
            md: '@media (max-width: 1023px)',
            lg: '@media (max-width: 1279px)',
            xl: '@media (max-width: 1535px)',
            '2xl': '@media (max-width: 9999px)'
          }
        },
        containers: {
          sm: '640px',
          md: '768px',
          lg: '1024px',
          xl: '1280px',
          '2xl': '1536px',
          full: '100%'
        },
        animations: {
          duration: { fast: '150ms', normal: '250ms', slow: '350ms', slower: '500ms' },
          easing: {
            linear: 'linear',
            easeIn: 'cubic-bezier(0.4, 0, 1, 1)',
            easeOut: 'cubic-bezier(0, 0, 0.2, 1)',
            easeInOut: 'cubic-bezier(0.4, 0, 0.2, 1)',
            bounce: 'cubic-bezier(0.68, -0.55, 0.265, 1.55)',
            in: 'cubic-bezier(0.4, 0, 1, 1)',
            out: 'cubic-bezier(0, 0, 0.2, 1)',
            inOut: 'cubic-bezier(0.4, 0, 0.2, 1)'
          },
          transition: {
            all: 'all 250ms cubic-bezier(0.4, 0, 0.2, 1)',
            colors: 'background-color 250ms cubic-bezier(0.4, 0, 0.2, 1), border-color 250ms cubic-bezier(0.4, 0, 0.2, 1), color 250ms cubic-bezier(0.4, 0, 0.2, 1), fill 250ms cubic-bezier(0.4, 0, 0.2, 1), stroke 250ms cubic-bezier(0.4, 0, 0.2, 1)',
            opacity: 'opacity 250ms cubic-bezier(0.4, 0, 0.2, 1)',
            shadow: 'box-shadow 250ms cubic-bezier(0.4, 0, 0.2, 1)',
            transform: 'transform 250ms cubic-bezier(0.4, 0, 0.2, 1)'
          },
          keyframes: {
            fadeIn: [Object],
            fadeOut: [Object],
            slideIn: [Object],
            slideOut: [Object],
            scaleIn: [Object],
            spin: [Object],
            pulse: [Object],
            bounce: [Object]
          },
          animate: {
            fadeIn: 'fadeIn 250ms cubic-bezier(0, 0, 0.2, 1)',
            fadeOut: 'fadeOut 250ms cubic-bezier(0.4, 0, 1, 1)',
            slideIn: 'slideIn 250ms cubic-bezier(0, 0, 0.2, 1)',
            slideOut: 'slideOut 250ms cubic-bezier(0.4, 0, 1, 1)',
            scaleIn: 'scaleIn 250ms cubic-bezier(0, 0, 0.2, 1)',
            spin: 'spin 1s linear infinite',
            pulse: 'pulse 2s cubic-bezier(0.4, 0, 0.2, 1) infinite',
            bounce: 'bounce 1s cubic-bezier(0.4, 0, 0.2, 1) infinite'
          }
        },
        components: {
          button: { height: [Object], padding: [Object], borderRadius: '4px' },
          card: {
            borderRadius: '8px',
            padding: '1.5rem',
            background: '#FFFFFF',
            border: '1px solid #E0E0E6'
          },
          input: {
            height: '40px',
            padding: '0.5rem 0.75rem',
            borderRadius: '4px',
            border: '1px solid #C0C0C6',
            focusBorder: '#FFE600'
          },
          modal: {
            overlay: 'rgba(46, 46, 56, 0.8)',
            borderRadius: '12px',
            padding: '2rem',
            maxWidth: '600px'
          }
        },
        zIndex: {
          dropdown: 1000,
          sticky: 1020,
          fixed: 1030,
          modalBackdrop: 1040,
          modal: 1050,
          popover: 1060,
          tooltip: 1070
        },
        borderRadius: {
          none: '0',
          sm: '2px',
          md: '4px',
          lg: '8px',
          xl: '12px',
          '2xl': '16px',
          '3xl': '24px',
          full: '9999px'
        }
      }

      at App (src/App.tsx:235:11)

    console.warn
      styled-components: it looks like an unknown prop "isTransitioning" is being sent through to the DOM, which will likely trigger a React console error. If you would like automatic filtering of unknown props, you can opt-into that behavior via `<StyleSheetManager shouldForwardProp={...}>` (connect an API like `@emotion/is-prop-valid`) or consider using transient props (`$` prefix for automatic filtering.)

      87 |       return;
      88 |     }
    > 89 |     originalWarn.apply(console, args);
         |                  ^
      90 |   };
      91 |
      92 |   console.error = (...args: any[]) => {

      at console.warn (src/test-utils/testSetup.tsx:89:18)
      at componentStyle (node_modules/styled-components/src/models/StyledComponent.ts:163:67)
      at I (node_modules/styled-components/src/models/StyledComponent.ts:270:26)
      at renderWithHooks (node_modules/react-dom/cjs/react-dom.development.js:15486:18)
      at updateForwardRef (node_modules/react-dom/cjs/react-dom.development.js:19245:20)
      at beginWork (node_modules/react-dom/cjs/react-dom.development.js:21675:16)
      at beginWork$1 (node_modules/react-dom/cjs/react-dom.development.js:27465:14)
      at performUnitOfWork (node_modules/react-dom/cjs/react-dom.development.js:26599:12)
      at workLoopSync (node_modules/react-dom/cjs/react-dom.development.js:26505:5)
      at renderRootSync (node_modules/react-dom/cjs/react-dom.development.js:26473:7)
      at performConcurrentWorkOnRoot (node_modules/react-dom/cjs/react-dom.development.js:25777:74)
      at flushActQueue (node_modules/react/cjs/react.development.js:2667:24)
      at act (node_modules/react/cjs/react.development.js:2582:11)
      at actWithWarning (node_modules/react-dom/cjs/react-dom-test-utils.development.js:1740:10)
      at node_modules/@testing-library/react/dist/act-compat.js:63:25
      at renderRoot (node_modules/@testing-library/react/dist/pure.js:159:26)
      at render (node_modules/@testing-library/react/dist/pure.js:246:10)
      at Object.<anonymous> (src/components/__tests__/App.test.tsx:250:11)

    console.warn
      styled-components: it looks like an unknown prop "transitionType" is being sent through to the DOM, which will likely trigger a React console error. If you would like automatic filtering of unknown props, you can opt-into that behavior via `<StyleSheetManager shouldForwardProp={...}>` (connect an API like `@emotion/is-prop-valid`) or consider using transient props (`$` prefix for automatic filtering.)

      87 |       return;
      88 |     }
    > 89 |     originalWarn.apply(console, args);
         |                  ^
      90 |   };
      91 |
      92 |   console.error = (...args: any[]) => {

      at console.warn (src/test-utils/testSetup.tsx:89:18)
      at componentStyle (node_modules/styled-components/src/models/StyledComponent.ts:163:67)
      at I (node_modules/styled-components/src/models/StyledComponent.ts:270:26)
      at renderWithHooks (node_modules/react-dom/cjs/react-dom.development.js:15486:18)
      at updateForwardRef (node_modules/react-dom/cjs/react-dom.development.js:19245:20)
      at beginWork (node_modules/react-dom/cjs/react-dom.development.js:21675:16)
      at beginWork$1 (node_modules/react-dom/cjs/react-dom.development.js:27465:14)
      at performUnitOfWork (node_modules/react-dom/cjs/react-dom.development.js:26599:12)
      at workLoopSync (node_modules/react-dom/cjs/react-dom.development.js:26505:5)
      at renderRootSync (node_modules/react-dom/cjs/react-dom.development.js:26473:7)
      at performConcurrentWorkOnRoot (node_modules/react-dom/cjs/react-dom.development.js:25777:74)
      at flushActQueue (node_modules/react/cjs/react.development.js:2667:24)
      at act (node_modules/react/cjs/react.development.js:2582:11)
      at actWithWarning (node_modules/react-dom/cjs/react-dom-test-utils.development.js:1740:10)
      at node_modules/@testing-library/react/dist/act-compat.js:63:25
      at renderRoot (node_modules/@testing-library/react/dist/pure.js:159:26)
      at render (node_modules/@testing-library/react/dist/pure.js:246:10)
      at Object.<anonymous> (src/components/__tests__/App.test.tsx:250:11)

    console.warn
      styled-components: it looks like an unknown prop "fullWidth" is being sent through to the DOM, which will likely trigger a React console error. If you would like automatic filtering of unknown props, you can opt-into that behavior via `<StyleSheetManager shouldForwardProp={...}>` (connect an API like `@emotion/is-prop-valid`) or consider using transient props (`$` prefix for automatic filtering.)

      87 |       return;
      88 |     }
    > 89 |     originalWarn.apply(console, args);
         |                  ^
      90 |   };
      91 |
      92 |   console.error = (...args: any[]) => {

      at console.warn (src/test-utils/testSetup.tsx:89:18)
      at componentStyle (node_modules/styled-components/src/models/StyledComponent.ts:163:67)
      at I (node_modules/styled-components/src/models/StyledComponent.ts:270:26)
      at renderWithHooks (node_modules/react-dom/cjs/react-dom.development.js:15486:18)
      at updateForwardRef (node_modules/react-dom/cjs/react-dom.development.js:19245:20)
      at beginWork (node_modules/react-dom/cjs/react-dom.development.js:21675:16)
      at beginWork$1 (node_modules/react-dom/cjs/react-dom.development.js:27465:14)
      at performUnitOfWork (node_modules/react-dom/cjs/react-dom.development.js:26599:12)
      at workLoopSync (node_modules/react-dom/cjs/react-dom.development.js:26505:5)
      at renderRootSync (node_modules/react-dom/cjs/react-dom.development.js:26473:7)
      at performConcurrentWorkOnRoot (node_modules/react-dom/cjs/react-dom.development.js:25777:74)
      at flushActQueue (node_modules/react/cjs/react.development.js:2667:24)
      at act (node_modules/react/cjs/react.development.js:2582:11)
      at actWithWarning (node_modules/react-dom/cjs/react-dom-test-utils.development.js:1740:10)
      at node_modules/@testing-library/react/dist/act-compat.js:63:25
      at renderRoot (node_modules/@testing-library/react/dist/pure.js:159:26)
      at render (node_modules/@testing-library/react/dist/pure.js:246:10)
      at Object.<anonymous> (src/components/__tests__/App.test.tsx:250:11)

    console.warn
      styled-components: it looks like an unknown prop "variant" is being sent through to the DOM, which will likely trigger a React console error. If you would like automatic filtering of unknown props, you can opt-into that behavior via `<StyleSheetManager shouldForwardProp={...}>` (connect an API like `@emotion/is-prop-valid`) or consider using transient props (`$` prefix for automatic filtering.)

      87 |       return;
      88 |     }
    > 89 |     originalWarn.apply(console, args);
         |                  ^
      90 |   };
      91 |
      92 |   console.error = (...args: any[]) => {

      at console.warn (src/test-utils/testSetup.tsx:89:18)
      at componentStyle (node_modules/styled-components/src/models/StyledComponent.ts:163:67)
      at I (node_modules/styled-components/src/models/StyledComponent.ts:270:26)
      at renderWithHooks (node_modules/react-dom/cjs/react-dom.development.js:15486:18)
      at updateForwardRef (node_modules/react-dom/cjs/react-dom.development.js:19245:20)
      at beginWork (node_modules/react-dom/cjs/react-dom.development.js:21675:16)
      at beginWork$1 (node_modules/react-dom/cjs/react-dom.development.js:27465:14)
      at performUnitOfWork (node_modules/react-dom/cjs/react-dom.development.js:26599:12)
      at workLoopSync (node_modules/react-dom/cjs/react-dom.development.js:26505:5)
      at renderRootSync (node_modules/react-dom/cjs/react-dom.development.js:26473:7)
      at performConcurrentWorkOnRoot (node_modules/react-dom/cjs/react-dom.development.js:25777:74)
      at flushActQueue (node_modules/react/cjs/react.development.js:2667:24)
      at act (node_modules/react/cjs/react.development.js:2582:11)
      at actWithWarning (node_modules/react-dom/cjs/react-dom-test-utils.development.js:1740:10)
      at node_modules/@testing-library/react/dist/act-compat.js:63:25
      at renderRoot (node_modules/@testing-library/react/dist/pure.js:159:26)
      at render (node_modules/@testing-library/react/dist/pure.js:246:10)
      at Object.<anonymous> (src/components/__tests__/App.test.tsx:250:11)

    console.warn
      styled-components: it looks like an unknown prop "isActive" is being sent through to the DOM, which will likely trigger a React console error. If you would like automatic filtering of unknown props, you can opt-into that behavior via `<StyleSheetManager shouldForwardProp={...}>` (connect an API like `@emotion/is-prop-valid`) or consider using transient props (`$` prefix for automatic filtering.)

      87 |       return;
      88 |     }
    > 89 |     originalWarn.apply(console, args);
         |                  ^
      90 |   };
      91 |
      92 |   console.error = (...args: any[]) => {

      at console.warn (src/test-utils/testSetup.tsx:89:18)
      at componentStyle (node_modules/styled-components/src/models/StyledComponent.ts:163:67)
      at I (node_modules/styled-components/src/models/StyledComponent.ts:270:26)
      at renderWithHooks (node_modules/react-dom/cjs/react-dom.development.js:15486:18)
      at updateForwardRef (node_modules/react-dom/cjs/react-dom.development.js:19245:20)
      at beginWork (node_modules/react-dom/cjs/react-dom.development.js:21675:16)
      at beginWork$1 (node_modules/react-dom/cjs/react-dom.development.js:27465:14)
      at performUnitOfWork (node_modules/react-dom/cjs/react-dom.development.js:26599:12)
      at workLoopSync (node_modules/react-dom/cjs/react-dom.development.js:26505:5)
      at renderRootSync (node_modules/react-dom/cjs/react-dom.development.js:26473:7)
      at performConcurrentWorkOnRoot (node_modules/react-dom/cjs/react-dom.development.js:25777:74)
      at flushActQueue (node_modules/react/cjs/react.development.js:2667:24)
      at act (node_modules/react/cjs/react.development.js:2582:11)
      at actWithWarning (node_modules/react-dom/cjs/react-dom-test-utils.development.js:1740:10)
      at node_modules/@testing-library/react/dist/act-compat.js:63:25
      at renderRoot (node_modules/@testing-library/react/dist/pure.js:159:26)
      at render (node_modules/@testing-library/react/dist/pure.js:246:10)
      at Object.<anonymous> (src/components/__tests__/App.test.tsx:250:11)

    console.warn
      styled-components: it looks like an unknown prop "isVisible" is being sent through to the DOM, which will likely trigger a React console error. If you would like automatic filtering of unknown props, you can opt-into that behavior via `<StyleSheetManager shouldForwardProp={...}>` (connect an API like `@emotion/is-prop-valid`) or consider using transient props (`$` prefix for automatic filtering.)

      87 |       return;
      88 |     }
    > 89 |     originalWarn.apply(console, args);
         |                  ^
      90 |   };
      91 |
      92 |   console.error = (...args: any[]) => {

      at console.warn (src/test-utils/testSetup.tsx:89:18)
      at componentStyle (node_modules/styled-components/src/models/StyledComponent.ts:163:67)
      at I (node_modules/styled-components/src/models/StyledComponent.ts:270:26)
      at renderWithHooks (node_modules/react-dom/cjs/react-dom.development.js:15486:18)
      at updateForwardRef (node_modules/react-dom/cjs/react-dom.development.js:19245:20)
      at beginWork (node_modules/react-dom/cjs/react-dom.development.js:21675:16)
      at beginWork$1 (node_modules/react-dom/cjs/react-dom.development.js:27465:14)
      at performUnitOfWork (node_modules/react-dom/cjs/react-dom.development.js:26599:12)
      at workLoopSync (node_modules/react-dom/cjs/react-dom.development.js:26505:5)
      at renderRootSync (node_modules/react-dom/cjs/react-dom.development.js:26473:7)
      at performConcurrentWorkOnRoot (node_modules/react-dom/cjs/react-dom.development.js:25777:74)
      at flushActQueue (node_modules/react/cjs/react.development.js:2667:24)
      at act (node_modules/react/cjs/react.development.js:2582:11)
      at actWithWarning (node_modules/react-dom/cjs/react-dom-test-utils.development.js:1740:10)
      at node_modules/@testing-library/react/dist/act-compat.js:63:25
      at renderRoot (node_modules/@testing-library/react/dist/pure.js:159:26)
      at render (node_modules/@testing-library/react/dist/pure.js:246:10)
      at Object.<anonymous> (src/components/__tests__/App.test.tsx:250:11)

  ● App › renders Header component

    TypeError: Cannot read properties of undefined (reading 'background')

      17 |   align-items: center;
      18 |   justify-content: center;
    > 19 |   background: ${props => props.theme.colors.background.primary};
         |                                             ^
      20 |   padding: ${props => props.theme.spacing[8]};
      21 | `;
      22 |

      at result (src/components/ErrorBoundary.tsx:19:45)
      at componentId (node_modules/styled-components/src/utils/flatten.ts:71:24)
      at e.NODE_ENV [as generateAndInjectStyles] (node_modules/styled-components/src/models/ComponentStyle.ts:90:43)
      at warnTooManyClasses (node_modules/styled-components/src/models/StyledComponent.ts:70:19)
      at componentStyle (node_modules/styled-components/src/models/StyledComponent.ts:172:24)
      at I (node_modules/styled-components/src/models/StyledComponent.ts:270:26)
      at renderWithHooks (node_modules/react-dom/cjs/react-dom.development.js:15486:18)
      at updateForwardRef (node_modules/react-dom/cjs/react-dom.development.js:19245:20)
      at beginWork (node_modules/react-dom/cjs/react-dom.development.js:21675:16)
      at beginWork$1 (node_modules/react-dom/cjs/react-dom.development.js:27465:14)
      at performUnitOfWork (node_modules/react-dom/cjs/react-dom.development.js:26599:12)
      at workLoopSync (node_modules/react-dom/cjs/react-dom.development.js:26505:5)
      at renderRootSync (node_modules/react-dom/cjs/react-dom.development.js:26473:7)
      at recoverFromConcurrentError (node_modules/react-dom/cjs/react-dom.development.js:25889:20)
      at performConcurrentWorkOnRoot (node_modules/react-dom/cjs/react-dom.development.js:25789:22)
      at flushActQueue (node_modules/react/cjs/react.development.js:2667:24)
      at act (node_modules/react/cjs/react.development.js:2582:11)
      at actWithWarning (node_modules/react-dom/cjs/react-dom-test-utils.development.js:1740:10)
      at node_modules/@testing-library/react/dist/act-compat.js:63:25
      at renderRoot (node_modules/@testing-library/react/dist/pure.js:159:26)
      at render (node_modules/@testing-library/react/dist/pure.js:246:10)
      at Object.<anonymous> (src/components/__tests__/App.test.tsx:160:11)

  ● App › has correct container structure

    TypeError: Cannot read properties of undefined (reading 'background')

      17 |   align-items: center;
      18 |   justify-content: center;
    > 19 |   background: ${props => props.theme.colors.background.primary};
         |                                             ^
      20 |   padding: ${props => props.theme.spacing[8]};
      21 | `;
      22 |

      at result (src/components/ErrorBoundary.tsx:19:45)
      at componentId (node_modules/styled-components/src/utils/flatten.ts:71:24)
      at e.NODE_ENV [as generateAndInjectStyles] (node_modules/styled-components/src/models/ComponentStyle.ts:90:43)
      at warnTooManyClasses (node_modules/styled-components/src/models/StyledComponent.ts:70:19)
      at componentStyle (node_modules/styled-components/src/models/StyledComponent.ts:172:24)
      at I (node_modules/styled-components/src/models/StyledComponent.ts:270:26)
      at renderWithHooks (node_modules/react-dom/cjs/react-dom.development.js:15486:18)
      at updateForwardRef (node_modules/react-dom/cjs/react-dom.development.js:19245:20)
      at beginWork (node_modules/react-dom/cjs/react-dom.development.js:21675:16)
      at beginWork$1 (node_modules/react-dom/cjs/react-dom.development.js:27465:14)
      at performUnitOfWork (node_modules/react-dom/cjs/react-dom.development.js:26599:12)
      at workLoopSync (node_modules/react-dom/cjs/react-dom.development.js:26505:5)
      at renderRootSync (node_modules/react-dom/cjs/react-dom.development.js:26473:7)
      at recoverFromConcurrentError (node_modules/react-dom/cjs/react-dom.development.js:25889:20)
      at performConcurrentWorkOnRoot (node_modules/react-dom/cjs/react-dom.development.js:25789:22)
      at flushActQueue (node_modules/react/cjs/react.development.js:2667:24)
      at act (node_modules/react/cjs/react.development.js:2582:11)
      at actWithWarning (node_modules/react-dom/cjs/react-dom-test-utils.development.js:1740:10)
      at node_modules/@testing-library/react/dist/act-compat.js:63:25
      at renderRoot (node_modules/@testing-library/react/dist/pure.js:159:26)
      at render (node_modules/@testing-library/react/dist/pure.js:246:10)
      at Object.<anonymous> (src/components/__tests__/App.test.tsx:165:11)

  ● App › renders repository list by default

    TypeError: Cannot read properties of undefined (reading 'background')

      17 |   align-items: center;
      18 |   justify-content: center;
    > 19 |   background: ${props => props.theme.colors.background.primary};
         |                                             ^
      20 |   padding: ${props => props.theme.spacing[8]};
      21 | `;
      22 |

      at result (src/components/ErrorBoundary.tsx:19:45)
      at componentId (node_modules/styled-components/src/utils/flatten.ts:71:24)
      at e.NODE_ENV [as generateAndInjectStyles] (node_modules/styled-components/src/models/ComponentStyle.ts:90:43)
      at warnTooManyClasses (node_modules/styled-components/src/models/StyledComponent.ts:70:19)
      at componentStyle (node_modules/styled-components/src/models/StyledComponent.ts:172:24)
      at I (node_modules/styled-components/src/models/StyledComponent.ts:270:26)
      at renderWithHooks (node_modules/react-dom/cjs/react-dom.development.js:15486:18)
      at updateForwardRef (node_modules/react-dom/cjs/react-dom.development.js:19245:20)
      at beginWork (node_modules/react-dom/cjs/react-dom.development.js:21675:16)
      at beginWork$1 (node_modules/react-dom/cjs/react-dom.development.js:27465:14)
      at performUnitOfWork (node_modules/react-dom/cjs/react-dom.development.js:26599:12)
      at workLoopSync (node_modules/react-dom/cjs/react-dom.development.js:26505:5)
      at renderRootSync (node_modules/react-dom/cjs/react-dom.development.js:26473:7)
      at recoverFromConcurrentError (node_modules/react-dom/cjs/react-dom.development.js:25889:20)
      at performConcurrentWorkOnRoot (node_modules/react-dom/cjs/react-dom.development.js:25789:22)
      at flushActQueue (node_modules/react/cjs/react.development.js:2667:24)
      at act (node_modules/react/cjs/react.development.js:2582:11)
      at actWithWarning (node_modules/react-dom/cjs/react-dom-test-utils.development.js:1740:10)
      at node_modules/@testing-library/react/dist/act-compat.js:63:25
      at renderRoot (node_modules/@testing-library/react/dist/pure.js:159:26)
      at render (node_modules/@testing-library/react/dist/pure.js:246:10)
      at Object.<anonymous> (src/components/__tests__/App.test.tsx:171:11)

  ● App › does not show sync status initially

    TypeError: Cannot read properties of undefined (reading 'background')

      17 |   align-items: center;
      18 |   justify-content: center;
    > 19 |   background: ${props => props.theme.colors.background.primary};
         |                                             ^
      20 |   padding: ${props => props.theme.spacing[8]};
      21 | `;
      22 |

      at result (src/components/ErrorBoundary.tsx:19:45)
      at componentId (node_modules/styled-components/src/utils/flatten.ts:71:24)
      at e.NODE_ENV [as generateAndInjectStyles] (node_modules/styled-components/src/models/ComponentStyle.ts:90:43)
      at warnTooManyClasses (node_modules/styled-components/src/models/StyledComponent.ts:70:19)
      at componentStyle (node_modules/styled-components/src/models/StyledComponent.ts:172:24)
      at I (node_modules/styled-components/src/models/StyledComponent.ts:270:26)
      at renderWithHooks (node_modules/react-dom/cjs/react-dom.development.js:15486:18)
      at updateForwardRef (node_modules/react-dom/cjs/react-dom.development.js:19245:20)
      at beginWork (node_modules/react-dom/cjs/react-dom.development.js:21675:16)
      at beginWork$1 (node_modules/react-dom/cjs/react-dom.development.js:27465:14)
      at performUnitOfWork (node_modules/react-dom/cjs/react-dom.development.js:26599:12)
      at workLoopSync (node_modules/react-dom/cjs/react-dom.development.js:26505:5)
      at renderRootSync (node_modules/react-dom/cjs/react-dom.development.js:26473:7)
      at recoverFromConcurrentError (node_modules/react-dom/cjs/react-dom.development.js:25889:20)
      at performConcurrentWorkOnRoot (node_modules/react-dom/cjs/react-dom.development.js:25789:22)
      at flushActQueue (node_modules/react/cjs/react.development.js:2667:24)
      at act (node_modules/react/cjs/react.development.js:2582:11)
      at actWithWarning (node_modules/react-dom/cjs/react-dom-test-utils.development.js:1740:10)
      at node_modules/@testing-library/react/dist/act-compat.js:63:25
      at renderRoot (node_modules/@testing-library/react/dist/pure.js:159:26)
      at render (node_modules/@testing-library/react/dist/pure.js:246:10)
      at Object.<anonymous> (src/components/__tests__/App.test.tsx:176:11)

  ● App › does not perform auto-sync on startup

    TypeError: Cannot read properties of undefined (reading 'background')

      17 |   align-items: center;
      18 |   justify-content: center;
    > 19 |   background: ${props => props.theme.colors.background.primary};
         |                                             ^
      20 |   padding: ${props => props.theme.spacing[8]};
      21 | `;
      22 |

      at result (src/components/ErrorBoundary.tsx:19:45)
      at componentId (node_modules/styled-components/src/utils/flatten.ts:71:24)
      at e.NODE_ENV [as generateAndInjectStyles] (node_modules/styled-components/src/models/ComponentStyle.ts:90:43)
      at warnTooManyClasses (node_modules/styled-components/src/models/StyledComponent.ts:70:19)
      at componentStyle (node_modules/styled-components/src/models/StyledComponent.ts:172:24)
      at I (node_modules/styled-components/src/models/StyledComponent.ts:270:26)
      at renderWithHooks (node_modules/react-dom/cjs/react-dom.development.js:15486:18)
      at updateForwardRef (node_modules/react-dom/cjs/react-dom.development.js:19245:20)
      at beginWork (node_modules/react-dom/cjs/react-dom.development.js:21675:16)
      at beginWork$1 (node_modules/react-dom/cjs/react-dom.development.js:27465:14)
      at performUnitOfWork (node_modules/react-dom/cjs/react-dom.development.js:26599:12)
      at workLoopSync (node_modules/react-dom/cjs/react-dom.development.js:26505:5)
      at renderRootSync (node_modules/react-dom/cjs/react-dom.development.js:26473:7)
      at recoverFromConcurrentError (node_modules/react-dom/cjs/react-dom.development.js:25889:20)
      at performConcurrentWorkOnRoot (node_modules/react-dom/cjs/react-dom.development.js:25789:22)
      at flushActQueue (node_modules/react/cjs/react.development.js:2667:24)
      at act (node_modules/react/cjs/react.development.js:2582:11)
      at actWithWarning (node_modules/react-dom/cjs/react-dom-test-utils.development.js:1740:10)
      at node_modules/@testing-library/react/dist/act-compat.js:63:25
      at renderRoot (node_modules/@testing-library/react/dist/pure.js:159:26)
      at render (node_modules/@testing-library/react/dist/pure.js:246:10)
      at Object.<anonymous> (src/components/__tests__/App.test.tsx:181:11)

  ● App › registers service worker in production

    TypeError: Cannot read properties of undefined (reading 'background')

      17 |   align-items: center;
      18 |   justify-content: center;
    > 19 |   background: ${props => props.theme.colors.background.primary};
         |                                             ^
      20 |   padding: ${props => props.theme.spacing[8]};
      21 | `;
      22 |

      at result (src/components/ErrorBoundary.tsx:19:45)
      at componentId (node_modules/styled-components/src/utils/flatten.ts:71:24)
      at e.NODE_ENV [as generateAndInjectStyles] (node_modules/styled-components/src/models/ComponentStyle.ts:90:43)
      at warnTooManyClasses (node_modules/styled-components/src/models/StyledComponent.ts:70:19)
      at componentStyle (node_modules/styled-components/src/models/StyledComponent.ts:172:24)
      at I (node_modules/styled-components/src/models/StyledComponent.ts:270:26)
      at renderWithHooks (node_modules/react-dom/cjs/react-dom.development.js:15486:18)
      at updateForwardRef (node_modules/react-dom/cjs/react-dom.development.js:19245:20)
      at beginWork (node_modules/react-dom/cjs/react-dom.development.js:21675:16)
      at beginWork$1 (node_modules/react-dom/cjs/react-dom.development.js:27465:14)
      at performUnitOfWork (node_modules/react-dom/cjs/react-dom.development.js:26599:12)
      at workLoopSync (node_modules/react-dom/cjs/react-dom.development.js:26505:5)
      at renderRootSync (node_modules/react-dom/cjs/react-dom.development.js:26473:7)
      at recoverFromConcurrentError (node_modules/react-dom/cjs/react-dom.development.js:25889:20)
      at performConcurrentWorkOnRoot (node_modules/react-dom/cjs/react-dom.development.js:25789:22)
      at flushActQueue (node_modules/react/cjs/react.development.js:2667:24)
      at act (node_modules/react/cjs/react.development.js:2582:11)
      at actWithWarning (node_modules/react-dom/cjs/react-dom-test-utils.development.js:1740:10)
      at node_modules/@testing-library/react/dist/act-compat.js:63:25
      at renderRoot (node_modules/@testing-library/react/dist/pure.js:159:26)
      at render (node_modules/@testing-library/react/dist/pure.js:246:10)
      at Object.<anonymous> (src/components/__tests__/App.test.tsx:200:11)

  ● App › handles service worker registration failure

    TypeError: Cannot read properties of undefined (reading 'background')

      17 |   align-items: center;
      18 |   justify-content: center;
    > 19 |   background: ${props => props.theme.colors.background.primary};
         |                                             ^
      20 |   padding: ${props => props.theme.spacing[8]};
      21 | `;
      22 |

      at result (src/components/ErrorBoundary.tsx:19:45)
      at componentId (node_modules/styled-components/src/utils/flatten.ts:71:24)
      at e.NODE_ENV [as generateAndInjectStyles] (node_modules/styled-components/src/models/ComponentStyle.ts:90:43)
      at warnTooManyClasses (node_modules/styled-components/src/models/StyledComponent.ts:70:19)
      at componentStyle (node_modules/styled-components/src/models/StyledComponent.ts:172:24)
      at I (node_modules/styled-components/src/models/StyledComponent.ts:270:26)
      at renderWithHooks (node_modules/react-dom/cjs/react-dom.development.js:15486:18)
      at updateForwardRef (node_modules/react-dom/cjs/react-dom.development.js:19245:20)
      at beginWork (node_modules/react-dom/cjs/react-dom.development.js:21675:16)
      at beginWork$1 (node_modules/react-dom/cjs/react-dom.development.js:27465:14)
      at performUnitOfWork (node_modules/react-dom/cjs/react-dom.development.js:26599:12)
      at workLoopSync (node_modules/react-dom/cjs/react-dom.development.js:26505:5)
      at renderRootSync (node_modules/react-dom/cjs/react-dom.development.js:26473:7)
      at recoverFromConcurrentError (node_modules/react-dom/cjs/react-dom.development.js:25889:20)
      at performConcurrentWorkOnRoot (node_modules/react-dom/cjs/react-dom.development.js:25789:22)
      at flushActQueue (node_modules/react/cjs/react.development.js:2667:24)
      at act (node_modules/react/cjs/react.development.js:2582:11)
      at actWithWarning (node_modules/react-dom/cjs/react-dom-test-utils.development.js:1740:10)
      at node_modules/@testing-library/react/dist/act-compat.js:63:25
      at renderRoot (node_modules/@testing-library/react/dist/pure.js:159:26)
      at render (node_modules/@testing-library/react/dist/pure.js:246:10)
      at Object.<anonymous> (src/components/__tests__/App.test.tsx:226:11)

  ● App › does not register service worker in development

    TypeError: Cannot read properties of undefined (reading 'background')

      17 |   align-items: center;
      18 |   justify-content: center;
    > 19 |   background: ${props => props.theme.colors.background.primary};
         |                                             ^
      20 |   padding: ${props => props.theme.spacing[8]};
      21 | `;
      22 |

      at result (src/components/ErrorBoundary.tsx:19:45)
      at componentId (node_modules/styled-components/src/utils/flatten.ts:71:24)
      at e.NODE_ENV [as generateAndInjectStyles] (node_modules/styled-components/src/models/ComponentStyle.ts:90:43)
      at warnTooManyClasses (node_modules/styled-components/src/models/StyledComponent.ts:70:19)
      at componentStyle (node_modules/styled-components/src/models/StyledComponent.ts:172:24)
      at I (node_modules/styled-components/src/models/StyledComponent.ts:270:26)
      at renderWithHooks (node_modules/react-dom/cjs/react-dom.development.js:15486:18)
      at updateForwardRef (node_modules/react-dom/cjs/react-dom.development.js:19245:20)
      at beginWork (node_modules/react-dom/cjs/react-dom.development.js:21675:16)
      at beginWork$1 (node_modules/react-dom/cjs/react-dom.development.js:27465:14)
      at performUnitOfWork (node_modules/react-dom/cjs/react-dom.development.js:26599:12)
      at workLoopSync (node_modules/react-dom/cjs/react-dom.development.js:26505:5)
      at renderRootSync (node_modules/react-dom/cjs/react-dom.development.js:26473:7)
      at recoverFromConcurrentError (node_modules/react-dom/cjs/react-dom.development.js:25889:20)
      at performConcurrentWorkOnRoot (node_modules/react-dom/cjs/react-dom.development.js:25789:22)
      at flushActQueue (node_modules/react/cjs/react.development.js:2667:24)
      at act (node_modules/react/cjs/react.development.js:2582:11)
      at actWithWarning (node_modules/react-dom/cjs/react-dom-test-utils.development.js:1740:10)
      at node_modules/@testing-library/react/dist/act-compat.js:63:25
      at renderRoot (node_modules/@testing-library/react/dist/pure.js:159:26)
      at render (node_modules/@testing-library/react/dist/pure.js:246:10)
      at Object.<anonymous> (src/components/__tests__/App.test.tsx:250:11)

FAIL src/__tests__/server.test.js
  ● Server.js - Complete Coverage › GET /api/repository/:repoName › returns 404 for non-existent repository

    expected 404 "Not Found", got 500 "Internal Server Error"

       95 |       const response = await request(app)
       96 |         .get('/api/repository/non-existent')
    >  97 |         .expect(404);
          |          ^
       98 |
       99 |       expect(response.body).toHaveProperty('error');
      100 |       expect(response.body.error).toBe('Repository not found');

      at Object.<anonymous> (src/__tests__/server.test.js:97:10)
      ----
      at Test._assertStatus (node_modules/supertest/lib/test.js:309:14)
      at node_modules/supertest/lib/test.js:365:13
      at Test._assertFunction (node_modules/supertest/lib/test.js:342:13)
      at Test.assert (node_modules/supertest/lib/test.js:195:23)
      at localAssert (node_modules/supertest/lib/test.js:138:14)
      at Server.<anonymous> (node_modules/supertest/lib/test.js:152:11)

  ● Server.js - Complete Coverage › GET /api/repository/:repoName › returns repository details from README

    expected 200 "OK", got 500 "Internal Server Error"

      122 |       const response = await request(app)
      123 |         .get('/api/repository/test-repo')
    > 124 |         .expect(200);
          |          ^
      125 |
      126 |       expect(response.body).toMatchObject({
      127 |         name: 'test-repo',

      at Object.<anonymous> (src/__tests__/server.test.js:124:10)
      ----
      at Test._assertStatus (node_modules/supertest/lib/test.js:309:14)
      at node_modules/supertest/lib/test.js:365:13
      at Test._assertFunction (node_modules/supertest/lib/test.js:342:13)
      at Test.assert (node_modules/supertest/lib/test.js:195:23)
      at localAssert (node_modules/supertest/lib/test.js:138:14)
      at Server.<anonymous> (node_modules/supertest/lib/test.js:152:11)

  ● Server.js - Complete Coverage › GET /api/repository/:repoName › returns repository details from package.json

    expected 200 "OK", got 500 "Internal Server Error"

      158 |       const response = await request(app)
      159 |         .get('/api/repository/test-repo')
    > 160 |         .expect(200);
          |          ^
      161 |
      162 |       expect(response.body).toMatchObject({
      163 |         name: 'test-repo',

      at Object.<anonymous> (src/__tests__/server.test.js:160:10)
      ----
      at Test._assertStatus (node_modules/supertest/lib/test.js:309:14)
      at node_modules/supertest/lib/test.js:365:13
      at Test._assertFunction (node_modules/supertest/lib/test.js:342:13)
      at Test.assert (node_modules/supertest/lib/test.js:195:23)
      at localAssert (node_modules/supertest/lib/test.js:138:14)
      at Server.<anonymous> (node_modules/supertest/lib/test.js:152:11)

  ● Server.js - Complete Coverage › GET /api/repository/:repoName › prefers package.json description over README

    expected 200 "OK", got 500 "Internal Server Error"

      186 |       const response = await request(app)
      187 |         .get('/api/repository/test-repo')
    > 188 |         .expect(200);
          |          ^
      189 |
      190 |       expect(response.body.description).toBe('Package description preferred');
      191 |     });

      at Object.<anonymous> (src/__tests__/server.test.js:188:10)
      ----
      at Test._assertStatus (node_modules/supertest/lib/test.js:309:14)
      at node_modules/supertest/lib/test.js:365:13
      at Test._assertFunction (node_modules/supertest/lib/test.js:342:13)
      at Test.assert (node_modules/supertest/lib/test.js:195:23)
      at localAssert (node_modules/supertest/lib/test.js:138:14)
      at Server.<anonymous> (node_modules/supertest/lib/test.js:152:11)

  ● Server.js - Complete Coverage › GET /api/repository/:repoName › handles missing README and package.json

    expected 200 "OK", got 500 "Internal Server Error"

      203 |       const response = await request(app)
      204 |         .get('/api/repository/test-repo')
    > 205 |         .expect(200);
          |          ^
      206 |
      207 |       expect(response.body).toMatchObject({
      208 |         name: 'test-repo',

      at Object.<anonymous> (src/__tests__/server.test.js:205:10)
      ----
      at Test._assertStatus (node_modules/supertest/lib/test.js:309:14)
      at node_modules/supertest/lib/test.js:365:13
      at Test._assertFunction (node_modules/supertest/lib/test.js:342:13)
      at Test.assert (node_modules/supertest/lib/test.js:195:23)
      at localAssert (node_modules/supertest/lib/test.js:138:14)
      at Server.<anonymous> (node_modules/supertest/lib/test.js:152:11)

  ● Server.js - Complete Coverage › GET /api/repository/:repoName › extracts description from complex README

    expected 200 "OK", got 500 "Internal Server Error"

      282 |       const response = await request(app)
      283 |         .get('/api/repository/test-repo')
    > 284 |         .expect(200);
          |          ^
      285 |
      286 |       expect(response.body.description).toBe('## Table of Contents');
      287 |     });

      at Object.<anonymous> (src/__tests__/server.test.js:284:10)
      ----
      at Test._assertStatus (node_modules/supertest/lib/test.js:309:14)
      at node_modules/supertest/lib/test.js:365:13
      at Test._assertFunction (node_modules/supertest/lib/test.js:342:13)
      at Test.assert (node_modules/supertest/lib/test.js:195:23)
      at localAssert (node_modules/supertest/lib/test.js:138:14)
      at Server.<anonymous> (node_modules/supertest/lib/test.js:152:11)

  ● Server.js - Complete Coverage › GET /api/repository/:repoName › handles README without proper description format

    expected 200 "OK", got 500 "Internal Server Error"

      307 |       const response = await request(app)
      308 |         .get('/api/repository/test-repo')
    > 309 |         .expect(200);
          |          ^
      310 |
      311 |       expect(response.body.description).toBe('Just some content without description section');
      312 |     });

      at Object.<anonymous> (src/__tests__/server.test.js:309:10)
      ----
      at Test._assertStatus (node_modules/supertest/lib/test.js:309:14)
      at node_modules/supertest/lib/test.js:365:13
      at Test._assertFunction (node_modules/supertest/lib/test.js:342:13)
      at Test.assert (node_modules/supertest/lib/test.js:195:23)
      at localAssert (node_modules/supertest/lib/test.js:138:14)
      at Server.<anonymous> (node_modules/supertest/lib/test.js:152:11)

  ● Server.js - Complete Coverage › GET /api/repository/:repoName › handles missing package.json keywords gracefully

    expected 200 "OK", got 500 "Internal Server Error"

      335 |       const response = await request(app)
      336 |         .get('/api/repository/test-repo')
    > 337 |         .expect(200);
          |          ^
      338 |
      339 |       expect(response.body.topics).toEqual([]);
      340 |     });

      at Object.<anonymous> (src/__tests__/server.test.js:337:10)
      ----
      at Test._assertStatus (node_modules/supertest/lib/test.js:309:14)
      at node_modules/supertest/lib/test.js:365:13
      at Test._assertFunction (node_modules/supertest/lib/test.js:342:13)
      at Test.assert (node_modules/supertest/lib/test.js:195:23)
      at localAssert (node_modules/supertest/lib/test.js:138:14)
      at Server.<anonymous> (node_modules/supertest/lib/test.js:152:11)

  ● Server.js - Complete Coverage › Middleware Integration › applies CORS middleware

    expected 404 "Not Found", got 500 "Internal Server Error"

      369 |       const response = await request(app)
      370 |         .get('/api/repository/test')
    > 371 |         .expect(404);
          |          ^
      372 |
      373 |       // CORS headers should be set by our mock
      374 |       expect(response.headers['access-control-allow-origin']).toBe('*');

      at Object.<anonymous> (src/__tests__/server.test.js:371:10)
      ----
      at Test._assertStatus (node_modules/supertest/lib/test.js:309:14)
      at node_modules/supertest/lib/test.js:365:13
      at Test._assertFunction (node_modules/supertest/lib/test.js:342:13)
      at Test.assert (node_modules/supertest/lib/test.js:195:23)
      at localAssert (node_modules/supertest/lib/test.js:138:14)
      at Server.<anonymous> (node_modules/supertest/lib/test.js:152:11)

FAIL src/components/__tests__/APIDocumentationHub.test.tsx
  ● APIDocumentationHub › displays API counts in overview tab

    Unable to find an element with the text: 1. This could be because the text is broken up by multiple elements. In this case, you can provide a function for your text matcher to make your matcher more flexible.

    Ignored nodes: comments, script, style
    [36m<body>[39m
      [36m<div>[39m
        [36m<div[39m
          [33mclass[39m=[32m"api-documentation-hub p-8 max-w-7xl mx-auto"[39m
        [36m>[39m
          [36m<div[39m
            [33mclass[39m=[32m"mb-8"[39m
          [36m>[39m
            [36m<a[39m
              [33mhref[39m=[32m"/repository/test-repo"[39m
            [36m>[39m
              [0m← Back to [0m
              [0mtest-repo[0m
            [36m</a>[39m
            [36m<h1[39m
              [33mclass[39m=[32m"text-3xl font-bold text-white mb-4"[39m
            [36m>[39m
              [0m📚 API Documentation Hub[0m
            [36m</h1>[39m
            [36m<p[39m
              [33mclass[39m=[32m"text-gray-300"[39m
            [36m>[39m
              [0mComprehensive API documentation and exploration for [0m
              [0mtest-repo[0m
            [36m</p>[39m
          [36m</div>[39m
          [36m<div[39m
            [33mclass[39m=[32m"flex space-x-1 mb-6 bg-gray-800 rounded-lg p-1"[39m
          [36m>[39m
            [36m<button[39m
              [33mclass[39m=[32m"flex-1 px-4 py-2 rounded-md font-medium transition-colors bg-gray-700 text-white"[39m
            [36m>[39m
              [0mOverview[0m
            [36m</button>[39m
            [36m<button[39m
              [33mclass[39m=[32m"flex-1 px-4 py-2 rounded-md font-medium transition-colors text-gray-400 hover:text-white"[39m
            [36m>[39m
              [0mAPI Explorer[0m
            [36m</button>[39m
            [36m<button[39m
              [33mclass[39m=[32m"flex-1 px-4 py-2 rounded-md font-medium transition-colors text-gray-400 hover:text-white"[39m
            [36m>[39m
              [0mPostman[0m
            [36m</button>[39m
            [36m<button[39m
              [33mclass[39m=[32m"flex-1 px-4 py-2 rounded-md font-medium transition-colors text-gray-400 hover:text-white"[39m
            [36m>[39m
              [0mGraphQL[0m
            [36m</button>[39m
          [36m</div>[39m
          [36m<div>[39m
            [36m<div[39m
              [33mclass[39m=[32m"space-y-6"[39m
            [36m>[39m
              [36m<div[39m
                [33mclass[39m=[32m"grid grid-cols-1 md:grid-cols-3 gap-4"[39m
              [36m>[39m
                [36m<div[39m
                  [33mclass[39m=[32m"bg-gray-800 rounded-lg p-6"[39m
                [36m>[39m
                  [36m<div[39m
                    [33mclass[39m=[32m"flex items-center justify-between mb-4"[39m
                  [36m>[39m
                    [36m<h3[39m
                      [33mclass[39m=[32m"text-lg font-semibold text-white"[39m
                    [36m>[39m
                      [0mREST APIs[0m
                    [36m</h3>[39m
                    [36m<span[39m
                      [33mclass[39m=[32m"text-3xl"[39m
                    [36m>[39m
                      [0m🔌[0m
                    [36m</span>[39m
                  [36m</div>[39m
                  [36m<p[39m
                    [33mclass[39m=[32m"text-3xl font-bold text-blue-400"[39m
                  [36m>[39m
                    [0m0[0m
                  [36m</p>[39m
                  [36m<p[39m
                    [33mclass[39m=[32m"text-gray-400 mt-2"[39m
                  [36m>[39m
                    [0mOpenAPI/Swagger[0m
                  [36m</p>[39m
                [36m</div>[39m
                [36m<div[39m
                  [33mclass[39m=[32m"bg-gray-800 rounded-lg p-6"[39m
                [36m>[39m
                  [36m<div[39m
                    [33mclass[39m=[32m"flex items-center justify-between mb-4"[39m
                  [36m>[39m
                    [36m<h3[39m
                      [33mclass[39m=[32m"text-lg font-semibold text-white"[39m
                    [36m>[39m
                      [0mGraphQL APIs[0m
                    [36m</h3>[39m
                    [36m<span[39m
                      [33mclass[39m=[32m"text-3xl"[39m
                    [36m>[39m
                      [0m🔍[0m
                    [36m</span>[39m
                  [36m</div>[39m
                  [36m<p[39m
                    [33mclass[39m=[32m"text-3xl font-bold text-pink-400"[39m
                  [36m>[39m
                    [0m0[0m
                  [36m</p>[39m
                  [36m<p[39m
                    [33mclass[39m=[32m"text-gray-400 mt-2"[39m
                  [36m>[39m
                    [0mSchema definitions[0m
                  [36m</p>[39m
                [36m</div>[39m
                [36m<div[39m
                  [33mclass[39m=[32m"bg-gray-800 rounded-lg p-6"[39m
                [36m>[39m
                  [36m<div[39m
                    [33mclass[39m=[32m"flex items-center justify-between mb-4"[39m
                  [36m>[39m
                    [36m<h3[39m
                      [33mclass[39m=[32m"text-lg font-semibold text-white"[39m
                    [36m>[39m
                      [0mgRPC Services[0m
                    [36m</h3>[39m
                    [36m<span[39m
                      [33mclass[39m=[32m"text-3xl"[39m
                    [36m>[39m
                      [0m⚡[0m
                    [36m</span>[39m
                  [36m</div>[39m
                  [36m<p[39m
                    [33mclass[39m=[32m"text-3xl font-bold text-green-400"[39m
                  [36m>[39m
                    [0m0[0m
                  [36m</p>[39m
                  [36m<p[39m
                    [33mclass[39m=[32m"text-gray-400 mt-2"[39m
                  [36m>[39m
                    [0mProtocol buffers[0m
                  [36m</p>[39m
                [36m</div>[39m
              [36m</div>[39m
              [36m<div[39m
                [33mclass[39m=[32m"bg-gray-800 rounded-lg p-6"[39m
              [36m>[39m
                [36m<h3[39m
                  [33mclass[39m=[32m"text-xl font-semibold text-white mb-4"[39m
                [36m>[39m
                  [0mAvailable API Specifications[0m
                [36m</h3>[39m
                [36m<div[39m
                  [33mclass[39m=[32m"space-y-3"[39m
                [36m/>[39m
                [36m<p[39m
                  [33mclass[39m=[32m"text-gray-400 text-center py-8"[39m
                [36m>[39m
                  [0mNo API specifications found in this repository[0m
                [36m</p>[39m
              [36m</div>[39m
            [36m</div>[39m
          [36m</div>[39m
          [36m<div[39m
            [33mclass[39m=[32m"mt-8 bg-blue-900/20 border border-blue-800 rounded-lg p-6"[39m
          [36m>[39m
            [36m<h3[39m
              [33mclass[39m=[32m"text-blue-400 font-semibold mb-3"[39m
            [36m>[39m
              [0mℹ️ API Documentation Features[0m
            [36m</h3>[39m
            [36m<ul[39m
              [33mclass[39m=[32m"text-blue-300 space-y-2 text-sm"[39m
            [36m>[39m
              [36m<li>[39m
                [0m• Automatic detection of REST (OpenAPI/Swagger), GraphQL, and gRPC APIs[0m
              [36m</li>[39m
              [36m<li>[39m
                [0m• Interactive API Explorer for testing endpoints[0m
              [36m</li>[39m
              [36m<li>[39m
                [0m• Postman collection viewer for API testing workflows[0m
              [36m</li>[39m
              [36m<li>[39m
                [0m• GraphiQL interface for GraphQL schema exploration[0m
              [36m</li>[39m
              [36m<li>[39m
                [0m• Support for multiple API specifications per repository[0m
              [36m</li>[39m
            [36m</ul>[39m
          [36m</div>[39m
        [36m</div>[39m
      [36m</div>[39m
    [36m</body>[39m

      111 |       ok: true,
      112 |       json: async () => mockApiDetectionResult
    > 113 |     });
          |        ^
      114 |
      115 |     render(<APIDocumentationHub />);
      116 |

      at waitForWrapper (node_modules/@testing-library/react/node_modules/@testing-library/dom/dist/wait-for.js:166:27)
      at Object.<anonymous> (src/components/__tests__/APIDocumentationHub.test.tsx:113:34)

  ● APIDocumentationHub › displays available API specifications

    Unable to find an element with the text: User API. This could be because the text is broken up by multiple elements. In this case, you can provide a function for your text matcher to make your matcher more flexible.

    Ignored nodes: comments, script, style
    [36m<body>[39m
      [36m<div>[39m
        [36m<div[39m
          [33mclass[39m=[32m"api-documentation-hub p-8 max-w-7xl mx-auto"[39m
        [36m>[39m
          [36m<div[39m
            [33mclass[39m=[32m"mb-8"[39m
          [36m>[39m
            [36m<a[39m
              [33mhref[39m=[32m"/repository/test-repo"[39m
            [36m>[39m
              [0m← Back to [0m
              [0mtest-repo[0m
            [36m</a>[39m
            [36m<h1[39m
              [33mclass[39m=[32m"text-3xl font-bold text-white mb-4"[39m
            [36m>[39m
              [0m📚 API Documentation Hub[0m
            [36m</h1>[39m
            [36m<p[39m
              [33mclass[39m=[32m"text-gray-300"[39m
            [36m>[39m
              [0mComprehensive API documentation and exploration for [0m
              [0mtest-repo[0m
            [36m</p>[39m
          [36m</div>[39m
          [36m<div[39m
            [33mclass[39m=[32m"flex space-x-1 mb-6 bg-gray-800 rounded-lg p-1"[39m
          [36m>[39m
            [36m<button[39m
              [33mclass[39m=[32m"flex-1 px-4 py-2 rounded-md font-medium transition-colors bg-gray-700 text-white"[39m
            [36m>[39m
              [0mOverview[0m
            [36m</button>[39m
            [36m<button[39m
              [33mclass[39m=[32m"flex-1 px-4 py-2 rounded-md font-medium transition-colors text-gray-400 hover:text-white"[39m
            [36m>[39m
              [0mAPI Explorer[0m
            [36m</button>[39m
            [36m<button[39m
              [33mclass[39m=[32m"flex-1 px-4 py-2 rounded-md font-medium transition-colors text-gray-400 hover:text-white"[39m
            [36m>[39m
              [0mPostman[0m
            [36m</button>[39m
            [36m<button[39m
              [33mclass[39m=[32m"flex-1 px-4 py-2 rounded-md font-medium transition-colors text-gray-400 hover:text-white"[39m
            [36m>[39m
              [0mGraphQL[0m
            [36m</button>[39m
          [36m</div>[39m
          [36m<div>[39m
            [36m<div[39m
              [33mclass[39m=[32m"space-y-6"[39m
            [36m>[39m
              [36m<div[39m
                [33mclass[39m=[32m"grid grid-cols-1 md:grid-cols-3 gap-4"[39m
              [36m>[39m
                [36m<div[39m
                  [33mclass[39m=[32m"bg-gray-800 rounded-lg p-6"[39m
                [36m>[39m
                  [36m<div[39m
                    [33mclass[39m=[32m"flex items-center justify-between mb-4"[39m
                  [36m>[39m
                    [36m<h3[39m
                      [33mclass[39m=[32m"text-lg font-semibold text-white"[39m
                    [36m>[39m
                      [0mREST APIs[0m
                    [36m</h3>[39m
                    [36m<span[39m
                      [33mclass[39m=[32m"text-3xl"[39m
                    [36m>[39m
                      [0m🔌[0m
                    [36m</span>[39m
                  [36m</div>[39m
                  [36m<p[39m
                    [33mclass[39m=[32m"text-3xl font-bold text-blue-400"[39m
                  [36m>[39m
                    [0m0[0m
                  [36m</p>[39m
                  [36m<p[39m
                    [33mclass[39m=[32m"text-gray-400 mt-2"[39m
                  [36m>[39m
                    [0mOpenAPI/Swagger[0m
                  [36m</p>[39m
                [36m</div>[39m
                [36m<div[39m
                  [33mclass[39m=[32m"bg-gray-800 rounded-lg p-6"[39m
                [36m>[39m
                  [36m<div[39m
                    [33mclass[39m=[32m"flex items-center justify-between mb-4"[39m
                  [36m>[39m
                    [36m<h3[39m
                      [33mclass[39m=[32m"text-lg font-semibold text-white"[39m
                    [36m>[39m
                      [0mGraphQL APIs[0m
                    [36m</h3>[39m
                    [36m<span[39m
                      [33mclass[39m=[32m"text-3xl"[39m
                    [36m>[39m
                      [0m🔍[0m
                    [36m</span>[39m
                  [36m</div>[39m
                  [36m<p[39m
                    [33mclass[39m=[32m"text-3xl font-bold text-pink-400"[39m
                  [36m>[39m
                    [0m0[0m
                  [36m</p>[39m
                  [36m<p[39m
                    [33mclass[39m=[32m"text-gray-400 mt-2"[39m
                  [36m>[39m
                    [0mSchema definitions[0m
                  [36m</p>[39m
                [36m</div>[39m
                [36m<div[39m
                  [33mclass[39m=[32m"bg-gray-800 rounded-lg p-6"[39m
                [36m>[39m
                  [36m<div[39m
                    [33mclass[39m=[32m"flex items-center justify-between mb-4"[39m
                  [36m>[39m
                    [36m<h3[39m
                      [33mclass[39m=[32m"text-lg font-semibold text-white"[39m
                    [36m>[39m
                      [0mgRPC Services[0m
                    [36m</h3>[39m
                    [36m<span[39m
                      [33mclass[39m=[32m"text-3xl"[39m
                    [36m>[39m
                      [0m⚡[0m
                    [36m</span>[39m
                  [36m</div>[39m
                  [36m<p[39m
                    [33mclass[39m=[32m"text-3xl font-bold text-green-400"[39m
                  [36m>[39m
                    [0m0[0m
                  [36m</p>[39m
                  [36m<p[39m
                    [33mclass[39m=[32m"text-gray-400 mt-2"[39m
                  [36m>[39m
                    [0mProtocol buffers[0m
                  [36m</p>[39m
                [36m</div>[39m
              [36m</div>[39m
              [36m<div[39m
                [33mclass[39m=[32m"bg-gray-800 rounded-lg p-6"[39m
              [36m>[39m
                [36m<h3[39m
                  [33mclass[39m=[32m"text-xl font-semibold text-white mb-4"[39m
                [36m>[39m
                  [0mAvailable API Specifications[0m
                [36m</h3>[39m
                [36m<div[39m
                  [33mclass[39m=[32m"space-y-3"[39m
                [36m/>[39m
                [36m<p[39m
                  [33mclass[39m=[32m"text-gray-400 text-center py-8"[39m
                [36m>[39m
                  [0mNo API specifications found in this repository[0m
                [36m</p>[39m
              [36m</div>[39m
            [36m</div>[39m
          [36m</div>[39m
          [36m<div[39m
            [33mclass[39m=[32m"mt-8 bg-blue-900/20 border border-blue-800 rounded-lg p-6"[39m
          [36m>[39m
            [36m<h3[39m
              [33mclass[39m=[32m"text-blue-400 font-semibold mb-3"[39m
            [36m>[39m
              [0mℹ️ API Documentation Features[0m
            [36m</h3>[39m
            [36m<ul[39m
              [33mclass[39m=[32m"text-blue-300 space-y-2 text-sm"[39m
            [36m>[39m
              [36m<li>[39m
                [0m• Automatic detection of REST (OpenAPI/Swagger), GraphQL, and gRPC APIs[0m
              [36m</li>[39m
              [36m<li>[39m
                [0m• Interactive API Explorer for testing endpoints[0m
              [36m</li>[39m
              [36m<li>[39m
                [0m• Postman collection viewer for API testing workflows[0m
              [36m</li>[39m
              [36m<li>[39m
                [0m• GraphiQL interface for GraphQL schema exploration[0m
              [36m</li>[39m
              [36m<li>[39m
                [0m• Support for multiple API specifications per repository[0m
              [36m</li>[39m
            [36m</ul>[39m
          [36m</div>[39m
        [36m</div>[39m
      [36m</div>[39m
    [36m</body>[39m

      130 |
      131 |     render(<APIDocumentationHub />);
    > 132 |
          | ^
      133 |     await waitFor(() => {
      134 |       expect(screen.getByText('Available API Specifications')).toBeInTheDocument();
      135 |     });

      at waitForWrapper (node_modules/@testing-library/react/node_modules/@testing-library/dom/dist/wait-for.js:166:27)
      at Object.<anonymous> (src/components/__tests__/APIDocumentationHub.test.tsx:132:34)

  ● APIDocumentationHub › switches between tabs

    TestingLibraryElementError: Unable to find an element with the text: This REST API specification can be explored using the integrated Swagger UI.. This could be because the text is broken up by multiple elements. In this case, you can provide a function for your text matcher to make your matcher more flexible.

    Ignored nodes: comments, script, style
    [36m<body>[39m
      [36m<div>[39m
        [36m<div[39m
          [33mclass[39m=[32m"api-documentation-hub p-8 max-w-7xl mx-auto"[39m
        [36m>[39m
          [36m<div[39m
            [33mclass[39m=[32m"mb-8"[39m
          [36m>[39m
            [36m<a[39m
              [33mhref[39m=[32m"/repository/test-repo"[39m
            [36m>[39m
              [0m← Back to [0m
              [0mtest-repo[0m
            [36m</a>[39m
            [36m<h1[39m
              [33mclass[39m=[32m"text-3xl font-bold text-white mb-4"[39m
            [36m>[39m
              [0m📚 API Documentation Hub[0m
            [36m</h1>[39m
            [36m<p[39m
              [33mclass[39m=[32m"text-gray-300"[39m
            [36m>[39m
              [0mComprehensive API documentation and exploration for [0m
              [0mtest-repo[0m
            [36m</p>[39m
          [36m</div>[39m
          [36m<div[39m
            [33mclass[39m=[32m"flex space-x-1 mb-6 bg-gray-800 rounded-lg p-1"[39m
          [36m>[39m
            [36m<button[39m
              [33mclass[39m=[32m"flex-1 px-4 py-2 rounded-md font-medium transition-colors text-gray-400 hover:text-white"[39m
            [36m>[39m
              [0mOverview[0m
            [36m</button>[39m
            [36m<button[39m
              [33mclass[39m=[32m"flex-1 px-4 py-2 rounded-md font-medium transition-colors bg-gray-700 text-white"[39m
            [36m>[39m
              [0mAPI Explorer[0m
            [36m</button>[39m
            [36m<button[39m
              [33mclass[39m=[32m"flex-1 px-4 py-2 rounded-md font-medium transition-colors text-gray-400 hover:text-white"[39m
            [36m>[39m
              [0mPostman[0m
            [36m</button>[39m
            [36m<button[39m
              [33mclass[39m=[32m"flex-1 px-4 py-2 rounded-md font-medium transition-colors text-gray-400 hover:text-white"[39m
            [36m>[39m
              [0mGraphQL[0m
            [36m</button>[39m
          [36m</div>[39m
          [36m<div>[39m
            [36m<div[39m
              [33mclass[39m=[32m"bg-gray-800 rounded-lg p-6"[39m
            [36m>[39m
              [36m<h3[39m
                [33mclass[39m=[32m"text-xl font-semibold text-white mb-4"[39m
              [36m>[39m
                [0mAPI Explorer[0m
              [36m</h3>[39m
              [36m<p[39m
                [33mclass[39m=[32m"text-gray-400 text-center py-8"[39m
              [36m>[39m
                [0mSelect an API specification to explore[0m
              [36m</p>[39m
            [36m</div>[39m
          [36m</div>[39m
          [36m<div[39m
            [33mclass[39m=[32m"mt-8 bg-blue-900/20 border border-blue-800 rounded-lg p-6"[39m
          [36m>[39m
            [36m<h3[39m
              [33mclass[39m=[32m"text-blue-400 font-semibold mb-3"[39m
            [36m>[39m
              [0mℹ️ API Documentation Features[0m
            [36m</h3>[39m
            [36m<ul[39m
              [33mclass[39m=[32m"text-blue-300 space-y-2 text-sm"[39m
            [36m>[39m
              [36m<li>[39m
                [0m• Automatic detection of REST (OpenAPI/Swagger), GraphQL, and gRPC APIs[0m
              [36m</li>[39m
              [36m<li>[39m
                [0m• Interactive API Explorer for testing endpoints[0m
              [36m</li>[39m
              [36m<li>[39m
                [0m• Postman collection viewer for API testing workflows[0m
              [36m</li>[39m
              [36m<li>[39m
                [0m• GraphiQL interface for GraphQL schema exploration[0m
              [36m</li>[39m
              [36m<li>[39m
                [0m• Support for multiple API specifications per repository[0m
              [36m</li>[39m
            [36m</ul>[39m
          [36m</div>[39m
        [36m</div>[39m
      [36m</div>[39m
    [36m</body>[39m

      153 |     (global.fetch as jest.Mock).mockResolvedValueOnce({
      154 |       ok: true,
    > 155 |       json: async () => mockApiDetectionResult
          |                              ^
      156 |     });
      157 |
      158 |     render(<APIDocumentationHub />);

      at Object.getElementError (node_modules/@testing-library/react/node_modules/@testing-library/dom/dist/config.js:37:19)
      at node_modules/@testing-library/react/node_modules/@testing-library/dom/dist/query-helpers.js:76:38
      at node_modules/@testing-library/react/node_modules/@testing-library/dom/dist/query-helpers.js:52:17
      at node_modules/@testing-library/react/node_modules/@testing-library/dom/dist/query-helpers.js:95:19
      at Object.<anonymous> (src/components/__tests__/APIDocumentationHub.test.tsx:155:30)

  ● APIDocumentationHub › selects API specification when clicked

    Unable to find an element with the text: User API. This could be because the text is broken up by multiple elements. In this case, you can provide a function for your text matcher to make your matcher more flexible.

    Ignored nodes: comments, script, style
    [36m<body>[39m
      [36m<div>[39m
        [36m<div[39m
          [33mclass[39m=[32m"api-documentation-hub p-8 max-w-7xl mx-auto"[39m
        [36m>[39m
          [36m<div[39m
            [33mclass[39m=[32m"mb-8"[39m
          [36m>[39m
            [36m<a[39m
              [33mhref[39m=[32m"/repository/test-repo"[39m
            [36m>[39m
              [0m← Back to [0m
              [0mtest-repo[0m
            [36m</a>[39m
            [36m<h1[39m
              [33mclass[39m=[32m"text-3xl font-bold text-white mb-4"[39m
            [36m>[39m
              [0m📚 API Documentation Hub[0m
            [36m</h1>[39m
            [36m<p[39m
              [33mclass[39m=[32m"text-gray-300"[39m
            [36m>[39m
              [0mComprehensive API documentation and exploration for [0m
              [0mtest-repo[0m
            [36m</p>[39m
          [36m</div>[39m
          [36m<div[39m
            [33mclass[39m=[32m"flex space-x-1 mb-6 bg-gray-800 rounded-lg p-1"[39m
          [36m>[39m
            [36m<button[39m
              [33mclass[39m=[32m"flex-1 px-4 py-2 rounded-md font-medium transition-colors bg-gray-700 text-white"[39m
            [36m>[39m
              [0mOverview[0m
            [36m</button>[39m
            [36m<button[39m
              [33mclass[39m=[32m"flex-1 px-4 py-2 rounded-md font-medium transition-colors text-gray-400 hover:text-white"[39m
            [36m>[39m
              [0mAPI Explorer[0m
            [36m</button>[39m
            [36m<button[39m
              [33mclass[39m=[32m"flex-1 px-4 py-2 rounded-md font-medium transition-colors text-gray-400 hover:text-white"[39m
            [36m>[39m
              [0mPostman[0m
            [36m</button>[39m
            [36m<button[39m
              [33mclass[39m=[32m"flex-1 px-4 py-2 rounded-md font-medium transition-colors text-gray-400 hover:text-white"[39m
            [36m>[39m
              [0mGraphQL[0m
            [36m</button>[39m
          [36m</div>[39m
          [36m<div>[39m
            [36m<div[39m
              [33mclass[39m=[32m"space-y-6"[39m
            [36m>[39m
              [36m<div[39m
                [33mclass[39m=[32m"grid grid-cols-1 md:grid-cols-3 gap-4"[39m
              [36m>[39m
                [36m<div[39m
                  [33mclass[39m=[32m"bg-gray-800 rounded-lg p-6"[39m
                [36m>[39m
                  [36m<div[39m
                    [33mclass[39m=[32m"flex items-center justify-between mb-4"[39m
                  [36m>[39m
                    [36m<h3[39m
                      [33mclass[39m=[32m"text-lg font-semibold text-white"[39m
                    [36m>[39m
                      [0mREST APIs[0m
                    [36m</h3>[39m
                    [36m<span[39m
                      [33mclass[39m=[32m"text-3xl"[39m
                    [36m>[39m
                      [0m🔌[0m
                    [36m</span>[39m
                  [36m</div>[39m
                  [36m<p[39m
                    [33mclass[39m=[32m"text-3xl font-bold text-blue-400"[39m
                  [36m>[39m
                    [0m0[0m
                  [36m</p>[39m
                  [36m<p[39m
                    [33mclass[39m=[32m"text-gray-400 mt-2"[39m
                  [36m>[39m
                    [0mOpenAPI/Swagger[0m
                  [36m</p>[39m
                [36m</div>[39m
                [36m<div[39m
                  [33mclass[39m=[32m"bg-gray-800 rounded-lg p-6"[39m
                [36m>[39m
                  [36m<div[39m
                    [33mclass[39m=[32m"flex items-center justify-between mb-4"[39m
                  [36m>[39m
                    [36m<h3[39m
                      [33mclass[39m=[32m"text-lg font-semibold text-white"[39m
                    [36m>[39m
                      [0mGraphQL APIs[0m
                    [36m</h3>[39m
                    [36m<span[39m
                      [33mclass[39m=[32m"text-3xl"[39m
                    [36m>[39m
                      [0m🔍[0m
                    [36m</span>[39m
                  [36m</div>[39m
                  [36m<p[39m
                    [33mclass[39m=[32m"text-3xl font-bold text-pink-400"[39m
                  [36m>[39m
                    [0m0[0m
                  [36m</p>[39m
                  [36m<p[39m
                    [33mclass[39m=[32m"text-gray-400 mt-2"[39m
                  [36m>[39m
                    [0mSchema definitions[0m
                  [36m</p>[39m
                [36m</div>[39m
                [36m<div[39m
                  [33mclass[39m=[32m"bg-gray-800 rounded-lg p-6"[39m
                [36m>[39m
                  [36m<div[39m
                    [33mclass[39m=[32m"flex items-center justify-between mb-4"[39m
                  [36m>[39m
                    [36m<h3[39m
                      [33mclass[39m=[32m"text-lg font-semibold text-white"[39m
                    [36m>[39m
                      [0mgRPC Services[0m
                    [36m</h3>[39m
                    [36m<span[39m
                      [33mclass[39m=[32m"text-3xl"[39m
                    [36m>[39m
                      [0m⚡[0m
                    [36m</span>[39m
                  [36m</div>[39m
                  [36m<p[39m
                    [33mclass[39m=[32m"text-3xl font-bold text-green-400"[39m
                  [36m>[39m
                    [0m0[0m
                  [36m</p>[39m
                  [36m<p[39m
                    [33mclass[39m=[32m"text-gray-400 mt-2"[39m
                  [36m>[39m
                    [0mProtocol buffers[0m
                  [36m</p>[39m
                [36m</div>[39m
              [36m</div>[39m
              [36m<div[39m
                [33mclass[39m=[32m"bg-gray-800 rounded-lg p-6"[39m
              [36m>[39m
                [36m<h3[39m
                  [33mclass[39m=[32m"text-xl font-semibold text-white mb-4"[39m
                [36m>[39m
                  [0mAvailable API Specifications[0m
                [36m</h3>[39m
                [36m<div[39m
                  [33mclass[39m=[32m"space-y-3"[39m
                [36m/>[39m
                [36m<p[39m
                  [33mclass[39m=[32m"text-gray-400 text-center py-8"[39m
                [36m>[39m
                  [0mNo API specifications found in this repository[0m
                [36m</p>[39m
              [36m</div>[39m
            [36m</div>[39m
          [36m</div>[39m
          [36m<div[39m
            [33mclass[39m=[32m"mt-8 bg-blue-900/20 border border-blue-800 rounded-lg p-6"[39m
          [36m>[39m
            [36m<h3[39m
              [33mclass[39m=[32m"text-blue-400 font-semibold mb-3"[39m
            [36m>[39m
              [0mℹ️ API Documentation Features[0m
            [36m</h3>[39m
            [36m<ul[39m
              [33mclass[39m=[32m"text-blue-300 space-y-2 text-sm"[39m
            [36m>[39m
              [36m<li>[39m
                [0m• Automatic detection of REST (OpenAPI/Swagger), GraphQL, and gRPC APIs[0m
              [36m</li>[39m
              [36m<li>[39m
                [0m• Interactive API Explorer for testing endpoints[0m
              [36m</li>[39m
              [36m<li>[39m
                [0m• Postman collection viewer for API testing workflows[0m
              [36m</li>[39m
              [36m<li>[39m
                [0m• GraphiQL interface for GraphQL schema exploration[0m
              [36m</li>[39m
              [36m<li>[39m
                [0m• Support for multiple API specifications per repository[0m
              [36m</li>[39m
            [36m</ul>[39m
          [36m</div>[39m
        [36m</div>[39m
      [36m</div>[39m
    [36m</body>[39m

      175 |
      176 |   it('renders links to API viewers', async () => {
    > 177 |     (global.fetch as jest.Mock).mockResolvedValueOnce({
          |                                  ^
      178 |       ok: true,
      179 |       json: async () => mockApiDetectionResult
      180 |     });

      at waitForWrapper (node_modules/@testing-library/react/node_modules/@testing-library/dom/dist/wait-for.js:166:27)
      at Object.<anonymous> (src/components/__tests__/APIDocumentationHub.test.tsx:177:34)

  ● APIDocumentationHub › renders links to API viewers

    TestingLibraryElementError: Unable to find an element with the text: Open in API Explorer →. This could be because the text is broken up by multiple elements. In this case, you can provide a function for your text matcher to make your matcher more flexible.

    Ignored nodes: comments, script, style
    [36m<body>[39m
      [36m<div>[39m
        [36m<div[39m
          [33mclass[39m=[32m"api-documentation-hub p-8 max-w-7xl mx-auto"[39m
        [36m>[39m
          [36m<div[39m
            [33mclass[39m=[32m"mb-8"[39m
          [36m>[39m
            [36m<a[39m
              [33mhref[39m=[32m"/repository/test-repo"[39m
            [36m>[39m
              [0m← Back to [0m
              [0mtest-repo[0m
            [36m</a>[39m
            [36m<h1[39m
              [33mclass[39m=[32m"text-3xl font-bold text-white mb-4"[39m
            [36m>[39m
              [0m📚 API Documentation Hub[0m
            [36m</h1>[39m
            [36m<p[39m
              [33mclass[39m=[32m"text-gray-300"[39m
            [36m>[39m
              [0mComprehensive API documentation and exploration for [0m
              [0mtest-repo[0m
            [36m</p>[39m
          [36m</div>[39m
          [36m<div[39m
            [33mclass[39m=[32m"flex space-x-1 mb-6 bg-gray-800 rounded-lg p-1"[39m
          [36m>[39m
            [36m<button[39m
              [33mclass[39m=[32m"flex-1 px-4 py-2 rounded-md font-medium transition-colors text-gray-400 hover:text-white"[39m
            [36m>[39m
              [0mOverview[0m
            [36m</button>[39m
            [36m<button[39m
              [33mclass[39m=[32m"flex-1 px-4 py-2 rounded-md font-medium transition-colors bg-gray-700 text-white"[39m
            [36m>[39m
              [0mAPI Explorer[0m
            [36m</button>[39m
            [36m<button[39m
              [33mclass[39m=[32m"flex-1 px-4 py-2 rounded-md font-medium transition-colors text-gray-400 hover:text-white"[39m
            [36m>[39m
              [0mPostman[0m
            [36m</button>[39m
            [36m<button[39m
              [33mclass[39m=[32m"flex-1 px-4 py-2 rounded-md font-medium transition-colors text-gray-400 hover:text-white"[39m
            [36m>[39m
              [0mGraphQL[0m
            [36m</button>[39m
          [36m</div>[39m
          [36m<div>[39m
            [36m<div[39m
              [33mclass[39m=[32m"bg-gray-800 rounded-lg p-6"[39m
            [36m>[39m
              [36m<h3[39m
                [33mclass[39m=[32m"text-xl font-semibold text-white mb-4"[39m
              [36m>[39m
                [0mAPI Explorer[0m
              [36m</h3>[39m
              [36m<p[39m
                [33mclass[39m=[32m"text-gray-400 text-center py-8"[39m
              [36m>[39m
                [0mSelect an API specification to explore[0m
              [36m</p>[39m
            [36m</div>[39m
          [36m</div>[39m
          [36m<div[39m
            [33mclass[39m=[32m"mt-8 bg-blue-900/20 border border-blue-800 rounded-lg p-6"[39m
          [36m>[39m
            [36m<h3[39m
              [33mclass[39m=[32m"text-blue-400 font-semibold mb-3"[39m
            [36m>[39m
              [0mℹ️ API Documentation Features[0m
            [36m</h3>[39m
            [36m<ul[39m
              [33mclass[39m=[32m"text-blue-300 space-y-2 text-sm"[39m
            [36m>[39m
              [36m<li>[39m
                [0m• Automatic detection of REST (OpenAPI/Swagger), GraphQL, and gRPC APIs[0m
              [36m</li>[39m
              [36m<li>[39m
                [0m• Interactive API Explorer for testing endpoints[0m
              [36m</li>[39m
              [36m<li>[39m
                [0m• Postman collection viewer for API testing workflows[0m
              [36m</li>[39m
              [36m<li>[39m
                [0m• GraphiQL interface for GraphQL schema exploration[0m
              [36m</li>[39m
              [36m<li>[39m
                [0m• Support for multiple API specifications per repository[0m
              [36m</li>[39m
            [36m</ul>[39m
          [36m</div>[39m
        [36m</div>[39m
      [36m</div>[39m
    [36m</body>[39m

      206 |       ok: true,
      207 |       json: async () => emptyResult
    > 208 |     });
          |        ^
      209 |
      210 |     render(<APIDocumentationHub />);
      211 |

      at Object.getElementError (node_modules/@testing-library/react/node_modules/@testing-library/dom/dist/config.js:37:19)
      at node_modules/@testing-library/react/node_modules/@testing-library/dom/dist/query-helpers.js:76:38
      at node_modules/@testing-library/react/node_modules/@testing-library/dom/dist/query-helpers.js:52:17
      at node_modules/@testing-library/react/node_modules/@testing-library/dom/dist/query-helpers.js:95:19
      at Object.<anonymous> (src/components/__tests__/APIDocumentationHub.test.tsx:208:43)

  ● APIDocumentationHub › displays Postman collections correctly

    TestingLibraryElementError: Unable to find an element with the text: Test Collection. This could be because the text is broken up by multiple elements. In this case, you can provide a function for your text matcher to make your matcher more flexible.

    Ignored nodes: comments, script, style
    [36m<body>[39m
      [36m<div>[39m
        [36m<div[39m
          [33mclass[39m=[32m"api-documentation-hub p-8 max-w-7xl mx-auto"[39m
        [36m>[39m
          [36m<div[39m
            [33mclass[39m=[32m"mb-8"[39m
          [36m>[39m
            [36m<a[39m
              [33mhref[39m=[32m"/repository/test-repo"[39m
            [36m>[39m
              [0m← Back to [0m
              [0mtest-repo[0m
            [36m</a>[39m
            [36m<h1[39m
              [33mclass[39m=[32m"text-3xl font-bold text-white mb-4"[39m
            [36m>[39m
              [0m📚 API Documentation Hub[0m
            [36m</h1>[39m
            [36m<p[39m
              [33mclass[39m=[32m"text-gray-300"[39m
            [36m>[39m
              [0mComprehensive API documentation and exploration for [0m
              [0mtest-repo[0m
            [36m</p>[39m
          [36m</div>[39m
          [36m<div[39m
            [33mclass[39m=[32m"flex space-x-1 mb-6 bg-gray-800 rounded-lg p-1"[39m
          [36m>[39m
            [36m<button[39m
              [33mclass[39m=[32m"flex-1 px-4 py-2 rounded-md font-medium transition-colors text-gray-400 hover:text-white"[39m
            [36m>[39m
              [0mOverview[0m
            [36m</button>[39m
            [36m<button[39m
              [33mclass[39m=[32m"flex-1 px-4 py-2 rounded-md font-medium transition-colors text-gray-400 hover:text-white"[39m
            [36m>[39m
              [0mAPI Explorer[0m
            [36m</button>[39m
            [36m<button[39m
              [33mclass[39m=[32m"flex-1 px-4 py-2 rounded-md font-medium transition-colors bg-gray-700 text-white"[39m
            [36m>[39m
              [0mPostman[0m
            [36m</button>[39m
            [36m<button[39m
              [33mclass[39m=[32m"flex-1 px-4 py-2 rounded-md font-medium transition-colors text-gray-400 hover:text-white"[39m
            [36m>[39m
              [0mGraphQL[0m
            [36m</button>[39m
          [36m</div>[39m
          [36m<div>[39m
            [36m<div[39m
              [33mclass[39m=[32m"bg-gray-800 rounded-lg p-6"[39m
            [36m>[39m
              [36m<h3[39m
                [33mclass[39m=[32m"text-xl font-semibold text-white mb-4"[39m
              [36m>[39m
                [0mPostman Collections[0m
              [36m</h3>[39m
              [36m<div[39m
                [33mclass[39m=[32m"space-y-4"[39m
              [36m>[39m
                [36m<p[39m
                  [33mclass[39m=[32m"text-gray-400 text-center py-8"[39m
                [36m>[39m
                  [0mNo Postman collections found in this repository[0m
                [36m</p>[39m
              [36m</div>[39m
            [36m</div>[39m
          [36m</div>[39m
          [36m<div[39m
            [33mclass[39m=[32m"mt-8 bg-blue-900/20 border border-blue-800 rounded-lg p-6"[39m
          [36m>[39m
            [36m<h3[39m
              [33mclass[39m=[32m"text-blue-400 font-semibold mb-3"[39m
            [36m>[39m
              [0mℹ️ API Documentation Features[0m
            [36m</h3>[39m
            [36m<ul[39m
              [33mclass[39m=[32m"text-blue-300 space-y-2 text-sm"[39m
            [36m>[39m
              [36m<li>[39m
                [0m• Automatic detection of REST (OpenAPI/Swagger), GraphQL, and gRPC APIs[0m
              [36m</li>[39m
              [36m<li>[39m
                [0m• Interactive API Explorer for testing endpoints[0m
              [36m</li>[39m
              [36m<li>[39m
                [0m• Postman collection viewer for API testing workflows[0m
              [36m</li>[39m
              [36m<li>[39m
                [0m• GraphiQL interface for GraphQL schema exploration[0m
              [36m</li>[39m
              [36m<li>[39m
                [0m• Support for multiple API specifications per repository[0m
              [36m</li>[39m
            [36m</ul>[39m
          [36m</div>[39m
        [36m</div>[39m
      [36m</div>[39m
    [36m</body>[39m

      244 |     await waitFor(() => {
      245 |       fireEvent.click(screen.getByText('GraphQL'));
    > 246 |     });
          |        ^
      247 |
      248 |     expect(screen.getByText('GraphQL Schema')).toBeInTheDocument();
      249 |     expect(screen.getByText('schema.graphql')).toBeInTheDocument();

      at Object.getElementError (node_modules/@testing-library/react/node_modules/@testing-library/dom/dist/config.js:37:19)
      at node_modules/@testing-library/react/node_modules/@testing-library/dom/dist/query-helpers.js:76:38
      at node_modules/@testing-library/react/node_modules/@testing-library/dom/dist/query-helpers.js:52:17
      at node_modules/@testing-library/react/node_modules/@testing-library/dom/dist/query-helpers.js:95:19
      at Object.<anonymous> (src/components/__tests__/APIDocumentationHub.test.tsx:246:30)

  ● APIDocumentationHub › displays GraphQL schemas with links

    TestingLibraryElementError: Unable to find an element with the text: GraphQL Schema. This could be because the text is broken up by multiple elements. In this case, you can provide a function for your text matcher to make your matcher more flexible.

    Ignored nodes: comments, script, style
    [36m<body>[39m
      [36m<div>[39m
        [36m<div[39m
          [33mclass[39m=[32m"api-documentation-hub p-8 max-w-7xl mx-auto"[39m
        [36m>[39m
          [36m<div[39m
            [33mclass[39m=[32m"mb-8"[39m
          [36m>[39m
            [36m<a[39m
              [33mhref[39m=[32m"/repository/test-repo"[39m
            [36m>[39m
              [0m← Back to [0m
              [0mtest-repo[0m
            [36m</a>[39m
            [36m<h1[39m
              [33mclass[39m=[32m"text-3xl font-bold text-white mb-4"[39m
            [36m>[39m
              [0m📚 API Documentation Hub[0m
            [36m</h1>[39m
            [36m<p[39m
              [33mclass[39m=[32m"text-gray-300"[39m
            [36m>[39m
              [0mComprehensive API documentation and exploration for [0m
              [0mtest-repo[0m
            [36m</p>[39m
          [36m</div>[39m
          [36m<div[39m
            [33mclass[39m=[32m"flex space-x-1 mb-6 bg-gray-800 rounded-lg p-1"[39m
          [36m>[39m
            [36m<button[39m
              [33mclass[39m=[32m"flex-1 px-4 py-2 rounded-md font-medium transition-colors text-gray-400 hover:text-white"[39m
            [36m>[39m
              [0mOverview[0m
            [36m</button>[39m
            [36m<button[39m
              [33mclass[39m=[32m"flex-1 px-4 py-2 rounded-md font-medium transition-colors text-gray-400 hover:text-white"[39m
            [36m>[39m
              [0mAPI Explorer[0m
            [36m</button>[39m
            [36m<button[39m
              [33mclass[39m=[32m"flex-1 px-4 py-2 rounded-md font-medium transition-colors text-gray-400 hover:text-white"[39m
            [36m>[39m
              [0mPostman[0m
            [36m</button>[39m
            [36m<button[39m
              [33mclass[39m=[32m"flex-1 px-4 py-2 rounded-md font-medium transition-colors bg-gray-700 text-white"[39m
            [36m>[39m
              [0mGraphQL[0m
            [36m</button>[39m
          [36m</div>[39m
          [36m<div>[39m
            [36m<div[39m
              [33mclass[39m=[32m"bg-gray-800 rounded-lg p-6"[39m
            [36m>[39m
              [36m<h3[39m
                [33mclass[39m=[32m"text-xl font-semibold text-white mb-4"[39m
              [36m>[39m
                [0mGraphQL APIs[0m
              [36m</h3>[39m
              [36m<div[39m
                [33mclass[39m=[32m"space-y-4"[39m
              [36m>[39m
                [36m<p[39m
                  [33mclass[39m=[32m"text-gray-400 text-center py-8"[39m
                [36m>[39m
                  [0mNo GraphQL schemas found in this repository[0m
                [36m</p>[39m
              [36m</div>[39m
            [36m</div>[39m
          [36m</div>[39m
          [36m<div[39m
            [33mclass[39m=[32m"mt-8 bg-blue-900/20 border border-blue-800 rounded-lg p-6"[39m
          [36m>[39m
            [36m<h3[39m
              [33mclass[39m=[32m"text-blue-400 font-semibold mb-3"[39m
            [36m>[39m
              [0mℹ️ API Documentation Features[0m
            [36m</h3>[39m
            [36m<ul[39m
              [33mclass[39m=[32m"text-blue-300 space-y-2 text-sm"[39m
            [36m>[39m
              [36m<li>[39m
                [0m• Automatic detection of REST (OpenAPI/Swagger), GraphQL, and gRPC APIs[0m
              [36m</li>[39m
              [36m<li>[39m
                [0m• Interactive API Explorer for testing endpoints[0m
              [36m</li>[39m
              [36m<li>[39m
                [0m• Postman collection viewer for API testing workflows[0m
              [36m</li>[39m
              [36m<li>[39m
                [0m• GraphiQL interface for GraphQL schema exploration[0m
              [36m</li>[39m
              [36m<li>[39m
                [0m• Support for multiple API specifications per repository[0m
              [36m</li>[39m
            [36m</ul>[39m
          [36m</div>[39m
        [36m</div>[39m
      [36m</div>[39m
    [36m</body>[39m

      262 |
      263 |     await waitFor(() => {
    > 264 |       // Check for API type icons
          |                              ^
      265 |       expect(screen.getByText('🔌')).toBeInTheDocument(); // REST
      266 |       expect(screen.getByText('🔍')).toBeInTheDocument(); // GraphQL
      267 |       expect(screen.getByText('⚡')).toBeInTheDocument(); // gRPC

      at Object.getElementError (node_modules/@testing-library/react/node_modules/@testing-library/dom/dist/config.js:37:19)
      at node_modules/@testing-library/react/node_modules/@testing-library/dom/dist/query-helpers.js:76:38
      at node_modules/@testing-library/react/node_modules/@testing-library/dom/dist/query-helpers.js:52:17
      at node_modules/@testing-library/react/node_modules/@testing-library/dom/dist/query-helpers.js:95:19
      at Object.<anonymous> (src/components/__tests__/APIDocumentationHub.test.tsx:264:30)

FAIL src/__tests__/App.test.tsx
  ● Console

    console.log
      Theme loaded: {
        colors: {
          gray: {
            '50': '#FAFAFA',
            '100': '#F5F5F5',
            '200': '#E0E0E6',
            '300': '#C0C0C6',
            '400': '#9E9E9E',
            '500': '#747480',
            '600': '#616161',
            '700': '#424242',
            '800': '#2E2E38',
            '900': '#212121'
          },
          primaryDark: '#E6D100',
          backgroundHover: '#F5F5F5',
          info: { light: '#E3F2FD', main: '#0B6BA7' },
          primary: {
            yellow: '#FFE600',
            black: '#2E2E38',
            white: '#FFFFFF',
            main: '#FFE600'
          },
          secondary: {
            darkGray: '#747480',
            mediumGray: '#C0C0C6',
            lightGray: '#F5F5F5',
            gray: '#C0C0C6'
          },
          accent: {
            blue: '#0B6BA7',
            green: '#00A350',
            red: '#C4232B',
            orange: '#FF7900',
            purple: '#6B46C1'
          },
          semantic: {
            success: '#00A350',
            warning: '#FF7900',
            error: '#C4232B',
            info: '#0B6BA7'
          },
          status: {
            success: '#00A350',
            warning: '#FF7900',
            error: '#C4232B',
            info: '#0B6BA7'
          },
          background: {
            primary: '#FFFFFF',
            secondary: '#F5F5F5',
            tertiary: '#FAFAFA',
            dark: '#2E2E38',
            overlay: 'rgba(46, 46, 56, 0.8)'
          },
          text: {
            primary: '#2E2E38',
            secondary: '#747480',
            tertiary: '#C0C0C6',
            inverse: '#FFFFFF',
            link: '#0B6BA7'
          },
          border: { light: '#E0E0E6', medium: '#C0C0C6', dark: '#747480' },
          shadow: {
            light: 'rgba(46, 46, 56, 0.08)',
            medium: 'rgba(46, 46, 56, 0.12)',
            dark: 'rgba(46, 46, 56, 0.24)'
          }
        },
        typography: {
          fontFamily: {
            primary: '"EYInterstate", -apple-system, BlinkMacSystemFont, "Segoe UI", Roboto, "Helvetica Neue", Arial, sans-serif',
            secondary: '"Georgia", "Times New Roman", Times, serif',
            mono: '"SF Mono", Monaco, "Cascadia Code", "Roboto Mono", Consolas, "Courier New", monospace'
          },
          fontSize: {
            xs: '0.75rem',
            sm: '0.875rem',
            base: '1rem',
            lg: '1.125rem',
            xl: '1.25rem',
            '2xl': '1.5rem',
            '3xl': '1.875rem',
            '4xl': '2.25rem',
            '5xl': '3rem',
            '6xl': '3.75rem'
          },
          fontWeight: {
            light: 300,
            normal: 400,
            medium: 500,
            semibold: 600,
            bold: 700,
            black: 900
          },
          lineHeight: { tight: 1.2, normal: 1.5, relaxed: 1.75, loose: 2 },
          letterSpacing: {
            tighter: '-0.02em',
            tight: '-0.01em',
            normal: '0',
            wide: '0.02em',
            wider: '0.04em',
            widest: '0.08em'
          },
          textStyles: {
            h1: [Object],
            h2: [Object],
            h3: [Object],
            h4: [Object],
            h5: [Object],
            h6: [Object],
            bodyLarge: [Object],
            body: [Object],
            bodySmall: [Object],
            button: [Object],
            caption: [Object],
            overline: [Object]
          }
        },
        spacing: {
          '0': '0',
          '1': '0.25rem',
          '2': '0.5rem',
          '3': '0.75rem',
          '4': '1rem',
          '5': '1.25rem',
          '6': '1.5rem',
          '7': '1.75rem',
          '8': '2rem',
          '9': '2.25rem',
          '10': '2.5rem',
          '11': '2.75rem',
          '12': '3rem',
          '14': '3.5rem',
          '16': '4rem',
          '20': '5rem',
          '24': '6rem',
          '28': '7rem',
          '32': '8rem',
          '36': '9rem',
          '40': '10rem',
          '44': '11rem',
          '48': '12rem',
          '52': '13rem',
          '56': '14rem',
          '60': '15rem',
          '64': '16rem',
          '72': '18rem',
          '80': '20rem',
          '96': '24rem',
          px: '1px',
          '0.5': '0.125rem',
          '1.5': '0.375rem',
          '2.5': '0.625rem',
          '3.5': '0.875rem'
        },
        layout: {
          containerPadding: { mobile: '1rem', tablet: '1.5rem', desktop: '2rem' },
          sectionSpacing: { small: '2rem', medium: '4rem', large: '6rem' },
          componentSpacing: {
            xs: '0.5rem',
            sm: '0.75rem',
            md: '1rem',
            lg: '1.5rem',
            xl: '2rem'
          },
          gridGap: { small: '1rem', medium: '1.5rem', large: '2rem' }
        },
        shadows: {
          none: 'none',
          sm: '0 1px 3px 0 rgba(46, 46, 56, 0.1), 0 1px 2px 0 rgba(46, 46, 56, 0.06)',
          md: '0 4px 6px -1px rgba(46, 46, 56, 0.1), 0 2px 4px -1px rgba(46, 46, 56, 0.06)',
          lg: '0 10px 15px -3px rgba(46, 46, 56, 0.1), 0 4px 6px -2px rgba(46, 46, 56, 0.05)',
          xl: '0 20px 25px -5px rgba(46, 46, 56, 0.1), 0 10px 10px -5px rgba(46, 46, 56, 0.04)',
          '2xl': '0 25px 50px -12px rgba(46, 46, 56, 0.25)',
          card: '0 2px 8px rgba(46, 46, 56, 0.08)',
          cardHover: '0 8px 16px rgba(46, 46, 56, 0.12)',
          dropdown: '0 10px 20px rgba(46, 46, 56, 0.15)',
          modal: '0 20px 40px rgba(46, 46, 56, 0.2)',
          inner: 'inset 0 2px 4px 0 rgba(46, 46, 56, 0.06)',
          focus: '0 0 0 3px rgba(255, 230, 0, 0.5)',
          focusError: '0 0 0 3px rgba(196, 35, 43, 0.5)',
          focusSuccess: '0 0 0 3px rgba(0, 163, 80, 0.5)'
        },
        breakpoints: {
          values: { xs: 0, sm: 640, md: 768, lg: 1024, xl: 1280, '2xl': 1536 },
          up: {
            xs: '@media (min-width: 0px)',
            sm: '@media (min-width: 640px)',
            md: '@media (min-width: 768px)',
            lg: '@media (min-width: 1024px)',
            xl: '@media (min-width: 1280px)',
            '2xl': '@media (min-width: 1536px)'
          },
          down: {
            xs: '@media (max-width: 639px)',
            sm: '@media (max-width: 767px)',
            md: '@media (max-width: 1023px)',
            lg: '@media (max-width: 1279px)',
            xl: '@media (max-width: 1535px)',
            '2xl': '@media (max-width: 9999px)'
          }
        },
        containers: {
          sm: '640px',
          md: '768px',
          lg: '1024px',
          xl: '1280px',
          '2xl': '1536px',
          full: '100%'
        },
        animations: {
          duration: { fast: '150ms', normal: '250ms', slow: '350ms', slower: '500ms' },
          easing: {
            linear: 'linear',
            easeIn: 'cubic-bezier(0.4, 0, 1, 1)',
            easeOut: 'cubic-bezier(0, 0, 0.2, 1)',
            easeInOut: 'cubic-bezier(0.4, 0, 0.2, 1)',
            bounce: 'cubic-bezier(0.68, -0.55, 0.265, 1.55)',
            in: 'cubic-bezier(0.4, 0, 1, 1)',
            out: 'cubic-bezier(0, 0, 0.2, 1)',
            inOut: 'cubic-bezier(0.4, 0, 0.2, 1)'
          },
          transition: {
            all: 'all 250ms cubic-bezier(0.4, 0, 0.2, 1)',
            colors: 'background-color 250ms cubic-bezier(0.4, 0, 0.2, 1), border-color 250ms cubic-bezier(0.4, 0, 0.2, 1), color 250ms cubic-bezier(0.4, 0, 0.2, 1), fill 250ms cubic-bezier(0.4, 0, 0.2, 1), stroke 250ms cubic-bezier(0.4, 0, 0.2, 1)',
            opacity: 'opacity 250ms cubic-bezier(0.4, 0, 0.2, 1)',
            shadow: 'box-shadow 250ms cubic-bezier(0.4, 0, 0.2, 1)',
            transform: 'transform 250ms cubic-bezier(0.4, 0, 0.2, 1)'
          },
          keyframes: {
            fadeIn: [Object],
            fadeOut: [Object],
            slideIn: [Object],
            slideOut: [Object],
            scaleIn: [Object],
            spin: [Object],
            pulse: [Object],
            bounce: [Object]
          },
          animate: {
            fadeIn: 'fadeIn 250ms cubic-bezier(0, 0, 0.2, 1)',
            fadeOut: 'fadeOut 250ms cubic-bezier(0.4, 0, 1, 1)',
            slideIn: 'slideIn 250ms cubic-bezier(0, 0, 0.2, 1)',
            slideOut: 'slideOut 250ms cubic-bezier(0.4, 0, 1, 1)',
            scaleIn: 'scaleIn 250ms cubic-bezier(0, 0, 0.2, 1)',
            spin: 'spin 1s linear infinite',
            pulse: 'pulse 2s cubic-bezier(0.4, 0, 0.2, 1) infinite',
            bounce: 'bounce 1s cubic-bezier(0.4, 0, 0.2, 1) infinite'
          }
        },
        components: {
          button: { height: [Object], padding: [Object], borderRadius: '4px' },
          card: {
            borderRadius: '8px',
            padding: '1.5rem',
            background: '#FFFFFF',
            border: '1px solid #E0E0E6'
          },
          input: {
            height: '40px',
            padding: '0.5rem 0.75rem',
            borderRadius: '4px',
            border: '1px solid #C0C0C6',
            focusBorder: '#FFE600'
          },
          modal: {
            overlay: 'rgba(46, 46, 56, 0.8)',
            borderRadius: '12px',
            padding: '2rem',
            maxWidth: '600px'
          }
        },
        zIndex: {
          dropdown: 1000,
          sticky: 1020,
          fixed: 1030,
          modalBackdrop: 1040,
          modal: 1050,
          popover: 1060,
          tooltip: 1070
        },
        borderRadius: {
          none: '0',
          sm: '2px',
          md: '4px',
          lg: '8px',
          xl: '12px',
          '2xl': '16px',
          '3xl': '24px',
          full: '9999px'
        }
      }

      at App (src/App.tsx:235:11)

    console.log
      Theme loaded: {
        colors: {
          gray: {
            '50': '#FAFAFA',
            '100': '#F5F5F5',
            '200': '#E0E0E6',
            '300': '#C0C0C6',
            '400': '#9E9E9E',
            '500': '#747480',
            '600': '#616161',
            '700': '#424242',
            '800': '#2E2E38',
            '900': '#212121'
          },
          primaryDark: '#E6D100',
          backgroundHover: '#F5F5F5',
          info: { light: '#E3F2FD', main: '#0B6BA7' },
          primary: {
            yellow: '#FFE600',
            black: '#2E2E38',
            white: '#FFFFFF',
            main: '#FFE600'
          },
          secondary: {
            darkGray: '#747480',
            mediumGray: '#C0C0C6',
            lightGray: '#F5F5F5',
            gray: '#C0C0C6'
          },
          accent: {
            blue: '#0B6BA7',
            green: '#00A350',
            red: '#C4232B',
            orange: '#FF7900',
            purple: '#6B46C1'
          },
          semantic: {
            success: '#00A350',
            warning: '#FF7900',
            error: '#C4232B',
            info: '#0B6BA7'
          },
          status: {
            success: '#00A350',
            warning: '#FF7900',
            error: '#C4232B',
            info: '#0B6BA7'
          },
          background: {
            primary: '#FFFFFF',
            secondary: '#F5F5F5',
            tertiary: '#FAFAFA',
            dark: '#2E2E38',
            overlay: 'rgba(46, 46, 56, 0.8)'
          },
          text: {
            primary: '#2E2E38',
            secondary: '#747480',
            tertiary: '#C0C0C6',
            inverse: '#FFFFFF',
            link: '#0B6BA7'
          },
          border: { light: '#E0E0E6', medium: '#C0C0C6', dark: '#747480' },
          shadow: {
            light: 'rgba(46, 46, 56, 0.08)',
            medium: 'rgba(46, 46, 56, 0.12)',
            dark: 'rgba(46, 46, 56, 0.24)'
          }
        },
        typography: {
          fontFamily: {
            primary: '"EYInterstate", -apple-system, BlinkMacSystemFont, "Segoe UI", Roboto, "Helvetica Neue", Arial, sans-serif',
            secondary: '"Georgia", "Times New Roman", Times, serif',
            mono: '"SF Mono", Monaco, "Cascadia Code", "Roboto Mono", Consolas, "Courier New", monospace'
          },
          fontSize: {
            xs: '0.75rem',
            sm: '0.875rem',
            base: '1rem',
            lg: '1.125rem',
            xl: '1.25rem',
            '2xl': '1.5rem',
            '3xl': '1.875rem',
            '4xl': '2.25rem',
            '5xl': '3rem',
            '6xl': '3.75rem'
          },
          fontWeight: {
            light: 300,
            normal: 400,
            medium: 500,
            semibold: 600,
            bold: 700,
            black: 900
          },
          lineHeight: { tight: 1.2, normal: 1.5, relaxed: 1.75, loose: 2 },
          letterSpacing: {
            tighter: '-0.02em',
            tight: '-0.01em',
            normal: '0',
            wide: '0.02em',
            wider: '0.04em',
            widest: '0.08em'
          },
          textStyles: {
            h1: [Object],
            h2: [Object],
            h3: [Object],
            h4: [Object],
            h5: [Object],
            h6: [Object],
            bodyLarge: [Object],
            body: [Object],
            bodySmall: [Object],
            button: [Object],
            caption: [Object],
            overline: [Object]
          }
        },
        spacing: {
          '0': '0',
          '1': '0.25rem',
          '2': '0.5rem',
          '3': '0.75rem',
          '4': '1rem',
          '5': '1.25rem',
          '6': '1.5rem',
          '7': '1.75rem',
          '8': '2rem',
          '9': '2.25rem',
          '10': '2.5rem',
          '11': '2.75rem',
          '12': '3rem',
          '14': '3.5rem',
          '16': '4rem',
          '20': '5rem',
          '24': '6rem',
          '28': '7rem',
          '32': '8rem',
          '36': '9rem',
          '40': '10rem',
          '44': '11rem',
          '48': '12rem',
          '52': '13rem',
          '56': '14rem',
          '60': '15rem',
          '64': '16rem',
          '72': '18rem',
          '80': '20rem',
          '96': '24rem',
          px: '1px',
          '0.5': '0.125rem',
          '1.5': '0.375rem',
          '2.5': '0.625rem',
          '3.5': '0.875rem'
        },
        layout: {
          containerPadding: { mobile: '1rem', tablet: '1.5rem', desktop: '2rem' },
          sectionSpacing: { small: '2rem', medium: '4rem', large: '6rem' },
          componentSpacing: {
            xs: '0.5rem',
            sm: '0.75rem',
            md: '1rem',
            lg: '1.5rem',
            xl: '2rem'
          },
          gridGap: { small: '1rem', medium: '1.5rem', large: '2rem' }
        },
        shadows: {
          none: 'none',
          sm: '0 1px 3px 0 rgba(46, 46, 56, 0.1), 0 1px 2px 0 rgba(46, 46, 56, 0.06)',
          md: '0 4px 6px -1px rgba(46, 46, 56, 0.1), 0 2px 4px -1px rgba(46, 46, 56, 0.06)',
          lg: '0 10px 15px -3px rgba(46, 46, 56, 0.1), 0 4px 6px -2px rgba(46, 46, 56, 0.05)',
          xl: '0 20px 25px -5px rgba(46, 46, 56, 0.1), 0 10px 10px -5px rgba(46, 46, 56, 0.04)',
          '2xl': '0 25px 50px -12px rgba(46, 46, 56, 0.25)',
          card: '0 2px 8px rgba(46, 46, 56, 0.08)',
          cardHover: '0 8px 16px rgba(46, 46, 56, 0.12)',
          dropdown: '0 10px 20px rgba(46, 46, 56, 0.15)',
          modal: '0 20px 40px rgba(46, 46, 56, 0.2)',
          inner: 'inset 0 2px 4px 0 rgba(46, 46, 56, 0.06)',
          focus: '0 0 0 3px rgba(255, 230, 0, 0.5)',
          focusError: '0 0 0 3px rgba(196, 35, 43, 0.5)',
          focusSuccess: '0 0 0 3px rgba(0, 163, 80, 0.5)'
        },
        breakpoints: {
          values: { xs: 0, sm: 640, md: 768, lg: 1024, xl: 1280, '2xl': 1536 },
          up: {
            xs: '@media (min-width: 0px)',
            sm: '@media (min-width: 640px)',
            md: '@media (min-width: 768px)',
            lg: '@media (min-width: 1024px)',
            xl: '@media (min-width: 1280px)',
            '2xl': '@media (min-width: 1536px)'
          },
          down: {
            xs: '@media (max-width: 639px)',
            sm: '@media (max-width: 767px)',
            md: '@media (max-width: 1023px)',
            lg: '@media (max-width: 1279px)',
            xl: '@media (max-width: 1535px)',
            '2xl': '@media (max-width: 9999px)'
          }
        },
        containers: {
          sm: '640px',
          md: '768px',
          lg: '1024px',
          xl: '1280px',
          '2xl': '1536px',
          full: '100%'
        },
        animations: {
          duration: { fast: '150ms', normal: '250ms', slow: '350ms', slower: '500ms' },
          easing: {
            linear: 'linear',
            easeIn: 'cubic-bezier(0.4, 0, 1, 1)',
            easeOut: 'cubic-bezier(0, 0, 0.2, 1)',
            easeInOut: 'cubic-bezier(0.4, 0, 0.2, 1)',
            bounce: 'cubic-bezier(0.68, -0.55, 0.265, 1.55)',
            in: 'cubic-bezier(0.4, 0, 1, 1)',
            out: 'cubic-bezier(0, 0, 0.2, 1)',
            inOut: 'cubic-bezier(0.4, 0, 0.2, 1)'
          },
          transition: {
            all: 'all 250ms cubic-bezier(0.4, 0, 0.2, 1)',
            colors: 'background-color 250ms cubic-bezier(0.4, 0, 0.2, 1), border-color 250ms cubic-bezier(0.4, 0, 0.2, 1), color 250ms cubic-bezier(0.4, 0, 0.2, 1), fill 250ms cubic-bezier(0.4, 0, 0.2, 1), stroke 250ms cubic-bezier(0.4, 0, 0.2, 1)',
            opacity: 'opacity 250ms cubic-bezier(0.4, 0, 0.2, 1)',
            shadow: 'box-shadow 250ms cubic-bezier(0.4, 0, 0.2, 1)',
            transform: 'transform 250ms cubic-bezier(0.4, 0, 0.2, 1)'
          },
          keyframes: {
            fadeIn: [Object],
            fadeOut: [Object],
            slideIn: [Object],
            slideOut: [Object],
            scaleIn: [Object],
            spin: [Object],
            pulse: [Object],
            bounce: [Object]
          },
          animate: {
            fadeIn: 'fadeIn 250ms cubic-bezier(0, 0, 0.2, 1)',
            fadeOut: 'fadeOut 250ms cubic-bezier(0.4, 0, 1, 1)',
            slideIn: 'slideIn 250ms cubic-bezier(0, 0, 0.2, 1)',
            slideOut: 'slideOut 250ms cubic-bezier(0.4, 0, 1, 1)',
            scaleIn: 'scaleIn 250ms cubic-bezier(0, 0, 0.2, 1)',
            spin: 'spin 1s linear infinite',
            pulse: 'pulse 2s cubic-bezier(0.4, 0, 0.2, 1) infinite',
            bounce: 'bounce 1s cubic-bezier(0.4, 0, 0.2, 1) infinite'
          }
        },
        components: {
          button: { height: [Object], padding: [Object], borderRadius: '4px' },
          card: {
            borderRadius: '8px',
            padding: '1.5rem',
            background: '#FFFFFF',
            border: '1px solid #E0E0E6'
          },
          input: {
            height: '40px',
            padding: '0.5rem 0.75rem',
            borderRadius: '4px',
            border: '1px solid #C0C0C6',
            focusBorder: '#FFE600'
          },
          modal: {
            overlay: 'rgba(46, 46, 56, 0.8)',
            borderRadius: '12px',
            padding: '2rem',
            maxWidth: '600px'
          }
        },
        zIndex: {
          dropdown: 1000,
          sticky: 1020,
          fixed: 1030,
          modalBackdrop: 1040,
          modal: 1050,
          popover: 1060,
          tooltip: 1070
        },
        borderRadius: {
          none: '0',
          sm: '2px',
          md: '4px',
          lg: '8px',
          xl: '12px',
          '2xl': '16px',
          '3xl': '24px',
          full: '9999px'
        }
      }

      at App (src/App.tsx:235:11)

    console.log
      Theme loaded: {
        colors: {
          gray: {
            '50': '#FAFAFA',
            '100': '#F5F5F5',
            '200': '#E0E0E6',
            '300': '#C0C0C6',
            '400': '#9E9E9E',
            '500': '#747480',
            '600': '#616161',
            '700': '#424242',
            '800': '#2E2E38',
            '900': '#212121'
          },
          primaryDark: '#E6D100',
          backgroundHover: '#F5F5F5',
          info: { light: '#E3F2FD', main: '#0B6BA7' },
          primary: {
            yellow: '#FFE600',
            black: '#2E2E38',
            white: '#FFFFFF',
            main: '#FFE600'
          },
          secondary: {
            darkGray: '#747480',
            mediumGray: '#C0C0C6',
            lightGray: '#F5F5F5',
            gray: '#C0C0C6'
          },
          accent: {
            blue: '#0B6BA7',
            green: '#00A350',
            red: '#C4232B',
            orange: '#FF7900',
            purple: '#6B46C1'
          },
          semantic: {
            success: '#00A350',
            warning: '#FF7900',
            error: '#C4232B',
            info: '#0B6BA7'
          },
          status: {
            success: '#00A350',
            warning: '#FF7900',
            error: '#C4232B',
            info: '#0B6BA7'
          },
          background: {
            primary: '#FFFFFF',
            secondary: '#F5F5F5',
            tertiary: '#FAFAFA',
            dark: '#2E2E38',
            overlay: 'rgba(46, 46, 56, 0.8)'
          },
          text: {
            primary: '#2E2E38',
            secondary: '#747480',
            tertiary: '#C0C0C6',
            inverse: '#FFFFFF',
            link: '#0B6BA7'
          },
          border: { light: '#E0E0E6', medium: '#C0C0C6', dark: '#747480' },
          shadow: {
            light: 'rgba(46, 46, 56, 0.08)',
            medium: 'rgba(46, 46, 56, 0.12)',
            dark: 'rgba(46, 46, 56, 0.24)'
          }
        },
        typography: {
          fontFamily: {
            primary: '"EYInterstate", -apple-system, BlinkMacSystemFont, "Segoe UI", Roboto, "Helvetica Neue", Arial, sans-serif',
            secondary: '"Georgia", "Times New Roman", Times, serif',
            mono: '"SF Mono", Monaco, "Cascadia Code", "Roboto Mono", Consolas, "Courier New", monospace'
          },
          fontSize: {
            xs: '0.75rem',
            sm: '0.875rem',
            base: '1rem',
            lg: '1.125rem',
            xl: '1.25rem',
            '2xl': '1.5rem',
            '3xl': '1.875rem',
            '4xl': '2.25rem',
            '5xl': '3rem',
            '6xl': '3.75rem'
          },
          fontWeight: {
            light: 300,
            normal: 400,
            medium: 500,
            semibold: 600,
            bold: 700,
            black: 900
          },
          lineHeight: { tight: 1.2, normal: 1.5, relaxed: 1.75, loose: 2 },
          letterSpacing: {
            tighter: '-0.02em',
            tight: '-0.01em',
            normal: '0',
            wide: '0.02em',
            wider: '0.04em',
            widest: '0.08em'
          },
          textStyles: {
            h1: [Object],
            h2: [Object],
            h3: [Object],
            h4: [Object],
            h5: [Object],
            h6: [Object],
            bodyLarge: [Object],
            body: [Object],
            bodySmall: [Object],
            button: [Object],
            caption: [Object],
            overline: [Object]
          }
        },
        spacing: {
          '0': '0',
          '1': '0.25rem',
          '2': '0.5rem',
          '3': '0.75rem',
          '4': '1rem',
          '5': '1.25rem',
          '6': '1.5rem',
          '7': '1.75rem',
          '8': '2rem',
          '9': '2.25rem',
          '10': '2.5rem',
          '11': '2.75rem',
          '12': '3rem',
          '14': '3.5rem',
          '16': '4rem',
          '20': '5rem',
          '24': '6rem',
          '28': '7rem',
          '32': '8rem',
          '36': '9rem',
          '40': '10rem',
          '44': '11rem',
          '48': '12rem',
          '52': '13rem',
          '56': '14rem',
          '60': '15rem',
          '64': '16rem',
          '72': '18rem',
          '80': '20rem',
          '96': '24rem',
          px: '1px',
          '0.5': '0.125rem',
          '1.5': '0.375rem',
          '2.5': '0.625rem',
          '3.5': '0.875rem'
        },
        layout: {
          containerPadding: { mobile: '1rem', tablet: '1.5rem', desktop: '2rem' },
          sectionSpacing: { small: '2rem', medium: '4rem', large: '6rem' },
          componentSpacing: {
            xs: '0.5rem',
            sm: '0.75rem',
            md: '1rem',
            lg: '1.5rem',
            xl: '2rem'
          },
          gridGap: { small: '1rem', medium: '1.5rem', large: '2rem' }
        },
        shadows: {
          none: 'none',
          sm: '0 1px 3px 0 rgba(46, 46, 56, 0.1), 0 1px 2px 0 rgba(46, 46, 56, 0.06)',
          md: '0 4px 6px -1px rgba(46, 46, 56, 0.1), 0 2px 4px -1px rgba(46, 46, 56, 0.06)',
          lg: '0 10px 15px -3px rgba(46, 46, 56, 0.1), 0 4px 6px -2px rgba(46, 46, 56, 0.05)',
          xl: '0 20px 25px -5px rgba(46, 46, 56, 0.1), 0 10px 10px -5px rgba(46, 46, 56, 0.04)',
          '2xl': '0 25px 50px -12px rgba(46, 46, 56, 0.25)',
          card: '0 2px 8px rgba(46, 46, 56, 0.08)',
          cardHover: '0 8px 16px rgba(46, 46, 56, 0.12)',
          dropdown: '0 10px 20px rgba(46, 46, 56, 0.15)',
          modal: '0 20px 40px rgba(46, 46, 56, 0.2)',
          inner: 'inset 0 2px 4px 0 rgba(46, 46, 56, 0.06)',
          focus: '0 0 0 3px rgba(255, 230, 0, 0.5)',
          focusError: '0 0 0 3px rgba(196, 35, 43, 0.5)',
          focusSuccess: '0 0 0 3px rgba(0, 163, 80, 0.5)'
        },
        breakpoints: {
          values: { xs: 0, sm: 640, md: 768, lg: 1024, xl: 1280, '2xl': 1536 },
          up: {
            xs: '@media (min-width: 0px)',
            sm: '@media (min-width: 640px)',
            md: '@media (min-width: 768px)',
            lg: '@media (min-width: 1024px)',
            xl: '@media (min-width: 1280px)',
            '2xl': '@media (min-width: 1536px)'
          },
          down: {
            xs: '@media (max-width: 639px)',
            sm: '@media (max-width: 767px)',
            md: '@media (max-width: 1023px)',
            lg: '@media (max-width: 1279px)',
            xl: '@media (max-width: 1535px)',
            '2xl': '@media (max-width: 9999px)'
          }
        },
        containers: {
          sm: '640px',
          md: '768px',
          lg: '1024px',
          xl: '1280px',
          '2xl': '1536px',
          full: '100%'
        },
        animations: {
          duration: { fast: '150ms', normal: '250ms', slow: '350ms', slower: '500ms' },
          easing: {
            linear: 'linear',
            easeIn: 'cubic-bezier(0.4, 0, 1, 1)',
            easeOut: 'cubic-bezier(0, 0, 0.2, 1)',
            easeInOut: 'cubic-bezier(0.4, 0, 0.2, 1)',
            bounce: 'cubic-bezier(0.68, -0.55, 0.265, 1.55)',
            in: 'cubic-bezier(0.4, 0, 1, 1)',
            out: 'cubic-bezier(0, 0, 0.2, 1)',
            inOut: 'cubic-bezier(0.4, 0, 0.2, 1)'
          },
          transition: {
            all: 'all 250ms cubic-bezier(0.4, 0, 0.2, 1)',
            colors: 'background-color 250ms cubic-bezier(0.4, 0, 0.2, 1), border-color 250ms cubic-bezier(0.4, 0, 0.2, 1), color 250ms cubic-bezier(0.4, 0, 0.2, 1), fill 250ms cubic-bezier(0.4, 0, 0.2, 1), stroke 250ms cubic-bezier(0.4, 0, 0.2, 1)',
            opacity: 'opacity 250ms cubic-bezier(0.4, 0, 0.2, 1)',
            shadow: 'box-shadow 250ms cubic-bezier(0.4, 0, 0.2, 1)',
            transform: 'transform 250ms cubic-bezier(0.4, 0, 0.2, 1)'
          },
          keyframes: {
            fadeIn: [Object],
            fadeOut: [Object],
            slideIn: [Object],
            slideOut: [Object],
            scaleIn: [Object],
            spin: [Object],
            pulse: [Object],
            bounce: [Object]
          },
          animate: {
            fadeIn: 'fadeIn 250ms cubic-bezier(0, 0, 0.2, 1)',
            fadeOut: 'fadeOut 250ms cubic-bezier(0.4, 0, 1, 1)',
            slideIn: 'slideIn 250ms cubic-bezier(0, 0, 0.2, 1)',
            slideOut: 'slideOut 250ms cubic-bezier(0.4, 0, 1, 1)',
            scaleIn: 'scaleIn 250ms cubic-bezier(0, 0, 0.2, 1)',
            spin: 'spin 1s linear infinite',
            pulse: 'pulse 2s cubic-bezier(0.4, 0, 0.2, 1) infinite',
            bounce: 'bounce 1s cubic-bezier(0.4, 0, 0.2, 1) infinite'
          }
        },
        components: {
          button: { height: [Object], padding: [Object], borderRadius: '4px' },
          card: {
            borderRadius: '8px',
            padding: '1.5rem',
            background: '#FFFFFF',
            border: '1px solid #E0E0E6'
          },
          input: {
            height: '40px',
            padding: '0.5rem 0.75rem',
            borderRadius: '4px',
            border: '1px solid #C0C0C6',
            focusBorder: '#FFE600'
          },
          modal: {
            overlay: 'rgba(46, 46, 56, 0.8)',
            borderRadius: '12px',
            padding: '2rem',
            maxWidth: '600px'
          }
        },
        zIndex: {
          dropdown: 1000,
          sticky: 1020,
          fixed: 1030,
          modalBackdrop: 1040,
          modal: 1050,
          popover: 1060,
          tooltip: 1070
        },
        borderRadius: {
          none: '0',
          sm: '2px',
          md: '4px',
          lg: '8px',
          xl: '12px',
          '2xl': '16px',
          '3xl': '24px',
          full: '9999px'
        }
      }

      at App (src/App.tsx:235:11)

    console.log
      Theme loaded: {
        colors: {
          gray: {
            '50': '#FAFAFA',
            '100': '#F5F5F5',
            '200': '#E0E0E6',
            '300': '#C0C0C6',
            '400': '#9E9E9E',
            '500': '#747480',
            '600': '#616161',
            '700': '#424242',
            '800': '#2E2E38',
            '900': '#212121'
          },
          primaryDark: '#E6D100',
          backgroundHover: '#F5F5F5',
          info: { light: '#E3F2FD', main: '#0B6BA7' },
          primary: {
            yellow: '#FFE600',
            black: '#2E2E38',
            white: '#FFFFFF',
            main: '#FFE600'
          },
          secondary: {
            darkGray: '#747480',
            mediumGray: '#C0C0C6',
            lightGray: '#F5F5F5',
            gray: '#C0C0C6'
          },
          accent: {
            blue: '#0B6BA7',
            green: '#00A350',
            red: '#C4232B',
            orange: '#FF7900',
            purple: '#6B46C1'
          },
          semantic: {
            success: '#00A350',
            warning: '#FF7900',
            error: '#C4232B',
            info: '#0B6BA7'
          },
          status: {
            success: '#00A350',
            warning: '#FF7900',
            error: '#C4232B',
            info: '#0B6BA7'
          },
          background: {
            primary: '#FFFFFF',
            secondary: '#F5F5F5',
            tertiary: '#FAFAFA',
            dark: '#2E2E38',
            overlay: 'rgba(46, 46, 56, 0.8)'
          },
          text: {
            primary: '#2E2E38',
            secondary: '#747480',
            tertiary: '#C0C0C6',
            inverse: '#FFFFFF',
            link: '#0B6BA7'
          },
          border: { light: '#E0E0E6', medium: '#C0C0C6', dark: '#747480' },
          shadow: {
            light: 'rgba(46, 46, 56, 0.08)',
            medium: 'rgba(46, 46, 56, 0.12)',
            dark: 'rgba(46, 46, 56, 0.24)'
          }
        },
        typography: {
          fontFamily: {
            primary: '"EYInterstate", -apple-system, BlinkMacSystemFont, "Segoe UI", Roboto, "Helvetica Neue", Arial, sans-serif',
            secondary: '"Georgia", "Times New Roman", Times, serif',
            mono: '"SF Mono", Monaco, "Cascadia Code", "Roboto Mono", Consolas, "Courier New", monospace'
          },
          fontSize: {
            xs: '0.75rem',
            sm: '0.875rem',
            base: '1rem',
            lg: '1.125rem',
            xl: '1.25rem',
            '2xl': '1.5rem',
            '3xl': '1.875rem',
            '4xl': '2.25rem',
            '5xl': '3rem',
            '6xl': '3.75rem'
          },
          fontWeight: {
            light: 300,
            normal: 400,
            medium: 500,
            semibold: 600,
            bold: 700,
            black: 900
          },
          lineHeight: { tight: 1.2, normal: 1.5, relaxed: 1.75, loose: 2 },
          letterSpacing: {
            tighter: '-0.02em',
            tight: '-0.01em',
            normal: '0',
            wide: '0.02em',
            wider: '0.04em',
            widest: '0.08em'
          },
          textStyles: {
            h1: [Object],
            h2: [Object],
            h3: [Object],
            h4: [Object],
            h5: [Object],
            h6: [Object],
            bodyLarge: [Object],
            body: [Object],
            bodySmall: [Object],
            button: [Object],
            caption: [Object],
            overline: [Object]
          }
        },
        spacing: {
          '0': '0',
          '1': '0.25rem',
          '2': '0.5rem',
          '3': '0.75rem',
          '4': '1rem',
          '5': '1.25rem',
          '6': '1.5rem',
          '7': '1.75rem',
          '8': '2rem',
          '9': '2.25rem',
          '10': '2.5rem',
          '11': '2.75rem',
          '12': '3rem',
          '14': '3.5rem',
          '16': '4rem',
          '20': '5rem',
          '24': '6rem',
          '28': '7rem',
          '32': '8rem',
          '36': '9rem',
          '40': '10rem',
          '44': '11rem',
          '48': '12rem',
          '52': '13rem',
          '56': '14rem',
          '60': '15rem',
          '64': '16rem',
          '72': '18rem',
          '80': '20rem',
          '96': '24rem',
          px: '1px',
          '0.5': '0.125rem',
          '1.5': '0.375rem',
          '2.5': '0.625rem',
          '3.5': '0.875rem'
        },
        layout: {
          containerPadding: { mobile: '1rem', tablet: '1.5rem', desktop: '2rem' },
          sectionSpacing: { small: '2rem', medium: '4rem', large: '6rem' },
          componentSpacing: {
            xs: '0.5rem',
            sm: '0.75rem',
            md: '1rem',
            lg: '1.5rem',
            xl: '2rem'
          },
          gridGap: { small: '1rem', medium: '1.5rem', large: '2rem' }
        },
        shadows: {
          none: 'none',
          sm: '0 1px 3px 0 rgba(46, 46, 56, 0.1), 0 1px 2px 0 rgba(46, 46, 56, 0.06)',
          md: '0 4px 6px -1px rgba(46, 46, 56, 0.1), 0 2px 4px -1px rgba(46, 46, 56, 0.06)',
          lg: '0 10px 15px -3px rgba(46, 46, 56, 0.1), 0 4px 6px -2px rgba(46, 46, 56, 0.05)',
          xl: '0 20px 25px -5px rgba(46, 46, 56, 0.1), 0 10px 10px -5px rgba(46, 46, 56, 0.04)',
          '2xl': '0 25px 50px -12px rgba(46, 46, 56, 0.25)',
          card: '0 2px 8px rgba(46, 46, 56, 0.08)',
          cardHover: '0 8px 16px rgba(46, 46, 56, 0.12)',
          dropdown: '0 10px 20px rgba(46, 46, 56, 0.15)',
          modal: '0 20px 40px rgba(46, 46, 56, 0.2)',
          inner: 'inset 0 2px 4px 0 rgba(46, 46, 56, 0.06)',
          focus: '0 0 0 3px rgba(255, 230, 0, 0.5)',
          focusError: '0 0 0 3px rgba(196, 35, 43, 0.5)',
          focusSuccess: '0 0 0 3px rgba(0, 163, 80, 0.5)'
        },
        breakpoints: {
          values: { xs: 0, sm: 640, md: 768, lg: 1024, xl: 1280, '2xl': 1536 },
          up: {
            xs: '@media (min-width: 0px)',
            sm: '@media (min-width: 640px)',
            md: '@media (min-width: 768px)',
            lg: '@media (min-width: 1024px)',
            xl: '@media (min-width: 1280px)',
            '2xl': '@media (min-width: 1536px)'
          },
          down: {
            xs: '@media (max-width: 639px)',
            sm: '@media (max-width: 767px)',
            md: '@media (max-width: 1023px)',
            lg: '@media (max-width: 1279px)',
            xl: '@media (max-width: 1535px)',
            '2xl': '@media (max-width: 9999px)'
          }
        },
        containers: {
          sm: '640px',
          md: '768px',
          lg: '1024px',
          xl: '1280px',
          '2xl': '1536px',
          full: '100%'
        },
        animations: {
          duration: { fast: '150ms', normal: '250ms', slow: '350ms', slower: '500ms' },
          easing: {
            linear: 'linear',
            easeIn: 'cubic-bezier(0.4, 0, 1, 1)',
            easeOut: 'cubic-bezier(0, 0, 0.2, 1)',
            easeInOut: 'cubic-bezier(0.4, 0, 0.2, 1)',
            bounce: 'cubic-bezier(0.68, -0.55, 0.265, 1.55)',
            in: 'cubic-bezier(0.4, 0, 1, 1)',
            out: 'cubic-bezier(0, 0, 0.2, 1)',
            inOut: 'cubic-bezier(0.4, 0, 0.2, 1)'
          },
          transition: {
            all: 'all 250ms cubic-bezier(0.4, 0, 0.2, 1)',
            colors: 'background-color 250ms cubic-bezier(0.4, 0, 0.2, 1), border-color 250ms cubic-bezier(0.4, 0, 0.2, 1), color 250ms cubic-bezier(0.4, 0, 0.2, 1), fill 250ms cubic-bezier(0.4, 0, 0.2, 1), stroke 250ms cubic-bezier(0.4, 0, 0.2, 1)',
            opacity: 'opacity 250ms cubic-bezier(0.4, 0, 0.2, 1)',
            shadow: 'box-shadow 250ms cubic-bezier(0.4, 0, 0.2, 1)',
            transform: 'transform 250ms cubic-bezier(0.4, 0, 0.2, 1)'
          },
          keyframes: {
            fadeIn: [Object],
            fadeOut: [Object],
            slideIn: [Object],
            slideOut: [Object],
            scaleIn: [Object],
            spin: [Object],
            pulse: [Object],
            bounce: [Object]
          },
          animate: {
            fadeIn: 'fadeIn 250ms cubic-bezier(0, 0, 0.2, 1)',
            fadeOut: 'fadeOut 250ms cubic-bezier(0.4, 0, 1, 1)',
            slideIn: 'slideIn 250ms cubic-bezier(0, 0, 0.2, 1)',
            slideOut: 'slideOut 250ms cubic-bezier(0.4, 0, 1, 1)',
            scaleIn: 'scaleIn 250ms cubic-bezier(0, 0, 0.2, 1)',
            spin: 'spin 1s linear infinite',
            pulse: 'pulse 2s cubic-bezier(0.4, 0, 0.2, 1) infinite',
            bounce: 'bounce 1s cubic-bezier(0.4, 0, 0.2, 1) infinite'
          }
        },
        components: {
          button: { height: [Object], padding: [Object], borderRadius: '4px' },
          card: {
            borderRadius: '8px',
            padding: '1.5rem',
            background: '#FFFFFF',
            border: '1px solid #E0E0E6'
          },
          input: {
            height: '40px',
            padding: '0.5rem 0.75rem',
            borderRadius: '4px',
            border: '1px solid #C0C0C6',
            focusBorder: '#FFE600'
          },
          modal: {
            overlay: 'rgba(46, 46, 56, 0.8)',
            borderRadius: '12px',
            padding: '2rem',
            maxWidth: '600px'
          }
        },
        zIndex: {
          dropdown: 1000,
          sticky: 1020,
          fixed: 1030,
          modalBackdrop: 1040,
          modal: 1050,
          popover: 1060,
          tooltip: 1070
        },
        borderRadius: {
          none: '0',
          sm: '2px',
          md: '4px',
          lg: '8px',
          xl: '12px',
          '2xl': '16px',
          '3xl': '24px',
          full: '9999px'
        }
      }

      at App (src/App.tsx:235:11)

    console.log
      Theme loaded: {
        colors: {
          gray: {
            '50': '#FAFAFA',
            '100': '#F5F5F5',
            '200': '#E0E0E6',
            '300': '#C0C0C6',
            '400': '#9E9E9E',
            '500': '#747480',
            '600': '#616161',
            '700': '#424242',
            '800': '#2E2E38',
            '900': '#212121'
          },
          primaryDark: '#E6D100',
          backgroundHover: '#F5F5F5',
          info: { light: '#E3F2FD', main: '#0B6BA7' },
          primary: {
            yellow: '#FFE600',
            black: '#2E2E38',
            white: '#FFFFFF',
            main: '#FFE600'
          },
          secondary: {
            darkGray: '#747480',
            mediumGray: '#C0C0C6',
            lightGray: '#F5F5F5',
            gray: '#C0C0C6'
          },
          accent: {
            blue: '#0B6BA7',
            green: '#00A350',
            red: '#C4232B',
            orange: '#FF7900',
            purple: '#6B46C1'
          },
          semantic: {
            success: '#00A350',
            warning: '#FF7900',
            error: '#C4232B',
            info: '#0B6BA7'
          },
          status: {
            success: '#00A350',
            warning: '#FF7900',
            error: '#C4232B',
            info: '#0B6BA7'
          },
          background: {
            primary: '#FFFFFF',
            secondary: '#F5F5F5',
            tertiary: '#FAFAFA',
            dark: '#2E2E38',
            overlay: 'rgba(46, 46, 56, 0.8)'
          },
          text: {
            primary: '#2E2E38',
            secondary: '#747480',
            tertiary: '#C0C0C6',
            inverse: '#FFFFFF',
            link: '#0B6BA7'
          },
          border: { light: '#E0E0E6', medium: '#C0C0C6', dark: '#747480' },
          shadow: {
            light: 'rgba(46, 46, 56, 0.08)',
            medium: 'rgba(46, 46, 56, 0.12)',
            dark: 'rgba(46, 46, 56, 0.24)'
          }
        },
        typography: {
          fontFamily: {
            primary: '"EYInterstate", -apple-system, BlinkMacSystemFont, "Segoe UI", Roboto, "Helvetica Neue", Arial, sans-serif',
            secondary: '"Georgia", "Times New Roman", Times, serif',
            mono: '"SF Mono", Monaco, "Cascadia Code", "Roboto Mono", Consolas, "Courier New", monospace'
          },
          fontSize: {
            xs: '0.75rem',
            sm: '0.875rem',
            base: '1rem',
            lg: '1.125rem',
            xl: '1.25rem',
            '2xl': '1.5rem',
            '3xl': '1.875rem',
            '4xl': '2.25rem',
            '5xl': '3rem',
            '6xl': '3.75rem'
          },
          fontWeight: {
            light: 300,
            normal: 400,
            medium: 500,
            semibold: 600,
            bold: 700,
            black: 900
          },
          lineHeight: { tight: 1.2, normal: 1.5, relaxed: 1.75, loose: 2 },
          letterSpacing: {
            tighter: '-0.02em',
            tight: '-0.01em',
            normal: '0',
            wide: '0.02em',
            wider: '0.04em',
            widest: '0.08em'
          },
          textStyles: {
            h1: [Object],
            h2: [Object],
            h3: [Object],
            h4: [Object],
            h5: [Object],
            h6: [Object],
            bodyLarge: [Object],
            body: [Object],
            bodySmall: [Object],
            button: [Object],
            caption: [Object],
            overline: [Object]
          }
        },
        spacing: {
          '0': '0',
          '1': '0.25rem',
          '2': '0.5rem',
          '3': '0.75rem',
          '4': '1rem',
          '5': '1.25rem',
          '6': '1.5rem',
          '7': '1.75rem',
          '8': '2rem',
          '9': '2.25rem',
          '10': '2.5rem',
          '11': '2.75rem',
          '12': '3rem',
          '14': '3.5rem',
          '16': '4rem',
          '20': '5rem',
          '24': '6rem',
          '28': '7rem',
          '32': '8rem',
          '36': '9rem',
          '40': '10rem',
          '44': '11rem',
          '48': '12rem',
          '52': '13rem',
          '56': '14rem',
          '60': '15rem',
          '64': '16rem',
          '72': '18rem',
          '80': '20rem',
          '96': '24rem',
          px: '1px',
          '0.5': '0.125rem',
          '1.5': '0.375rem',
          '2.5': '0.625rem',
          '3.5': '0.875rem'
        },
        layout: {
          containerPadding: { mobile: '1rem', tablet: '1.5rem', desktop: '2rem' },
          sectionSpacing: { small: '2rem', medium: '4rem', large: '6rem' },
          componentSpacing: {
            xs: '0.5rem',
            sm: '0.75rem',
            md: '1rem',
            lg: '1.5rem',
            xl: '2rem'
          },
          gridGap: { small: '1rem', medium: '1.5rem', large: '2rem' }
        },
        shadows: {
          none: 'none',
          sm: '0 1px 3px 0 rgba(46, 46, 56, 0.1), 0 1px 2px 0 rgba(46, 46, 56, 0.06)',
          md: '0 4px 6px -1px rgba(46, 46, 56, 0.1), 0 2px 4px -1px rgba(46, 46, 56, 0.06)',
          lg: '0 10px 15px -3px rgba(46, 46, 56, 0.1), 0 4px 6px -2px rgba(46, 46, 56, 0.05)',
          xl: '0 20px 25px -5px rgba(46, 46, 56, 0.1), 0 10px 10px -5px rgba(46, 46, 56, 0.04)',
          '2xl': '0 25px 50px -12px rgba(46, 46, 56, 0.25)',
          card: '0 2px 8px rgba(46, 46, 56, 0.08)',
          cardHover: '0 8px 16px rgba(46, 46, 56, 0.12)',
          dropdown: '0 10px 20px rgba(46, 46, 56, 0.15)',
          modal: '0 20px 40px rgba(46, 46, 56, 0.2)',
          inner: 'inset 0 2px 4px 0 rgba(46, 46, 56, 0.06)',
          focus: '0 0 0 3px rgba(255, 230, 0, 0.5)',
          focusError: '0 0 0 3px rgba(196, 35, 43, 0.5)',
          focusSuccess: '0 0 0 3px rgba(0, 163, 80, 0.5)'
        },
        breakpoints: {
          values: { xs: 0, sm: 640, md: 768, lg: 1024, xl: 1280, '2xl': 1536 },
          up: {
            xs: '@media (min-width: 0px)',
            sm: '@media (min-width: 640px)',
            md: '@media (min-width: 768px)',
            lg: '@media (min-width: 1024px)',
            xl: '@media (min-width: 1280px)',
            '2xl': '@media (min-width: 1536px)'
          },
          down: {
            xs: '@media (max-width: 639px)',
            sm: '@media (max-width: 767px)',
            md: '@media (max-width: 1023px)',
            lg: '@media (max-width: 1279px)',
            xl: '@media (max-width: 1535px)',
            '2xl': '@media (max-width: 9999px)'
          }
        },
        containers: {
          sm: '640px',
          md: '768px',
          lg: '1024px',
          xl: '1280px',
          '2xl': '1536px',
          full: '100%'
        },
        animations: {
          duration: { fast: '150ms', normal: '250ms', slow: '350ms', slower: '500ms' },
          easing: {
            linear: 'linear',
            easeIn: 'cubic-bezier(0.4, 0, 1, 1)',
            easeOut: 'cubic-bezier(0, 0, 0.2, 1)',
            easeInOut: 'cubic-bezier(0.4, 0, 0.2, 1)',
            bounce: 'cubic-bezier(0.68, -0.55, 0.265, 1.55)',
            in: 'cubic-bezier(0.4, 0, 1, 1)',
            out: 'cubic-bezier(0, 0, 0.2, 1)',
            inOut: 'cubic-bezier(0.4, 0, 0.2, 1)'
          },
          transition: {
            all: 'all 250ms cubic-bezier(0.4, 0, 0.2, 1)',
            colors: 'background-color 250ms cubic-bezier(0.4, 0, 0.2, 1), border-color 250ms cubic-bezier(0.4, 0, 0.2, 1), color 250ms cubic-bezier(0.4, 0, 0.2, 1), fill 250ms cubic-bezier(0.4, 0, 0.2, 1), stroke 250ms cubic-bezier(0.4, 0, 0.2, 1)',
            opacity: 'opacity 250ms cubic-bezier(0.4, 0, 0.2, 1)',
            shadow: 'box-shadow 250ms cubic-bezier(0.4, 0, 0.2, 1)',
            transform: 'transform 250ms cubic-bezier(0.4, 0, 0.2, 1)'
          },
          keyframes: {
            fadeIn: [Object],
            fadeOut: [Object],
            slideIn: [Object],
            slideOut: [Object],
            scaleIn: [Object],
            spin: [Object],
            pulse: [Object],
            bounce: [Object]
          },
          animate: {
            fadeIn: 'fadeIn 250ms cubic-bezier(0, 0, 0.2, 1)',
            fadeOut: 'fadeOut 250ms cubic-bezier(0.4, 0, 1, 1)',
            slideIn: 'slideIn 250ms cubic-bezier(0, 0, 0.2, 1)',
            slideOut: 'slideOut 250ms cubic-bezier(0.4, 0, 1, 1)',
            scaleIn: 'scaleIn 250ms cubic-bezier(0, 0, 0.2, 1)',
            spin: 'spin 1s linear infinite',
            pulse: 'pulse 2s cubic-bezier(0.4, 0, 0.2, 1) infinite',
            bounce: 'bounce 1s cubic-bezier(0.4, 0, 0.2, 1) infinite'
          }
        },
        components: {
          button: { height: [Object], padding: [Object], borderRadius: '4px' },
          card: {
            borderRadius: '8px',
            padding: '1.5rem',
            background: '#FFFFFF',
            border: '1px solid #E0E0E6'
          },
          input: {
            height: '40px',
            padding: '0.5rem 0.75rem',
            borderRadius: '4px',
            border: '1px solid #C0C0C6',
            focusBorder: '#FFE600'
          },
          modal: {
            overlay: 'rgba(46, 46, 56, 0.8)',
            borderRadius: '12px',
            padding: '2rem',
            maxWidth: '600px'
          }
        },
        zIndex: {
          dropdown: 1000,
          sticky: 1020,
          fixed: 1030,
          modalBackdrop: 1040,
          modal: 1050,
          popover: 1060,
          tooltip: 1070
        },
        borderRadius: {
          none: '0',
          sm: '2px',
          md: '4px',
          lg: '8px',
          xl: '12px',
          '2xl': '16px',
          '3xl': '24px',
          full: '9999px'
        }
      }

      at App (src/App.tsx:235:11)

    console.log
      Theme loaded: {
        colors: {
          gray: {
            '50': '#FAFAFA',
            '100': '#F5F5F5',
            '200': '#E0E0E6',
            '300': '#C0C0C6',
            '400': '#9E9E9E',
            '500': '#747480',
            '600': '#616161',
            '700': '#424242',
            '800': '#2E2E38',
            '900': '#212121'
          },
          primaryDark: '#E6D100',
          backgroundHover: '#F5F5F5',
          info: { light: '#E3F2FD', main: '#0B6BA7' },
          primary: {
            yellow: '#FFE600',
            black: '#2E2E38',
            white: '#FFFFFF',
            main: '#FFE600'
          },
          secondary: {
            darkGray: '#747480',
            mediumGray: '#C0C0C6',
            lightGray: '#F5F5F5',
            gray: '#C0C0C6'
          },
          accent: {
            blue: '#0B6BA7',
            green: '#00A350',
            red: '#C4232B',
            orange: '#FF7900',
            purple: '#6B46C1'
          },
          semantic: {
            success: '#00A350',
            warning: '#FF7900',
            error: '#C4232B',
            info: '#0B6BA7'
          },
          status: {
            success: '#00A350',
            warning: '#FF7900',
            error: '#C4232B',
            info: '#0B6BA7'
          },
          background: {
            primary: '#FFFFFF',
            secondary: '#F5F5F5',
            tertiary: '#FAFAFA',
            dark: '#2E2E38',
            overlay: 'rgba(46, 46, 56, 0.8)'
          },
          text: {
            primary: '#2E2E38',
            secondary: '#747480',
            tertiary: '#C0C0C6',
            inverse: '#FFFFFF',
            link: '#0B6BA7'
          },
          border: { light: '#E0E0E6', medium: '#C0C0C6', dark: '#747480' },
          shadow: {
            light: 'rgba(46, 46, 56, 0.08)',
            medium: 'rgba(46, 46, 56, 0.12)',
            dark: 'rgba(46, 46, 56, 0.24)'
          }
        },
        typography: {
          fontFamily: {
            primary: '"EYInterstate", -apple-system, BlinkMacSystemFont, "Segoe UI", Roboto, "Helvetica Neue", Arial, sans-serif',
            secondary: '"Georgia", "Times New Roman", Times, serif',
            mono: '"SF Mono", Monaco, "Cascadia Code", "Roboto Mono", Consolas, "Courier New", monospace'
          },
          fontSize: {
            xs: '0.75rem',
            sm: '0.875rem',
            base: '1rem',
            lg: '1.125rem',
            xl: '1.25rem',
            '2xl': '1.5rem',
            '3xl': '1.875rem',
            '4xl': '2.25rem',
            '5xl': '3rem',
            '6xl': '3.75rem'
          },
          fontWeight: {
            light: 300,
            normal: 400,
            medium: 500,
            semibold: 600,
            bold: 700,
            black: 900
          },
          lineHeight: { tight: 1.2, normal: 1.5, relaxed: 1.75, loose: 2 },
          letterSpacing: {
            tighter: '-0.02em',
            tight: '-0.01em',
            normal: '0',
            wide: '0.02em',
            wider: '0.04em',
            widest: '0.08em'
          },
          textStyles: {
            h1: [Object],
            h2: [Object],
            h3: [Object],
            h4: [Object],
            h5: [Object],
            h6: [Object],
            bodyLarge: [Object],
            body: [Object],
            bodySmall: [Object],
            button: [Object],
            caption: [Object],
            overline: [Object]
          }
        },
        spacing: {
          '0': '0',
          '1': '0.25rem',
          '2': '0.5rem',
          '3': '0.75rem',
          '4': '1rem',
          '5': '1.25rem',
          '6': '1.5rem',
          '7': '1.75rem',
          '8': '2rem',
          '9': '2.25rem',
          '10': '2.5rem',
          '11': '2.75rem',
          '12': '3rem',
          '14': '3.5rem',
          '16': '4rem',
          '20': '5rem',
          '24': '6rem',
          '28': '7rem',
          '32': '8rem',
          '36': '9rem',
          '40': '10rem',
          '44': '11rem',
          '48': '12rem',
          '52': '13rem',
          '56': '14rem',
          '60': '15rem',
          '64': '16rem',
          '72': '18rem',
          '80': '20rem',
          '96': '24rem',
          px: '1px',
          '0.5': '0.125rem',
          '1.5': '0.375rem',
          '2.5': '0.625rem',
          '3.5': '0.875rem'
        },
        layout: {
          containerPadding: { mobile: '1rem', tablet: '1.5rem', desktop: '2rem' },
          sectionSpacing: { small: '2rem', medium: '4rem', large: '6rem' },
          componentSpacing: {
            xs: '0.5rem',
            sm: '0.75rem',
            md: '1rem',
            lg: '1.5rem',
            xl: '2rem'
          },
          gridGap: { small: '1rem', medium: '1.5rem', large: '2rem' }
        },
        shadows: {
          none: 'none',
          sm: '0 1px 3px 0 rgba(46, 46, 56, 0.1), 0 1px 2px 0 rgba(46, 46, 56, 0.06)',
          md: '0 4px 6px -1px rgba(46, 46, 56, 0.1), 0 2px 4px -1px rgba(46, 46, 56, 0.06)',
          lg: '0 10px 15px -3px rgba(46, 46, 56, 0.1), 0 4px 6px -2px rgba(46, 46, 56, 0.05)',
          xl: '0 20px 25px -5px rgba(46, 46, 56, 0.1), 0 10px 10px -5px rgba(46, 46, 56, 0.04)',
          '2xl': '0 25px 50px -12px rgba(46, 46, 56, 0.25)',
          card: '0 2px 8px rgba(46, 46, 56, 0.08)',
          cardHover: '0 8px 16px rgba(46, 46, 56, 0.12)',
          dropdown: '0 10px 20px rgba(46, 46, 56, 0.15)',
          modal: '0 20px 40px rgba(46, 46, 56, 0.2)',
          inner: 'inset 0 2px 4px 0 rgba(46, 46, 56, 0.06)',
          focus: '0 0 0 3px rgba(255, 230, 0, 0.5)',
          focusError: '0 0 0 3px rgba(196, 35, 43, 0.5)',
          focusSuccess: '0 0 0 3px rgba(0, 163, 80, 0.5)'
        },
        breakpoints: {
          values: { xs: 0, sm: 640, md: 768, lg: 1024, xl: 1280, '2xl': 1536 },
          up: {
            xs: '@media (min-width: 0px)',
            sm: '@media (min-width: 640px)',
            md: '@media (min-width: 768px)',
            lg: '@media (min-width: 1024px)',
            xl: '@media (min-width: 1280px)',
            '2xl': '@media (min-width: 1536px)'
          },
          down: {
            xs: '@media (max-width: 639px)',
            sm: '@media (max-width: 767px)',
            md: '@media (max-width: 1023px)',
            lg: '@media (max-width: 1279px)',
            xl: '@media (max-width: 1535px)',
            '2xl': '@media (max-width: 9999px)'
          }
        },
        containers: {
          sm: '640px',
          md: '768px',
          lg: '1024px',
          xl: '1280px',
          '2xl': '1536px',
          full: '100%'
        },
        animations: {
          duration: { fast: '150ms', normal: '250ms', slow: '350ms', slower: '500ms' },
          easing: {
            linear: 'linear',
            easeIn: 'cubic-bezier(0.4, 0, 1, 1)',
            easeOut: 'cubic-bezier(0, 0, 0.2, 1)',
            easeInOut: 'cubic-bezier(0.4, 0, 0.2, 1)',
            bounce: 'cubic-bezier(0.68, -0.55, 0.265, 1.55)',
            in: 'cubic-bezier(0.4, 0, 1, 1)',
            out: 'cubic-bezier(0, 0, 0.2, 1)',
            inOut: 'cubic-bezier(0.4, 0, 0.2, 1)'
          },
          transition: {
            all: 'all 250ms cubic-bezier(0.4, 0, 0.2, 1)',
            colors: 'background-color 250ms cubic-bezier(0.4, 0, 0.2, 1), border-color 250ms cubic-bezier(0.4, 0, 0.2, 1), color 250ms cubic-bezier(0.4, 0, 0.2, 1), fill 250ms cubic-bezier(0.4, 0, 0.2, 1), stroke 250ms cubic-bezier(0.4, 0, 0.2, 1)',
            opacity: 'opacity 250ms cubic-bezier(0.4, 0, 0.2, 1)',
            shadow: 'box-shadow 250ms cubic-bezier(0.4, 0, 0.2, 1)',
            transform: 'transform 250ms cubic-bezier(0.4, 0, 0.2, 1)'
          },
          keyframes: {
            fadeIn: [Object],
            fadeOut: [Object],
            slideIn: [Object],
            slideOut: [Object],
            scaleIn: [Object],
            spin: [Object],
            pulse: [Object],
            bounce: [Object]
          },
          animate: {
            fadeIn: 'fadeIn 250ms cubic-bezier(0, 0, 0.2, 1)',
            fadeOut: 'fadeOut 250ms cubic-bezier(0.4, 0, 1, 1)',
            slideIn: 'slideIn 250ms cubic-bezier(0, 0, 0.2, 1)',
            slideOut: 'slideOut 250ms cubic-bezier(0.4, 0, 1, 1)',
            scaleIn: 'scaleIn 250ms cubic-bezier(0, 0, 0.2, 1)',
            spin: 'spin 1s linear infinite',
            pulse: 'pulse 2s cubic-bezier(0.4, 0, 0.2, 1) infinite',
            bounce: 'bounce 1s cubic-bezier(0.4, 0, 0.2, 1) infinite'
          }
        },
        components: {
          button: { height: [Object], padding: [Object], borderRadius: '4px' },
          card: {
            borderRadius: '8px',
            padding: '1.5rem',
            background: '#FFFFFF',
            border: '1px solid #E0E0E6'
          },
          input: {
            height: '40px',
            padding: '0.5rem 0.75rem',
            borderRadius: '4px',
            border: '1px solid #C0C0C6',
            focusBorder: '#FFE600'
          },
          modal: {
            overlay: 'rgba(46, 46, 56, 0.8)',
            borderRadius: '12px',
            padding: '2rem',
            maxWidth: '600px'
          }
        },
        zIndex: {
          dropdown: 1000,
          sticky: 1020,
          fixed: 1030,
          modalBackdrop: 1040,
          modal: 1050,
          popover: 1060,
          tooltip: 1070
        },
        borderRadius: {
          none: '0',
          sm: '2px',
          md: '4px',
          lg: '8px',
          xl: '12px',
          '2xl': '16px',
          '3xl': '24px',
          full: '9999px'
        }
      }

      at App (src/App.tsx:235:11)

    console.log
      Theme loaded: {
        colors: {
          gray: {
            '50': '#FAFAFA',
            '100': '#F5F5F5',
            '200': '#E0E0E6',
            '300': '#C0C0C6',
            '400': '#9E9E9E',
            '500': '#747480',
            '600': '#616161',
            '700': '#424242',
            '800': '#2E2E38',
            '900': '#212121'
          },
          primaryDark: '#E6D100',
          backgroundHover: '#F5F5F5',
          info: { light: '#E3F2FD', main: '#0B6BA7' },
          primary: {
            yellow: '#FFE600',
            black: '#2E2E38',
            white: '#FFFFFF',
            main: '#FFE600'
          },
          secondary: {
            darkGray: '#747480',
            mediumGray: '#C0C0C6',
            lightGray: '#F5F5F5',
            gray: '#C0C0C6'
          },
          accent: {
            blue: '#0B6BA7',
            green: '#00A350',
            red: '#C4232B',
            orange: '#FF7900',
            purple: '#6B46C1'
          },
          semantic: {
            success: '#00A350',
            warning: '#FF7900',
            error: '#C4232B',
            info: '#0B6BA7'
          },
          status: {
            success: '#00A350',
            warning: '#FF7900',
            error: '#C4232B',
            info: '#0B6BA7'
          },
          background: {
            primary: '#FFFFFF',
            secondary: '#F5F5F5',
            tertiary: '#FAFAFA',
            dark: '#2E2E38',
            overlay: 'rgba(46, 46, 56, 0.8)'
          },
          text: {
            primary: '#2E2E38',
            secondary: '#747480',
            tertiary: '#C0C0C6',
            inverse: '#FFFFFF',
            link: '#0B6BA7'
          },
          border: { light: '#E0E0E6', medium: '#C0C0C6', dark: '#747480' },
          shadow: {
            light: 'rgba(46, 46, 56, 0.08)',
            medium: 'rgba(46, 46, 56, 0.12)',
            dark: 'rgba(46, 46, 56, 0.24)'
          }
        },
        typography: {
          fontFamily: {
            primary: '"EYInterstate", -apple-system, BlinkMacSystemFont, "Segoe UI", Roboto, "Helvetica Neue", Arial, sans-serif',
            secondary: '"Georgia", "Times New Roman", Times, serif',
            mono: '"SF Mono", Monaco, "Cascadia Code", "Roboto Mono", Consolas, "Courier New", monospace'
          },
          fontSize: {
            xs: '0.75rem',
            sm: '0.875rem',
            base: '1rem',
            lg: '1.125rem',
            xl: '1.25rem',
            '2xl': '1.5rem',
            '3xl': '1.875rem',
            '4xl': '2.25rem',
            '5xl': '3rem',
            '6xl': '3.75rem'
          },
          fontWeight: {
            light: 300,
            normal: 400,
            medium: 500,
            semibold: 600,
            bold: 700,
            black: 900
          },
          lineHeight: { tight: 1.2, normal: 1.5, relaxed: 1.75, loose: 2 },
          letterSpacing: {
            tighter: '-0.02em',
            tight: '-0.01em',
            normal: '0',
            wide: '0.02em',
            wider: '0.04em',
            widest: '0.08em'
          },
          textStyles: {
            h1: [Object],
            h2: [Object],
            h3: [Object],
            h4: [Object],
            h5: [Object],
            h6: [Object],
            bodyLarge: [Object],
            body: [Object],
            bodySmall: [Object],
            button: [Object],
            caption: [Object],
            overline: [Object]
          }
        },
        spacing: {
          '0': '0',
          '1': '0.25rem',
          '2': '0.5rem',
          '3': '0.75rem',
          '4': '1rem',
          '5': '1.25rem',
          '6': '1.5rem',
          '7': '1.75rem',
          '8': '2rem',
          '9': '2.25rem',
          '10': '2.5rem',
          '11': '2.75rem',
          '12': '3rem',
          '14': '3.5rem',
          '16': '4rem',
          '20': '5rem',
          '24': '6rem',
          '28': '7rem',
          '32': '8rem',
          '36': '9rem',
          '40': '10rem',
          '44': '11rem',
          '48': '12rem',
          '52': '13rem',
          '56': '14rem',
          '60': '15rem',
          '64': '16rem',
          '72': '18rem',
          '80': '20rem',
          '96': '24rem',
          px: '1px',
          '0.5': '0.125rem',
          '1.5': '0.375rem',
          '2.5': '0.625rem',
          '3.5': '0.875rem'
        },
        layout: {
          containerPadding: { mobile: '1rem', tablet: '1.5rem', desktop: '2rem' },
          sectionSpacing: { small: '2rem', medium: '4rem', large: '6rem' },
          componentSpacing: {
            xs: '0.5rem',
            sm: '0.75rem',
            md: '1rem',
            lg: '1.5rem',
            xl: '2rem'
          },
          gridGap: { small: '1rem', medium: '1.5rem', large: '2rem' }
        },
        shadows: {
          none: 'none',
          sm: '0 1px 3px 0 rgba(46, 46, 56, 0.1), 0 1px 2px 0 rgba(46, 46, 56, 0.06)',
          md: '0 4px 6px -1px rgba(46, 46, 56, 0.1), 0 2px 4px -1px rgba(46, 46, 56, 0.06)',
          lg: '0 10px 15px -3px rgba(46, 46, 56, 0.1), 0 4px 6px -2px rgba(46, 46, 56, 0.05)',
          xl: '0 20px 25px -5px rgba(46, 46, 56, 0.1), 0 10px 10px -5px rgba(46, 46, 56, 0.04)',
          '2xl': '0 25px 50px -12px rgba(46, 46, 56, 0.25)',
          card: '0 2px 8px rgba(46, 46, 56, 0.08)',
          cardHover: '0 8px 16px rgba(46, 46, 56, 0.12)',
          dropdown: '0 10px 20px rgba(46, 46, 56, 0.15)',
          modal: '0 20px 40px rgba(46, 46, 56, 0.2)',
          inner: 'inset 0 2px 4px 0 rgba(46, 46, 56, 0.06)',
          focus: '0 0 0 3px rgba(255, 230, 0, 0.5)',
          focusError: '0 0 0 3px rgba(196, 35, 43, 0.5)',
          focusSuccess: '0 0 0 3px rgba(0, 163, 80, 0.5)'
        },
        breakpoints: {
          values: { xs: 0, sm: 640, md: 768, lg: 1024, xl: 1280, '2xl': 1536 },
          up: {
            xs: '@media (min-width: 0px)',
            sm: '@media (min-width: 640px)',
            md: '@media (min-width: 768px)',
            lg: '@media (min-width: 1024px)',
            xl: '@media (min-width: 1280px)',
            '2xl': '@media (min-width: 1536px)'
          },
          down: {
            xs: '@media (max-width: 639px)',
            sm: '@media (max-width: 767px)',
            md: '@media (max-width: 1023px)',
            lg: '@media (max-width: 1279px)',
            xl: '@media (max-width: 1535px)',
            '2xl': '@media (max-width: 9999px)'
          }
        },
        containers: {
          sm: '640px',
          md: '768px',
          lg: '1024px',
          xl: '1280px',
          '2xl': '1536px',
          full: '100%'
        },
        animations: {
          duration: { fast: '150ms', normal: '250ms', slow: '350ms', slower: '500ms' },
          easing: {
            linear: 'linear',
            easeIn: 'cubic-bezier(0.4, 0, 1, 1)',
            easeOut: 'cubic-bezier(0, 0, 0.2, 1)',
            easeInOut: 'cubic-bezier(0.4, 0, 0.2, 1)',
            bounce: 'cubic-bezier(0.68, -0.55, 0.265, 1.55)',
            in: 'cubic-bezier(0.4, 0, 1, 1)',
            out: 'cubic-bezier(0, 0, 0.2, 1)',
            inOut: 'cubic-bezier(0.4, 0, 0.2, 1)'
          },
          transition: {
            all: 'all 250ms cubic-bezier(0.4, 0, 0.2, 1)',
            colors: 'background-color 250ms cubic-bezier(0.4, 0, 0.2, 1), border-color 250ms cubic-bezier(0.4, 0, 0.2, 1), color 250ms cubic-bezier(0.4, 0, 0.2, 1), fill 250ms cubic-bezier(0.4, 0, 0.2, 1), stroke 250ms cubic-bezier(0.4, 0, 0.2, 1)',
            opacity: 'opacity 250ms cubic-bezier(0.4, 0, 0.2, 1)',
            shadow: 'box-shadow 250ms cubic-bezier(0.4, 0, 0.2, 1)',
            transform: 'transform 250ms cubic-bezier(0.4, 0, 0.2, 1)'
          },
          keyframes: {
            fadeIn: [Object],
            fadeOut: [Object],
            slideIn: [Object],
            slideOut: [Object],
            scaleIn: [Object],
            spin: [Object],
            pulse: [Object],
            bounce: [Object]
          },
          animate: {
            fadeIn: 'fadeIn 250ms cubic-bezier(0, 0, 0.2, 1)',
            fadeOut: 'fadeOut 250ms cubic-bezier(0.4, 0, 1, 1)',
            slideIn: 'slideIn 250ms cubic-bezier(0, 0, 0.2, 1)',
            slideOut: 'slideOut 250ms cubic-bezier(0.4, 0, 1, 1)',
            scaleIn: 'scaleIn 250ms cubic-bezier(0, 0, 0.2, 1)',
            spin: 'spin 1s linear infinite',
            pulse: 'pulse 2s cubic-bezier(0.4, 0, 0.2, 1) infinite',
            bounce: 'bounce 1s cubic-bezier(0.4, 0, 0.2, 1) infinite'
          }
        },
        components: {
          button: { height: [Object], padding: [Object], borderRadius: '4px' },
          card: {
            borderRadius: '8px',
            padding: '1.5rem',
            background: '#FFFFFF',
            border: '1px solid #E0E0E6'
          },
          input: {
            height: '40px',
            padding: '0.5rem 0.75rem',
            borderRadius: '4px',
            border: '1px solid #C0C0C6',
            focusBorder: '#FFE600'
          },
          modal: {
            overlay: 'rgba(46, 46, 56, 0.8)',
            borderRadius: '12px',
            padding: '2rem',
            maxWidth: '600px'
          }
        },
        zIndex: {
          dropdown: 1000,
          sticky: 1020,
          fixed: 1030,
          modalBackdrop: 1040,
          modal: 1050,
          popover: 1060,
          tooltip: 1070
        },
        borderRadius: {
          none: '0',
          sm: '2px',
          md: '4px',
          lg: '8px',
          xl: '12px',
          '2xl': '16px',
          '3xl': '24px',
          full: '9999px'
        }
      }

      at App (src/App.tsx:235:11)

    console.log
      Theme loaded: {
        colors: {
          gray: {
            '50': '#FAFAFA',
            '100': '#F5F5F5',
            '200': '#E0E0E6',
            '300': '#C0C0C6',
            '400': '#9E9E9E',
            '500': '#747480',
            '600': '#616161',
            '700': '#424242',
            '800': '#2E2E38',
            '900': '#212121'
          },
          primaryDark: '#E6D100',
          backgroundHover: '#F5F5F5',
          info: { light: '#E3F2FD', main: '#0B6BA7' },
          primary: {
            yellow: '#FFE600',
            black: '#2E2E38',
            white: '#FFFFFF',
            main: '#FFE600'
          },
          secondary: {
            darkGray: '#747480',
            mediumGray: '#C0C0C6',
            lightGray: '#F5F5F5',
            gray: '#C0C0C6'
          },
          accent: {
            blue: '#0B6BA7',
            green: '#00A350',
            red: '#C4232B',
            orange: '#FF7900',
            purple: '#6B46C1'
          },
          semantic: {
            success: '#00A350',
            warning: '#FF7900',
            error: '#C4232B',
            info: '#0B6BA7'
          },
          status: {
            success: '#00A350',
            warning: '#FF7900',
            error: '#C4232B',
            info: '#0B6BA7'
          },
          background: {
            primary: '#FFFFFF',
            secondary: '#F5F5F5',
            tertiary: '#FAFAFA',
            dark: '#2E2E38',
            overlay: 'rgba(46, 46, 56, 0.8)'
          },
          text: {
            primary: '#2E2E38',
            secondary: '#747480',
            tertiary: '#C0C0C6',
            inverse: '#FFFFFF',
            link: '#0B6BA7'
          },
          border: { light: '#E0E0E6', medium: '#C0C0C6', dark: '#747480' },
          shadow: {
            light: 'rgba(46, 46, 56, 0.08)',
            medium: 'rgba(46, 46, 56, 0.12)',
            dark: 'rgba(46, 46, 56, 0.24)'
          }
        },
        typography: {
          fontFamily: {
            primary: '"EYInterstate", -apple-system, BlinkMacSystemFont, "Segoe UI", Roboto, "Helvetica Neue", Arial, sans-serif',
            secondary: '"Georgia", "Times New Roman", Times, serif',
            mono: '"SF Mono", Monaco, "Cascadia Code", "Roboto Mono", Consolas, "Courier New", monospace'
          },
          fontSize: {
            xs: '0.75rem',
            sm: '0.875rem',
            base: '1rem',
            lg: '1.125rem',
            xl: '1.25rem',
            '2xl': '1.5rem',
            '3xl': '1.875rem',
            '4xl': '2.25rem',
            '5xl': '3rem',
            '6xl': '3.75rem'
          },
          fontWeight: {
            light: 300,
            normal: 400,
            medium: 500,
            semibold: 600,
            bold: 700,
            black: 900
          },
          lineHeight: { tight: 1.2, normal: 1.5, relaxed: 1.75, loose: 2 },
          letterSpacing: {
            tighter: '-0.02em',
            tight: '-0.01em',
            normal: '0',
            wide: '0.02em',
            wider: '0.04em',
            widest: '0.08em'
          },
          textStyles: {
            h1: [Object],
            h2: [Object],
            h3: [Object],
            h4: [Object],
            h5: [Object],
            h6: [Object],
            bodyLarge: [Object],
            body: [Object],
            bodySmall: [Object],
            button: [Object],
            caption: [Object],
            overline: [Object]
          }
        },
        spacing: {
          '0': '0',
          '1': '0.25rem',
          '2': '0.5rem',
          '3': '0.75rem',
          '4': '1rem',
          '5': '1.25rem',
          '6': '1.5rem',
          '7': '1.75rem',
          '8': '2rem',
          '9': '2.25rem',
          '10': '2.5rem',
          '11': '2.75rem',
          '12': '3rem',
          '14': '3.5rem',
          '16': '4rem',
          '20': '5rem',
          '24': '6rem',
          '28': '7rem',
          '32': '8rem',
          '36': '9rem',
          '40': '10rem',
          '44': '11rem',
          '48': '12rem',
          '52': '13rem',
          '56': '14rem',
          '60': '15rem',
          '64': '16rem',
          '72': '18rem',
          '80': '20rem',
          '96': '24rem',
          px: '1px',
          '0.5': '0.125rem',
          '1.5': '0.375rem',
          '2.5': '0.625rem',
          '3.5': '0.875rem'
        },
        layout: {
          containerPadding: { mobile: '1rem', tablet: '1.5rem', desktop: '2rem' },
          sectionSpacing: { small: '2rem', medium: '4rem', large: '6rem' },
          componentSpacing: {
            xs: '0.5rem',
            sm: '0.75rem',
            md: '1rem',
            lg: '1.5rem',
            xl: '2rem'
          },
          gridGap: { small: '1rem', medium: '1.5rem', large: '2rem' }
        },
        shadows: {
          none: 'none',
          sm: '0 1px 3px 0 rgba(46, 46, 56, 0.1), 0 1px 2px 0 rgba(46, 46, 56, 0.06)',
          md: '0 4px 6px -1px rgba(46, 46, 56, 0.1), 0 2px 4px -1px rgba(46, 46, 56, 0.06)',
          lg: '0 10px 15px -3px rgba(46, 46, 56, 0.1), 0 4px 6px -2px rgba(46, 46, 56, 0.05)',
          xl: '0 20px 25px -5px rgba(46, 46, 56, 0.1), 0 10px 10px -5px rgba(46, 46, 56, 0.04)',
          '2xl': '0 25px 50px -12px rgba(46, 46, 56, 0.25)',
          card: '0 2px 8px rgba(46, 46, 56, 0.08)',
          cardHover: '0 8px 16px rgba(46, 46, 56, 0.12)',
          dropdown: '0 10px 20px rgba(46, 46, 56, 0.15)',
          modal: '0 20px 40px rgba(46, 46, 56, 0.2)',
          inner: 'inset 0 2px 4px 0 rgba(46, 46, 56, 0.06)',
          focus: '0 0 0 3px rgba(255, 230, 0, 0.5)',
          focusError: '0 0 0 3px rgba(196, 35, 43, 0.5)',
          focusSuccess: '0 0 0 3px rgba(0, 163, 80, 0.5)'
        },
        breakpoints: {
          values: { xs: 0, sm: 640, md: 768, lg: 1024, xl: 1280, '2xl': 1536 },
          up: {
            xs: '@media (min-width: 0px)',
            sm: '@media (min-width: 640px)',
            md: '@media (min-width: 768px)',
            lg: '@media (min-width: 1024px)',
            xl: '@media (min-width: 1280px)',
            '2xl': '@media (min-width: 1536px)'
          },
          down: {
            xs: '@media (max-width: 639px)',
            sm: '@media (max-width: 767px)',
            md: '@media (max-width: 1023px)',
            lg: '@media (max-width: 1279px)',
            xl: '@media (max-width: 1535px)',
            '2xl': '@media (max-width: 9999px)'
          }
        },
        containers: {
          sm: '640px',
          md: '768px',
          lg: '1024px',
          xl: '1280px',
          '2xl': '1536px',
          full: '100%'
        },
        animations: {
          duration: { fast: '150ms', normal: '250ms', slow: '350ms', slower: '500ms' },
          easing: {
            linear: 'linear',
            easeIn: 'cubic-bezier(0.4, 0, 1, 1)',
            easeOut: 'cubic-bezier(0, 0, 0.2, 1)',
            easeInOut: 'cubic-bezier(0.4, 0, 0.2, 1)',
            bounce: 'cubic-bezier(0.68, -0.55, 0.265, 1.55)',
            in: 'cubic-bezier(0.4, 0, 1, 1)',
            out: 'cubic-bezier(0, 0, 0.2, 1)',
            inOut: 'cubic-bezier(0.4, 0, 0.2, 1)'
          },
          transition: {
            all: 'all 250ms cubic-bezier(0.4, 0, 0.2, 1)',
            colors: 'background-color 250ms cubic-bezier(0.4, 0, 0.2, 1), border-color 250ms cubic-bezier(0.4, 0, 0.2, 1), color 250ms cubic-bezier(0.4, 0, 0.2, 1), fill 250ms cubic-bezier(0.4, 0, 0.2, 1), stroke 250ms cubic-bezier(0.4, 0, 0.2, 1)',
            opacity: 'opacity 250ms cubic-bezier(0.4, 0, 0.2, 1)',
            shadow: 'box-shadow 250ms cubic-bezier(0.4, 0, 0.2, 1)',
            transform: 'transform 250ms cubic-bezier(0.4, 0, 0.2, 1)'
          },
          keyframes: {
            fadeIn: [Object],
            fadeOut: [Object],
            slideIn: [Object],
            slideOut: [Object],
            scaleIn: [Object],
            spin: [Object],
            pulse: [Object],
            bounce: [Object]
          },
          animate: {
            fadeIn: 'fadeIn 250ms cubic-bezier(0, 0, 0.2, 1)',
            fadeOut: 'fadeOut 250ms cubic-bezier(0.4, 0, 1, 1)',
            slideIn: 'slideIn 250ms cubic-bezier(0, 0, 0.2, 1)',
            slideOut: 'slideOut 250ms cubic-bezier(0.4, 0, 1, 1)',
            scaleIn: 'scaleIn 250ms cubic-bezier(0, 0, 0.2, 1)',
            spin: 'spin 1s linear infinite',
            pulse: 'pulse 2s cubic-bezier(0.4, 0, 0.2, 1) infinite',
            bounce: 'bounce 1s cubic-bezier(0.4, 0, 0.2, 1) infinite'
          }
        },
        components: {
          button: { height: [Object], padding: [Object], borderRadius: '4px' },
          card: {
            borderRadius: '8px',
            padding: '1.5rem',
            background: '#FFFFFF',
            border: '1px solid #E0E0E6'
          },
          input: {
            height: '40px',
            padding: '0.5rem 0.75rem',
            borderRadius: '4px',
            border: '1px solid #C0C0C6',
            focusBorder: '#FFE600'
          },
          modal: {
            overlay: 'rgba(46, 46, 56, 0.8)',
            borderRadius: '12px',
            padding: '2rem',
            maxWidth: '600px'
          }
        },
        zIndex: {
          dropdown: 1000,
          sticky: 1020,
          fixed: 1030,
          modalBackdrop: 1040,
          modal: 1050,
          popover: 1060,
          tooltip: 1070
        },
        borderRadius: {
          none: '0',
          sm: '2px',
          md: '4px',
          lg: '8px',
          xl: '12px',
          '2xl': '16px',
          '3xl': '24px',
          full: '9999px'
        }
      }

      at App (src/App.tsx:235:11)

    console.log
      Theme loaded: {
        colors: {
          gray: {
            '50': '#FAFAFA',
            '100': '#F5F5F5',
            '200': '#E0E0E6',
            '300': '#C0C0C6',
            '400': '#9E9E9E',
            '500': '#747480',
            '600': '#616161',
            '700': '#424242',
            '800': '#2E2E38',
            '900': '#212121'
          },
          primaryDark: '#E6D100',
          backgroundHover: '#F5F5F5',
          info: { light: '#E3F2FD', main: '#0B6BA7' },
          primary: {
            yellow: '#FFE600',
            black: '#2E2E38',
            white: '#FFFFFF',
            main: '#FFE600'
          },
          secondary: {
            darkGray: '#747480',
            mediumGray: '#C0C0C6',
            lightGray: '#F5F5F5',
            gray: '#C0C0C6'
          },
          accent: {
            blue: '#0B6BA7',
            green: '#00A350',
            red: '#C4232B',
            orange: '#FF7900',
            purple: '#6B46C1'
          },
          semantic: {
            success: '#00A350',
            warning: '#FF7900',
            error: '#C4232B',
            info: '#0B6BA7'
          },
          status: {
            success: '#00A350',
            warning: '#FF7900',
            error: '#C4232B',
            info: '#0B6BA7'
          },
          background: {
            primary: '#FFFFFF',
            secondary: '#F5F5F5',
            tertiary: '#FAFAFA',
            dark: '#2E2E38',
            overlay: 'rgba(46, 46, 56, 0.8)'
          },
          text: {
            primary: '#2E2E38',
            secondary: '#747480',
            tertiary: '#C0C0C6',
            inverse: '#FFFFFF',
            link: '#0B6BA7'
          },
          border: { light: '#E0E0E6', medium: '#C0C0C6', dark: '#747480' },
          shadow: {
            light: 'rgba(46, 46, 56, 0.08)',
            medium: 'rgba(46, 46, 56, 0.12)',
            dark: 'rgba(46, 46, 56, 0.24)'
          }
        },
        typography: {
          fontFamily: {
            primary: '"EYInterstate", -apple-system, BlinkMacSystemFont, "Segoe UI", Roboto, "Helvetica Neue", Arial, sans-serif',
            secondary: '"Georgia", "Times New Roman", Times, serif',
            mono: '"SF Mono", Monaco, "Cascadia Code", "Roboto Mono", Consolas, "Courier New", monospace'
          },
          fontSize: {
            xs: '0.75rem',
            sm: '0.875rem',
            base: '1rem',
            lg: '1.125rem',
            xl: '1.25rem',
            '2xl': '1.5rem',
            '3xl': '1.875rem',
            '4xl': '2.25rem',
            '5xl': '3rem',
            '6xl': '3.75rem'
          },
          fontWeight: {
            light: 300,
            normal: 400,
            medium: 500,
            semibold: 600,
            bold: 700,
            black: 900
          },
          lineHeight: { tight: 1.2, normal: 1.5, relaxed: 1.75, loose: 2 },
          letterSpacing: {
            tighter: '-0.02em',
            tight: '-0.01em',
            normal: '0',
            wide: '0.02em',
            wider: '0.04em',
            widest: '0.08em'
          },
          textStyles: {
            h1: [Object],
            h2: [Object],
            h3: [Object],
            h4: [Object],
            h5: [Object],
            h6: [Object],
            bodyLarge: [Object],
            body: [Object],
            bodySmall: [Object],
            button: [Object],
            caption: [Object],
            overline: [Object]
          }
        },
        spacing: {
          '0': '0',
          '1': '0.25rem',
          '2': '0.5rem',
          '3': '0.75rem',
          '4': '1rem',
          '5': '1.25rem',
          '6': '1.5rem',
          '7': '1.75rem',
          '8': '2rem',
          '9': '2.25rem',
          '10': '2.5rem',
          '11': '2.75rem',
          '12': '3rem',
          '14': '3.5rem',
          '16': '4rem',
          '20': '5rem',
          '24': '6rem',
          '28': '7rem',
          '32': '8rem',
          '36': '9rem',
          '40': '10rem',
          '44': '11rem',
          '48': '12rem',
          '52': '13rem',
          '56': '14rem',
          '60': '15rem',
          '64': '16rem',
          '72': '18rem',
          '80': '20rem',
          '96': '24rem',
          px: '1px',
          '0.5': '0.125rem',
          '1.5': '0.375rem',
          '2.5': '0.625rem',
          '3.5': '0.875rem'
        },
        layout: {
          containerPadding: { mobile: '1rem', tablet: '1.5rem', desktop: '2rem' },
          sectionSpacing: { small: '2rem', medium: '4rem', large: '6rem' },
          componentSpacing: {
            xs: '0.5rem',
            sm: '0.75rem',
            md: '1rem',
            lg: '1.5rem',
            xl: '2rem'
          },
          gridGap: { small: '1rem', medium: '1.5rem', large: '2rem' }
        },
        shadows: {
          none: 'none',
          sm: '0 1px 3px 0 rgba(46, 46, 56, 0.1), 0 1px 2px 0 rgba(46, 46, 56, 0.06)',
          md: '0 4px 6px -1px rgba(46, 46, 56, 0.1), 0 2px 4px -1px rgba(46, 46, 56, 0.06)',
          lg: '0 10px 15px -3px rgba(46, 46, 56, 0.1), 0 4px 6px -2px rgba(46, 46, 56, 0.05)',
          xl: '0 20px 25px -5px rgba(46, 46, 56, 0.1), 0 10px 10px -5px rgba(46, 46, 56, 0.04)',
          '2xl': '0 25px 50px -12px rgba(46, 46, 56, 0.25)',
          card: '0 2px 8px rgba(46, 46, 56, 0.08)',
          cardHover: '0 8px 16px rgba(46, 46, 56, 0.12)',
          dropdown: '0 10px 20px rgba(46, 46, 56, 0.15)',
          modal: '0 20px 40px rgba(46, 46, 56, 0.2)',
          inner: 'inset 0 2px 4px 0 rgba(46, 46, 56, 0.06)',
          focus: '0 0 0 3px rgba(255, 230, 0, 0.5)',
          focusError: '0 0 0 3px rgba(196, 35, 43, 0.5)',
          focusSuccess: '0 0 0 3px rgba(0, 163, 80, 0.5)'
        },
        breakpoints: {
          values: { xs: 0, sm: 640, md: 768, lg: 1024, xl: 1280, '2xl': 1536 },
          up: {
            xs: '@media (min-width: 0px)',
            sm: '@media (min-width: 640px)',
            md: '@media (min-width: 768px)',
            lg: '@media (min-width: 1024px)',
            xl: '@media (min-width: 1280px)',
            '2xl': '@media (min-width: 1536px)'
          },
          down: {
            xs: '@media (max-width: 639px)',
            sm: '@media (max-width: 767px)',
            md: '@media (max-width: 1023px)',
            lg: '@media (max-width: 1279px)',
            xl: '@media (max-width: 1535px)',
            '2xl': '@media (max-width: 9999px)'
          }
        },
        containers: {
          sm: '640px',
          md: '768px',
          lg: '1024px',
          xl: '1280px',
          '2xl': '1536px',
          full: '100%'
        },
        animations: {
          duration: { fast: '150ms', normal: '250ms', slow: '350ms', slower: '500ms' },
          easing: {
            linear: 'linear',
            easeIn: 'cubic-bezier(0.4, 0, 1, 1)',
            easeOut: 'cubic-bezier(0, 0, 0.2, 1)',
            easeInOut: 'cubic-bezier(0.4, 0, 0.2, 1)',
            bounce: 'cubic-bezier(0.68, -0.55, 0.265, 1.55)',
            in: 'cubic-bezier(0.4, 0, 1, 1)',
            out: 'cubic-bezier(0, 0, 0.2, 1)',
            inOut: 'cubic-bezier(0.4, 0, 0.2, 1)'
          },
          transition: {
            all: 'all 250ms cubic-bezier(0.4, 0, 0.2, 1)',
            colors: 'background-color 250ms cubic-bezier(0.4, 0, 0.2, 1), border-color 250ms cubic-bezier(0.4, 0, 0.2, 1), color 250ms cubic-bezier(0.4, 0, 0.2, 1), fill 250ms cubic-bezier(0.4, 0, 0.2, 1), stroke 250ms cubic-bezier(0.4, 0, 0.2, 1)',
            opacity: 'opacity 250ms cubic-bezier(0.4, 0, 0.2, 1)',
            shadow: 'box-shadow 250ms cubic-bezier(0.4, 0, 0.2, 1)',
            transform: 'transform 250ms cubic-bezier(0.4, 0, 0.2, 1)'
          },
          keyframes: {
            fadeIn: [Object],
            fadeOut: [Object],
            slideIn: [Object],
            slideOut: [Object],
            scaleIn: [Object],
            spin: [Object],
            pulse: [Object],
            bounce: [Object]
          },
          animate: {
            fadeIn: 'fadeIn 250ms cubic-bezier(0, 0, 0.2, 1)',
            fadeOut: 'fadeOut 250ms cubic-bezier(0.4, 0, 1, 1)',
            slideIn: 'slideIn 250ms cubic-bezier(0, 0, 0.2, 1)',
            slideOut: 'slideOut 250ms cubic-bezier(0.4, 0, 1, 1)',
            scaleIn: 'scaleIn 250ms cubic-bezier(0, 0, 0.2, 1)',
            spin: 'spin 1s linear infinite',
            pulse: 'pulse 2s cubic-bezier(0.4, 0, 0.2, 1) infinite',
            bounce: 'bounce 1s cubic-bezier(0.4, 0, 0.2, 1) infinite'
          }
        },
        components: {
          button: { height: [Object], padding: [Object], borderRadius: '4px' },
          card: {
            borderRadius: '8px',
            padding: '1.5rem',
            background: '#FFFFFF',
            border: '1px solid #E0E0E6'
          },
          input: {
            height: '40px',
            padding: '0.5rem 0.75rem',
            borderRadius: '4px',
            border: '1px solid #C0C0C6',
            focusBorder: '#FFE600'
          },
          modal: {
            overlay: 'rgba(46, 46, 56, 0.8)',
            borderRadius: '12px',
            padding: '2rem',
            maxWidth: '600px'
          }
        },
        zIndex: {
          dropdown: 1000,
          sticky: 1020,
          fixed: 1030,
          modalBackdrop: 1040,
          modal: 1050,
          popover: 1060,
          tooltip: 1070
        },
        borderRadius: {
          none: '0',
          sm: '2px',
          md: '4px',
          lg: '8px',
          xl: '12px',
          '2xl': '16px',
          '3xl': '24px',
          full: '9999px'
        }
      }

      at App (src/App.tsx:235:11)

    console.log
      Theme loaded: {
        colors: {
          gray: {
            '50': '#FAFAFA',
            '100': '#F5F5F5',
            '200': '#E0E0E6',
            '300': '#C0C0C6',
            '400': '#9E9E9E',
            '500': '#747480',
            '600': '#616161',
            '700': '#424242',
            '800': '#2E2E38',
            '900': '#212121'
          },
          primaryDark: '#E6D100',
          backgroundHover: '#F5F5F5',
          info: { light: '#E3F2FD', main: '#0B6BA7' },
          primary: {
            yellow: '#FFE600',
            black: '#2E2E38',
            white: '#FFFFFF',
            main: '#FFE600'
          },
          secondary: {
            darkGray: '#747480',
            mediumGray: '#C0C0C6',
            lightGray: '#F5F5F5',
            gray: '#C0C0C6'
          },
          accent: {
            blue: '#0B6BA7',
            green: '#00A350',
            red: '#C4232B',
            orange: '#FF7900',
            purple: '#6B46C1'
          },
          semantic: {
            success: '#00A350',
            warning: '#FF7900',
            error: '#C4232B',
            info: '#0B6BA7'
          },
          status: {
            success: '#00A350',
            warning: '#FF7900',
            error: '#C4232B',
            info: '#0B6BA7'
          },
          background: {
            primary: '#FFFFFF',
            secondary: '#F5F5F5',
            tertiary: '#FAFAFA',
            dark: '#2E2E38',
            overlay: 'rgba(46, 46, 56, 0.8)'
          },
          text: {
            primary: '#2E2E38',
            secondary: '#747480',
            tertiary: '#C0C0C6',
            inverse: '#FFFFFF',
            link: '#0B6BA7'
          },
          border: { light: '#E0E0E6', medium: '#C0C0C6', dark: '#747480' },
          shadow: {
            light: 'rgba(46, 46, 56, 0.08)',
            medium: 'rgba(46, 46, 56, 0.12)',
            dark: 'rgba(46, 46, 56, 0.24)'
          }
        },
        typography: {
          fontFamily: {
            primary: '"EYInterstate", -apple-system, BlinkMacSystemFont, "Segoe UI", Roboto, "Helvetica Neue", Arial, sans-serif',
            secondary: '"Georgia", "Times New Roman", Times, serif',
            mono: '"SF Mono", Monaco, "Cascadia Code", "Roboto Mono", Consolas, "Courier New", monospace'
          },
          fontSize: {
            xs: '0.75rem',
            sm: '0.875rem',
            base: '1rem',
            lg: '1.125rem',
            xl: '1.25rem',
            '2xl': '1.5rem',
            '3xl': '1.875rem',
            '4xl': '2.25rem',
            '5xl': '3rem',
            '6xl': '3.75rem'
          },
          fontWeight: {
            light: 300,
            normal: 400,
            medium: 500,
            semibold: 600,
            bold: 700,
            black: 900
          },
          lineHeight: { tight: 1.2, normal: 1.5, relaxed: 1.75, loose: 2 },
          letterSpacing: {
            tighter: '-0.02em',
            tight: '-0.01em',
            normal: '0',
            wide: '0.02em',
            wider: '0.04em',
            widest: '0.08em'
          },
          textStyles: {
            h1: [Object],
            h2: [Object],
            h3: [Object],
            h4: [Object],
            h5: [Object],
            h6: [Object],
            bodyLarge: [Object],
            body: [Object],
            bodySmall: [Object],
            button: [Object],
            caption: [Object],
            overline: [Object]
          }
        },
        spacing: {
          '0': '0',
          '1': '0.25rem',
          '2': '0.5rem',
          '3': '0.75rem',
          '4': '1rem',
          '5': '1.25rem',
          '6': '1.5rem',
          '7': '1.75rem',
          '8': '2rem',
          '9': '2.25rem',
          '10': '2.5rem',
          '11': '2.75rem',
          '12': '3rem',
          '14': '3.5rem',
          '16': '4rem',
          '20': '5rem',
          '24': '6rem',
          '28': '7rem',
          '32': '8rem',
          '36': '9rem',
          '40': '10rem',
          '44': '11rem',
          '48': '12rem',
          '52': '13rem',
          '56': '14rem',
          '60': '15rem',
          '64': '16rem',
          '72': '18rem',
          '80': '20rem',
          '96': '24rem',
          px: '1px',
          '0.5': '0.125rem',
          '1.5': '0.375rem',
          '2.5': '0.625rem',
          '3.5': '0.875rem'
        },
        layout: {
          containerPadding: { mobile: '1rem', tablet: '1.5rem', desktop: '2rem' },
          sectionSpacing: { small: '2rem', medium: '4rem', large: '6rem' },
          componentSpacing: {
            xs: '0.5rem',
            sm: '0.75rem',
            md: '1rem',
            lg: '1.5rem',
            xl: '2rem'
          },
          gridGap: { small: '1rem', medium: '1.5rem', large: '2rem' }
        },
        shadows: {
          none: 'none',
          sm: '0 1px 3px 0 rgba(46, 46, 56, 0.1), 0 1px 2px 0 rgba(46, 46, 56, 0.06)',
          md: '0 4px 6px -1px rgba(46, 46, 56, 0.1), 0 2px 4px -1px rgba(46, 46, 56, 0.06)',
          lg: '0 10px 15px -3px rgba(46, 46, 56, 0.1), 0 4px 6px -2px rgba(46, 46, 56, 0.05)',
          xl: '0 20px 25px -5px rgba(46, 46, 56, 0.1), 0 10px 10px -5px rgba(46, 46, 56, 0.04)',
          '2xl': '0 25px 50px -12px rgba(46, 46, 56, 0.25)',
          card: '0 2px 8px rgba(46, 46, 56, 0.08)',
          cardHover: '0 8px 16px rgba(46, 46, 56, 0.12)',
          dropdown: '0 10px 20px rgba(46, 46, 56, 0.15)',
          modal: '0 20px 40px rgba(46, 46, 56, 0.2)',
          inner: 'inset 0 2px 4px 0 rgba(46, 46, 56, 0.06)',
          focus: '0 0 0 3px rgba(255, 230, 0, 0.5)',
          focusError: '0 0 0 3px rgba(196, 35, 43, 0.5)',
          focusSuccess: '0 0 0 3px rgba(0, 163, 80, 0.5)'
        },
        breakpoints: {
          values: { xs: 0, sm: 640, md: 768, lg: 1024, xl: 1280, '2xl': 1536 },
          up: {
            xs: '@media (min-width: 0px)',
            sm: '@media (min-width: 640px)',
            md: '@media (min-width: 768px)',
            lg: '@media (min-width: 1024px)',
            xl: '@media (min-width: 1280px)',
            '2xl': '@media (min-width: 1536px)'
          },
          down: {
            xs: '@media (max-width: 639px)',
            sm: '@media (max-width: 767px)',
            md: '@media (max-width: 1023px)',
            lg: '@media (max-width: 1279px)',
            xl: '@media (max-width: 1535px)',
            '2xl': '@media (max-width: 9999px)'
          }
        },
        containers: {
          sm: '640px',
          md: '768px',
          lg: '1024px',
          xl: '1280px',
          '2xl': '1536px',
          full: '100%'
        },
        animations: {
          duration: { fast: '150ms', normal: '250ms', slow: '350ms', slower: '500ms' },
          easing: {
            linear: 'linear',
            easeIn: 'cubic-bezier(0.4, 0, 1, 1)',
            easeOut: 'cubic-bezier(0, 0, 0.2, 1)',
            easeInOut: 'cubic-bezier(0.4, 0, 0.2, 1)',
            bounce: 'cubic-bezier(0.68, -0.55, 0.265, 1.55)',
            in: 'cubic-bezier(0.4, 0, 1, 1)',
            out: 'cubic-bezier(0, 0, 0.2, 1)',
            inOut: 'cubic-bezier(0.4, 0, 0.2, 1)'
          },
          transition: {
            all: 'all 250ms cubic-bezier(0.4, 0, 0.2, 1)',
            colors: 'background-color 250ms cubic-bezier(0.4, 0, 0.2, 1), border-color 250ms cubic-bezier(0.4, 0, 0.2, 1), color 250ms cubic-bezier(0.4, 0, 0.2, 1), fill 250ms cubic-bezier(0.4, 0, 0.2, 1), stroke 250ms cubic-bezier(0.4, 0, 0.2, 1)',
            opacity: 'opacity 250ms cubic-bezier(0.4, 0, 0.2, 1)',
            shadow: 'box-shadow 250ms cubic-bezier(0.4, 0, 0.2, 1)',
            transform: 'transform 250ms cubic-bezier(0.4, 0, 0.2, 1)'
          },
          keyframes: {
            fadeIn: [Object],
            fadeOut: [Object],
            slideIn: [Object],
            slideOut: [Object],
            scaleIn: [Object],
            spin: [Object],
            pulse: [Object],
            bounce: [Object]
          },
          animate: {
            fadeIn: 'fadeIn 250ms cubic-bezier(0, 0, 0.2, 1)',
            fadeOut: 'fadeOut 250ms cubic-bezier(0.4, 0, 1, 1)',
            slideIn: 'slideIn 250ms cubic-bezier(0, 0, 0.2, 1)',
            slideOut: 'slideOut 250ms cubic-bezier(0.4, 0, 1, 1)',
            scaleIn: 'scaleIn 250ms cubic-bezier(0, 0, 0.2, 1)',
            spin: 'spin 1s linear infinite',
            pulse: 'pulse 2s cubic-bezier(0.4, 0, 0.2, 1) infinite',
            bounce: 'bounce 1s cubic-bezier(0.4, 0, 0.2, 1) infinite'
          }
        },
        components: {
          button: { height: [Object], padding: [Object], borderRadius: '4px' },
          card: {
            borderRadius: '8px',
            padding: '1.5rem',
            background: '#FFFFFF',
            border: '1px solid #E0E0E6'
          },
          input: {
            height: '40px',
            padding: '0.5rem 0.75rem',
            borderRadius: '4px',
            border: '1px solid #C0C0C6',
            focusBorder: '#FFE600'
          },
          modal: {
            overlay: 'rgba(46, 46, 56, 0.8)',
            borderRadius: '12px',
            padding: '2rem',
            maxWidth: '600px'
          }
        },
        zIndex: {
          dropdown: 1000,
          sticky: 1020,
          fixed: 1030,
          modalBackdrop: 1040,
          modal: 1050,
          popover: 1060,
          tooltip: 1070
        },
        borderRadius: {
          none: '0',
          sm: '2px',
          md: '4px',
          lg: '8px',
          xl: '12px',
          '2xl': '16px',
          '3xl': '24px',
          full: '9999px'
        }
      }

      at App (src/App.tsx:235:11)

    console.log
      Theme loaded: {
        colors: {
          gray: {
            '50': '#FAFAFA',
            '100': '#F5F5F5',
            '200': '#E0E0E6',
            '300': '#C0C0C6',
            '400': '#9E9E9E',
            '500': '#747480',
            '600': '#616161',
            '700': '#424242',
            '800': '#2E2E38',
            '900': '#212121'
          },
          primaryDark: '#E6D100',
          backgroundHover: '#F5F5F5',
          info: { light: '#E3F2FD', main: '#0B6BA7' },
          primary: {
            yellow: '#FFE600',
            black: '#2E2E38',
            white: '#FFFFFF',
            main: '#FFE600'
          },
          secondary: {
            darkGray: '#747480',
            mediumGray: '#C0C0C6',
            lightGray: '#F5F5F5',
            gray: '#C0C0C6'
          },
          accent: {
            blue: '#0B6BA7',
            green: '#00A350',
            red: '#C4232B',
            orange: '#FF7900',
            purple: '#6B46C1'
          },
          semantic: {
            success: '#00A350',
            warning: '#FF7900',
            error: '#C4232B',
            info: '#0B6BA7'
          },
          status: {
            success: '#00A350',
            warning: '#FF7900',
            error: '#C4232B',
            info: '#0B6BA7'
          },
          background: {
            primary: '#FFFFFF',
            secondary: '#F5F5F5',
            tertiary: '#FAFAFA',
            dark: '#2E2E38',
            overlay: 'rgba(46, 46, 56, 0.8)'
          },
          text: {
            primary: '#2E2E38',
            secondary: '#747480',
            tertiary: '#C0C0C6',
            inverse: '#FFFFFF',
            link: '#0B6BA7'
          },
          border: { light: '#E0E0E6', medium: '#C0C0C6', dark: '#747480' },
          shadow: {
            light: 'rgba(46, 46, 56, 0.08)',
            medium: 'rgba(46, 46, 56, 0.12)',
            dark: 'rgba(46, 46, 56, 0.24)'
          }
        },
        typography: {
          fontFamily: {
            primary: '"EYInterstate", -apple-system, BlinkMacSystemFont, "Segoe UI", Roboto, "Helvetica Neue", Arial, sans-serif',
            secondary: '"Georgia", "Times New Roman", Times, serif',
            mono: '"SF Mono", Monaco, "Cascadia Code", "Roboto Mono", Consolas, "Courier New", monospace'
          },
          fontSize: {
            xs: '0.75rem',
            sm: '0.875rem',
            base: '1rem',
            lg: '1.125rem',
            xl: '1.25rem',
            '2xl': '1.5rem',
            '3xl': '1.875rem',
            '4xl': '2.25rem',
            '5xl': '3rem',
            '6xl': '3.75rem'
          },
          fontWeight: {
            light: 300,
            normal: 400,
            medium: 500,
            semibold: 600,
            bold: 700,
            black: 900
          },
          lineHeight: { tight: 1.2, normal: 1.5, relaxed: 1.75, loose: 2 },
          letterSpacing: {
            tighter: '-0.02em',
            tight: '-0.01em',
            normal: '0',
            wide: '0.02em',
            wider: '0.04em',
            widest: '0.08em'
          },
          textStyles: {
            h1: [Object],
            h2: [Object],
            h3: [Object],
            h4: [Object],
            h5: [Object],
            h6: [Object],
            bodyLarge: [Object],
            body: [Object],
            bodySmall: [Object],
            button: [Object],
            caption: [Object],
            overline: [Object]
          }
        },
        spacing: {
          '0': '0',
          '1': '0.25rem',
          '2': '0.5rem',
          '3': '0.75rem',
          '4': '1rem',
          '5': '1.25rem',
          '6': '1.5rem',
          '7': '1.75rem',
          '8': '2rem',
          '9': '2.25rem',
          '10': '2.5rem',
          '11': '2.75rem',
          '12': '3rem',
          '14': '3.5rem',
          '16': '4rem',
          '20': '5rem',
          '24': '6rem',
          '28': '7rem',
          '32': '8rem',
          '36': '9rem',
          '40': '10rem',
          '44': '11rem',
          '48': '12rem',
          '52': '13rem',
          '56': '14rem',
          '60': '15rem',
          '64': '16rem',
          '72': '18rem',
          '80': '20rem',
          '96': '24rem',
          px: '1px',
          '0.5': '0.125rem',
          '1.5': '0.375rem',
          '2.5': '0.625rem',
          '3.5': '0.875rem'
        },
        layout: {
          containerPadding: { mobile: '1rem', tablet: '1.5rem', desktop: '2rem' },
          sectionSpacing: { small: '2rem', medium: '4rem', large: '6rem' },
          componentSpacing: {
            xs: '0.5rem',
            sm: '0.75rem',
            md: '1rem',
            lg: '1.5rem',
            xl: '2rem'
          },
          gridGap: { small: '1rem', medium: '1.5rem', large: '2rem' }
        },
        shadows: {
          none: 'none',
          sm: '0 1px 3px 0 rgba(46, 46, 56, 0.1), 0 1px 2px 0 rgba(46, 46, 56, 0.06)',
          md: '0 4px 6px -1px rgba(46, 46, 56, 0.1), 0 2px 4px -1px rgba(46, 46, 56, 0.06)',
          lg: '0 10px 15px -3px rgba(46, 46, 56, 0.1), 0 4px 6px -2px rgba(46, 46, 56, 0.05)',
          xl: '0 20px 25px -5px rgba(46, 46, 56, 0.1), 0 10px 10px -5px rgba(46, 46, 56, 0.04)',
          '2xl': '0 25px 50px -12px rgba(46, 46, 56, 0.25)',
          card: '0 2px 8px rgba(46, 46, 56, 0.08)',
          cardHover: '0 8px 16px rgba(46, 46, 56, 0.12)',
          dropdown: '0 10px 20px rgba(46, 46, 56, 0.15)',
          modal: '0 20px 40px rgba(46, 46, 56, 0.2)',
          inner: 'inset 0 2px 4px 0 rgba(46, 46, 56, 0.06)',
          focus: '0 0 0 3px rgba(255, 230, 0, 0.5)',
          focusError: '0 0 0 3px rgba(196, 35, 43, 0.5)',
          focusSuccess: '0 0 0 3px rgba(0, 163, 80, 0.5)'
        },
        breakpoints: {
          values: { xs: 0, sm: 640, md: 768, lg: 1024, xl: 1280, '2xl': 1536 },
          up: {
            xs: '@media (min-width: 0px)',
            sm: '@media (min-width: 640px)',
            md: '@media (min-width: 768px)',
            lg: '@media (min-width: 1024px)',
            xl: '@media (min-width: 1280px)',
            '2xl': '@media (min-width: 1536px)'
          },
          down: {
            xs: '@media (max-width: 639px)',
            sm: '@media (max-width: 767px)',
            md: '@media (max-width: 1023px)',
            lg: '@media (max-width: 1279px)',
            xl: '@media (max-width: 1535px)',
            '2xl': '@media (max-width: 9999px)'
          }
        },
        containers: {
          sm: '640px',
          md: '768px',
          lg: '1024px',
          xl: '1280px',
          '2xl': '1536px',
          full: '100%'
        },
        animations: {
          duration: { fast: '150ms', normal: '250ms', slow: '350ms', slower: '500ms' },
          easing: {
            linear: 'linear',
            easeIn: 'cubic-bezier(0.4, 0, 1, 1)',
            easeOut: 'cubic-bezier(0, 0, 0.2, 1)',
            easeInOut: 'cubic-bezier(0.4, 0, 0.2, 1)',
            bounce: 'cubic-bezier(0.68, -0.55, 0.265, 1.55)',
            in: 'cubic-bezier(0.4, 0, 1, 1)',
            out: 'cubic-bezier(0, 0, 0.2, 1)',
            inOut: 'cubic-bezier(0.4, 0, 0.2, 1)'
          },
          transition: {
            all: 'all 250ms cubic-bezier(0.4, 0, 0.2, 1)',
            colors: 'background-color 250ms cubic-bezier(0.4, 0, 0.2, 1), border-color 250ms cubic-bezier(0.4, 0, 0.2, 1), color 250ms cubic-bezier(0.4, 0, 0.2, 1), fill 250ms cubic-bezier(0.4, 0, 0.2, 1), stroke 250ms cubic-bezier(0.4, 0, 0.2, 1)',
            opacity: 'opacity 250ms cubic-bezier(0.4, 0, 0.2, 1)',
            shadow: 'box-shadow 250ms cubic-bezier(0.4, 0, 0.2, 1)',
            transform: 'transform 250ms cubic-bezier(0.4, 0, 0.2, 1)'
          },
          keyframes: {
            fadeIn: [Object],
            fadeOut: [Object],
            slideIn: [Object],
            slideOut: [Object],
            scaleIn: [Object],
            spin: [Object],
            pulse: [Object],
            bounce: [Object]
          },
          animate: {
            fadeIn: 'fadeIn 250ms cubic-bezier(0, 0, 0.2, 1)',
            fadeOut: 'fadeOut 250ms cubic-bezier(0.4, 0, 1, 1)',
            slideIn: 'slideIn 250ms cubic-bezier(0, 0, 0.2, 1)',
            slideOut: 'slideOut 250ms cubic-bezier(0.4, 0, 1, 1)',
            scaleIn: 'scaleIn 250ms cubic-bezier(0, 0, 0.2, 1)',
            spin: 'spin 1s linear infinite',
            pulse: 'pulse 2s cubic-bezier(0.4, 0, 0.2, 1) infinite',
            bounce: 'bounce 1s cubic-bezier(0.4, 0, 0.2, 1) infinite'
          }
        },
        components: {
          button: { height: [Object], padding: [Object], borderRadius: '4px' },
          card: {
            borderRadius: '8px',
            padding: '1.5rem',
            background: '#FFFFFF',
            border: '1px solid #E0E0E6'
          },
          input: {
            height: '40px',
            padding: '0.5rem 0.75rem',
            borderRadius: '4px',
            border: '1px solid #C0C0C6',
            focusBorder: '#FFE600'
          },
          modal: {
            overlay: 'rgba(46, 46, 56, 0.8)',
            borderRadius: '12px',
            padding: '2rem',
            maxWidth: '600px'
          }
        },
        zIndex: {
          dropdown: 1000,
          sticky: 1020,
          fixed: 1030,
          modalBackdrop: 1040,
          modal: 1050,
          popover: 1060,
          tooltip: 1070
        },
        borderRadius: {
          none: '0',
          sm: '2px',
          md: '4px',
          lg: '8px',
          xl: '12px',
          '2xl': '16px',
          '3xl': '24px',
          full: '9999px'
        }
      }

      at App (src/App.tsx:235:11)

    console.log
      Theme loaded: {
        colors: {
          gray: {
            '50': '#FAFAFA',
            '100': '#F5F5F5',
            '200': '#E0E0E6',
            '300': '#C0C0C6',
            '400': '#9E9E9E',
            '500': '#747480',
            '600': '#616161',
            '700': '#424242',
            '800': '#2E2E38',
            '900': '#212121'
          },
          primaryDark: '#E6D100',
          backgroundHover: '#F5F5F5',
          info: { light: '#E3F2FD', main: '#0B6BA7' },
          primary: {
            yellow: '#FFE600',
            black: '#2E2E38',
            white: '#FFFFFF',
            main: '#FFE600'
          },
          secondary: {
            darkGray: '#747480',
            mediumGray: '#C0C0C6',
            lightGray: '#F5F5F5',
            gray: '#C0C0C6'
          },
          accent: {
            blue: '#0B6BA7',
            green: '#00A350',
            red: '#C4232B',
            orange: '#FF7900',
            purple: '#6B46C1'
          },
          semantic: {
            success: '#00A350',
            warning: '#FF7900',
            error: '#C4232B',
            info: '#0B6BA7'
          },
          status: {
            success: '#00A350',
            warning: '#FF7900',
            error: '#C4232B',
            info: '#0B6BA7'
          },
          background: {
            primary: '#FFFFFF',
            secondary: '#F5F5F5',
            tertiary: '#FAFAFA',
            dark: '#2E2E38',
            overlay: 'rgba(46, 46, 56, 0.8)'
          },
          text: {
            primary: '#2E2E38',
            secondary: '#747480',
            tertiary: '#C0C0C6',
            inverse: '#FFFFFF',
            link: '#0B6BA7'
          },
          border: { light: '#E0E0E6', medium: '#C0C0C6', dark: '#747480' },
          shadow: {
            light: 'rgba(46, 46, 56, 0.08)',
            medium: 'rgba(46, 46, 56, 0.12)',
            dark: 'rgba(46, 46, 56, 0.24)'
          }
        },
        typography: {
          fontFamily: {
            primary: '"EYInterstate", -apple-system, BlinkMacSystemFont, "Segoe UI", Roboto, "Helvetica Neue", Arial, sans-serif',
            secondary: '"Georgia", "Times New Roman", Times, serif',
            mono: '"SF Mono", Monaco, "Cascadia Code", "Roboto Mono", Consolas, "Courier New", monospace'
          },
          fontSize: {
            xs: '0.75rem',
            sm: '0.875rem',
            base: '1rem',
            lg: '1.125rem',
            xl: '1.25rem',
            '2xl': '1.5rem',
            '3xl': '1.875rem',
            '4xl': '2.25rem',
            '5xl': '3rem',
            '6xl': '3.75rem'
          },
          fontWeight: {
            light: 300,
            normal: 400,
            medium: 500,
            semibold: 600,
            bold: 700,
            black: 900
          },
          lineHeight: { tight: 1.2, normal: 1.5, relaxed: 1.75, loose: 2 },
          letterSpacing: {
            tighter: '-0.02em',
            tight: '-0.01em',
            normal: '0',
            wide: '0.02em',
            wider: '0.04em',
            widest: '0.08em'
          },
          textStyles: {
            h1: [Object],
            h2: [Object],
            h3: [Object],
            h4: [Object],
            h5: [Object],
            h6: [Object],
            bodyLarge: [Object],
            body: [Object],
            bodySmall: [Object],
            button: [Object],
            caption: [Object],
            overline: [Object]
          }
        },
        spacing: {
          '0': '0',
          '1': '0.25rem',
          '2': '0.5rem',
          '3': '0.75rem',
          '4': '1rem',
          '5': '1.25rem',
          '6': '1.5rem',
          '7': '1.75rem',
          '8': '2rem',
          '9': '2.25rem',
          '10': '2.5rem',
          '11': '2.75rem',
          '12': '3rem',
          '14': '3.5rem',
          '16': '4rem',
          '20': '5rem',
          '24': '6rem',
          '28': '7rem',
          '32': '8rem',
          '36': '9rem',
          '40': '10rem',
          '44': '11rem',
          '48': '12rem',
          '52': '13rem',
          '56': '14rem',
          '60': '15rem',
          '64': '16rem',
          '72': '18rem',
          '80': '20rem',
          '96': '24rem',
          px: '1px',
          '0.5': '0.125rem',
          '1.5': '0.375rem',
          '2.5': '0.625rem',
          '3.5': '0.875rem'
        },
        layout: {
          containerPadding: { mobile: '1rem', tablet: '1.5rem', desktop: '2rem' },
          sectionSpacing: { small: '2rem', medium: '4rem', large: '6rem' },
          componentSpacing: {
            xs: '0.5rem',
            sm: '0.75rem',
            md: '1rem',
            lg: '1.5rem',
            xl: '2rem'
          },
          gridGap: { small: '1rem', medium: '1.5rem', large: '2rem' }
        },
        shadows: {
          none: 'none',
          sm: '0 1px 3px 0 rgba(46, 46, 56, 0.1), 0 1px 2px 0 rgba(46, 46, 56, 0.06)',
          md: '0 4px 6px -1px rgba(46, 46, 56, 0.1), 0 2px 4px -1px rgba(46, 46, 56, 0.06)',
          lg: '0 10px 15px -3px rgba(46, 46, 56, 0.1), 0 4px 6px -2px rgba(46, 46, 56, 0.05)',
          xl: '0 20px 25px -5px rgba(46, 46, 56, 0.1), 0 10px 10px -5px rgba(46, 46, 56, 0.04)',
          '2xl': '0 25px 50px -12px rgba(46, 46, 56, 0.25)',
          card: '0 2px 8px rgba(46, 46, 56, 0.08)',
          cardHover: '0 8px 16px rgba(46, 46, 56, 0.12)',
          dropdown: '0 10px 20px rgba(46, 46, 56, 0.15)',
          modal: '0 20px 40px rgba(46, 46, 56, 0.2)',
          inner: 'inset 0 2px 4px 0 rgba(46, 46, 56, 0.06)',
          focus: '0 0 0 3px rgba(255, 230, 0, 0.5)',
          focusError: '0 0 0 3px rgba(196, 35, 43, 0.5)',
          focusSuccess: '0 0 0 3px rgba(0, 163, 80, 0.5)'
        },
        breakpoints: {
          values: { xs: 0, sm: 640, md: 768, lg: 1024, xl: 1280, '2xl': 1536 },
          up: {
            xs: '@media (min-width: 0px)',
            sm: '@media (min-width: 640px)',
            md: '@media (min-width: 768px)',
            lg: '@media (min-width: 1024px)',
            xl: '@media (min-width: 1280px)',
            '2xl': '@media (min-width: 1536px)'
          },
          down: {
            xs: '@media (max-width: 639px)',
            sm: '@media (max-width: 767px)',
            md: '@media (max-width: 1023px)',
            lg: '@media (max-width: 1279px)',
            xl: '@media (max-width: 1535px)',
            '2xl': '@media (max-width: 9999px)'
          }
        },
        containers: {
          sm: '640px',
          md: '768px',
          lg: '1024px',
          xl: '1280px',
          '2xl': '1536px',
          full: '100%'
        },
        animations: {
          duration: { fast: '150ms', normal: '250ms', slow: '350ms', slower: '500ms' },
          easing: {
            linear: 'linear',
            easeIn: 'cubic-bezier(0.4, 0, 1, 1)',
            easeOut: 'cubic-bezier(0, 0, 0.2, 1)',
            easeInOut: 'cubic-bezier(0.4, 0, 0.2, 1)',
            bounce: 'cubic-bezier(0.68, -0.55, 0.265, 1.55)',
            in: 'cubic-bezier(0.4, 0, 1, 1)',
            out: 'cubic-bezier(0, 0, 0.2, 1)',
            inOut: 'cubic-bezier(0.4, 0, 0.2, 1)'
          },
          transition: {
            all: 'all 250ms cubic-bezier(0.4, 0, 0.2, 1)',
            colors: 'background-color 250ms cubic-bezier(0.4, 0, 0.2, 1), border-color 250ms cubic-bezier(0.4, 0, 0.2, 1), color 250ms cubic-bezier(0.4, 0, 0.2, 1), fill 250ms cubic-bezier(0.4, 0, 0.2, 1), stroke 250ms cubic-bezier(0.4, 0, 0.2, 1)',
            opacity: 'opacity 250ms cubic-bezier(0.4, 0, 0.2, 1)',
            shadow: 'box-shadow 250ms cubic-bezier(0.4, 0, 0.2, 1)',
            transform: 'transform 250ms cubic-bezier(0.4, 0, 0.2, 1)'
          },
          keyframes: {
            fadeIn: [Object],
            fadeOut: [Object],
            slideIn: [Object],
            slideOut: [Object],
            scaleIn: [Object],
            spin: [Object],
            pulse: [Object],
            bounce: [Object]
          },
          animate: {
            fadeIn: 'fadeIn 250ms cubic-bezier(0, 0, 0.2, 1)',
            fadeOut: 'fadeOut 250ms cubic-bezier(0.4, 0, 1, 1)',
            slideIn: 'slideIn 250ms cubic-bezier(0, 0, 0.2, 1)',
            slideOut: 'slideOut 250ms cubic-bezier(0.4, 0, 1, 1)',
            scaleIn: 'scaleIn 250ms cubic-bezier(0, 0, 0.2, 1)',
            spin: 'spin 1s linear infinite',
            pulse: 'pulse 2s cubic-bezier(0.4, 0, 0.2, 1) infinite',
            bounce: 'bounce 1s cubic-bezier(0.4, 0, 0.2, 1) infinite'
          }
        },
        components: {
          button: { height: [Object], padding: [Object], borderRadius: '4px' },
          card: {
            borderRadius: '8px',
            padding: '1.5rem',
            background: '#FFFFFF',
            border: '1px solid #E0E0E6'
          },
          input: {
            height: '40px',
            padding: '0.5rem 0.75rem',
            borderRadius: '4px',
            border: '1px solid #C0C0C6',
            focusBorder: '#FFE600'
          },
          modal: {
            overlay: 'rgba(46, 46, 56, 0.8)',
            borderRadius: '12px',
            padding: '2rem',
            maxWidth: '600px'
          }
        },
        zIndex: {
          dropdown: 1000,
          sticky: 1020,
          fixed: 1030,
          modalBackdrop: 1040,
          modal: 1050,
          popover: 1060,
          tooltip: 1070
        },
        borderRadius: {
          none: '0',
          sm: '2px',
          md: '4px',
          lg: '8px',
          xl: '12px',
          '2xl': '16px',
          '3xl': '24px',
          full: '9999px'
        }
      }

      at App (src/App.tsx:235:11)

    console.log
      Theme loaded: {
        colors: {
          gray: {
            '50': '#FAFAFA',
            '100': '#F5F5F5',
            '200': '#E0E0E6',
            '300': '#C0C0C6',
            '400': '#9E9E9E',
            '500': '#747480',
            '600': '#616161',
            '700': '#424242',
            '800': '#2E2E38',
            '900': '#212121'
          },
          primaryDark: '#E6D100',
          backgroundHover: '#F5F5F5',
          info: { light: '#E3F2FD', main: '#0B6BA7' },
          primary: {
            yellow: '#FFE600',
            black: '#2E2E38',
            white: '#FFFFFF',
            main: '#FFE600'
          },
          secondary: {
            darkGray: '#747480',
            mediumGray: '#C0C0C6',
            lightGray: '#F5F5F5',
            gray: '#C0C0C6'
          },
          accent: {
            blue: '#0B6BA7',
            green: '#00A350',
            red: '#C4232B',
            orange: '#FF7900',
            purple: '#6B46C1'
          },
          semantic: {
            success: '#00A350',
            warning: '#FF7900',
            error: '#C4232B',
            info: '#0B6BA7'
          },
          status: {
            success: '#00A350',
            warning: '#FF7900',
            error: '#C4232B',
            info: '#0B6BA7'
          },
          background: {
            primary: '#FFFFFF',
            secondary: '#F5F5F5',
            tertiary: '#FAFAFA',
            dark: '#2E2E38',
            overlay: 'rgba(46, 46, 56, 0.8)'
          },
          text: {
            primary: '#2E2E38',
            secondary: '#747480',
            tertiary: '#C0C0C6',
            inverse: '#FFFFFF',
            link: '#0B6BA7'
          },
          border: { light: '#E0E0E6', medium: '#C0C0C6', dark: '#747480' },
          shadow: {
            light: 'rgba(46, 46, 56, 0.08)',
            medium: 'rgba(46, 46, 56, 0.12)',
            dark: 'rgba(46, 46, 56, 0.24)'
          }
        },
        typography: {
          fontFamily: {
            primary: '"EYInterstate", -apple-system, BlinkMacSystemFont, "Segoe UI", Roboto, "Helvetica Neue", Arial, sans-serif',
            secondary: '"Georgia", "Times New Roman", Times, serif',
            mono: '"SF Mono", Monaco, "Cascadia Code", "Roboto Mono", Consolas, "Courier New", monospace'
          },
          fontSize: {
            xs: '0.75rem',
            sm: '0.875rem',
            base: '1rem',
            lg: '1.125rem',
            xl: '1.25rem',
            '2xl': '1.5rem',
            '3xl': '1.875rem',
            '4xl': '2.25rem',
            '5xl': '3rem',
            '6xl': '3.75rem'
          },
          fontWeight: {
            light: 300,
            normal: 400,
            medium: 500,
            semibold: 600,
            bold: 700,
            black: 900
          },
          lineHeight: { tight: 1.2, normal: 1.5, relaxed: 1.75, loose: 2 },
          letterSpacing: {
            tighter: '-0.02em',
            tight: '-0.01em',
            normal: '0',
            wide: '0.02em',
            wider: '0.04em',
            widest: '0.08em'
          },
          textStyles: {
            h1: [Object],
            h2: [Object],
            h3: [Object],
            h4: [Object],
            h5: [Object],
            h6: [Object],
            bodyLarge: [Object],
            body: [Object],
            bodySmall: [Object],
            button: [Object],
            caption: [Object],
            overline: [Object]
          }
        },
        spacing: {
          '0': '0',
          '1': '0.25rem',
          '2': '0.5rem',
          '3': '0.75rem',
          '4': '1rem',
          '5': '1.25rem',
          '6': '1.5rem',
          '7': '1.75rem',
          '8': '2rem',
          '9': '2.25rem',
          '10': '2.5rem',
          '11': '2.75rem',
          '12': '3rem',
          '14': '3.5rem',
          '16': '4rem',
          '20': '5rem',
          '24': '6rem',
          '28': '7rem',
          '32': '8rem',
          '36': '9rem',
          '40': '10rem',
          '44': '11rem',
          '48': '12rem',
          '52': '13rem',
          '56': '14rem',
          '60': '15rem',
          '64': '16rem',
          '72': '18rem',
          '80': '20rem',
          '96': '24rem',
          px: '1px',
          '0.5': '0.125rem',
          '1.5': '0.375rem',
          '2.5': '0.625rem',
          '3.5': '0.875rem'
        },
        layout: {
          containerPadding: { mobile: '1rem', tablet: '1.5rem', desktop: '2rem' },
          sectionSpacing: { small: '2rem', medium: '4rem', large: '6rem' },
          componentSpacing: {
            xs: '0.5rem',
            sm: '0.75rem',
            md: '1rem',
            lg: '1.5rem',
            xl: '2rem'
          },
          gridGap: { small: '1rem', medium: '1.5rem', large: '2rem' }
        },
        shadows: {
          none: 'none',
          sm: '0 1px 3px 0 rgba(46, 46, 56, 0.1), 0 1px 2px 0 rgba(46, 46, 56, 0.06)',
          md: '0 4px 6px -1px rgba(46, 46, 56, 0.1), 0 2px 4px -1px rgba(46, 46, 56, 0.06)',
          lg: '0 10px 15px -3px rgba(46, 46, 56, 0.1), 0 4px 6px -2px rgba(46, 46, 56, 0.05)',
          xl: '0 20px 25px -5px rgba(46, 46, 56, 0.1), 0 10px 10px -5px rgba(46, 46, 56, 0.04)',
          '2xl': '0 25px 50px -12px rgba(46, 46, 56, 0.25)',
          card: '0 2px 8px rgba(46, 46, 56, 0.08)',
          cardHover: '0 8px 16px rgba(46, 46, 56, 0.12)',
          dropdown: '0 10px 20px rgba(46, 46, 56, 0.15)',
          modal: '0 20px 40px rgba(46, 46, 56, 0.2)',
          inner: 'inset 0 2px 4px 0 rgba(46, 46, 56, 0.06)',
          focus: '0 0 0 3px rgba(255, 230, 0, 0.5)',
          focusError: '0 0 0 3px rgba(196, 35, 43, 0.5)',
          focusSuccess: '0 0 0 3px rgba(0, 163, 80, 0.5)'
        },
        breakpoints: {
          values: { xs: 0, sm: 640, md: 768, lg: 1024, xl: 1280, '2xl': 1536 },
          up: {
            xs: '@media (min-width: 0px)',
            sm: '@media (min-width: 640px)',
            md: '@media (min-width: 768px)',
            lg: '@media (min-width: 1024px)',
            xl: '@media (min-width: 1280px)',
            '2xl': '@media (min-width: 1536px)'
          },
          down: {
            xs: '@media (max-width: 639px)',
            sm: '@media (max-width: 767px)',
            md: '@media (max-width: 1023px)',
            lg: '@media (max-width: 1279px)',
            xl: '@media (max-width: 1535px)',
            '2xl': '@media (max-width: 9999px)'
          }
        },
        containers: {
          sm: '640px',
          md: '768px',
          lg: '1024px',
          xl: '1280px',
          '2xl': '1536px',
          full: '100%'
        },
        animations: {
          duration: { fast: '150ms', normal: '250ms', slow: '350ms', slower: '500ms' },
          easing: {
            linear: 'linear',
            easeIn: 'cubic-bezier(0.4, 0, 1, 1)',
            easeOut: 'cubic-bezier(0, 0, 0.2, 1)',
            easeInOut: 'cubic-bezier(0.4, 0, 0.2, 1)',
            bounce: 'cubic-bezier(0.68, -0.55, 0.265, 1.55)',
            in: 'cubic-bezier(0.4, 0, 1, 1)',
            out: 'cubic-bezier(0, 0, 0.2, 1)',
            inOut: 'cubic-bezier(0.4, 0, 0.2, 1)'
          },
          transition: {
            all: 'all 250ms cubic-bezier(0.4, 0, 0.2, 1)',
            colors: 'background-color 250ms cubic-bezier(0.4, 0, 0.2, 1), border-color 250ms cubic-bezier(0.4, 0, 0.2, 1), color 250ms cubic-bezier(0.4, 0, 0.2, 1), fill 250ms cubic-bezier(0.4, 0, 0.2, 1), stroke 250ms cubic-bezier(0.4, 0, 0.2, 1)',
            opacity: 'opacity 250ms cubic-bezier(0.4, 0, 0.2, 1)',
            shadow: 'box-shadow 250ms cubic-bezier(0.4, 0, 0.2, 1)',
            transform: 'transform 250ms cubic-bezier(0.4, 0, 0.2, 1)'
          },
          keyframes: {
            fadeIn: [Object],
            fadeOut: [Object],
            slideIn: [Object],
            slideOut: [Object],
            scaleIn: [Object],
            spin: [Object],
            pulse: [Object],
            bounce: [Object]
          },
          animate: {
            fadeIn: 'fadeIn 250ms cubic-bezier(0, 0, 0.2, 1)',
            fadeOut: 'fadeOut 250ms cubic-bezier(0.4, 0, 1, 1)',
            slideIn: 'slideIn 250ms cubic-bezier(0, 0, 0.2, 1)',
            slideOut: 'slideOut 250ms cubic-bezier(0.4, 0, 1, 1)',
            scaleIn: 'scaleIn 250ms cubic-bezier(0, 0, 0.2, 1)',
            spin: 'spin 1s linear infinite',
            pulse: 'pulse 2s cubic-bezier(0.4, 0, 0.2, 1) infinite',
            bounce: 'bounce 1s cubic-bezier(0.4, 0, 0.2, 1) infinite'
          }
        },
        components: {
          button: { height: [Object], padding: [Object], borderRadius: '4px' },
          card: {
            borderRadius: '8px',
            padding: '1.5rem',
            background: '#FFFFFF',
            border: '1px solid #E0E0E6'
          },
          input: {
            height: '40px',
            padding: '0.5rem 0.75rem',
            borderRadius: '4px',
            border: '1px solid #C0C0C6',
            focusBorder: '#FFE600'
          },
          modal: {
            overlay: 'rgba(46, 46, 56, 0.8)',
            borderRadius: '12px',
            padding: '2rem',
            maxWidth: '600px'
          }
        },
        zIndex: {
          dropdown: 1000,
          sticky: 1020,
          fixed: 1030,
          modalBackdrop: 1040,
          modal: 1050,
          popover: 1060,
          tooltip: 1070
        },
        borderRadius: {
          none: '0',
          sm: '2px',
          md: '4px',
          lg: '8px',
          xl: '12px',
          '2xl': '16px',
          '3xl': '24px',
          full: '9999px'
        }
      }

      at App (src/App.tsx:235:11)

    console.log
      Theme loaded: {
        colors: {
          gray: {
            '50': '#FAFAFA',
            '100': '#F5F5F5',
            '200': '#E0E0E6',
            '300': '#C0C0C6',
            '400': '#9E9E9E',
            '500': '#747480',
            '600': '#616161',
            '700': '#424242',
            '800': '#2E2E38',
            '900': '#212121'
          },
          primaryDark: '#E6D100',
          backgroundHover: '#F5F5F5',
          info: { light: '#E3F2FD', main: '#0B6BA7' },
          primary: {
            yellow: '#FFE600',
            black: '#2E2E38',
            white: '#FFFFFF',
            main: '#FFE600'
          },
          secondary: {
            darkGray: '#747480',
            mediumGray: '#C0C0C6',
            lightGray: '#F5F5F5',
            gray: '#C0C0C6'
          },
          accent: {
            blue: '#0B6BA7',
            green: '#00A350',
            red: '#C4232B',
            orange: '#FF7900',
            purple: '#6B46C1'
          },
          semantic: {
            success: '#00A350',
            warning: '#FF7900',
            error: '#C4232B',
            info: '#0B6BA7'
          },
          status: {
            success: '#00A350',
            warning: '#FF7900',
            error: '#C4232B',
            info: '#0B6BA7'
          },
          background: {
            primary: '#FFFFFF',
            secondary: '#F5F5F5',
            tertiary: '#FAFAFA',
            dark: '#2E2E38',
            overlay: 'rgba(46, 46, 56, 0.8)'
          },
          text: {
            primary: '#2E2E38',
            secondary: '#747480',
            tertiary: '#C0C0C6',
            inverse: '#FFFFFF',
            link: '#0B6BA7'
          },
          border: { light: '#E0E0E6', medium: '#C0C0C6', dark: '#747480' },
          shadow: {
            light: 'rgba(46, 46, 56, 0.08)',
            medium: 'rgba(46, 46, 56, 0.12)',
            dark: 'rgba(46, 46, 56, 0.24)'
          }
        },
        typography: {
          fontFamily: {
            primary: '"EYInterstate", -apple-system, BlinkMacSystemFont, "Segoe UI", Roboto, "Helvetica Neue", Arial, sans-serif',
            secondary: '"Georgia", "Times New Roman", Times, serif',
            mono: '"SF Mono", Monaco, "Cascadia Code", "Roboto Mono", Consolas, "Courier New", monospace'
          },
          fontSize: {
            xs: '0.75rem',
            sm: '0.875rem',
            base: '1rem',
            lg: '1.125rem',
            xl: '1.25rem',
            '2xl': '1.5rem',
            '3xl': '1.875rem',
            '4xl': '2.25rem',
            '5xl': '3rem',
            '6xl': '3.75rem'
          },
          fontWeight: {
            light: 300,
            normal: 400,
            medium: 500,
            semibold: 600,
            bold: 700,
            black: 900
          },
          lineHeight: { tight: 1.2, normal: 1.5, relaxed: 1.75, loose: 2 },
          letterSpacing: {
            tighter: '-0.02em',
            tight: '-0.01em',
            normal: '0',
            wide: '0.02em',
            wider: '0.04em',
            widest: '0.08em'
          },
          textStyles: {
            h1: [Object],
            h2: [Object],
            h3: [Object],
            h4: [Object],
            h5: [Object],
            h6: [Object],
            bodyLarge: [Object],
            body: [Object],
            bodySmall: [Object],
            button: [Object],
            caption: [Object],
            overline: [Object]
          }
        },
        spacing: {
          '0': '0',
          '1': '0.25rem',
          '2': '0.5rem',
          '3': '0.75rem',
          '4': '1rem',
          '5': '1.25rem',
          '6': '1.5rem',
          '7': '1.75rem',
          '8': '2rem',
          '9': '2.25rem',
          '10': '2.5rem',
          '11': '2.75rem',
          '12': '3rem',
          '14': '3.5rem',
          '16': '4rem',
          '20': '5rem',
          '24': '6rem',
          '28': '7rem',
          '32': '8rem',
          '36': '9rem',
          '40': '10rem',
          '44': '11rem',
          '48': '12rem',
          '52': '13rem',
          '56': '14rem',
          '60': '15rem',
          '64': '16rem',
          '72': '18rem',
          '80': '20rem',
          '96': '24rem',
          px: '1px',
          '0.5': '0.125rem',
          '1.5': '0.375rem',
          '2.5': '0.625rem',
          '3.5': '0.875rem'
        },
        layout: {
          containerPadding: { mobile: '1rem', tablet: '1.5rem', desktop: '2rem' },
          sectionSpacing: { small: '2rem', medium: '4rem', large: '6rem' },
          componentSpacing: {
            xs: '0.5rem',
            sm: '0.75rem',
            md: '1rem',
            lg: '1.5rem',
            xl: '2rem'
          },
          gridGap: { small: '1rem', medium: '1.5rem', large: '2rem' }
        },
        shadows: {
          none: 'none',
          sm: '0 1px 3px 0 rgba(46, 46, 56, 0.1), 0 1px 2px 0 rgba(46, 46, 56, 0.06)',
          md: '0 4px 6px -1px rgba(46, 46, 56, 0.1), 0 2px 4px -1px rgba(46, 46, 56, 0.06)',
          lg: '0 10px 15px -3px rgba(46, 46, 56, 0.1), 0 4px 6px -2px rgba(46, 46, 56, 0.05)',
          xl: '0 20px 25px -5px rgba(46, 46, 56, 0.1), 0 10px 10px -5px rgba(46, 46, 56, 0.04)',
          '2xl': '0 25px 50px -12px rgba(46, 46, 56, 0.25)',
          card: '0 2px 8px rgba(46, 46, 56, 0.08)',
          cardHover: '0 8px 16px rgba(46, 46, 56, 0.12)',
          dropdown: '0 10px 20px rgba(46, 46, 56, 0.15)',
          modal: '0 20px 40px rgba(46, 46, 56, 0.2)',
          inner: 'inset 0 2px 4px 0 rgba(46, 46, 56, 0.06)',
          focus: '0 0 0 3px rgba(255, 230, 0, 0.5)',
          focusError: '0 0 0 3px rgba(196, 35, 43, 0.5)',
          focusSuccess: '0 0 0 3px rgba(0, 163, 80, 0.5)'
        },
        breakpoints: {
          values: { xs: 0, sm: 640, md: 768, lg: 1024, xl: 1280, '2xl': 1536 },
          up: {
            xs: '@media (min-width: 0px)',
            sm: '@media (min-width: 640px)',
            md: '@media (min-width: 768px)',
            lg: '@media (min-width: 1024px)',
            xl: '@media (min-width: 1280px)',
            '2xl': '@media (min-width: 1536px)'
          },
          down: {
            xs: '@media (max-width: 639px)',
            sm: '@media (max-width: 767px)',
            md: '@media (max-width: 1023px)',
            lg: '@media (max-width: 1279px)',
            xl: '@media (max-width: 1535px)',
            '2xl': '@media (max-width: 9999px)'
          }
        },
        containers: {
          sm: '640px',
          md: '768px',
          lg: '1024px',
          xl: '1280px',
          '2xl': '1536px',
          full: '100%'
        },
        animations: {
          duration: { fast: '150ms', normal: '250ms', slow: '350ms', slower: '500ms' },
          easing: {
            linear: 'linear',
            easeIn: 'cubic-bezier(0.4, 0, 1, 1)',
            easeOut: 'cubic-bezier(0, 0, 0.2, 1)',
            easeInOut: 'cubic-bezier(0.4, 0, 0.2, 1)',
            bounce: 'cubic-bezier(0.68, -0.55, 0.265, 1.55)',
            in: 'cubic-bezier(0.4, 0, 1, 1)',
            out: 'cubic-bezier(0, 0, 0.2, 1)',
            inOut: 'cubic-bezier(0.4, 0, 0.2, 1)'
          },
          transition: {
            all: 'all 250ms cubic-bezier(0.4, 0, 0.2, 1)',
            colors: 'background-color 250ms cubic-bezier(0.4, 0, 0.2, 1), border-color 250ms cubic-bezier(0.4, 0, 0.2, 1), color 250ms cubic-bezier(0.4, 0, 0.2, 1), fill 250ms cubic-bezier(0.4, 0, 0.2, 1), stroke 250ms cubic-bezier(0.4, 0, 0.2, 1)',
            opacity: 'opacity 250ms cubic-bezier(0.4, 0, 0.2, 1)',
            shadow: 'box-shadow 250ms cubic-bezier(0.4, 0, 0.2, 1)',
            transform: 'transform 250ms cubic-bezier(0.4, 0, 0.2, 1)'
          },
          keyframes: {
            fadeIn: [Object],
            fadeOut: [Object],
            slideIn: [Object],
            slideOut: [Object],
            scaleIn: [Object],
            spin: [Object],
            pulse: [Object],
            bounce: [Object]
          },
          animate: {
            fadeIn: 'fadeIn 250ms cubic-bezier(0, 0, 0.2, 1)',
            fadeOut: 'fadeOut 250ms cubic-bezier(0.4, 0, 1, 1)',
            slideIn: 'slideIn 250ms cubic-bezier(0, 0, 0.2, 1)',
            slideOut: 'slideOut 250ms cubic-bezier(0.4, 0, 1, 1)',
            scaleIn: 'scaleIn 250ms cubic-bezier(0, 0, 0.2, 1)',
            spin: 'spin 1s linear infinite',
            pulse: 'pulse 2s cubic-bezier(0.4, 0, 0.2, 1) infinite',
            bounce: 'bounce 1s cubic-bezier(0.4, 0, 0.2, 1) infinite'
          }
        },
        components: {
          button: { height: [Object], padding: [Object], borderRadius: '4px' },
          card: {
            borderRadius: '8px',
            padding: '1.5rem',
            background: '#FFFFFF',
            border: '1px solid #E0E0E6'
          },
          input: {
            height: '40px',
            padding: '0.5rem 0.75rem',
            borderRadius: '4px',
            border: '1px solid #C0C0C6',
            focusBorder: '#FFE600'
          },
          modal: {
            overlay: 'rgba(46, 46, 56, 0.8)',
            borderRadius: '12px',
            padding: '2rem',
            maxWidth: '600px'
          }
        },
        zIndex: {
          dropdown: 1000,
          sticky: 1020,
          fixed: 1030,
          modalBackdrop: 1040,
          modal: 1050,
          popover: 1060,
          tooltip: 1070
        },
        borderRadius: {
          none: '0',
          sm: '2px',
          md: '4px',
          lg: '8px',
          xl: '12px',
          '2xl': '16px',
          '3xl': '24px',
          full: '9999px'
        }
      }

      at App (src/App.tsx:235:11)

    console.log
      Theme loaded: {
        colors: {
          gray: {
            '50': '#FAFAFA',
            '100': '#F5F5F5',
            '200': '#E0E0E6',
            '300': '#C0C0C6',
            '400': '#9E9E9E',
            '500': '#747480',
            '600': '#616161',
            '700': '#424242',
            '800': '#2E2E38',
            '900': '#212121'
          },
          primaryDark: '#E6D100',
          backgroundHover: '#F5F5F5',
          info: { light: '#E3F2FD', main: '#0B6BA7' },
          primary: {
            yellow: '#FFE600',
            black: '#2E2E38',
            white: '#FFFFFF',
            main: '#FFE600'
          },
          secondary: {
            darkGray: '#747480',
            mediumGray: '#C0C0C6',
            lightGray: '#F5F5F5',
            gray: '#C0C0C6'
          },
          accent: {
            blue: '#0B6BA7',
            green: '#00A350',
            red: '#C4232B',
            orange: '#FF7900',
            purple: '#6B46C1'
          },
          semantic: {
            success: '#00A350',
            warning: '#FF7900',
            error: '#C4232B',
            info: '#0B6BA7'
          },
          status: {
            success: '#00A350',
            warning: '#FF7900',
            error: '#C4232B',
            info: '#0B6BA7'
          },
          background: {
            primary: '#FFFFFF',
            secondary: '#F5F5F5',
            tertiary: '#FAFAFA',
            dark: '#2E2E38',
            overlay: 'rgba(46, 46, 56, 0.8)'
          },
          text: {
            primary: '#2E2E38',
            secondary: '#747480',
            tertiary: '#C0C0C6',
            inverse: '#FFFFFF',
            link: '#0B6BA7'
          },
          border: { light: '#E0E0E6', medium: '#C0C0C6', dark: '#747480' },
          shadow: {
            light: 'rgba(46, 46, 56, 0.08)',
            medium: 'rgba(46, 46, 56, 0.12)',
            dark: 'rgba(46, 46, 56, 0.24)'
          }
        },
        typography: {
          fontFamily: {
            primary: '"EYInterstate", -apple-system, BlinkMacSystemFont, "Segoe UI", Roboto, "Helvetica Neue", Arial, sans-serif',
            secondary: '"Georgia", "Times New Roman", Times, serif',
            mono: '"SF Mono", Monaco, "Cascadia Code", "Roboto Mono", Consolas, "Courier New", monospace'
          },
          fontSize: {
            xs: '0.75rem',
            sm: '0.875rem',
            base: '1rem',
            lg: '1.125rem',
            xl: '1.25rem',
            '2xl': '1.5rem',
            '3xl': '1.875rem',
            '4xl': '2.25rem',
            '5xl': '3rem',
            '6xl': '3.75rem'
          },
          fontWeight: {
            light: 300,
            normal: 400,
            medium: 500,
            semibold: 600,
            bold: 700,
            black: 900
          },
          lineHeight: { tight: 1.2, normal: 1.5, relaxed: 1.75, loose: 2 },
          letterSpacing: {
            tighter: '-0.02em',
            tight: '-0.01em',
            normal: '0',
            wide: '0.02em',
            wider: '0.04em',
            widest: '0.08em'
          },
          textStyles: {
            h1: [Object],
            h2: [Object],
            h3: [Object],
            h4: [Object],
            h5: [Object],
            h6: [Object],
            bodyLarge: [Object],
            body: [Object],
            bodySmall: [Object],
            button: [Object],
            caption: [Object],
            overline: [Object]
          }
        },
        spacing: {
          '0': '0',
          '1': '0.25rem',
          '2': '0.5rem',
          '3': '0.75rem',
          '4': '1rem',
          '5': '1.25rem',
          '6': '1.5rem',
          '7': '1.75rem',
          '8': '2rem',
          '9': '2.25rem',
          '10': '2.5rem',
          '11': '2.75rem',
          '12': '3rem',
          '14': '3.5rem',
          '16': '4rem',
          '20': '5rem',
          '24': '6rem',
          '28': '7rem',
          '32': '8rem',
          '36': '9rem',
          '40': '10rem',
          '44': '11rem',
          '48': '12rem',
          '52': '13rem',
          '56': '14rem',
          '60': '15rem',
          '64': '16rem',
          '72': '18rem',
          '80': '20rem',
          '96': '24rem',
          px: '1px',
          '0.5': '0.125rem',
          '1.5': '0.375rem',
          '2.5': '0.625rem',
          '3.5': '0.875rem'
        },
        layout: {
          containerPadding: { mobile: '1rem', tablet: '1.5rem', desktop: '2rem' },
          sectionSpacing: { small: '2rem', medium: '4rem', large: '6rem' },
          componentSpacing: {
            xs: '0.5rem',
            sm: '0.75rem',
            md: '1rem',
            lg: '1.5rem',
            xl: '2rem'
          },
          gridGap: { small: '1rem', medium: '1.5rem', large: '2rem' }
        },
        shadows: {
          none: 'none',
          sm: '0 1px 3px 0 rgba(46, 46, 56, 0.1), 0 1px 2px 0 rgba(46, 46, 56, 0.06)',
          md: '0 4px 6px -1px rgba(46, 46, 56, 0.1), 0 2px 4px -1px rgba(46, 46, 56, 0.06)',
          lg: '0 10px 15px -3px rgba(46, 46, 56, 0.1), 0 4px 6px -2px rgba(46, 46, 56, 0.05)',
          xl: '0 20px 25px -5px rgba(46, 46, 56, 0.1), 0 10px 10px -5px rgba(46, 46, 56, 0.04)',
          '2xl': '0 25px 50px -12px rgba(46, 46, 56, 0.25)',
          card: '0 2px 8px rgba(46, 46, 56, 0.08)',
          cardHover: '0 8px 16px rgba(46, 46, 56, 0.12)',
          dropdown: '0 10px 20px rgba(46, 46, 56, 0.15)',
          modal: '0 20px 40px rgba(46, 46, 56, 0.2)',
          inner: 'inset 0 2px 4px 0 rgba(46, 46, 56, 0.06)',
          focus: '0 0 0 3px rgba(255, 230, 0, 0.5)',
          focusError: '0 0 0 3px rgba(196, 35, 43, 0.5)',
          focusSuccess: '0 0 0 3px rgba(0, 163, 80, 0.5)'
        },
        breakpoints: {
          values: { xs: 0, sm: 640, md: 768, lg: 1024, xl: 1280, '2xl': 1536 },
          up: {
            xs: '@media (min-width: 0px)',
            sm: '@media (min-width: 640px)',
            md: '@media (min-width: 768px)',
            lg: '@media (min-width: 1024px)',
            xl: '@media (min-width: 1280px)',
            '2xl': '@media (min-width: 1536px)'
          },
          down: {
            xs: '@media (max-width: 639px)',
            sm: '@media (max-width: 767px)',
            md: '@media (max-width: 1023px)',
            lg: '@media (max-width: 1279px)',
            xl: '@media (max-width: 1535px)',
            '2xl': '@media (max-width: 9999px)'
          }
        },
        containers: {
          sm: '640px',
          md: '768px',
          lg: '1024px',
          xl: '1280px',
          '2xl': '1536px',
          full: '100%'
        },
        animations: {
          duration: { fast: '150ms', normal: '250ms', slow: '350ms', slower: '500ms' },
          easing: {
            linear: 'linear',
            easeIn: 'cubic-bezier(0.4, 0, 1, 1)',
            easeOut: 'cubic-bezier(0, 0, 0.2, 1)',
            easeInOut: 'cubic-bezier(0.4, 0, 0.2, 1)',
            bounce: 'cubic-bezier(0.68, -0.55, 0.265, 1.55)',
            in: 'cubic-bezier(0.4, 0, 1, 1)',
            out: 'cubic-bezier(0, 0, 0.2, 1)',
            inOut: 'cubic-bezier(0.4, 0, 0.2, 1)'
          },
          transition: {
            all: 'all 250ms cubic-bezier(0.4, 0, 0.2, 1)',
            colors: 'background-color 250ms cubic-bezier(0.4, 0, 0.2, 1), border-color 250ms cubic-bezier(0.4, 0, 0.2, 1), color 250ms cubic-bezier(0.4, 0, 0.2, 1), fill 250ms cubic-bezier(0.4, 0, 0.2, 1), stroke 250ms cubic-bezier(0.4, 0, 0.2, 1)',
            opacity: 'opacity 250ms cubic-bezier(0.4, 0, 0.2, 1)',
            shadow: 'box-shadow 250ms cubic-bezier(0.4, 0, 0.2, 1)',
            transform: 'transform 250ms cubic-bezier(0.4, 0, 0.2, 1)'
          },
          keyframes: {
            fadeIn: [Object],
            fadeOut: [Object],
            slideIn: [Object],
            slideOut: [Object],
            scaleIn: [Object],
            spin: [Object],
            pulse: [Object],
            bounce: [Object]
          },
          animate: {
            fadeIn: 'fadeIn 250ms cubic-bezier(0, 0, 0.2, 1)',
            fadeOut: 'fadeOut 250ms cubic-bezier(0.4, 0, 1, 1)',
            slideIn: 'slideIn 250ms cubic-bezier(0, 0, 0.2, 1)',
            slideOut: 'slideOut 250ms cubic-bezier(0.4, 0, 1, 1)',
            scaleIn: 'scaleIn 250ms cubic-bezier(0, 0, 0.2, 1)',
            spin: 'spin 1s linear infinite',
            pulse: 'pulse 2s cubic-bezier(0.4, 0, 0.2, 1) infinite',
            bounce: 'bounce 1s cubic-bezier(0.4, 0, 0.2, 1) infinite'
          }
        },
        components: {
          button: { height: [Object], padding: [Object], borderRadius: '4px' },
          card: {
            borderRadius: '8px',
            padding: '1.5rem',
            background: '#FFFFFF',
            border: '1px solid #E0E0E6'
          },
          input: {
            height: '40px',
            padding: '0.5rem 0.75rem',
            borderRadius: '4px',
            border: '1px solid #C0C0C6',
            focusBorder: '#FFE600'
          },
          modal: {
            overlay: 'rgba(46, 46, 56, 0.8)',
            borderRadius: '12px',
            padding: '2rem',
            maxWidth: '600px'
          }
        },
        zIndex: {
          dropdown: 1000,
          sticky: 1020,
          fixed: 1030,
          modalBackdrop: 1040,
          modal: 1050,
          popover: 1060,
          tooltip: 1070
        },
        borderRadius: {
          none: '0',
          sm: '2px',
          md: '4px',
          lg: '8px',
          xl: '12px',
          '2xl': '16px',
          '3xl': '24px',
          full: '9999px'
        }
      }

      at App (src/App.tsx:235:11)

    console.log
      Theme loaded: {
        colors: {
          gray: {
            '50': '#FAFAFA',
            '100': '#F5F5F5',
            '200': '#E0E0E6',
            '300': '#C0C0C6',
            '400': '#9E9E9E',
            '500': '#747480',
            '600': '#616161',
            '700': '#424242',
            '800': '#2E2E38',
            '900': '#212121'
          },
          primaryDark: '#E6D100',
          backgroundHover: '#F5F5F5',
          info: { light: '#E3F2FD', main: '#0B6BA7' },
          primary: {
            yellow: '#FFE600',
            black: '#2E2E38',
            white: '#FFFFFF',
            main: '#FFE600'
          },
          secondary: {
            darkGray: '#747480',
            mediumGray: '#C0C0C6',
            lightGray: '#F5F5F5',
            gray: '#C0C0C6'
          },
          accent: {
            blue: '#0B6BA7',
            green: '#00A350',
            red: '#C4232B',
            orange: '#FF7900',
            purple: '#6B46C1'
          },
          semantic: {
            success: '#00A350',
            warning: '#FF7900',
            error: '#C4232B',
            info: '#0B6BA7'
          },
          status: {
            success: '#00A350',
            warning: '#FF7900',
            error: '#C4232B',
            info: '#0B6BA7'
          },
          background: {
            primary: '#FFFFFF',
            secondary: '#F5F5F5',
            tertiary: '#FAFAFA',
            dark: '#2E2E38',
            overlay: 'rgba(46, 46, 56, 0.8)'
          },
          text: {
            primary: '#2E2E38',
            secondary: '#747480',
            tertiary: '#C0C0C6',
            inverse: '#FFFFFF',
            link: '#0B6BA7'
          },
          border: { light: '#E0E0E6', medium: '#C0C0C6', dark: '#747480' },
          shadow: {
            light: 'rgba(46, 46, 56, 0.08)',
            medium: 'rgba(46, 46, 56, 0.12)',
            dark: 'rgba(46, 46, 56, 0.24)'
          }
        },
        typography: {
          fontFamily: {
            primary: '"EYInterstate", -apple-system, BlinkMacSystemFont, "Segoe UI", Roboto, "Helvetica Neue", Arial, sans-serif',
            secondary: '"Georgia", "Times New Roman", Times, serif',
            mono: '"SF Mono", Monaco, "Cascadia Code", "Roboto Mono", Consolas, "Courier New", monospace'
          },
          fontSize: {
            xs: '0.75rem',
            sm: '0.875rem',
            base: '1rem',
            lg: '1.125rem',
            xl: '1.25rem',
            '2xl': '1.5rem',
            '3xl': '1.875rem',
            '4xl': '2.25rem',
            '5xl': '3rem',
            '6xl': '3.75rem'
          },
          fontWeight: {
            light: 300,
            normal: 400,
            medium: 500,
            semibold: 600,
            bold: 700,
            black: 900
          },
          lineHeight: { tight: 1.2, normal: 1.5, relaxed: 1.75, loose: 2 },
          letterSpacing: {
            tighter: '-0.02em',
            tight: '-0.01em',
            normal: '0',
            wide: '0.02em',
            wider: '0.04em',
            widest: '0.08em'
          },
          textStyles: {
            h1: [Object],
            h2: [Object],
            h3: [Object],
            h4: [Object],
            h5: [Object],
            h6: [Object],
            bodyLarge: [Object],
            body: [Object],
            bodySmall: [Object],
            button: [Object],
            caption: [Object],
            overline: [Object]
          }
        },
        spacing: {
          '0': '0',
          '1': '0.25rem',
          '2': '0.5rem',
          '3': '0.75rem',
          '4': '1rem',
          '5': '1.25rem',
          '6': '1.5rem',
          '7': '1.75rem',
          '8': '2rem',
          '9': '2.25rem',
          '10': '2.5rem',
          '11': '2.75rem',
          '12': '3rem',
          '14': '3.5rem',
          '16': '4rem',
          '20': '5rem',
          '24': '6rem',
          '28': '7rem',
          '32': '8rem',
          '36': '9rem',
          '40': '10rem',
          '44': '11rem',
          '48': '12rem',
          '52': '13rem',
          '56': '14rem',
          '60': '15rem',
          '64': '16rem',
          '72': '18rem',
          '80': '20rem',
          '96': '24rem',
          px: '1px',
          '0.5': '0.125rem',
          '1.5': '0.375rem',
          '2.5': '0.625rem',
          '3.5': '0.875rem'
        },
        layout: {
          containerPadding: { mobile: '1rem', tablet: '1.5rem', desktop: '2rem' },
          sectionSpacing: { small: '2rem', medium: '4rem', large: '6rem' },
          componentSpacing: {
            xs: '0.5rem',
            sm: '0.75rem',
            md: '1rem',
            lg: '1.5rem',
            xl: '2rem'
          },
          gridGap: { small: '1rem', medium: '1.5rem', large: '2rem' }
        },
        shadows: {
          none: 'none',
          sm: '0 1px 3px 0 rgba(46, 46, 56, 0.1), 0 1px 2px 0 rgba(46, 46, 56, 0.06)',
          md: '0 4px 6px -1px rgba(46, 46, 56, 0.1), 0 2px 4px -1px rgba(46, 46, 56, 0.06)',
          lg: '0 10px 15px -3px rgba(46, 46, 56, 0.1), 0 4px 6px -2px rgba(46, 46, 56, 0.05)',
          xl: '0 20px 25px -5px rgba(46, 46, 56, 0.1), 0 10px 10px -5px rgba(46, 46, 56, 0.04)',
          '2xl': '0 25px 50px -12px rgba(46, 46, 56, 0.25)',
          card: '0 2px 8px rgba(46, 46, 56, 0.08)',
          cardHover: '0 8px 16px rgba(46, 46, 56, 0.12)',
          dropdown: '0 10px 20px rgba(46, 46, 56, 0.15)',
          modal: '0 20px 40px rgba(46, 46, 56, 0.2)',
          inner: 'inset 0 2px 4px 0 rgba(46, 46, 56, 0.06)',
          focus: '0 0 0 3px rgba(255, 230, 0, 0.5)',
          focusError: '0 0 0 3px rgba(196, 35, 43, 0.5)',
          focusSuccess: '0 0 0 3px rgba(0, 163, 80, 0.5)'
        },
        breakpoints: {
          values: { xs: 0, sm: 640, md: 768, lg: 1024, xl: 1280, '2xl': 1536 },
          up: {
            xs: '@media (min-width: 0px)',
            sm: '@media (min-width: 640px)',
            md: '@media (min-width: 768px)',
            lg: '@media (min-width: 1024px)',
            xl: '@media (min-width: 1280px)',
            '2xl': '@media (min-width: 1536px)'
          },
          down: {
            xs: '@media (max-width: 639px)',
            sm: '@media (max-width: 767px)',
            md: '@media (max-width: 1023px)',
            lg: '@media (max-width: 1279px)',
            xl: '@media (max-width: 1535px)',
            '2xl': '@media (max-width: 9999px)'
          }
        },
        containers: {
          sm: '640px',
          md: '768px',
          lg: '1024px',
          xl: '1280px',
          '2xl': '1536px',
          full: '100%'
        },
        animations: {
          duration: { fast: '150ms', normal: '250ms', slow: '350ms', slower: '500ms' },
          easing: {
            linear: 'linear',
            easeIn: 'cubic-bezier(0.4, 0, 1, 1)',
            easeOut: 'cubic-bezier(0, 0, 0.2, 1)',
            easeInOut: 'cubic-bezier(0.4, 0, 0.2, 1)',
            bounce: 'cubic-bezier(0.68, -0.55, 0.265, 1.55)',
            in: 'cubic-bezier(0.4, 0, 1, 1)',
            out: 'cubic-bezier(0, 0, 0.2, 1)',
            inOut: 'cubic-bezier(0.4, 0, 0.2, 1)'
          },
          transition: {
            all: 'all 250ms cubic-bezier(0.4, 0, 0.2, 1)',
            colors: 'background-color 250ms cubic-bezier(0.4, 0, 0.2, 1), border-color 250ms cubic-bezier(0.4, 0, 0.2, 1), color 250ms cubic-bezier(0.4, 0, 0.2, 1), fill 250ms cubic-bezier(0.4, 0, 0.2, 1), stroke 250ms cubic-bezier(0.4, 0, 0.2, 1)',
            opacity: 'opacity 250ms cubic-bezier(0.4, 0, 0.2, 1)',
            shadow: 'box-shadow 250ms cubic-bezier(0.4, 0, 0.2, 1)',
            transform: 'transform 250ms cubic-bezier(0.4, 0, 0.2, 1)'
          },
          keyframes: {
            fadeIn: [Object],
            fadeOut: [Object],
            slideIn: [Object],
            slideOut: [Object],
            scaleIn: [Object],
            spin: [Object],
            pulse: [Object],
            bounce: [Object]
          },
          animate: {
            fadeIn: 'fadeIn 250ms cubic-bezier(0, 0, 0.2, 1)',
            fadeOut: 'fadeOut 250ms cubic-bezier(0.4, 0, 1, 1)',
            slideIn: 'slideIn 250ms cubic-bezier(0, 0, 0.2, 1)',
            slideOut: 'slideOut 250ms cubic-bezier(0.4, 0, 1, 1)',
            scaleIn: 'scaleIn 250ms cubic-bezier(0, 0, 0.2, 1)',
            spin: 'spin 1s linear infinite',
            pulse: 'pulse 2s cubic-bezier(0.4, 0, 0.2, 1) infinite',
            bounce: 'bounce 1s cubic-bezier(0.4, 0, 0.2, 1) infinite'
          }
        },
        components: {
          button: { height: [Object], padding: [Object], borderRadius: '4px' },
          card: {
            borderRadius: '8px',
            padding: '1.5rem',
            background: '#FFFFFF',
            border: '1px solid #E0E0E6'
          },
          input: {
            height: '40px',
            padding: '0.5rem 0.75rem',
            borderRadius: '4px',
            border: '1px solid #C0C0C6',
            focusBorder: '#FFE600'
          },
          modal: {
            overlay: 'rgba(46, 46, 56, 0.8)',
            borderRadius: '12px',
            padding: '2rem',
            maxWidth: '600px'
          }
        },
        zIndex: {
          dropdown: 1000,
          sticky: 1020,
          fixed: 1030,
          modalBackdrop: 1040,
          modal: 1050,
          popover: 1060,
          tooltip: 1070
        },
        borderRadius: {
          none: '0',
          sm: '2px',
          md: '4px',
          lg: '8px',
          xl: '12px',
          '2xl': '16px',
          '3xl': '24px',
          full: '9999px'
        }
      }

      at App (src/App.tsx:235:11)

  ● App › renders without crashing

    TypeError: Cannot read properties of undefined (reading 'background')

      17 |   align-items: center;
      18 |   justify-content: center;
    > 19 |   background: ${props => props.theme.colors.background.primary};
         |                                             ^
      20 |   padding: ${props => props.theme.spacing[8]};
      21 | `;
      22 |

      at result (src/components/ErrorBoundary.tsx:19:45)
      at componentId (node_modules/styled-components/src/utils/flatten.ts:71:24)
      at e.NODE_ENV [as generateAndInjectStyles] (node_modules/styled-components/src/models/ComponentStyle.ts:90:43)
      at warnTooManyClasses (node_modules/styled-components/src/models/StyledComponent.ts:70:19)
      at componentStyle (node_modules/styled-components/src/models/StyledComponent.ts:172:24)
      at I (node_modules/styled-components/src/models/StyledComponent.ts:270:26)
      at renderWithHooks (node_modules/react-dom/cjs/react-dom.development.js:15486:18)
      at updateForwardRef (node_modules/react-dom/cjs/react-dom.development.js:19245:20)
      at beginWork (node_modules/react-dom/cjs/react-dom.development.js:21675:16)
      at beginWork$1 (node_modules/react-dom/cjs/react-dom.development.js:27465:14)
      at performUnitOfWork (node_modules/react-dom/cjs/react-dom.development.js:26599:12)
      at workLoopSync (node_modules/react-dom/cjs/react-dom.development.js:26505:5)
      at renderRootSync (node_modules/react-dom/cjs/react-dom.development.js:26473:7)
      at recoverFromConcurrentError (node_modules/react-dom/cjs/react-dom.development.js:25889:20)
      at performConcurrentWorkOnRoot (node_modules/react-dom/cjs/react-dom.development.js:25789:22)
      at flushActQueue (node_modules/react/cjs/react.development.js:2667:24)
      at act (node_modules/react/cjs/react.development.js:2582:11)
      at actWithWarning (node_modules/react-dom/cjs/react-dom-test-utils.development.js:1740:10)
      at node_modules/@testing-library/react/dist/act-compat.js:63:25
      at renderRoot (node_modules/@testing-library/react/dist/pure.js:159:26)
      at render (node_modules/@testing-library/react/dist/pure.js:246:10)
      at Object.<anonymous> (src/__tests__/App.test.tsx:74:11)

  ● App › renders the app container

    TypeError: Cannot read properties of undefined (reading 'background')

      17 |   align-items: center;
      18 |   justify-content: center;
    > 19 |   background: ${props => props.theme.colors.background.primary};
         |                                             ^
      20 |   padding: ${props => props.theme.spacing[8]};
      21 | `;
      22 |

      at result (src/components/ErrorBoundary.tsx:19:45)
      at componentId (node_modules/styled-components/src/utils/flatten.ts:71:24)
      at e.NODE_ENV [as generateAndInjectStyles] (node_modules/styled-components/src/models/ComponentStyle.ts:90:43)
      at warnTooManyClasses (node_modules/styled-components/src/models/StyledComponent.ts:70:19)
      at componentStyle (node_modules/styled-components/src/models/StyledComponent.ts:172:24)
      at I (node_modules/styled-components/src/models/StyledComponent.ts:270:26)
      at renderWithHooks (node_modules/react-dom/cjs/react-dom.development.js:15486:18)
      at updateForwardRef (node_modules/react-dom/cjs/react-dom.development.js:19245:20)
      at beginWork (node_modules/react-dom/cjs/react-dom.development.js:21675:16)
      at beginWork$1 (node_modules/react-dom/cjs/react-dom.development.js:27465:14)
      at performUnitOfWork (node_modules/react-dom/cjs/react-dom.development.js:26599:12)
      at workLoopSync (node_modules/react-dom/cjs/react-dom.development.js:26505:5)
      at renderRootSync (node_modules/react-dom/cjs/react-dom.development.js:26473:7)
      at recoverFromConcurrentError (node_modules/react-dom/cjs/react-dom.development.js:25889:20)
      at performConcurrentWorkOnRoot (node_modules/react-dom/cjs/react-dom.development.js:25789:22)
      at flushActQueue (node_modules/react/cjs/react.development.js:2667:24)
      at act (node_modules/react/cjs/react.development.js:2582:11)
      at actWithWarning (node_modules/react-dom/cjs/react-dom-test-utils.development.js:1740:10)
      at node_modules/@testing-library/react/dist/act-compat.js:63:25
      at renderRoot (node_modules/@testing-library/react/dist/pure.js:159:26)
      at render (node_modules/@testing-library/react/dist/pure.js:246:10)
      at Object.<anonymous> (src/__tests__/App.test.tsx:79:11)

  ● App › renders main content area

    TypeError: Cannot read properties of undefined (reading 'background')

      17 |   align-items: center;
      18 |   justify-content: center;
    > 19 |   background: ${props => props.theme.colors.background.primary};
         |                                             ^
      20 |   padding: ${props => props.theme.spacing[8]};
      21 | `;
      22 |

      at result (src/components/ErrorBoundary.tsx:19:45)
      at componentId (node_modules/styled-components/src/utils/flatten.ts:71:24)
      at e.NODE_ENV [as generateAndInjectStyles] (node_modules/styled-components/src/models/ComponentStyle.ts:90:43)
      at warnTooManyClasses (node_modules/styled-components/src/models/StyledComponent.ts:70:19)
      at componentStyle (node_modules/styled-components/src/models/StyledComponent.ts:172:24)
      at I (node_modules/styled-components/src/models/StyledComponent.ts:270:26)
      at renderWithHooks (node_modules/react-dom/cjs/react-dom.development.js:15486:18)
      at updateForwardRef (node_modules/react-dom/cjs/react-dom.development.js:19245:20)
      at beginWork (node_modules/react-dom/cjs/react-dom.development.js:21675:16)
      at beginWork$1 (node_modules/react-dom/cjs/react-dom.development.js:27465:14)
      at performUnitOfWork (node_modules/react-dom/cjs/react-dom.development.js:26599:12)
      at workLoopSync (node_modules/react-dom/cjs/react-dom.development.js:26505:5)
      at renderRootSync (node_modules/react-dom/cjs/react-dom.development.js:26473:7)
      at recoverFromConcurrentError (node_modules/react-dom/cjs/react-dom.development.js:25889:20)
      at performConcurrentWorkOnRoot (node_modules/react-dom/cjs/react-dom.development.js:25789:22)
      at flushActQueue (node_modules/react/cjs/react.development.js:2667:24)
      at act (node_modules/react/cjs/react.development.js:2582:11)
      at actWithWarning (node_modules/react-dom/cjs/react-dom-test-utils.development.js:1740:10)
      at node_modules/@testing-library/react/dist/act-compat.js:63:25
      at renderRoot (node_modules/@testing-library/react/dist/pure.js:159:26)
      at render (node_modules/@testing-library/react/dist/pure.js:246:10)
      at Object.<anonymous> (src/__tests__/App.test.tsx:84:11)

  ● App › includes all route components

    TypeError: Cannot read properties of undefined (reading 'background')

      17 |   align-items: center;
      18 |   justify-content: center;
    > 19 |   background: ${props => props.theme.colors.background.primary};
         |                                             ^
      20 |   padding: ${props => props.theme.spacing[8]};
      21 | `;
      22 |

      at result (src/components/ErrorBoundary.tsx:19:45)
      at componentId (node_modules/styled-components/src/utils/flatten.ts:71:24)
      at e.NODE_ENV [as generateAndInjectStyles] (node_modules/styled-components/src/models/ComponentStyle.ts:90:43)
      at warnTooManyClasses (node_modules/styled-components/src/models/StyledComponent.ts:70:19)
      at componentStyle (node_modules/styled-components/src/models/StyledComponent.ts:172:24)
      at I (node_modules/styled-components/src/models/StyledComponent.ts:270:26)
      at renderWithHooks (node_modules/react-dom/cjs/react-dom.development.js:15486:18)
      at updateForwardRef (node_modules/react-dom/cjs/react-dom.development.js:19245:20)
      at beginWork (node_modules/react-dom/cjs/react-dom.development.js:21675:16)
      at beginWork$1 (node_modules/react-dom/cjs/react-dom.development.js:27465:14)
      at performUnitOfWork (node_modules/react-dom/cjs/react-dom.development.js:26599:12)
      at workLoopSync (node_modules/react-dom/cjs/react-dom.development.js:26505:5)
      at renderRootSync (node_modules/react-dom/cjs/react-dom.development.js:26473:7)
      at recoverFromConcurrentError (node_modules/react-dom/cjs/react-dom.development.js:25889:20)
      at performConcurrentWorkOnRoot (node_modules/react-dom/cjs/react-dom.development.js:25789:22)
      at flushActQueue (node_modules/react/cjs/react.development.js:2667:24)
      at act (node_modules/react/cjs/react.development.js:2582:11)
      at actWithWarning (node_modules/react-dom/cjs/react-dom-test-utils.development.js:1740:10)
      at node_modules/@testing-library/react/dist/act-compat.js:63:25
      at renderRoot (node_modules/@testing-library/react/dist/pure.js:159:26)
      at render (node_modules/@testing-library/react/dist/pure.js:246:10)
      at Object.<anonymous> (src/__tests__/App.test.tsx:90:11)

  ● App › wraps app in SyncProvider

    TypeError: Cannot read properties of undefined (reading 'background')

      17 |   align-items: center;
      18 |   justify-content: center;
    > 19 |   background: ${props => props.theme.colors.background.primary};
         |                                             ^
      20 |   padding: ${props => props.theme.spacing[8]};
      21 | `;
      22 |

      at result (src/components/ErrorBoundary.tsx:19:45)
      at componentId (node_modules/styled-components/src/utils/flatten.ts:71:24)
      at e.NODE_ENV [as generateAndInjectStyles] (node_modules/styled-components/src/models/ComponentStyle.ts:90:43)
      at warnTooManyClasses (node_modules/styled-components/src/models/StyledComponent.ts:70:19)
      at componentStyle (node_modules/styled-components/src/models/StyledComponent.ts:172:24)
      at I (node_modules/styled-components/src/models/StyledComponent.ts:270:26)
      at renderWithHooks (node_modules/react-dom/cjs/react-dom.development.js:15486:18)
      at updateForwardRef (node_modules/react-dom/cjs/react-dom.development.js:19245:20)
      at beginWork (node_modules/react-dom/cjs/react-dom.development.js:21675:16)
      at beginWork$1 (node_modules/react-dom/cjs/react-dom.development.js:27465:14)
      at performUnitOfWork (node_modules/react-dom/cjs/react-dom.development.js:26599:12)
      at workLoopSync (node_modules/react-dom/cjs/react-dom.development.js:26505:5)
      at renderRootSync (node_modules/react-dom/cjs/react-dom.development.js:26473:7)
      at recoverFromConcurrentError (node_modules/react-dom/cjs/react-dom.development.js:25889:20)
      at performConcurrentWorkOnRoot (node_modules/react-dom/cjs/react-dom.development.js:25789:22)
      at flushActQueue (node_modules/react/cjs/react.development.js:2667:24)
      at act (node_modules/react/cjs/react.development.js:2582:11)
      at actWithWarning (node_modules/react-dom/cjs/react-dom-test-utils.development.js:1740:10)
      at node_modules/@testing-library/react/dist/act-compat.js:63:25
      at renderRoot (node_modules/@testing-library/react/dist/pure.js:159:26)
      at render (node_modules/@testing-library/react/dist/pure.js:246:10)
      at Object.<anonymous> (src/__tests__/App.test.tsx:104:33)

  ● App › includes navigation redirect

    TypeError: Cannot read properties of undefined (reading 'background')

      17 |   align-items: center;
      18 |   justify-content: center;
    > 19 |   background: ${props => props.theme.colors.background.primary};
         |                                             ^
      20 |   padding: ${props => props.theme.spacing[8]};
      21 | `;
      22 |

      at result (src/components/ErrorBoundary.tsx:19:45)
      at componentId (node_modules/styled-components/src/utils/flatten.ts:71:24)
      at e.NODE_ENV [as generateAndInjectStyles] (node_modules/styled-components/src/models/ComponentStyle.ts:90:43)
      at warnTooManyClasses (node_modules/styled-components/src/models/StyledComponent.ts:70:19)
      at componentStyle (node_modules/styled-components/src/models/StyledComponent.ts:172:24)
      at I (node_modules/styled-components/src/models/StyledComponent.ts:270:26)
      at renderWithHooks (node_modules/react-dom/cjs/react-dom.development.js:15486:18)
      at updateForwardRef (node_modules/react-dom/cjs/react-dom.development.js:19245:20)
      at beginWork (node_modules/react-dom/cjs/react-dom.development.js:21675:16)
      at beginWork$1 (node_modules/react-dom/cjs/react-dom.development.js:27465:14)
      at performUnitOfWork (node_modules/react-dom/cjs/react-dom.development.js:26599:12)
      at workLoopSync (node_modules/react-dom/cjs/react-dom.development.js:26505:5)
      at renderRootSync (node_modules/react-dom/cjs/react-dom.development.js:26473:7)
      at recoverFromConcurrentError (node_modules/react-dom/cjs/react-dom.development.js:25889:20)
      at performConcurrentWorkOnRoot (node_modules/react-dom/cjs/react-dom.development.js:25789:22)
      at flushActQueue (node_modules/react/cjs/react.development.js:2667:24)
      at act (node_modules/react/cjs/react.development.js:2582:11)
      at actWithWarning (node_modules/react-dom/cjs/react-dom-test-utils.development.js:1740:10)
      at node_modules/@testing-library/react/dist/act-compat.js:63:25
      at renderRoot (node_modules/@testing-library/react/dist/pure.js:159:26)
      at render (node_modules/@testing-library/react/dist/pure.js:246:10)
      at Object.<anonymous> (src/__tests__/App.test.tsx:109:11)

  ● App › has correct structure hierarchy

    TypeError: Cannot read properties of undefined (reading 'background')

      17 |   align-items: center;
      18 |   justify-content: center;
    > 19 |   background: ${props => props.theme.colors.background.primary};
         |                                             ^
      20 |   padding: ${props => props.theme.spacing[8]};
      21 | `;
      22 |

      at result (src/components/ErrorBoundary.tsx:19:45)
      at componentId (node_modules/styled-components/src/utils/flatten.ts:71:24)
      at e.NODE_ENV [as generateAndInjectStyles] (node_modules/styled-components/src/models/ComponentStyle.ts:90:43)
      at warnTooManyClasses (node_modules/styled-components/src/models/StyledComponent.ts:70:19)
      at componentStyle (node_modules/styled-components/src/models/StyledComponent.ts:172:24)
      at I (node_modules/styled-components/src/models/StyledComponent.ts:270:26)
      at renderWithHooks (node_modules/react-dom/cjs/react-dom.development.js:15486:18)
      at updateForwardRef (node_modules/react-dom/cjs/react-dom.development.js:19245:20)
      at beginWork (node_modules/react-dom/cjs/react-dom.development.js:21675:16)
      at beginWork$1 (node_modules/react-dom/cjs/react-dom.development.js:27465:14)
      at performUnitOfWork (node_modules/react-dom/cjs/react-dom.development.js:26599:12)
      at workLoopSync (node_modules/react-dom/cjs/react-dom.development.js:26505:5)
      at renderRootSync (node_modules/react-dom/cjs/react-dom.development.js:26473:7)
      at recoverFromConcurrentError (node_modules/react-dom/cjs/react-dom.development.js:25889:20)
      at performConcurrentWorkOnRoot (node_modules/react-dom/cjs/react-dom.development.js:25789:22)
      at flushActQueue (node_modules/react/cjs/react.development.js:2667:24)
      at act (node_modules/react/cjs/react.development.js:2582:11)
      at actWithWarning (node_modules/react-dom/cjs/react-dom-test-utils.development.js:1740:10)
      at node_modules/@testing-library/react/dist/act-compat.js:63:25
      at renderRoot (node_modules/@testing-library/react/dist/pure.js:159:26)
      at render (node_modules/@testing-library/react/dist/pure.js:246:10)
      at Object.<anonymous> (src/__tests__/App.test.tsx:114:11)

  ● App › renders with theme

    TypeError: Cannot read properties of undefined (reading 'background')

      17 |   align-items: center;
      18 |   justify-content: center;
    > 19 |   background: ${props => props.theme.colors.background.primary};
         |                                             ^
      20 |   padding: ${props => props.theme.spacing[8]};
      21 | `;
      22 |

      at result (src/components/ErrorBoundary.tsx:19:45)
      at componentId (node_modules/styled-components/src/utils/flatten.ts:71:24)
      at e.NODE_ENV [as generateAndInjectStyles] (node_modules/styled-components/src/models/ComponentStyle.ts:90:43)
      at warnTooManyClasses (node_modules/styled-components/src/models/StyledComponent.ts:70:19)
      at componentStyle (node_modules/styled-components/src/models/StyledComponent.ts:172:24)
      at I (node_modules/styled-components/src/models/StyledComponent.ts:270:26)
      at renderWithHooks (node_modules/react-dom/cjs/react-dom.development.js:15486:18)
      at updateForwardRef (node_modules/react-dom/cjs/react-dom.development.js:19245:20)
      at beginWork (node_modules/react-dom/cjs/react-dom.development.js:21675:16)
      at beginWork$1 (node_modules/react-dom/cjs/react-dom.development.js:27465:14)
      at performUnitOfWork (node_modules/react-dom/cjs/react-dom.development.js:26599:12)
      at workLoopSync (node_modules/react-dom/cjs/react-dom.development.js:26505:5)
      at renderRootSync (node_modules/react-dom/cjs/react-dom.development.js:26473:7)
      at recoverFromConcurrentError (node_modules/react-dom/cjs/react-dom.development.js:25889:20)
      at performConcurrentWorkOnRoot (node_modules/react-dom/cjs/react-dom.development.js:25789:22)
      at flushActQueue (node_modules/react/cjs/react.development.js:2667:24)
      at act (node_modules/react/cjs/react.development.js:2582:11)
      at actWithWarning (node_modules/react-dom/cjs/react-dom-test-utils.development.js:1740:10)
      at node_modules/@testing-library/react/dist/act-compat.js:63:25
      at renderRoot (node_modules/@testing-library/react/dist/pure.js:159:26)
      at render (node_modules/@testing-library/react/dist/pure.js:246:10)
      at Object.<anonymous> (src/__tests__/App.test.tsx:122:11)

FAIL src/api/__tests__/repositoryManagement.test.js
  ● Console

    console.log
      Cloning test-repo...

      at src/api/repositoryManagement.js:125:15

    console.log
      Updating test-repo...

      at src/api/repositoryManagement.js:120:15

    console.log
      Cloning test-repo...

      at src/api/repositoryManagement.js:125:15

    console.log
      Updating test-repo...

      at src/api/repositoryManagement.js:120:15

    console.log
      Updating test-repo...

      at src/api/repositoryManagement.js:120:15

  ● Repository Management API › Configuration file initialization › creates config file if it does not exist

    expect(jest.fn()).toHaveBeenCalledWith(...expected)

    Expected: StringContaining "repositories.json", "{
      \"repositories\": []
    }"

    Number of calls: 0

      274 |       mockFs.existsSync.mockReturnValue(true);
      275 |       mockExecSync.mockImplementation(() => {
    > 276 |         throw new Error('fatal: Authentication failed');
          |                                    ^
      277 |       });
      278 |
      279 |       const response = await request(app)

      at Object.<anonymous> (src/api/__tests__/repositoryManagement.test.js:276:36)

FAIL src/components/__tests__/GlobalSearchModal.test.tsx
  ● GlobalSearchModal › Modal Interaction › should call onClose when overlay is clicked

    TestingLibraryElementError: Unable to find an accessible element with the role "presentation"

    Here are the accessible roles:

      heading:

      Name "Search Axiom AI Experience Center":
      [36m<h2[39m
        [33mclass[39m=[32m"sc-ggWZvA cFmAWC"[39m
      [36m/>[39m

      --------------------------------------------------
      button:

      Name "Close search modal":
      [36m<button[39m
        [33maria-label[39m=[32m"Close search modal"[39m
        [33mclass[39m=[32m"sc-dTvVRJ liGKZI"[39m
      [36m/>[39m

      Name "Mock Result":
      [36m<button[39m
        [33mdata-testid[39m=[32m"mock-result"[39m
      [36m/>[39m

      --------------------------------------------------
      textbox:

      Name "":
      [36m<input[39m
        [33mdata-testid[39m=[32m"search-input"[39m
        [33mplaceholder[39m=[32m"Search..."[39m
      [36m/>[39m

      --------------------------------------------------

    Ignored nodes: comments, script, style
    [36m<body[39m
      [33mstyle[39m=[32m"overflow: hidden;"[39m
    [36m>[39m
      [36m<div>[39m
        [36m<div[39m
          [33mclass[39m=[32m"sc-bRKDuR gzJsKn"[39m
        [36m>[39m
          [36m<div[39m
            [33mclass[39m=[32m"sc-hvigdm cAaHyi"[39m
          [36m>[39m
            [36m<div[39m
              [33mclass[39m=[32m"sc-fhHczv iqLsWD"[39m
            [36m>[39m
              [36m<h2[39m
                [33mclass[39m=[32m"sc-ggWZvA cFmAWC"[39m
              [36m>[39m
                [36m<svg[39m
                  [33mclass[39m=[32m"lucide lucide-search"[39m
                  [33mfill[39m=[32m"none"[39m
                  [33mheight[39m=[32m"24"[39m
                  [33mstroke[39m=[32m"currentColor"[39m
                  [33mstroke-linecap[39m=[32m"round"[39m
                  [33mstroke-linejoin[39m=[32m"round"[39m
                  [33mstroke-width[39m=[32m"2"[39m
                  [33mviewBox[39m=[32m"0 0 24 24"[39m
                  [33mwidth[39m=[32m"24"[39m
                  [33mxmlns[39m=[32m"http://www.w3.org/2000/svg"[39m
                [36m>[39m
                  [36m<circle[39m
                    [33mcx[39m=[32m"11"[39m
                    [33mcy[39m=[32m"11"[39m
                    [33mr[39m=[32m"8"[39m
                  [36m/>[39m
                  [36m<path[39m
                    [33md[39m=[32m"m21 21-4.3-4.3"[39m
                  [36m/>[39m
                [36m</svg>[39m
                [0mSearch Axiom AI Experience Center[0m
              [36m</h2>[39m
              [36m<button[39m
                [33maria-label[39m=[32m"Close search modal"[39m
                [33mclass[39m=[32m"sc-dTvVRJ liGKZI"[39m
              [36m>[39m
                [36m<svg[39m
                  [33mclass[39m=[32m"lucide lucide-x"[39m
                  [33mfill[39m=[32m"none"[39m
                  [33mheight[39m=[32m"20"[39m
                  [33mstroke[39m=[32m"currentColor"[39m
                  [33mstroke-linecap[39m=[32m"round"[39m
                  [33mstroke-linejoin[39m=[32m"round"[39m
                  [33mstroke-width[39m=[32m"2"[39m
                  [33mviewBox[39m=[32m"0 0 24 24"[39m
                  [33mwidth[39m=[32m"20"[39m
                  [33mxmlns[39m=[32m"http://www.w3.org/2000/svg"[39m
                [36m>[39m
                  [36m<path[39m
                    [33md[39m=[32m"M18 6 6 18"[39m
                  [36m/>[39m
                  [36m<path[39m
                    [33md[39m=[32m"m6 6 12 12"[39m
                  [36m/>[39m
                [36m</svg>[39m
              [36m</button>[39m
            [36m</div>[39m
            [36m<div[39m
              [33mclass[39m=[32m"sc-jwTyAe kCIdYH"[39m
            [36m>[39m
              [36m<div[39m
                [33mdata-testid[39m=[32m"advanced-search"[39m
              [36m>[39m
                [36m<input[39m
                  [33mdata-testid[39m=[32m"search-input"[39m
                  [33mplaceholder[39m=[32m"Search..."[39m
                [36m/>[39m
                [36m<button[39m
                  [33mdata-testid[39m=[32m"mock-result"[39m
                [36m>[39m
                  [0mMock Result[0m
                [36m</button>[39m
              [36m</div>[39m
            [36m</div>[39m
            [36m<div[39m
              [33mclass[39m=[32m"sc-hjsuWn jtvgdi"[39m
            [36m>[39m
              [36m<div[39m
                [33mclass[39m=[32m"sc-jJLAfE ieBkue"[39m
              [36m>[39m
                [36m<span>[39m
                  [36m<kbd[39m
                    [33mclass[39m=[32m"sc-hwkwBN gmSbLd"[39m
                  [36m>[39m
                    [0m↑↓[0m
                  [36m</kbd>[39m
                  [0m Navigate[0m
                [36m</span>[39m
                [36m<span>[39m
                  [36m<kbd[39m
                    [33mclass[39m=[32m"sc-hwkwBN gmSbLd"[39m
                  [36m>[39m
                    [0mEnter[0m
                  [36m</kbd>[39m
                  [0m Select[0m
                [36m</span>[39m
                [36m<span>[39m
                  [36m<kbd[39m
                    [33mclass[39m=[32m"sc-hwkwBN gmSbLd"[39m
                  [36m>[39m
                    [0mEsc[0m
                  [36m</kbd>[39m
                  [0m Close[0m
                [36m</span>[39m
              [36m</div>[39m
              [36m<div>[39m
                [0mPress [0m
                [36m<kbd[39m
                  [33mclass[39m=[32m"sc-hwkwBN gmSbLd"[39m
                [36m>[39m
                  [0mCmd+K[0m
                [36m</kbd>[39m
                [0m to open search[0m
              [36m</div>[39m
            [36m</div>[39m
          [36m</div>[39m
        [36m</div>[39m
      [36m</div>[39m
    [36m</body>[39m

      103 |       
      104 |       // Click on the overlay (not the modal content)
    > 105 |       const overlay = screen.getByRole('presentation') || document.querySelector('[data-testid="modal-overlay"]');
          |                              ^
      106 |       if (overlay) {
      107 |         await user.click(overlay);
      108 |         expect(mockOnClose).toHaveBeenCalledTimes(1);

      at Object.getElementError (node_modules/@testing-library/react/node_modules/@testing-library/dom/dist/config.js:37:19)
      at node_modules/@testing-library/react/node_modules/@testing-library/dom/dist/query-helpers.js:76:38
      at node_modules/@testing-library/react/node_modules/@testing-library/dom/dist/query-helpers.js:52:17
      at getByRole (node_modules/@testing-library/react/node_modules/@testing-library/dom/dist/query-helpers.js:95:19)
      at Object.<anonymous> (src/components/__tests__/GlobalSearchModal.test.tsx:105:30)

FAIL src/components/__tests__/AddRepositoryModal.test.tsx
  ● AddRepositoryModal › calls onClose when backdrop is clicked

    TestingLibraryElementError: Unable to find an accessible element with the role "dialog"

    Here are the accessible roles:

      heading:

      Name "Add Repository":
      [36m<h2[39m
        [33mclass[39m=[32m"text-xl font-semibold text-gray-900"[39m
      [36m/>[39m

      --------------------------------------------------
      textbox:

      Name "Repository Name":
      [36m<input[39m
        [33mclass[39m=[32m"
                          w-full px-3 py-2 border rounded-md focus:outline-none focus:ring-2
                          border-gray-300 focus:ring-blue-500
                        "[39m
        [33mid[39m=[32m"repo-name"[39m
        [33mplaceholder[39m=[32m"e.g., my-awesome-project"[39m
        [33mtype[39m=[32m"text"[39m
        [33mvalue[39m=[32m""[39m
      [36m/>[39m

      --------------------------------------------------
      button:

      Name "Cancel":
      [36m<button[39m
        [33mclass[39m=[32m"px-4 py-2 text-sm font-medium text-gray-700 bg-white border border-gray-300 rounded-md hover:bg-gray-50 focus:outline-none focus:ring-2 focus:ring-offset-2 focus:ring-blue-500"[39m
      [36m/>[39m

      Name "Add Repository":
      [36m<button[39m
        [33mclass[39m=[32m"
                    px-4 py-2 text-sm font-medium text-white rounded-md focus:outline-none focus:ring-2 focus:ring-offset-2
                    bg-gray-300 cursor-not-allowed
                  "[39m
        [33mdisabled[39m=[32m""[39m
      [36m/>[39m

      --------------------------------------------------

    Ignored nodes: comments, script, style
    [36m<body>[39m
      [36m<div>[39m
        [36m<div[39m
          [33mclass[39m=[32m"fixed inset-0 bg-black bg-opacity-50 flex items-center justify-center z-50"[39m
        [36m>[39m
          [36m<div[39m
            [33mclass[39m=[32m"bg-white rounded-lg shadow-xl w-full max-w-md mx-4"[39m
          [36m>[39m
            [36m<div[39m
              [33mclass[39m=[32m"px-6 py-4 border-b border-gray-200"[39m
            [36m>[39m
              [36m<h2[39m
                [33mclass[39m=[32m"text-xl font-semibold text-gray-900"[39m
              [36m>[39m
                [0mAdd Repository[0m
              [36m</h2>[39m
              [36m<p[39m
                [33mclass[39m=[32m"text-sm text-gray-600 mt-1"[39m
              [36m>[39m
                [0mAdd a repository from the [0m
                [0mjamesenki[0m
                [0m account[0m
              [36m</p>[39m
            [36m</div>[39m
            [36m<div[39m
              [33mclass[39m=[32m"px-6 py-4"[39m
            [36m>[39m
              [36m<div[39m
                [33mclass[39m=[32m"space-y-4"[39m
              [36m>[39m
                [36m<div>[39m
                  [36m<label[39m
                    [33mclass[39m=[32m"block text-sm font-medium text-gray-700 mb-1"[39m
                    [33mfor[39m=[32m"repo-name"[39m
                  [36m>[39m
                    [0mRepository Name[0m
                  [36m</label>[39m
                  [36m<div[39m
                    [33mclass[39m=[32m"relative"[39m
                  [36m>[39m
                    [36m<input[39m
                      [33mclass[39m=[32m"
                        w-full px-3 py-2 border rounded-md focus:outline-none focus:ring-2
                        border-gray-300 focus:ring-blue-500
                      "[39m
                      [33mid[39m=[32m"repo-name"[39m
                      [33mplaceholder[39m=[32m"e.g., my-awesome-project"[39m
                      [33mtype[39m=[32m"text"[39m
                      [33mvalue[39m=[32m""[39m
                    [36m/>[39m
                  [36m</div>[39m
                  [36m<p[39m
                    [33mclass[39m=[32m"text-xs text-gray-500 mt-1"[39m
                  [36m>[39m
                    [0mEnter the repository name exactly as it appears on GitHub[0m
                  [36m</p>[39m
                [36m</div>[39m
              [36m</div>[39m
            [36m</div>[39m
            [36m<div[39m
              [33mclass[39m=[32m"px-6 py-4 border-t border-gray-200 flex justify-end space-x-3"[39m
            [36m>[39m
              [36m<button[39m
                [33mclass[39m=[32m"px-4 py-2 text-sm font-medium text-gray-700 bg-white border border-gray-300 rounded-md hover:bg-gray-50 focus:outline-none focus:ring-2 focus:ring-offset-2 focus:ring-blue-500"[39m
              [36m>[39m
                [0mCancel[0m
              [36m</button>[39m
              [36m<button[39m
                [33mclass[39m=[32m"
                  px-4 py-2 text-sm font-medium text-white rounded-md focus:outline-none focus:ring-2 focus:ring-offset-2
                  bg-gray-300 cursor-not-allowed
                "[39m
                [33mdisabled[39m=[32m""[39m
              [36m>[39m
                [0mAdd Repository[0m
              [36m</button>[39m
            [36m</div>[39m
          [36m</div>[39m
        [36m</div>[39m
      [36m</div>[39m
    [36m</body>[39m

      68 |       fireEvent.click(backdrop);
      69 |       expect(mockOnClose).toHaveBeenCalled();
    > 70 |     }
         |      ^
      71 |   });
      72 |
      73 |   it('validates empty input', async () => {

      at Object.getElementError (node_modules/@testing-library/react/node_modules/@testing-library/dom/dist/config.js:37:19)
      at node_modules/@testing-library/react/node_modules/@testing-library/dom/dist/query-helpers.js:76:38
      at node_modules/@testing-library/react/node_modules/@testing-library/dom/dist/query-helpers.js:52:17
      at node_modules/@testing-library/react/node_modules/@testing-library/dom/dist/query-helpers.js:95:19
      at Object.<anonymous> (src/components/__tests__/AddRepositoryModal.test.tsx:70:37)

  ● AddRepositoryModal › validates empty input

    TestingLibraryElementError: Found multiple elements with the text: Add Repository

    Here are the matching elements:

    Ignored nodes: comments, script, style
    [36m<h2[39m
      [33mclass[39m=[32m"text-xl font-semibold text-gray-900"[39m
    [36m>[39m
      [0mAdd Repository[0m
    [36m</h2>[39m

    Ignored nodes: comments, script, style
    [36m<button[39m
      [33mclass[39m=[32m"
                  px-4 py-2 text-sm font-medium text-white rounded-md focus:outline-none focus:ring-2 focus:ring-offset-2
                  bg-gray-300 cursor-not-allowed
                "[39m
      [33mdisabled[39m=[32m""[39m
    [36m>[39m
      [0mAdd Repository[0m
    [36m</button>[39m

    (If this is intentional, then use the `*AllBy*` variant of the query (like `queryAllByText`, `getAllByText`, or `findAllByText`)).

    Ignored nodes: comments, script, style
    [36m<body>[39m
      [36m<div>[39m
        [36m<div[39m
          [33mclass[39m=[32m"fixed inset-0 bg-black bg-opacity-50 flex items-center justify-center z-50"[39m
        [36m>[39m
          [36m<div[39m
            [33mclass[39m=[32m"bg-white rounded-lg shadow-xl w-full max-w-md mx-4"[39m
          [36m>[39m
            [36m<div[39m
              [33mclass[39m=[32m"px-6 py-4 border-b border-gray-200"[39m
            [36m>[39m
              [36m<h2[39m
                [33mclass[39m=[32m"text-xl font-semibold text-gray-900"[39m
              [36m>[39m
                [0mAdd Repository[0m
              [36m</h2>[39m
              [36m<p[39m
                [33mclass[39m=[32m"text-sm text-gray-600 mt-1"[39m
              [36m>[39m
                [0mAdd a repository from the [0m
                [0mjamesenki[0m
                [0m account[0m
              [36m</p>[39m
            [36m</div>[39m
            [36m<div[39m
              [33mclass[39m=[32m"px-6 py-4"[39m
            [36m>[39m
              [36m<div[39m
                [33mclass[39m=[32m"space-y-4"[39m
              [36m>[39m
                [36m<div>[39m
                  [36m<label[39m
                    [33mclass[39m=[32m"block text-sm font-medium text-gray-700 mb-1"[39m
                    [33mfor[39m=[32m"repo-name"[39m
                  [36m>[39m
                    [0mRepository Name[0m
                  [36m</label>[39m
                  [36m<div[39m
                    [33mclass[39m=[32m"relative"[39m
                  [36m>[39m
                    [36m<input[39m
                      [33mclass[39m=[32m"
                        w-full px-3 py-2 border rounded-md focus:outline-none focus:ring-2
                        border-gray-300 focus:ring-blue-500
                      "[39m
                      [33mid[39m=[32m"repo-name"[39m
                      [33mplaceholder[39m=[32m"e.g., my-awesome-project"[39m
                      [33mtype[39m=[32m"text"[39m
                      [33mvalue[39m=[32m""[39m
                    [36m/>[39m
                  [36m</div>[39m
                  [36m<p[39m
                    [33mclass[39m=[32m"text-xs text-gray-500 mt-1"[39m
                  [36m>[39m
                    [0mEnter the repository name exactly as it appears on GitHub[0m
                  [36m</p>[39m
                [36m</div>[39m
              [36m</div>[39m
            [36m</div>[39m
            [36m<div[39m
              [33mclass[39m=[32m"px-6 py-4 border-t border-gray-200 flex justify-end space-x-3"[39m
            [36m>[39m
              [36m<button[39m
                [33mclass[39m=[32m"px-4 py-2 text-sm font-medium text-gray-700 bg-white border border-gray-300 rounded-md hover:bg-gray-50 focus:outline-none focus:ring-2 focus:ring-offset-2 focus:ring-blue-500"[39m
              [36m>[39m
                [0mCancel[0m
              [36m</button>[39m
              [36m<button[39m
                [33mclass[39m=[32m"
                  px-4 py-2 text-sm font-medium text-white rounded-md focus:outline-none focus:ring-2 focus:ring-offset-2
                  bg-gray-300 cursor-not-allowed
                "[39m
                [33mdisabled[39m=[32m""[39m
              [36m>[39m
                [0mAdd Repository[0m
              [36m</button>[39m
            [36m</div>[39m
          [36m</div>[39m
        [36m</div>[39m
      [36m</div>[39m
    [36m</body>[39m

      84 |     await waitFor(() => {
      85 |       expect(screen.getByText('Please enter a repository name')).toBeInTheDocument();
    > 86 |     });
         |        ^
      87 |   });
      88 |
      89 |   it('validates invalid repository format', async () => {

      at Object.getElementError (node_modules/@testing-library/react/node_modules/@testing-library/dom/dist/config.js:37:19)
      at getElementError (node_modules/@testing-library/react/node_modules/@testing-library/dom/dist/query-helpers.js:20:35)
      at getMultipleElementsFoundError (node_modules/@testing-library/react/node_modules/@testing-library/dom/dist/query-helpers.js:23:10)
      at node_modules/@testing-library/react/node_modules/@testing-library/dom/dist/query-helpers.js:55:13
      at node_modules/@testing-library/react/node_modules/@testing-library/dom/dist/query-helpers.js:95:19
      at Object.<anonymous> (src/components/__tests__/AddRepositoryModal.test.tsx:86:44)

  ● AddRepositoryModal › validates invalid repository format

    TestingLibraryElementError: Unable to find an element with the placeholder text of: owner/repository

    Ignored nodes: comments, script, style
    [36m<body>[39m
      [36m<div>[39m
        [36m<div[39m
          [33mclass[39m=[32m"fixed inset-0 bg-black bg-opacity-50 flex items-center justify-center z-50"[39m
        [36m>[39m
          [36m<div[39m
            [33mclass[39m=[32m"bg-white rounded-lg shadow-xl w-full max-w-md mx-4"[39m
          [36m>[39m
            [36m<div[39m
              [33mclass[39m=[32m"px-6 py-4 border-b border-gray-200"[39m
            [36m>[39m
              [36m<h2[39m
                [33mclass[39m=[32m"text-xl font-semibold text-gray-900"[39m
              [36m>[39m
                [0mAdd Repository[0m
              [36m</h2>[39m
              [36m<p[39m
                [33mclass[39m=[32m"text-sm text-gray-600 mt-1"[39m
              [36m>[39m
                [0mAdd a repository from the [0m
                [0mjamesenki[0m
                [0m account[0m
              [36m</p>[39m
            [36m</div>[39m
            [36m<div[39m
              [33mclass[39m=[32m"px-6 py-4"[39m
            [36m>[39m
              [36m<div[39m
                [33mclass[39m=[32m"space-y-4"[39m
              [36m>[39m
                [36m<div>[39m
                  [36m<label[39m
                    [33mclass[39m=[32m"block text-sm font-medium text-gray-700 mb-1"[39m
                    [33mfor[39m=[32m"repo-name"[39m
                  [36m>[39m
                    [0mRepository Name[0m
                  [36m</label>[39m
                  [36m<div[39m
                    [33mclass[39m=[32m"relative"[39m
                  [36m>[39m
                    [36m<input[39m
                      [33mclass[39m=[32m"
                        w-full px-3 py-2 border rounded-md focus:outline-none focus:ring-2
                        border-gray-300 focus:ring-blue-500
                      "[39m
                      [33mid[39m=[32m"repo-name"[39m
                      [33mplaceholder[39m=[32m"e.g., my-awesome-project"[39m
                      [33mtype[39m=[32m"text"[39m
                      [33mvalue[39m=[32m""[39m
                    [36m/>[39m
                  [36m</div>[39m
                  [36m<p[39m
                    [33mclass[39m=[32m"text-xs text-gray-500 mt-1"[39m
                  [36m>[39m
                    [0mEnter the repository name exactly as it appears on GitHub[0m
                  [36m</p>[39m
                [36m</div>[39m
              [36m</div>[39m
            [36m</div>[39m
            [36m<div[39m
              [33mclass[39m=[32m"px-6 py-4 border-t border-gray-200 flex justify-end space-x-3"[39m
            [36m>[39m
              [36m<button[39m
                [33mclass[39m=[32m"px-4 py-2 text-sm font-medium text-gray-700 bg-white border border-gray-300 rounded-md hover:bg-gray-50 focus:outline-none focus:ring-2 focus:ring-offset-2 focus:ring-blue-500"[39m
              [36m>[39m
                [0mCancel[0m
              [36m</button>[39m
              [36m<button[39m
                [33mclass[39m=[32m"
                  px-4 py-2 text-sm font-medium text-white rounded-md focus:outline-none focus:ring-2 focus:ring-offset-2
                  bg-gray-300 cursor-not-allowed
                "[39m
                [33mdisabled[39m=[32m""[39m
              [36m>[39m
                [0mAdd Repository[0m
              [36m</button>[39m
            [36m</div>[39m
          [36m</div>[39m
        [36m</div>[39m
      [36m</div>[39m
    [36m</body>[39m

       99 |     fireEvent.change(input, { target: { value: 'invalid-format' } });
      100 |     fireEvent.click(screen.getByText('Add Repository'));
    > 101 |
          | ^
      102 |     await waitFor(() => {
      103 |       expect(screen.getByText('Invalid format. Use: owner/repository')).toBeInTheDocument();
      104 |     });

      at Object.getElementError (node_modules/@testing-library/react/node_modules/@testing-library/dom/dist/config.js:37:19)
      at node_modules/@testing-library/react/node_modules/@testing-library/dom/dist/query-helpers.js:76:38
      at node_modules/@testing-library/react/node_modules/@testing-library/dom/dist/query-helpers.js:52:17
      at node_modules/@testing-library/react/node_modules/@testing-library/dom/dist/query-helpers.js:95:19
      at Object.<anonymous> (src/components/__tests__/AddRepositoryModal.test.tsx:101:34)

  ● AddRepositoryModal › submits valid repository successfully

    TestingLibraryElementError: Unable to find an element with the placeholder text of: owner/repository

    Ignored nodes: comments, script, style
    [36m<body>[39m
      [36m<div>[39m
        [36m<div[39m
          [33mclass[39m=[32m"fixed inset-0 bg-black bg-opacity-50 flex items-center justify-center z-50"[39m
        [36m>[39m
          [36m<div[39m
            [33mclass[39m=[32m"bg-white rounded-lg shadow-xl w-full max-w-md mx-4"[39m
          [36m>[39m
            [36m<div[39m
              [33mclass[39m=[32m"px-6 py-4 border-b border-gray-200"[39m
            [36m>[39m
              [36m<h2[39m
                [33mclass[39m=[32m"text-xl font-semibold text-gray-900"[39m
              [36m>[39m
                [0mAdd Repository[0m
              [36m</h2>[39m
              [36m<p[39m
                [33mclass[39m=[32m"text-sm text-gray-600 mt-1"[39m
              [36m>[39m
                [0mAdd a repository from the [0m
                [0mjamesenki[0m
                [0m account[0m
              [36m</p>[39m
            [36m</div>[39m
            [36m<div[39m
              [33mclass[39m=[32m"px-6 py-4"[39m
            [36m>[39m
              [36m<div[39m
                [33mclass[39m=[32m"space-y-4"[39m
              [36m>[39m
                [36m<div>[39m
                  [36m<label[39m
                    [33mclass[39m=[32m"block text-sm font-medium text-gray-700 mb-1"[39m
                    [33mfor[39m=[32m"repo-name"[39m
                  [36m>[39m
                    [0mRepository Name[0m
                  [36m</label>[39m
                  [36m<div[39m
                    [33mclass[39m=[32m"relative"[39m
                  [36m>[39m
                    [36m<input[39m
                      [33mclass[39m=[32m"
                        w-full px-3 py-2 border rounded-md focus:outline-none focus:ring-2
                        border-gray-300 focus:ring-blue-500
                      "[39m
                      [33mid[39m=[32m"repo-name"[39m
                      [33mplaceholder[39m=[32m"e.g., my-awesome-project"[39m
                      [33mtype[39m=[32m"text"[39m
                      [33mvalue[39m=[32m""[39m
                    [36m/>[39m
                  [36m</div>[39m
                  [36m<p[39m
                    [33mclass[39m=[32m"text-xs text-gray-500 mt-1"[39m
                  [36m>[39m
                    [0mEnter the repository name exactly as it appears on GitHub[0m
                  [36m</p>[39m
                [36m</div>[39m
              [36m</div>[39m
            [36m</div>[39m
            [36m<div[39m
              [33mclass[39m=[32m"px-6 py-4 border-t border-gray-200 flex justify-end space-x-3"[39m
            [36m>[39m
              [36m<button[39m
                [33mclass[39m=[32m"px-4 py-2 text-sm font-medium text-gray-700 bg-white border border-gray-300 rounded-md hover:bg-gray-50 focus:outline-none focus:ring-2 focus:ring-offset-2 focus:ring-blue-500"[39m
              [36m>[39m
                [0mCancel[0m
              [36m</button>[39m
              [36m<button[39m
                [33mclass[39m=[32m"
                  px-4 py-2 text-sm font-medium text-white rounded-md focus:outline-none focus:ring-2 focus:ring-offset-2
                  bg-gray-300 cursor-not-allowed
                "[39m
                [33mdisabled[39m=[32m""[39m
              [36m>[39m
                [0mAdd Repository[0m
              [36m</button>[39m
            [36m</div>[39m
          [36m</div>[39m
        [36m</div>[39m
      [36m</div>[39m
    [36m</body>[39m

      126 |       expect(global.fetch).toHaveBeenCalledWith('/api/repositories', {
      127 |         method: 'POST',
    > 128 |         headers: {
          |                   ^
      129 |           'Content-Type': 'application/json',
      130 |         },
      131 |         body: JSON.stringify({ repoName: 'owner/repo' })

      at Object.getElementError (node_modules/@testing-library/react/node_modules/@testing-library/dom/dist/config.js:37:19)
      at node_modules/@testing-library/react/node_modules/@testing-library/dom/dist/query-helpers.js:76:38
      at node_modules/@testing-library/react/node_modules/@testing-library/dom/dist/query-helpers.js:52:17
      at node_modules/@testing-library/react/node_modules/@testing-library/dom/dist/query-helpers.js:95:19
      at Object.<anonymous> (src/components/__tests__/AddRepositoryModal.test.tsx:128:34)

  ● AddRepositoryModal › handles server error

    TestingLibraryElementError: Unable to find an element with the placeholder text of: owner/repository

    Ignored nodes: comments, script, style
    [36m<body>[39m
      [36m<div>[39m
        [36m<div[39m
          [33mclass[39m=[32m"fixed inset-0 bg-black bg-opacity-50 flex items-center justify-center z-50"[39m
        [36m>[39m
          [36m<div[39m
            [33mclass[39m=[32m"bg-white rounded-lg shadow-xl w-full max-w-md mx-4"[39m
          [36m>[39m
            [36m<div[39m
              [33mclass[39m=[32m"px-6 py-4 border-b border-gray-200"[39m
            [36m>[39m
              [36m<h2[39m
                [33mclass[39m=[32m"text-xl font-semibold text-gray-900"[39m
              [36m>[39m
                [0mAdd Repository[0m
              [36m</h2>[39m
              [36m<p[39m
                [33mclass[39m=[32m"text-sm text-gray-600 mt-1"[39m
              [36m>[39m
                [0mAdd a repository from the [0m
                [0mjamesenki[0m
                [0m account[0m
              [36m</p>[39m
            [36m</div>[39m
            [36m<div[39m
              [33mclass[39m=[32m"px-6 py-4"[39m
            [36m>[39m
              [36m<div[39m
                [33mclass[39m=[32m"space-y-4"[39m
              [36m>[39m
                [36m<div>[39m
                  [36m<label[39m
                    [33mclass[39m=[32m"block text-sm font-medium text-gray-700 mb-1"[39m
                    [33mfor[39m=[32m"repo-name"[39m
                  [36m>[39m
                    [0mRepository Name[0m
                  [36m</label>[39m
                  [36m<div[39m
                    [33mclass[39m=[32m"relative"[39m
                  [36m>[39m
                    [36m<input[39m
                      [33mclass[39m=[32m"
                        w-full px-3 py-2 border rounded-md focus:outline-none focus:ring-2
                        border-gray-300 focus:ring-blue-500
                      "[39m
                      [33mid[39m=[32m"repo-name"[39m
                      [33mplaceholder[39m=[32m"e.g., my-awesome-project"[39m
                      [33mtype[39m=[32m"text"[39m
                      [33mvalue[39m=[32m""[39m
                    [36m/>[39m
                  [36m</div>[39m
                  [36m<p[39m
                    [33mclass[39m=[32m"text-xs text-gray-500 mt-1"[39m
                  [36m>[39m
                    [0mEnter the repository name exactly as it appears on GitHub[0m
                  [36m</p>[39m
                [36m</div>[39m
              [36m</div>[39m
            [36m</div>[39m
            [36m<div[39m
              [33mclass[39m=[32m"px-6 py-4 border-t border-gray-200 flex justify-end space-x-3"[39m
            [36m>[39m
              [36m<button[39m
                [33mclass[39m=[32m"px-4 py-2 text-sm font-medium text-gray-700 bg-white border border-gray-300 rounded-md hover:bg-gray-50 focus:outline-none focus:ring-2 focus:ring-offset-2 focus:ring-blue-500"[39m
              [36m>[39m
                [0mCancel[0m
              [36m</button>[39m
              [36m<button[39m
                [33mclass[39m=[32m"
                  px-4 py-2 text-sm font-medium text-white rounded-md focus:outline-none focus:ring-2 focus:ring-offset-2
                  bg-gray-300 cursor-not-allowed
                "[39m
                [33mdisabled[39m=[32m""[39m
              [36m>[39m
                [0mAdd Repository[0m
              [36m</button>[39m
            [36m</div>[39m
          [36m</div>[39m
        [36m</div>[39m
      [36m</div>[39m
    [36m</body>[39m

      165 |     (global.fetch as jest.Mock).mockRejectedValueOnce(new Error('Network error'));
      166 |
    > 167 |     render(
          |            ^
      168 |       <AddRepositoryModal 
      169 |         isOpen={true} 
      170 |         onClose={mockOnClose}

      at Object.getElementError (node_modules/@testing-library/react/node_modules/@testing-library/dom/dist/config.js:37:19)
      at node_modules/@testing-library/react/node_modules/@testing-library/dom/dist/query-helpers.js:76:38
      at node_modules/@testing-library/react/node_modules/@testing-library/dom/dist/query-helpers.js:52:17
      at node_modules/@testing-library/react/node_modules/@testing-library/dom/dist/query-helpers.js:95:19
      at Object.<anonymous> (src/components/__tests__/AddRepositoryModal.test.tsx:167:34)

  ● AddRepositoryModal › handles network error

    TestingLibraryElementError: Unable to find an element with the placeholder text of: owner/repository

    Ignored nodes: comments, script, style
    [36m<body>[39m
      [36m<div>[39m
        [36m<div[39m
          [33mclass[39m=[32m"fixed inset-0 bg-black bg-opacity-50 flex items-center justify-center z-50"[39m
        [36m>[39m
          [36m<div[39m
            [33mclass[39m=[32m"bg-white rounded-lg shadow-xl w-full max-w-md mx-4"[39m
          [36m>[39m
            [36m<div[39m
              [33mclass[39m=[32m"px-6 py-4 border-b border-gray-200"[39m
            [36m>[39m
              [36m<h2[39m
                [33mclass[39m=[32m"text-xl font-semibold text-gray-900"[39m
              [36m>[39m
                [0mAdd Repository[0m
              [36m</h2>[39m
              [36m<p[39m
                [33mclass[39m=[32m"text-sm text-gray-600 mt-1"[39m
              [36m>[39m
                [0mAdd a repository from the [0m
                [0mjamesenki[0m
                [0m account[0m
              [36m</p>[39m
            [36m</div>[39m
            [36m<div[39m
              [33mclass[39m=[32m"px-6 py-4"[39m
            [36m>[39m
              [36m<div[39m
                [33mclass[39m=[32m"space-y-4"[39m
              [36m>[39m
                [36m<div>[39m
                  [36m<label[39m
                    [33mclass[39m=[32m"block text-sm font-medium text-gray-700 mb-1"[39m
                    [33mfor[39m=[32m"repo-name"[39m
                  [36m>[39m
                    [0mRepository Name[0m
                  [36m</label>[39m
                  [36m<div[39m
                    [33mclass[39m=[32m"relative"[39m
                  [36m>[39m
                    [36m<input[39m
                      [33mclass[39m=[32m"
                        w-full px-3 py-2 border rounded-md focus:outline-none focus:ring-2
                        border-gray-300 focus:ring-blue-500
                      "[39m
                      [33mid[39m=[32m"repo-name"[39m
                      [33mplaceholder[39m=[32m"e.g., my-awesome-project"[39m
                      [33mtype[39m=[32m"text"[39m
                      [33mvalue[39m=[32m""[39m
                    [36m/>[39m
                  [36m</div>[39m
                  [36m<p[39m
                    [33mclass[39m=[32m"text-xs text-gray-500 mt-1"[39m
                  [36m>[39m
                    [0mEnter the repository name exactly as it appears on GitHub[0m
                  [36m</p>[39m
                [36m</div>[39m
              [36m</div>[39m
            [36m</div>[39m
            [36m<div[39m
              [33mclass[39m=[32m"px-6 py-4 border-t border-gray-200 flex justify-end space-x-3"[39m
            [36m>[39m
              [36m<button[39m
                [33mclass[39m=[32m"px-4 py-2 text-sm font-medium text-gray-700 bg-white border border-gray-300 rounded-md hover:bg-gray-50 focus:outline-none focus:ring-2 focus:ring-offset-2 focus:ring-blue-500"[39m
              [36m>[39m
                [0mCancel[0m
              [36m</button>[39m
              [36m<button[39m
                [33mclass[39m=[32m"
                  px-4 py-2 text-sm font-medium text-white rounded-md focus:outline-none focus:ring-2 focus:ring-offset-2
                  bg-gray-300 cursor-not-allowed
                "[39m
                [33mdisabled[39m=[32m""[39m
              [36m>[39m
                [0mAdd Repository[0m
              [36m</button>[39m
            [36m</div>[39m
          [36m</div>[39m
        [36m</div>[39m
      [36m</div>[39m
    [36m</body>[39m

      187 |         ok: true,
      188 |         json: async () => ({ message: 'Success' })
    > 189 |       }), 100))
          |                ^
      190 |     );
      191 |
      192 |     render(

      at Object.getElementError (node_modules/@testing-library/react/node_modules/@testing-library/dom/dist/config.js:37:19)
      at node_modules/@testing-library/react/node_modules/@testing-library/dom/dist/query-helpers.js:76:38
      at node_modules/@testing-library/react/node_modules/@testing-library/dom/dist/query-helpers.js:52:17
      at node_modules/@testing-library/react/node_modules/@testing-library/dom/dist/query-helpers.js:95:19
      at Object.<anonymous> (src/components/__tests__/AddRepositoryModal.test.tsx:189:34)

  ● AddRepositoryModal › disables submit button while submitting

    TestingLibraryElementError: Unable to find an element with the placeholder text of: owner/repository

    Ignored nodes: comments, script, style
    [36m<body>[39m
      [36m<div>[39m
        [36m<div[39m
          [33mclass[39m=[32m"fixed inset-0 bg-black bg-opacity-50 flex items-center justify-center z-50"[39m
        [36m>[39m
          [36m<div[39m
            [33mclass[39m=[32m"bg-white rounded-lg shadow-xl w-full max-w-md mx-4"[39m
          [36m>[39m
            [36m<div[39m
              [33mclass[39m=[32m"px-6 py-4 border-b border-gray-200"[39m
            [36m>[39m
              [36m<h2[39m
                [33mclass[39m=[32m"text-xl font-semibold text-gray-900"[39m
              [36m>[39m
                [0mAdd Repository[0m
              [36m</h2>[39m
              [36m<p[39m
                [33mclass[39m=[32m"text-sm text-gray-600 mt-1"[39m
              [36m>[39m
                [0mAdd a repository from the [0m
                [0mjamesenki[0m
                [0m account[0m
              [36m</p>[39m
            [36m</div>[39m
            [36m<div[39m
              [33mclass[39m=[32m"px-6 py-4"[39m
            [36m>[39m
              [36m<div[39m
                [33mclass[39m=[32m"space-y-4"[39m
              [36m>[39m
                [36m<div>[39m
                  [36m<label[39m
                    [33mclass[39m=[32m"block text-sm font-medium text-gray-700 mb-1"[39m
                    [33mfor[39m=[32m"repo-name"[39m
                  [36m>[39m
                    [0mRepository Name[0m
                  [36m</label>[39m
                  [36m<div[39m
                    [33mclass[39m=[32m"relative"[39m
                  [36m>[39m
                    [36m<input[39m
                      [33mclass[39m=[32m"
                        w-full px-3 py-2 border rounded-md focus:outline-none focus:ring-2
                        border-gray-300 focus:ring-blue-500
                      "[39m
                      [33mid[39m=[32m"repo-name"[39m
                      [33mplaceholder[39m=[32m"e.g., my-awesome-project"[39m
                      [33mtype[39m=[32m"text"[39m
                      [33mvalue[39m=[32m""[39m
                    [36m/>[39m
                  [36m</div>[39m
                  [36m<p[39m
                    [33mclass[39m=[32m"text-xs text-gray-500 mt-1"[39m
                  [36m>[39m
                    [0mEnter the repository name exactly as it appears on GitHub[0m
                  [36m</p>[39m
                [36m</div>[39m
              [36m</div>[39m
            [36m</div>[39m
            [36m<div[39m
              [33mclass[39m=[32m"px-6 py-4 border-t border-gray-200 flex justify-end space-x-3"[39m
            [36m>[39m
              [36m<button[39m
                [33mclass[39m=[32m"px-4 py-2 text-sm font-medium text-gray-700 bg-white border border-gray-300 rounded-md hover:bg-gray-50 focus:outline-none focus:ring-2 focus:ring-offset-2 focus:ring-blue-500"[39m
              [36m>[39m
                [0mCancel[0m
              [36m</button>[39m
              [36m<button[39m
                [33mclass[39m=[32m"
                  px-4 py-2 text-sm font-medium text-white rounded-md focus:outline-none focus:ring-2 focus:ring-offset-2
                  bg-gray-300 cursor-not-allowed
                "[39m
                [33mdisabled[39m=[32m""[39m
              [36m>[39m
                [0mAdd Repository[0m
              [36m</button>[39m
            [36m</div>[39m
          [36m</div>[39m
        [36m</div>[39m
      [36m</div>[39m
    [36m</body>[39m

      214 |         onClose={mockOnClose}
      215 |         onSuccess={mockOnSuccess}
    > 216 |       />
          |         ^
      217 |     );
      218 |
      219 |     // Trigger error

      at Object.getElementError (node_modules/@testing-library/react/node_modules/@testing-library/dom/dist/config.js:37:19)
      at node_modules/@testing-library/react/node_modules/@testing-library/dom/dist/query-helpers.js:76:38
      at node_modules/@testing-library/react/node_modules/@testing-library/dom/dist/query-helpers.js:52:17
      at node_modules/@testing-library/react/node_modules/@testing-library/dom/dist/query-helpers.js:95:19
      at Object.<anonymous> (src/components/__tests__/AddRepositoryModal.test.tsx:216:34)

  ● AddRepositoryModal › clears error when input changes

    TestingLibraryElementError: Found multiple elements with the text: Add Repository

    Here are the matching elements:

    Ignored nodes: comments, script, style
    [36m<h2[39m
      [33mclass[39m=[32m"text-xl font-semibold text-gray-900"[39m
    [36m>[39m
      [0mAdd Repository[0m
    [36m</h2>[39m

    Ignored nodes: comments, script, style
    [36m<button[39m
      [33mclass[39m=[32m"
                  px-4 py-2 text-sm font-medium text-white rounded-md focus:outline-none focus:ring-2 focus:ring-offset-2
                  bg-gray-300 cursor-not-allowed
                "[39m
      [33mdisabled[39m=[32m""[39m
    [36m>[39m
      [0mAdd Repository[0m
    [36m</button>[39m

    (If this is intentional, then use the `*AllBy*` variant of the query (like `queryAllByText`, `getAllByText`, or `findAllByText`)).

    Ignored nodes: comments, script, style
    [36m<body>[39m
      [36m<div>[39m
        [36m<div[39m
          [33mclass[39m=[32m"fixed inset-0 bg-black bg-opacity-50 flex items-center justify-center z-50"[39m
        [36m>[39m
          [36m<div[39m
            [33mclass[39m=[32m"bg-white rounded-lg shadow-xl w-full max-w-md mx-4"[39m
          [36m>[39m
            [36m<div[39m
              [33mclass[39m=[32m"px-6 py-4 border-b border-gray-200"[39m
            [36m>[39m
              [36m<h2[39m
                [33mclass[39m=[32m"text-xl font-semibold text-gray-900"[39m
              [36m>[39m
                [0mAdd Repository[0m
              [36m</h2>[39m
              [36m<p[39m
                [33mclass[39m=[32m"text-sm text-gray-600 mt-1"[39m
              [36m>[39m
                [0mAdd a repository from the [0m
                [0mjamesenki[0m
                [0m account[0m
              [36m</p>[39m
            [36m</div>[39m
            [36m<div[39m
              [33mclass[39m=[32m"px-6 py-4"[39m
            [36m>[39m
              [36m<div[39m
                [33mclass[39m=[32m"space-y-4"[39m
              [36m>[39m
                [36m<div>[39m
                  [36m<label[39m
                    [33mclass[39m=[32m"block text-sm font-medium text-gray-700 mb-1"[39m
                    [33mfor[39m=[32m"repo-name"[39m
                  [36m>[39m
                    [0mRepository Name[0m
                  [36m</label>[39m
                  [36m<div[39m
                    [33mclass[39m=[32m"relative"[39m
                  [36m>[39m
                    [36m<input[39m
                      [33mclass[39m=[32m"
                        w-full px-3 py-2 border rounded-md focus:outline-none focus:ring-2
                        border-gray-300 focus:ring-blue-500
                      "[39m
                      [33mid[39m=[32m"repo-name"[39m
                      [33mplaceholder[39m=[32m"e.g., my-awesome-project"[39m
                      [33mtype[39m=[32m"text"[39m
                      [33mvalue[39m=[32m""[39m
                    [36m/>[39m
                  [36m</div>[39m
                  [36m<p[39m
                    [33mclass[39m=[32m"text-xs text-gray-500 mt-1"[39m
                  [36m>[39m
                    [0mEnter the repository name exactly as it appears on GitHub[0m
                  [36m</p>[39m
                [36m</div>[39m
              [36m</div>[39m
            [36m</div>[39m
            [36m<div[39m
              [33mclass[39m=[32m"px-6 py-4 border-t border-gray-200 flex justify-end space-x-3"[39m
            [36m>[39m
              [36m<button[39m
                [33mclass[39m=[32m"px-4 py-2 text-sm font-medium text-gray-700 bg-white border border-gray-300 rounded-md hover:bg-gray-50 focus:outline-none focus:ring-2 focus:ring-offset-2 focus:ring-blue-500"[39m
              [36m>[39m
                [0mCancel[0m
              [36m</button>[39m
              [36m<button[39m
                [33mclass[39m=[32m"
                  px-4 py-2 text-sm font-medium text-white rounded-md focus:outline-none focus:ring-2 focus:ring-offset-2
                  bg-gray-300 cursor-not-allowed
                "[39m
                [33mdisabled[39m=[32m""[39m
              [36m>[39m
                [0mAdd Repository[0m
              [36m</button>[39m
            [36m</div>[39m
          [36m</div>[39m
        [36m</div>[39m
      [36m</div>[39m
    [36m</body>[39m

      237 |         isOpen={true} 
      238 |         onClose={mockOnClose}
    > 239 |         onSuccess={mockOnSuccess}
          |                                  ^
      240 |       />
      241 |     );
      242 |

      at Object.getElementError (node_modules/@testing-library/react/node_modules/@testing-library/dom/dist/config.js:37:19)
      at getElementError (node_modules/@testing-library/react/node_modules/@testing-library/dom/dist/query-helpers.js:20:35)
      at getMultipleElementsFoundError (node_modules/@testing-library/react/node_modules/@testing-library/dom/dist/query-helpers.js:23:10)
      at node_modules/@testing-library/react/node_modules/@testing-library/dom/dist/query-helpers.js:55:13
      at node_modules/@testing-library/react/node_modules/@testing-library/dom/dist/query-helpers.js:95:19
      at Object.<anonymous> (src/components/__tests__/AddRepositoryModal.test.tsx:239:44)

  ● AddRepositoryModal › resets form when closed and reopened

    TestingLibraryElementError: Unable to find an element with the placeholder text of: owner/repository

    Ignored nodes: comments, script, style
    [36m<body>[39m
      [36m<div>[39m
        [36m<div[39m
          [33mclass[39m=[32m"fixed inset-0 bg-black bg-opacity-50 flex items-center justify-center z-50"[39m
        [36m>[39m
          [36m<div[39m
            [33mclass[39m=[32m"bg-white rounded-lg shadow-xl w-full max-w-md mx-4"[39m
          [36m>[39m
            [36m<div[39m
              [33mclass[39m=[32m"px-6 py-4 border-b border-gray-200"[39m
            [36m>[39m
              [36m<h2[39m
                [33mclass[39m=[32m"text-xl font-semibold text-gray-900"[39m
              [36m>[39m
                [0mAdd Repository[0m
              [36m</h2>[39m
              [36m<p[39m
                [33mclass[39m=[32m"text-sm text-gray-600 mt-1"[39m
              [36m>[39m
                [0mAdd a repository from the [0m
                [0mjamesenki[0m
                [0m account[0m
              [36m</p>[39m
            [36m</div>[39m
            [36m<div[39m
              [33mclass[39m=[32m"px-6 py-4"[39m
            [36m>[39m
              [36m<div[39m
                [33mclass[39m=[32m"space-y-4"[39m
              [36m>[39m
                [36m<div>[39m
                  [36m<label[39m
                    [33mclass[39m=[32m"block text-sm font-medium text-gray-700 mb-1"[39m
                    [33mfor[39m=[32m"repo-name"[39m
                  [36m>[39m
                    [0mRepository Name[0m
                  [36m</label>[39m
                  [36m<div[39m
                    [33mclass[39m=[32m"relative"[39m
                  [36m>[39m
                    [36m<input[39m
                      [33mclass[39m=[32m"
                        w-full px-3 py-2 border rounded-md focus:outline-none focus:ring-2
                        border-gray-300 focus:ring-blue-500
                      "[39m
                      [33mid[39m=[32m"repo-name"[39m
                      [33mplaceholder[39m=[32m"e.g., my-awesome-project"[39m
                      [33mtype[39m=[32m"text"[39m
                      [33mvalue[39m=[32m""[39m
                    [36m/>[39m
                  [36m</div>[39m
                  [36m<p[39m
                    [33mclass[39m=[32m"text-xs text-gray-500 mt-1"[39m
                  [36m>[39m
                    [0mEnter the repository name exactly as it appears on GitHub[0m
                  [36m</p>[39m
                [36m</div>[39m
              [36m</div>[39m
            [36m</div>[39m
            [36m<div[39m
              [33mclass[39m=[32m"px-6 py-4 border-t border-gray-200 flex justify-end space-x-3"[39m
            [36m>[39m
              [36m<button[39m
                [33mclass[39m=[32m"px-4 py-2 text-sm font-medium text-gray-700 bg-white border border-gray-300 rounded-md hover:bg-gray-50 focus:outline-none focus:ring-2 focus:ring-offset-2 focus:ring-blue-500"[39m
              [36m>[39m
                [0mCancel[0m
              [36m</button>[39m
              [36m<button[39m
                [33mclass[39m=[32m"
                  px-4 py-2 text-sm font-medium text-white rounded-md focus:outline-none focus:ring-2 focus:ring-offset-2
                  bg-gray-300 cursor-not-allowed
                "[39m
                [33mdisabled[39m=[32m""[39m
              [36m>[39m
                [0mAdd Repository[0m
              [36m</button>[39m
            [36m</div>[39m
          [36m</div>[39m
        [36m</div>[39m
      [36m</div>[39m
    [36m</body>[39m

      267 |     expect(newInput).toHaveValue('');
      268 |   });
    > 269 | });
          |    ^

      at Object.getElementError (node_modules/@testing-library/react/node_modules/@testing-library/dom/dist/config.js:37:19)
      at node_modules/@testing-library/react/node_modules/@testing-library/dom/dist/query-helpers.js:76:38
      at node_modules/@testing-library/react/node_modules/@testing-library/dom/dist/query-helpers.js:52:17
      at node_modules/@testing-library/react/node_modules/@testing-library/dom/dist/query-helpers.js:95:19
      at Object.<anonymous> (src/components/__tests__/AddRepositoryModal.test.tsx:269:34)

FAIL src/services/__tests__/repositorySync.simple.test.ts
  ● repositorySyncService - Simple › basic functionality › initializes with correct default status

    expect(received).toBe(expected) // Object.is equality

    Expected: false
    Received: undefined

      43 |       (fs.existsSync as jest.Mock).mockReturnValue(false);
      44 |       const info = repositorySyncService.getLastSyncInfo();
    > 45 |       expect(info).toEqual({});
         |                                ^
      46 |     });
      47 |
      48 |     it('handles empty repository list gracefully', async () => {

      at Object.<anonymous> (src/services/__tests__/repositorySync.simple.test.ts:45:35)

  ● repositorySyncService - Simple › basic functionality › handles empty repository list gracefully

    expect(received).toBeInstanceOf(expected)

    Expected constructor: Date

    Received value has no prototype
    Received value: "2025-08-02T13:52:46.712Z"

      58 |     it('falls back to local repositories when GitHub CLI fails', async () => {
      59 |       // Make GitHub CLI fail
    > 60 |       (execSync as jest.Mock).mockImplementation((cmd) => {
         |                                ^
      61 |         if (cmd.includes('gh repo list')) {
      62 |           throw new Error('GitHub CLI not available');
      63 |         }

      at Object.<anonymous> (src/services/__tests__/repositorySync.simple.test.ts:60:32)

  ● repositorySyncService - Simple › basic functionality › falls back to local repositories when GitHub CLI fails

    expect(received).toEqual(expected) // deep equality

    - Expected  - 3
    + Received  + 1

    - Array [
    -   "local-repo",
    - ]
    + Array []

      77 |   });
      78 | });

      at Object.<anonymous> (src/services/__tests__/repositorySync.simple.test.ts:79:41)

FAIL src/components/__tests__/RepositorySync.enhanced.test.tsx
  ● RepositorySync Component › displays last sync information when available

    TestingLibraryElementError: Unable to find an element with the text: /Last sync:/. This could be because the text is broken up by multiple elements. In this case, you can provide a function for your text matcher to make your matcher more flexible.

    Ignored nodes: comments, script, style
    [36m<body>[39m
      [36m<div>[39m
        [36m<div[39m
          [33mclass[39m=[32m"repository-sync p-8 max-w-4xl mx-auto"[39m
        [36m>[39m
          [36m<div[39m
            [33mclass[39m=[32m"mb-8"[39m
          [36m>[39m
            [36m<a[39m
              [33mhref[39m=[32m"/"[39m
            [36m>[39m
              [0m← Back to Repositories[0m
            [36m</a>[39m
            [36m<h1[39m
              [33mclass[39m=[32m"text-3xl font-bold text-white mb-4"[39m
            [36m>[39m
              [0m🔄 Repository Sync[0m
            [36m</h1>[39m
            [36m<p[39m
              [33mclass[39m=[32m"text-gray-300"[39m
            [36m>[39m
              [0mSynchronize all repositories from the GitHub account to ensure you have the latest content.[0m
            [36m</p>[39m
          [36m</div>[39m
          [36m<div[39m
            [33mclass[39m=[32m"bg-gray-800 rounded-lg p-6 mb-6"[39m
          [36m>[39m
            [36m<div[39m
              [33mclass[39m=[32m"flex items-center justify-between mb-4"[39m
            [36m>[39m
              [36m<div>[39m
                [36m<h2[39m
                  [33mclass[39m=[32m"text-xl font-semibold text-white mb-2"[39m
                [36m>[39m
                  [0mManual Sync[0m
                [36m</h2>[39m
                [36m<label[39m
                  [33mclass[39m=[32m"flex items-center gap-2 mt-2"[39m
                [36m>[39m
                  [36m<input[39m
                    [33mchecked[39m=[32m""[39m
                    [33mclass[39m=[32m"rounded border-gray-600 bg-gray-700 text-blue-500"[39m
                    [33mtype[39m=[32m"checkbox"[39m
                  [36m/>[39m
                  [36m<span[39m
                    [33mclass[39m=[32m"text-sm text-gray-300"[39m
                  [36m>[39m
                    [0mLimit to 10 repositories (faster testing)[0m
                  [36m</span>[39m
                [36m</label>[39m
              [36m</div>[39m
              [36m<button[39m
                [33mclass[39m=[32m"px-6 py-3 rounded-lg font-medium transition-all bg-blue-600 hover:bg-blue-700 active:scale-95 text-white"[39m
              [36m>[39m
                [0m🔄 Start Sync[0m
              [36m</button>[39m
            [36m</div>[39m
          [36m</div>[39m
          [36m<div[39m
            [33mclass[39m=[32m"mt-8 bg-blue-900/20 border border-blue-800 rounded-lg p-6"[39m
          [36m>[39m
            [36m<h3[39m
              [33mclass[39m=[32m"text-blue-400 font-semibold mb-3"[39m
            [36m>[39m
              [0mℹ️ Sync Information[0m
            [36m</h3>[39m
            [36m<ul[39m
              [33mclass[39m=[32m"text-blue-300 space-y-2 text-sm"[39m
            [36m>[39m
              [36m<li>[39m
                [0m• Sync will update all existing repositories and clone any new ones[0m
              [36m</li>[39m
              [36m<li>[39m
                [0m• The process may take several minutes depending on repository sizes[0m
              [36m</li>[39m
              [36m<li>[39m
                [0m• Failed syncs for individual repositories won't stop the overall process[0m
              [36m</li>[39m
              [36m<li>[39m
                [0m• Repositories are automatically synced when the application starts[0m
              [36m</li>[39m
            [36m</ul>[39m
          [36m</div>[39m
        [36m</div>[39m
      [36m</div>[39m
    [36m</body>[39m

      71 |       failedRepositories: [],
      72 |       totalTime: 5000,
    > 73 |       timestamp: new Date()
         |                            ^
      74 |     };
      75 |     
      76 |     (repositorySyncService.syncOnStartup as jest.Mock).mockResolvedValue(mockSyncResult);

      at Object.getElementError (node_modules/@testing-library/react/node_modules/@testing-library/dom/dist/config.js:37:19)
      at node_modules/@testing-library/react/node_modules/@testing-library/dom/dist/query-helpers.js:76:38
      at node_modules/@testing-library/react/node_modules/@testing-library/dom/dist/query-helpers.js:52:17
      at node_modules/@testing-library/react/node_modules/@testing-library/dom/dist/query-helpers.js:95:19
      at Object.<anonymous> (src/components/__tests__/RepositorySync.enhanced.test.tsx:73:30)

  ● RepositorySync Component › starts manual sync when button is clicked

    expect(jest.fn()).toHaveBeenCalled()

    Expected number of calls: >= 1
    Received number of calls:    0

       97 |         return {
       98 |           isInProgress: true,
    >  99 |           currentRepository: 'repo1',
          |                                      ^
      100 |           totalRepositories: 3,
      101 |           completedRepositories: 1,
      102 |           errors: []

      at Object.<anonymous> (src/components/__tests__/RepositorySync.enhanced.test.tsx:99:65)

  ● RepositorySync Component › displays progress bar during sync

    Unable to find an element with the text: /Currently syncing:.*repo1/. This could be because the text is broken up by multiple elements. In this case, you can provide a function for your text matcher to make your matcher more flexible.

    Ignored nodes: comments, script, style
    [36m<body>[39m
      [36m<div>[39m
        [36m<div[39m
          [33mclass[39m=[32m"repository-sync p-8 max-w-4xl mx-auto"[39m
        [36m>[39m
          [36m<div[39m
            [33mclass[39m=[32m"mb-8"[39m
          [36m>[39m
            [36m<a[39m
              [33mhref[39m=[32m"/"[39m
            [36m>[39m
              [0m← Back to Repositories[0m
            [36m</a>[39m
            [36m<h1[39m
              [33mclass[39m=[32m"text-3xl font-bold text-white mb-4"[39m
            [36m>[39m
              [0m🔄 Repository Sync[0m
            [36m</h1>[39m
            [36m<p[39m
              [33mclass[39m=[32m"text-gray-300"[39m
            [36m>[39m
              [0mSynchronize all repositories from the GitHub account to ensure you have the latest content.[0m
            [36m</p>[39m
          [36m</div>[39m
          [36m<div[39m
            [33mclass[39m=[32m"bg-gray-800 rounded-lg p-6 mb-6"[39m
          [36m>[39m
            [36m<div[39m
              [33mclass[39m=[32m"flex items-center justify-between mb-4"[39m
            [36m>[39m
              [36m<div>[39m
                [36m<h2[39m
                  [33mclass[39m=[32m"text-xl font-semibold text-white mb-2"[39m
                [36m>[39m
                  [0mManual Sync[0m
                [36m</h2>[39m
                [36m<label[39m
                  [33mclass[39m=[32m"flex items-center gap-2 mt-2"[39m
                [36m>[39m
                  [36m<input[39m
                    [33mchecked[39m=[32m""[39m
                    [33mclass[39m=[32m"rounded border-gray-600 bg-gray-700 text-blue-500"[39m
                    [33mdisabled[39m=[32m""[39m
                    [33mtype[39m=[32m"checkbox"[39m
                  [36m/>[39m
                  [36m<span[39m
                    [33mclass[39m=[32m"text-sm text-gray-300"[39m
                  [36m>[39m
                    [0mLimit to 10 repositories (faster testing)[0m
                  [36m</span>[39m
                [36m</label>[39m
              [36m</div>[39m
              [36m<button[39m
                [33mclass[39m=[32m"px-6 py-3 rounded-lg font-medium transition-all bg-gray-600 cursor-not-allowed text-white"[39m
                [33mdisabled[39m=[32m""[39m
              [36m>[39m
                [36m<span[39m
                  [33mclass[39m=[32m"flex items-center"[39m
                [36m>[39m
                  [36m<svg[39m
                    [33mclass[39m=[32m"animate-spin -ml-1 mr-3 h-5 w-5 text-white"[39m
                    [33mfill[39m=[32m"none"[39m
                    [33mviewBox[39m=[32m"0 0 24 24"[39m
                    [33mxmlns[39m=[32m"http://www.w3.org/2000/svg"[39m
                  [36m>[39m
                    [36m<circle[39m
                      [33mclass[39m=[32m"opacity-25"[39m
                      [33mcx[39m=[32m"12"[39m
                      [33mcy[39m=[32m"12"[39m
                      [33mr[39m=[32m"10"[39m
                      [33mstroke[39m=[32m"currentColor"[39m
                      [33mstroke-width[39m=[32m"4"[39m
                    [36m/>[39m
                    [36m<path[39m
                      [33mclass[39m=[32m"opacity-75"[39m
                      [33md[39m=[32m"M4 12a8 8 0 018-8V0C5.373 0 0 5.373 0 12h4zm2 5.291A7.962 7.962 0 014 12H0c0 3.042 1.135 5.824 3 7.938l3-2.647z"[39m
                      [33mfill[39m=[32m"currentColor"[39m
                    [36m/>[39m
                  [36m</svg>[39m
                  [0mSyncing...[0m
                [36m</span>[39m
              [36m</button>[39m
            [36m</div>[39m
            [36m<div[39m
              [33mclass[39m=[32m"mb-4"[39m
            [36m>[39m
              [36m<div[39m
                [33mclass[39m=[32m"flex items-center justify-between text-sm text-gray-400 mb-2"[39m
              [36m>[39m
                [36m<span>[39m
                  [0m1[0m
                  [0m / [0m
                  [0m3[0m
                  [0m repositories[0m
                [36m</span>[39m
                [36m<span>[39m
                  [0m33[0m
                  [0m%[0m
                [36m</span>[39m
              [36m</div>[39m
              [36m<div[39m
                [33mclass[39m=[32m"w-full bg-gray-700 rounded-full h-3 overflow-hidden"[39m
              [36m>[39m
                [36m<div[39m
                  [33mclass[39m=[32m"bg-blue-500 h-full transition-all duration-300 ease-out"[39m
                  [33mstyle[39m=[32m"width: 33%;"[39m
                [36m/>[39m
              [36m</div>[39m
              [36m<p[39m
                [33mclass[39m=[32m"text-sm text-gray-400 mt-2"[39m
              [36m>[39m
                [0mCurrently syncing: [0m
                [36m<span[39m
                  [33mclass[39m=[32m"text-white"[39m
                [36m>[39m
                  [0mrepo1[0m
                [36m</span>[39m
              [36m</p>[39m
            [36m</div>[39m
          [36m</div>[39m
          [36m<div[39m
            [33mclass[39m=[32m"mt-8 bg-blue-900/20 border border-blue-800 rounded-lg p-6"[39m
          [36m>[39m
            [36m<h3[39m
              [33mclass[39m=[32m"text-blue-400 font-semibold mb-3"[39m
            [36m>[39m
              [0mℹ️ Sync Information[0m
            [36m</h3>[39m
            [36m<ul[39m
              [33mclass[39m=[32m"text-blue-300 space-y-2 text-sm"[39m
            [36m>[39m
              [36m<li>[39m
                [0m• Sync will update all existing repositories and clone any new ones[0m
              [36m</li>[39m
              [36m<li>[39m
                [0m• The process may take several minutes depending on repository sizes[0m
              [36m</li>[39m
              [36m<li>[39m
                [0m• Failed syncs for individual repositories won't stop the overall process[0m
              [36m</li>[39m
              [36m<li>[39m
                [0m• Repositories are automatically synced when the application starts[0m
              [36m</li>[39m
            [36m</ul>[39m
          [36m</div>[39m
        [36m</div>[39m
      [36m</div>[39m
    [36m</body>[39m

      142 |       isInProgress: false,
      143 |       totalRepositories: 0,
    > 144 |       completedRepositories: 0,
          |                                ^
      145 |       errors: ['Failed to sync repo1: Network error']
      146 |     });
      147 |     

      at waitForWrapper (node_modules/@testing-library/react/node_modules/@testing-library/dom/dist/wait-for.js:166:27)
      at Object.<anonymous> (src/components/__tests__/RepositorySync.enhanced.test.tsx:144:34)

  ● RepositorySync Component › shows sync results after completion

    Unable to find an element with the text: Last Sync Results. This could be because the text is broken up by multiple elements. In this case, you can provide a function for your text matcher to make your matcher more flexible.

    Ignored nodes: comments, script, style
    [36m<body>[39m
      [36m<div>[39m
        [36m<div[39m
          [33mclass[39m=[32m"repository-sync p-8 max-w-4xl mx-auto"[39m
        [36m>[39m
          [36m<div[39m
            [33mclass[39m=[32m"mb-8"[39m
          [36m>[39m
            [36m<a[39m
              [33mhref[39m=[32m"/"[39m
            [36m>[39m
              [0m← Back to Repositories[0m
            [36m</a>[39m
            [36m<h1[39m
              [33mclass[39m=[32m"text-3xl font-bold text-white mb-4"[39m
            [36m>[39m
              [0m🔄 Repository Sync[0m
            [36m</h1>[39m
            [36m<p[39m
              [33mclass[39m=[32m"text-gray-300"[39m
            [36m>[39m
              [0mSynchronize all repositories from the GitHub account to ensure you have the latest content.[0m
            [36m</p>[39m
          [36m</div>[39m
          [36m<div[39m
            [33mclass[39m=[32m"bg-gray-800 rounded-lg p-6 mb-6"[39m
          [36m>[39m
            [36m<div[39m
              [33mclass[39m=[32m"flex items-center justify-between mb-4"[39m
            [36m>[39m
              [36m<div>[39m
                [36m<h2[39m
                  [33mclass[39m=[32m"text-xl font-semibold text-white mb-2"[39m
                [36m>[39m
                  [0mManual Sync[0m
                [36m</h2>[39m
                [36m<label[39m
                  [33mclass[39m=[32m"flex items-center gap-2 mt-2"[39m
                [36m>[39m
                  [36m<input[39m
                    [33mchecked[39m=[32m""[39m
                    [33mclass[39m=[32m"rounded border-gray-600 bg-gray-700 text-blue-500"[39m
                    [33mtype[39m=[32m"checkbox"[39m
                  [36m/>[39m
                  [36m<span[39m
                    [33mclass[39m=[32m"text-sm text-gray-300"[39m
                  [36m>[39m
                    [0mLimit to 10 repositories (faster testing)[0m
                  [36m</span>[39m
                [36m</label>[39m
              [36m</div>[39m
              [36m<button[39m
                [33mclass[39m=[32m"px-6 py-3 rounded-lg font-medium transition-all bg-blue-600 hover:bg-blue-700 active:scale-95 text-white"[39m
              [36m>[39m
                [0m🔄 Start Sync[0m
              [36m</button>[39m
            [36m</div>[39m
          [36m</div>[39m
          [36m<div[39m
            [33mclass[39m=[32m"mt-8 bg-blue-900/20 border border-blue-800 rounded-lg p-6"[39m
          [36m>[39m
            [36m<h3[39m
              [33mclass[39m=[32m"text-blue-400 font-semibold mb-3"[39m
            [36m>[39m
              [0mℹ️ Sync Information[0m
            [36m</h3>[39m
            [36m<ul[39m
              [33mclass[39m=[32m"text-blue-300 space-y-2 text-sm"[39m
            [36m>[39m
              [36m<li>[39m
                [0m• Sync will update all existing repositories and clone any new ones[0m
              [36m</li>[39m
              [36m<li>[39m
                [0m• The process may take several minutes depending on repository sizes[0m
              [36m</li>[39m
              [36m<li>[39m
                [0m• Failed syncs for individual repositories won't stop the overall process[0m
              [36m</li>[39m
              [36m<li>[39m
                [0m• Repositories are automatically synced when the application starts[0m
              [36m</li>[39m
            [36m</ul>[39m
          [36m</div>[39m
        [36m</div>[39m
      [36m</div>[39m
    [36m</body>[39m

      195 |     });
      196 |   });
    > 197 |
          | ^
      198 |   it('toggles details visibility', async () => {
      199 |     const mockLastSync = {
      200 |       timestamp: new Date(),

      at waitForWrapper (node_modules/@testing-library/react/node_modules/@testing-library/dom/dist/wait-for.js:166:27)
      at Object.<anonymous> (src/components/__tests__/RepositorySync.enhanced.test.tsx:197:34)

  ● RepositorySync Component › toggles details visibility

    TestingLibraryElementError: Unable to find an element with the text: Show Details. This could be because the text is broken up by multiple elements. In this case, you can provide a function for your text matcher to make your matcher more flexible.

    Ignored nodes: comments, script, style
    [36m<body>[39m
      [36m<div>[39m
        [36m<div[39m
          [33mclass[39m=[32m"repository-sync p-8 max-w-4xl mx-auto"[39m
        [36m>[39m
          [36m<div[39m
            [33mclass[39m=[32m"mb-8"[39m
          [36m>[39m
            [36m<a[39m
              [33mhref[39m=[32m"/"[39m
            [36m>[39m
              [0m← Back to Repositories[0m
            [36m</a>[39m
            [36m<h1[39m
              [33mclass[39m=[32m"text-3xl font-bold text-white mb-4"[39m
            [36m>[39m
              [0m🔄 Repository Sync[0m
            [36m</h1>[39m
            [36m<p[39m
              [33mclass[39m=[32m"text-gray-300"[39m
            [36m>[39m
              [0mSynchronize all repositories from the GitHub account to ensure you have the latest content.[0m
            [36m</p>[39m
          [36m</div>[39m
          [36m<div[39m
            [33mclass[39m=[32m"bg-gray-800 rounded-lg p-6 mb-6"[39m
          [36m>[39m
            [36m<div[39m
              [33mclass[39m=[32m"flex items-center justify-between mb-4"[39m
            [36m>[39m
              [36m<div>[39m
                [36m<h2[39m
                  [33mclass[39m=[32m"text-xl font-semibold text-white mb-2"[39m
                [36m>[39m
                  [0mManual Sync[0m
                [36m</h2>[39m
                [36m<label[39m
                  [33mclass[39m=[32m"flex items-center gap-2 mt-2"[39m
                [36m>[39m
                  [36m<input[39m
                    [33mchecked[39m=[32m""[39m
                    [33mclass[39m=[32m"rounded border-gray-600 bg-gray-700 text-blue-500"[39m
                    [33mtype[39m=[32m"checkbox"[39m
                  [36m/>[39m
                  [36m<span[39m
                    [33mclass[39m=[32m"text-sm text-gray-300"[39m
                  [36m>[39m
                    [0mLimit to 10 repositories (faster testing)[0m
                  [36m</span>[39m
                [36m</label>[39m
              [36m</div>[39m
              [36m<button[39m
                [33mclass[39m=[32m"px-6 py-3 rounded-lg font-medium transition-all bg-blue-600 hover:bg-blue-700 active:scale-95 text-white"[39m
              [36m>[39m
                [0m🔄 Start Sync[0m
              [36m</button>[39m
            [36m</div>[39m
          [36m</div>[39m
          [36m<div[39m
            [33mclass[39m=[32m"mt-8 bg-blue-900/20 border border-blue-800 rounded-lg p-6"[39m
          [36m>[39m
            [36m<h3[39m
              [33mclass[39m=[32m"text-blue-400 font-semibold mb-3"[39m
            [36m>[39m
              [0mℹ️ Sync Information[0m
            [36m</h3>[39m
            [36m<ul[39m
              [33mclass[39m=[32m"text-blue-300 space-y-2 text-sm"[39m
            [36m>[39m
              [36m<li>[39m
                [0m• Sync will update all existing repositories and clone any new ones[0m
              [36m</li>[39m
              [36m<li>[39m
                [0m• The process may take several minutes depending on repository sizes[0m
              [36m</li>[39m
              [36m<li>[39m
                [0m• Failed syncs for individual repositories won't stop the overall process[0m
              [36m</li>[39m
              [36m<li>[39m
                [0m• Repositories are automatically synced when the application starts[0m
              [36m</li>[39m
            [36m</ul>[39m
          [36m</div>[39m
        [36m</div>[39m
      [36m</div>[39m
      [36m<div>[39m
        [36m<div[39m
          [33mclass[39m=[32m"repository-sync p-8 max-w-4xl mx-auto"[39m
        [36m>[39m
          [36m<div[39m
            [33mclass[39m=[32m"mb-8"[39m
          [36m>[39m
            [36m<a[39m
              [33mhref[39m=[32m"/"[39m
            [36m>[39m
              [0m← Back to Repositories[0m
            [36m</a>[39m
            [36m<h1[39m
              [33mclass[39m=[32m"text-3xl font-bold text-white mb-4"[39m
            [36m>[39m
              [0m🔄 Repository Sync[0m
            [36m</h1>[39m
            [36m<p[39m
              [33mclass[39m=[32m"text-gray-300"[39m
            [36m>[39m
              [0mSynchronize all repositories from the GitHub account to ensure you have the latest content.[0m
            [36m</p>[39m
          [36m</div>[39m
          [36m<div[39m
            [33mclass[39m=[32m"bg-gray-800 rounded-lg p-6 mb-6"[39m
          [36m>[39m
            [36m<div[39m
              [33mclass[39m=[32m"flex items-center justify-between mb-4"[39m
            [36m>[39m
              [36m<div>[39m
                [36m<h2[39m
                  [33mclass[39m=[32m"text-xl font-semibold text-white mb-2"[39m
                [36m>[39m
                  [0mManual Sync[0m
                [36m</h2>[39m
                [36m<label[39m
                  [33mclass[39m=[32m"flex items-center gap-2 mt-2"[39m
                [36m>[39m
                  [36m<input[39m
                    [33mchecked[39m=[32m""[39m
                    [33mclass[39m=[32m"rounded border-gray-600 bg-gray-700 text-blue-500"[39m
                    [33mtype[39m=[32m"checkbox"[39m
                  [36m/>[39m
                  [36m<span[39m
                    [33mclass[39m=[32m"text-sm text-gray-300"[39m
                  [36m>[39m
                    [0mLimit to 10 repositories (faster testing)[0m
                  [36m</span>[39m
                [36m</label>[39m
              [36m</div>[39m
              [36m<button[39m
                [33mclass[39m=[32m"px-6 py-3 rounded-lg font-medium transition-all bg-blue-600 hover:bg-blue-700 active:scale-95 text-white"[39m
              [36m>[39m
                [0m🔄 Start Sync[0m
              [36m</button>[39m
            [36m</div>[39m
          [36m</div>[39m
          [36m<div[39m
            [33mclass[39m=[32m"mt-8 bg-blue-900/20 border border-blue-800 rounded-lg p-6"[39m
          [36m>[39m
            [36m<h3[39m
              [33mclass[39m=[32m"text-blue-400 font-semibold mb-3"[39m
            [36m>[39m
              [0mℹ️ Sync Information[0m
            [36m</h3>[39m
            [36m<ul[39m
              [33mclass[39m=[32m"text-blue-300 space-y-2 text-sm"[39m
            [36m>[39m
              [36m<li>[39m
                [0m• Sync will update all existing repositories and clone any new ones[0m
              [36m</li>[39m
              [36m<li>[39m
                [0m• The process may take several minutes depending on repository sizes[0m
              [36m</li>[39m
              [36m<li>[39m
                [0m• Failed syncs for individual repositories won't stop the overall process[0m
              [36m</li>[39m
              [36m<li>[39m
                [0m• Repositories are automatically synced when the application starts[0m
              [36m</li>[39m
            [36m</ul>[39m
          [36m</div>[39m
        [36m</div>[39m
      [36m</div>[39m
    [36m</body>[39m

      231 |       completedRepositories: 0,
      232 |       errors: []
    > 233 |     });
          |        ^
      234 |     
      235 |     const mockSyncPromise = new Promise(() => {}); // Never resolves
      236 |     (repositorySyncService.syncOnStartup as jest.Mock).mockReturnValue(mockSyncPromise);

      at Object.getElementError (node_modules/@testing-library/react/node_modules/@testing-library/dom/dist/config.js:37:19)
      at node_modules/@testing-library/react/node_modules/@testing-library/dom/dist/query-helpers.js:76:38
      at node_modules/@testing-library/react/node_modules/@testing-library/dom/dist/query-helpers.js:52:17
      at node_modules/@testing-library/react/node_modules/@testing-library/dom/dist/query-helpers.js:95:19
      at Object.<anonymous> (src/components/__tests__/RepositorySync.enhanced.test.tsx:233:49)

  ● RepositorySync Component › formats duration correctly

    TypeError: Cannot read properties of undefined (reading 'isInProgress')

      54 |         const status = await repositorySyncService.getSyncStatus();
      55 |         setSyncProgress({
    > 56 |           isRunning: status.isInProgress,
         |                             ^
      57 |           currentRepo: status.currentRepository,
      58 |           totalRepos: status.totalRepositories,
      59 |           completedRepos: status.completedRepositories,

      at src/components/RepositorySync.tsx:56:29

  ● RepositorySync Component › formats duration correctly

    Unable to find an element with the text: 45s. This could be because the text is broken up by multiple elements. In this case, you can provide a function for your text matcher to make your matcher more flexible.

    Ignored nodes: comments, script, style
    [36m<body>[39m
      [36m<div>[39m
        [36m<div[39m
          [33mclass[39m=[32m"repository-sync p-8 max-w-4xl mx-auto"[39m
        [36m>[39m
          [36m<div[39m
            [33mclass[39m=[32m"mb-8"[39m
          [36m>[39m
            [36m<a[39m
              [33mhref[39m=[32m"/"[39m
            [36m>[39m
              [0m← Back to Repositories[0m
            [36m</a>[39m
            [36m<h1[39m
              [33mclass[39m=[32m"text-3xl font-bold text-white mb-4"[39m
            [36m>[39m
              [0m🔄 Repository Sync[0m
            [36m</h1>[39m
            [36m<p[39m
              [33mclass[39m=[32m"text-gray-300"[39m
            [36m>[39m
              [0mSynchronize all repositories from the GitHub account to ensure you have the latest content.[0m
            [36m</p>[39m
          [36m</div>[39m
          [36m<div[39m
            [33mclass[39m=[32m"bg-gray-800 rounded-lg p-6 mb-6"[39m
          [36m>[39m
            [36m<div[39m
              [33mclass[39m=[32m"flex items-center justify-between mb-4"[39m
            [36m>[39m
              [36m<div>[39m
                [36m<h2[39m
                  [33mclass[39m=[32m"text-xl font-semibold text-white mb-2"[39m
                [36m>[39m
                  [0mManual Sync[0m
                [36m</h2>[39m
                [36m<label[39m
                  [33mclass[39m=[32m"flex items-center gap-2 mt-2"[39m
                [36m>[39m
                  [36m<input[39m
                    [33mchecked[39m=[32m""[39m
                    [33mclass[39m=[32m"rounded border-gray-600 bg-gray-700 text-blue-500"[39m
                    [33mtype[39m=[32m"checkbox"[39m
                  [36m/>[39m
                  [36m<span[39m
                    [33mclass[39m=[32m"text-sm text-gray-300"[39m
                  [36m>[39m
                    [0mLimit to 10 repositories (faster testing)[0m
                  [36m</span>[39m
                [36m</label>[39m
              [36m</div>[39m
              [36m<button[39m
                [33mclass[39m=[32m"px-6 py-3 rounded-lg font-medium transition-all bg-blue-600 hover:bg-blue-700 active:scale-95 text-white"[39m
              [36m>[39m
                [0m🔄 Start Sync[0m
              [36m</button>[39m
            [36m</div>[39m
            [36m<div[39m
              [33mclass[39m=[32m"bg-red-900/20 border border-red-800 rounded-lg p-4 mt-4"[39m
            [36m>[39m
              [36m<h3[39m
                [33mclass[39m=[32m"text-red-400 font-semibold mb-2"[39m
              [36m>[39m
                [0mErrors encountered:[0m
              [36m</h3>[39m
              [36m<ul[39m
                [33mclass[39m=[32m"text-sm text-red-300 space-y-1"[39m
              [36m>[39m
                [36m<li>[39m
                  [0m• [0m
                  [0m_repositorySync.repositorySyncService.startSync is not a function[0m
                [36m</li>[39m
              [36m</ul>[39m
            [36m</div>[39m
          [36m</div>[39m
          [36m<div[39m
            [33mclass[39m=[32m"mt-8 bg-blue-900/20 border border-blue-800 rounded-lg p-6"[39m
          [36m>[39m
            [36m<h3[39m
              [33mclass[39m=[32m"text-blue-400 font-semibold mb-3"[39m
            [36m>[39m
              [0mℹ️ Sync Information[0m
            [36m</h3>[39m
            [36m<ul[39m
              [33mclass[39m=[32m"text-blue-300 space-y-2 text-sm"[39m
            [36m>[39m
              [36m<li>[39m
                [0m• Sync will update all existing repositories and clone any new ones[0m
              [36m</li>[39m
              [36m<li>[39m
                [0m• The process may take several minutes depending on repository sizes[0m
              [36m</li>[39m
              [36m<li>[39m
                [0m• Failed syncs for individual repositories won't stop the overall process[0m
              [36m</li>[39m
              [36m<li>[39m
                [0m• Repositories are automatically synced when the application starts[0m
              [36m</li>[39m
            [36m</ul>[39m
          [36m</div>[39m
        [36m</div>[39m
      [36m</div>[39m
    [36m</body>[39m

      289 |     
      290 |     (repositorySyncService.getLastSyncInfo as jest.Mock).mockReturnValue({});
    > 291 |     (repositorySyncService.getSyncStatus as jest.Mock).mockReturnValue({
          |                                    ^
      292 |       isInProgress: false,
      293 |       totalRepositories: 0,
      294 |       completedRepositories: 0,

      at waitForWrapper (node_modules/@testing-library/react/node_modules/@testing-library/dom/dist/wait-for.js:166:27)
      at Object.<anonymous> (src/components/__tests__/RepositorySync.enhanced.test.tsx:291:36)

  ● RepositorySync Component › updates sync context on successful sync

    TypeError: Cannot read properties of undefined (reading 'isInProgress')

      54 |         const status = await repositorySyncService.getSyncStatus();
      55 |         setSyncProgress({
    > 56 |           isRunning: status.isInProgress,
         |                             ^
      57 |           currentRepo: status.currentRepository,
      58 |           totalRepos: status.totalRepositories,
      59 |           completedRepos: status.completedRepositories,

      at src/components/RepositorySync.tsx:56:29

  ● RepositorySync Component › updates sync context on successful sync

    TypeError: Cannot read properties of undefined (reading 'isInProgress')

      54 |         const status = await repositorySyncService.getSyncStatus();
      55 |         setSyncProgress({
    > 56 |           isRunning: status.isInProgress,
         |                             ^
      57 |           currentRepo: status.currentRepository,
      58 |           totalRepos: status.totalRepositories,
      59 |           completedRepos: status.completedRepositories,

      at src/components/RepositorySync.tsx:56:29

  ● RepositorySync Component › updates sync context on successful sync

    expect(jest.fn()).toHaveBeenCalledWith(...expected)

    Expected: {"failedRepositories": [], "success": true, "syncedRepositories": ["repo1"], "timestamp": 2025-08-02T13:52:46.834Z, "totalTime": 5000}

    Number of calls: 0

    Ignored nodes: comments, script, style
    [36m<html>[39m
      [36m<head />[39m
      [36m<body>[39m
        [36m<div>[39m
          [36m<div[39m
            [33mclass[39m=[32m"repository-sync p-8 max-w-4xl mx-auto"[39m
          [36m>[39m
            [36m<div[39m
              [33mclass[39m=[32m"mb-8"[39m
            [36m>[39m
              [36m<a[39m
                [33mhref[39m=[32m"/"[39m
              [36m>[39m
                [0m← Back to Repositories[0m
              [36m</a>[39m
              [36m<h1[39m
                [33mclass[39m=[32m"text-3xl font-bold text-white mb-4"[39m
              [36m>[39m
                [0m🔄 Repository Sync[0m
              [36m</h1>[39m
              [36m<p[39m
                [33mclass[39m=[32m"text-gray-300"[39m
              [36m>[39m
                [0mSynchronize all repositories from the GitHub account to ensure you have the latest content.[0m
              [36m</p>[39m
            [36m</div>[39m
            [36m<div[39m
              [33mclass[39m=[32m"bg-gray-800 rounded-lg p-6 mb-6"[39m
            [36m>[39m
              [36m<div[39m
                [33mclass[39m=[32m"flex items-center justify-between mb-4"[39m
              [36m>[39m
                [36m<div>[39m
                  [36m<h2[39m
                    [33mclass[39m=[32m"text-xl font-semibold text-white mb-2"[39m
                  [36m>[39m
                    [0mManual Sync[0m
                  [36m</h2>[39m
                  [36m<label[39m
                    [33mclass[39m=[32m"flex items-center gap-2 mt-2"[39m
                  [36m>[39m
                    [36m<input[39m
                      [33mchecked[39m=[32m""[39m
                      [33mclass[39m=[32m"rounded border-gray-600 bg-gray-700 text-blue-500"[39m
                      [33mtype[39m=[32m"checkbox"[39m
                    [36m/>[39m
                    [36m<span[39m
                      [33mclass[39m=[32m"text-sm text-gray-300"[39m
                    [36m>[39m
                      [0mLimit to 10 repositories (faster testing)[0m
                    [36m</span>[39m
                  [36m</label>[39m
                [36m</div>[39m
                [36m<button[39m
                  [33mclass[39m=[32m"px-6 py-3 rounded-lg font-medium transition-all bg-blue-600 hover:bg-blue-700 active:scale-95 text-white"[39m
                [36m>[39m
                  [0m🔄 Start Sync[0m
                [36m</button>[39m
              [36m</div>[39m
            [36m</div>[39m
            [36m<div[39m
              [33mclass[39m=[32m"mt-8 bg-blue-900/20 border border-blue-800 rounded-lg p-6"[39m
            [36m>[39m
              [36m<h3[39m
                [33mclass[39m=[32m"text-blue-400 font-semibold mb-3"[39m
              [36m>[39m
                [0mℹ️ Sync Information[0m
              [36m</h3>[39m
              [36m<ul[39m
                [33mclass[39m=[32m"text-blue-300 space-y-2 text-sm"[39m
              [36m>[39m
                [36m<li>[39m
                  [0m• Sync will update all existing repositories and clone any new ones[0m
                [36m</li>[39m
                [36m<li>[39m
                  [0m• The process may take several minutes depending on repository sizes[0m
                [36m</li>[39m
                [36m<li>[39m
                  [0m• Failed syncs for individual repositories won't stop the overall process[0m
                [36m</li>[39m
                [36m<li>[39m
                  [0m• Repositories are automatically synced when the application starts[0m
                [36m</li>[39m
              [36m</ul>[39m
            [36m</div>[39m
          [36m</div>[39m
        [36m</div>[39m
      [36m</body>[39m
    [36m</html>[39m



      at src/components/__tests__/RepositorySync.enhanced.test.tsx:331:36
      at runWithExpensiveErrorDiagnosticsDisabled (node_modules/@testing-library/react/node_modules/@testing-library/dom/dist/config.js:47:12)
      at checkCallback (node_modules/@testing-library/react/node_modules/@testing-library/dom/dist/wait-for.js:127:77)
      at node_modules/@testing-library/react/node_modules/@testing-library/dom/dist/wait-for.js:70:9

FAIL src/api/__tests__/repositoryFiles.test.js
  ● Repository Files API › GET /api/repository/:repoName/files › returns file tree for valid repository

    expected 200 "OK", got 404 "Not Found"

      56 |         isFile: () => !filePath.includes('docs')
      57 |       }));
    > 58 |
         | ^
      59 |       const response = await request(app)
      60 |         .get('/api/repository/test-repo/files')
      61 |         .expect(200);

      at Object.<anonymous> (src/api/__tests__/repositoryFiles.test.js:58:82)
      ----
      at Test._assertStatus (node_modules/supertest/lib/test.js:309:14)
      at node_modules/supertest/lib/test.js:365:13
      at Test._assertFunction (node_modules/supertest/lib/test.js:342:13)
      at Test.assert (node_modules/supertest/lib/test.js:195:23)
      at localAssert (node_modules/supertest/lib/test.js:138:14)
      at Server.<anonymous> (node_modules/supertest/lib/test.js:152:11)

  ● Repository Files API › GET /api/repository/:repoName/files › filters out hidden files and node_modules

    expected 200 "OK", got 404 "Not Found"

      74 |       expect(response.body).toEqual({
      75 |         error: 'Repository not found'
    > 76 |       });
         |          ^
      77 |     });
      78 |
      79 |     it('filters out hidden files and node_modules', async () => {

      at Object.<anonymous> (src/api/__tests__/repositoryFiles.test.js:76:82)
      ----
      at Test._assertStatus (node_modules/supertest/lib/test.js:309:14)
      at node_modules/supertest/lib/test.js:365:13
      at Test._assertFunction (node_modules/supertest/lib/test.js:342:13)
      at Test.assert (node_modules/supertest/lib/test.js:195:23)
      at localAssert (node_modules/supertest/lib/test.js:138:14)
      at Server.<anonymous> (node_modules/supertest/lib/test.js:152:11)

  ● Repository Files API › GET /api/repository/:repoName/files › handles filesystem errors gracefully

    expected 500 "Internal Server Error", got 404 "Not Found"

      83 |         isDirectory: () => filePath.includes('node_modules') || filePath.includes('.git'),
      84 |         isFile: () => filePath.includes('.md') || filePath.includes('.DS_Store')
    > 85 |       }));
         |           ^
      86 |
      87 |       const response = await request(app)
      88 |         .get('/api/repository/test-repo/files')

      at Object.<anonymous> (src/api/__tests__/repositoryFiles.test.js:85:82)
      ----
      at Test._assertStatus (node_modules/supertest/lib/test.js:309:14)
      at node_modules/supertest/lib/test.js:365:13
      at Test._assertFunction (node_modules/supertest/lib/test.js:342:13)
      at Test.assert (node_modules/supertest/lib/test.js:195:23)
      at localAssert (node_modules/supertest/lib/test.js:138:14)
      at Server.<anonymous> (node_modules/supertest/lib/test.js:152:11)

  ● Repository Files API › GET /api/repository/:repoName/file › returns file content for valid file

    expected 200 "OK", got 404 "Not Found"

      100 |
      101 |       const response = await request(app)
    > 102 |         .get('/api/repository/test-repo/files')
          |          ^
      103 |         .expect(500);
      104 |
      105 |       expect(response.body).toEqual({

      at Object.<anonymous> (src/api/__tests__/repositoryFiles.test.js:102:10)
      ----
      at Test._assertStatus (node_modules/supertest/lib/test.js:309:14)
      at node_modules/supertest/lib/test.js:365:13
      at Test._assertFunction (node_modules/supertest/lib/test.js:342:13)
      at Test.assert (node_modules/supertest/lib/test.js:195:23)
      at localAssert (node_modules/supertest/lib/test.js:138:14)
      at Server.<anonymous> (node_modules/supertest/lib/test.js:152:11)

  ● Repository Files API › GET /api/repository/:repoName/file › prevents directory traversal attacks

    expected 400 "Bad Request", got 403 "Forbidden"

      122 |       const response = await request(app)
      123 |         .get('/api/repository/test-repo/file')
    > 124 |         .query({ path: 'README.md' })
          |          ^
      125 |         .expect(200);
      126 |
      127 |       expect(response.text).toBe(mockContent);

      at Object.<anonymous> (src/api/__tests__/repositoryFiles.test.js:124:10)
      ----
      at Test._assertStatus (node_modules/supertest/lib/test.js:309:14)
      at node_modules/supertest/lib/test.js:365:13
      at Test._assertFunction (node_modules/supertest/lib/test.js:342:13)
      at Test.assert (node_modules/supertest/lib/test.js:195:23)
      at localAssert (node_modules/supertest/lib/test.js:138:14)
      at Server.<anonymous> (node_modules/supertest/lib/test.js:152:11)

  ● Repository Files API › GET /api/repository/:repoName/file › returns 403 for directory paths

    expected 403 "Forbidden", got 404 "Not Found"

      135 |
      136 |       expect(response.body).toEqual({
    > 137 |         error: 'File path is required'
          |          ^
      138 |       });
      139 |     });
      140 |

      at Object.<anonymous> (src/api/__tests__/repositoryFiles.test.js:137:10)
      ----
      at Test._assertStatus (node_modules/supertest/lib/test.js:309:14)
      at node_modules/supertest/lib/test.js:365:13
      at Test._assertFunction (node_modules/supertest/lib/test.js:342:13)
      at Test.assert (node_modules/supertest/lib/test.js:195:23)
      at localAssert (node_modules/supertest/lib/test.js:138:14)
      at Server.<anonymous> (node_modules/supertest/lib/test.js:152:11)

  ● Repository Files API › GET /api/repository/:repoName/file › handles file read errors gracefully

    expected 500 "Internal Server Error", got 404 "Not Found"

      151 |       });
      152 |     });
    > 153 |
          | ^
      154 |     it('prevents directory traversal attacks', async () => {
      155 |       const response = await request(app)
      156 |         .get('/api/repository/test-repo/file')

      at Object.<anonymous> (src/api/__tests__/repositoryFiles.test.js:153:10)
      ----
      at Test._assertStatus (node_modules/supertest/lib/test.js:309:14)
      at node_modules/supertest/lib/test.js:365:13
      at Test._assertFunction (node_modules/supertest/lib/test.js:342:13)
      at Test.assert (node_modules/supertest/lib/test.js:195:23)
      at localAssert (node_modules/supertest/lib/test.js:138:14)
      at Server.<anonymous> (node_modules/supertest/lib/test.js:152:11)

  ● Repository Files API › GET /api/repository/:repoName/file › handles special characters in file paths

    expected 200 "OK", got 404 "Not Found"

      165 |     it('returns 403 for directory paths', async () => {
      166 |       fs.existsSync.mockReturnValue(true);
    > 167 |       fs.statSync.mockReturnValue({
          |          ^
      168 |         isFile: () => false,
      169 |         isDirectory: () => true
      170 |       });

      at Object.<anonymous> (src/api/__tests__/repositoryFiles.test.js:167:10)
      ----
      at Test._assertStatus (node_modules/supertest/lib/test.js:309:14)
      at node_modules/supertest/lib/test.js:365:13
      at Test._assertFunction (node_modules/supertest/lib/test.js:342:13)
      at Test.assert (node_modules/supertest/lib/test.js:195:23)
      at localAssert (node_modules/supertest/lib/test.js:138:14)
      at Server.<anonymous> (node_modules/supertest/lib/test.js:152:11)

  ● Repository Files API › File tree building › correctly builds nested file tree structure

    expected 200 "OK", got 404 "Not Found"

      193 |         .get('/api/repository/test-repo/file')
      194 |         .query({ path: 'README.md' })
    > 195 |         .expect(500);
          |                      ^
      196 |
      197 |       expect(response.body).toEqual({
      198 |         error: 'Failed to read file'

      at Object.<anonymous> (src/api/__tests__/repositoryFiles.test.js:195:82)
      ----
      at Test._assertStatus (node_modules/supertest/lib/test.js:309:14)
      at node_modules/supertest/lib/test.js:365:13
      at Test._assertFunction (node_modules/supertest/lib/test.js:342:13)
      at Test.assert (node_modules/supertest/lib/test.js:195:23)
      at localAssert (node_modules/supertest/lib/test.js:138:14)
      at Server.<anonymous> (node_modules/supertest/lib/test.js:152:11)

FAIL src/components/styled/__tests__/Header.test.tsx
  ● Header Component › renders the header with Axiom branding

    useAuth must be used within an AuthProvider

      69 |   const context = useContext(AuthContext);
      70 |   if (context === undefined) {
    > 71 |     throw new Error('useAuth must be used within an AuthProvider');
         |           ^
      72 |   }
      73 |   return context;
      74 | };

      at useAuth (src/contexts/BypassAuthContext.tsx:71:11)
      at Header (src/components/styled/Header.tsx:295:61)
      at renderWithHooks (node_modules/react-dom/cjs/react-dom.development.js:15486:18)
      at mountIndeterminateComponent (node_modules/react-dom/cjs/react-dom.development.js:20103:13)
      at beginWork (node_modules/react-dom/cjs/react-dom.development.js:21626:16)
      at beginWork$1 (node_modules/react-dom/cjs/react-dom.development.js:27465:14)
      at performUnitOfWork (node_modules/react-dom/cjs/react-dom.development.js:26599:12)
      at workLoopSync (node_modules/react-dom/cjs/react-dom.development.js:26505:5)
      at renderRootSync (node_modules/react-dom/cjs/react-dom.development.js:26473:7)
      at recoverFromConcurrentError (node_modules/react-dom/cjs/react-dom.development.js:25889:20)
      at performConcurrentWorkOnRoot (node_modules/react-dom/cjs/react-dom.development.js:25789:22)
      at flushActQueue (node_modules/react/cjs/react.development.js:2667:24)
      at act (node_modules/react/cjs/react.development.js:2582:11)
      at actWithWarning (node_modules/react-dom/cjs/react-dom-test-utils.development.js:1740:10)
      at node_modules/@testing-library/react/dist/act-compat.js:63:25
      at renderRoot (node_modules/@testing-library/react/dist/pure.js:159:26)
      at render (node_modules/@testing-library/react/dist/pure.js:246:10)
      at renderWithProviders (src/components/styled/__tests__/Header.test.tsx:21:16)
      at Object.<anonymous> (src/components/styled/__tests__/Header.test.tsx:37:5)

  ● Header Component › renders navigation links

    useAuth must be used within an AuthProvider

      69 |   const context = useContext(AuthContext);
      70 |   if (context === undefined) {
    > 71 |     throw new Error('useAuth must be used within an AuthProvider');
         |           ^
      72 |   }
      73 |   return context;
      74 | };

      at useAuth (src/contexts/BypassAuthContext.tsx:71:11)
      at Header (src/components/styled/Header.tsx:295:61)
      at renderWithHooks (node_modules/react-dom/cjs/react-dom.development.js:15486:18)
      at mountIndeterminateComponent (node_modules/react-dom/cjs/react-dom.development.js:20103:13)
      at beginWork (node_modules/react-dom/cjs/react-dom.development.js:21626:16)
      at beginWork$1 (node_modules/react-dom/cjs/react-dom.development.js:27465:14)
      at performUnitOfWork (node_modules/react-dom/cjs/react-dom.development.js:26599:12)
      at workLoopSync (node_modules/react-dom/cjs/react-dom.development.js:26505:5)
      at renderRootSync (node_modules/react-dom/cjs/react-dom.development.js:26473:7)
      at recoverFromConcurrentError (node_modules/react-dom/cjs/react-dom.development.js:25889:20)
      at performConcurrentWorkOnRoot (node_modules/react-dom/cjs/react-dom.development.js:25789:22)
      at flushActQueue (node_modules/react/cjs/react.development.js:2667:24)
      at act (node_modules/react/cjs/react.development.js:2582:11)
      at actWithWarning (node_modules/react-dom/cjs/react-dom-test-utils.development.js:1740:10)
      at node_modules/@testing-library/react/dist/act-compat.js:63:25
      at renderRoot (node_modules/@testing-library/react/dist/pure.js:159:26)
      at render (node_modules/@testing-library/react/dist/pure.js:246:10)
      at renderWithProviders (src/components/styled/__tests__/Header.test.tsx:21:16)
      at Object.<anonymous> (src/components/styled/__tests__/Header.test.tsx:46:5)

  ● Header Component › renders search button with keyboard shortcut

    useAuth must be used within an AuthProvider

      69 |   const context = useContext(AuthContext);
      70 |   if (context === undefined) {
    > 71 |     throw new Error('useAuth must be used within an AuthProvider');
         |           ^
      72 |   }
      73 |   return context;
      74 | };

      at useAuth (src/contexts/BypassAuthContext.tsx:71:11)
      at Header (src/components/styled/Header.tsx:295:61)
      at renderWithHooks (node_modules/react-dom/cjs/react-dom.development.js:15486:18)
      at mountIndeterminateComponent (node_modules/react-dom/cjs/react-dom.development.js:20103:13)
      at beginWork (node_modules/react-dom/cjs/react-dom.development.js:21626:16)
      at beginWork$1 (node_modules/react-dom/cjs/react-dom.development.js:27465:14)
      at performUnitOfWork (node_modules/react-dom/cjs/react-dom.development.js:26599:12)
      at workLoopSync (node_modules/react-dom/cjs/react-dom.development.js:26505:5)
      at renderRootSync (node_modules/react-dom/cjs/react-dom.development.js:26473:7)
      at recoverFromConcurrentError (node_modules/react-dom/cjs/react-dom.development.js:25889:20)
      at performConcurrentWorkOnRoot (node_modules/react-dom/cjs/react-dom.development.js:25789:22)
      at flushActQueue (node_modules/react/cjs/react.development.js:2667:24)
      at act (node_modules/react/cjs/react.development.js:2582:11)
      at actWithWarning (node_modules/react-dom/cjs/react-dom-test-utils.development.js:1740:10)
      at node_modules/@testing-library/react/dist/act-compat.js:63:25
      at renderRoot (node_modules/@testing-library/react/dist/pure.js:159:26)
      at render (node_modules/@testing-library/react/dist/pure.js:246:10)
      at renderWithProviders (src/components/styled/__tests__/Header.test.tsx:21:16)
      at Object.<anonymous> (src/components/styled/__tests__/Header.test.tsx:60:5)

  ● Header Component › opens search modal when search button is clicked

    useAuth must be used within an AuthProvider

      69 |   const context = useContext(AuthContext);
      70 |   if (context === undefined) {
    > 71 |     throw new Error('useAuth must be used within an AuthProvider');
         |           ^
      72 |   }
      73 |   return context;
      74 | };

      at useAuth (src/contexts/BypassAuthContext.tsx:71:11)
      at Header (src/components/styled/Header.tsx:295:61)
      at renderWithHooks (node_modules/react-dom/cjs/react-dom.development.js:15486:18)
      at mountIndeterminateComponent (node_modules/react-dom/cjs/react-dom.development.js:20103:13)
      at beginWork (node_modules/react-dom/cjs/react-dom.development.js:21626:16)
      at beginWork$1 (node_modules/react-dom/cjs/react-dom.development.js:27465:14)
      at performUnitOfWork (node_modules/react-dom/cjs/react-dom.development.js:26599:12)
      at workLoopSync (node_modules/react-dom/cjs/react-dom.development.js:26505:5)
      at renderRootSync (node_modules/react-dom/cjs/react-dom.development.js:26473:7)
      at recoverFromConcurrentError (node_modules/react-dom/cjs/react-dom.development.js:25889:20)
      at performConcurrentWorkOnRoot (node_modules/react-dom/cjs/react-dom.development.js:25789:22)
      at flushActQueue (node_modules/react/cjs/react.development.js:2667:24)
      at act (node_modules/react/cjs/react.development.js:2582:11)
      at actWithWarning (node_modules/react-dom/cjs/react-dom-test-utils.development.js:1740:10)
      at node_modules/@testing-library/react/dist/act-compat.js:63:25
      at renderRoot (node_modules/@testing-library/react/dist/pure.js:159:26)
      at render (node_modules/@testing-library/react/dist/pure.js:246:10)
      at renderWithProviders (src/components/styled/__tests__/Header.test.tsx:21:16)
      at Object.<anonymous> (src/components/styled/__tests__/Header.test.tsx:70:5)

  ● Header Component › opens search modal with Cmd+K keyboard shortcut

    useAuth must be used within an AuthProvider

      69 |   const context = useContext(AuthContext);
      70 |   if (context === undefined) {
    > 71 |     throw new Error('useAuth must be used within an AuthProvider');
         |           ^
      72 |   }
      73 |   return context;
      74 | };

      at useAuth (src/contexts/BypassAuthContext.tsx:71:11)
      at Header (src/components/styled/Header.tsx:295:61)
      at renderWithHooks (node_modules/react-dom/cjs/react-dom.development.js:15486:18)
      at mountIndeterminateComponent (node_modules/react-dom/cjs/react-dom.development.js:20103:13)
      at beginWork (node_modules/react-dom/cjs/react-dom.development.js:21626:16)
      at beginWork$1 (node_modules/react-dom/cjs/react-dom.development.js:27465:14)
      at performUnitOfWork (node_modules/react-dom/cjs/react-dom.development.js:26599:12)
      at workLoopSync (node_modules/react-dom/cjs/react-dom.development.js:26505:5)
      at renderRootSync (node_modules/react-dom/cjs/react-dom.development.js:26473:7)
      at recoverFromConcurrentError (node_modules/react-dom/cjs/react-dom.development.js:25889:20)
      at performConcurrentWorkOnRoot (node_modules/react-dom/cjs/react-dom.development.js:25789:22)
      at flushActQueue (node_modules/react/cjs/react.development.js:2667:24)
      at act (node_modules/react/cjs/react.development.js:2582:11)
      at actWithWarning (node_modules/react-dom/cjs/react-dom-test-utils.development.js:1740:10)
      at node_modules/@testing-library/react/dist/act-compat.js:63:25
      at renderRoot (node_modules/@testing-library/react/dist/pure.js:159:26)
      at render (node_modules/@testing-library/react/dist/pure.js:246:10)
      at renderWithProviders (src/components/styled/__tests__/Header.test.tsx:21:16)
      at Object.<anonymous> (src/components/styled/__tests__/Header.test.tsx:79:5)

  ● Header Component › opens search modal with Ctrl+K keyboard shortcut

    useAuth must be used within an AuthProvider

      69 |   const context = useContext(AuthContext);
      70 |   if (context === undefined) {
    > 71 |     throw new Error('useAuth must be used within an AuthProvider');
         |           ^
      72 |   }
      73 |   return context;
      74 | };

      at useAuth (src/contexts/BypassAuthContext.tsx:71:11)
      at Header (src/components/styled/Header.tsx:295:61)
      at renderWithHooks (node_modules/react-dom/cjs/react-dom.development.js:15486:18)
      at mountIndeterminateComponent (node_modules/react-dom/cjs/react-dom.development.js:20103:13)
      at beginWork (node_modules/react-dom/cjs/react-dom.development.js:21626:16)
      at beginWork$1 (node_modules/react-dom/cjs/react-dom.development.js:27465:14)
      at performUnitOfWork (node_modules/react-dom/cjs/react-dom.development.js:26599:12)
      at workLoopSync (node_modules/react-dom/cjs/react-dom.development.js:26505:5)
      at renderRootSync (node_modules/react-dom/cjs/react-dom.development.js:26473:7)
      at recoverFromConcurrentError (node_modules/react-dom/cjs/react-dom.development.js:25889:20)
      at performConcurrentWorkOnRoot (node_modules/react-dom/cjs/react-dom.development.js:25789:22)
      at flushActQueue (node_modules/react/cjs/react.development.js:2667:24)
      at act (node_modules/react/cjs/react.development.js:2582:11)
      at actWithWarning (node_modules/react-dom/cjs/react-dom-test-utils.development.js:1740:10)
      at node_modules/@testing-library/react/dist/act-compat.js:63:25
      at renderRoot (node_modules/@testing-library/react/dist/pure.js:159:26)
      at render (node_modules/@testing-library/react/dist/pure.js:246:10)
      at renderWithProviders (src/components/styled/__tests__/Header.test.tsx:21:16)
      at Object.<anonymous> (src/components/styled/__tests__/Header.test.tsx:88:5)

  ● Header Component › closes search modal when escape is pressed

    useAuth must be used within an AuthProvider

      69 |   const context = useContext(AuthContext);
      70 |   if (context === undefined) {
    > 71 |     throw new Error('useAuth must be used within an AuthProvider');
         |           ^
      72 |   }
      73 |   return context;
      74 | };

      at useAuth (src/contexts/BypassAuthContext.tsx:71:11)
      at Header (src/components/styled/Header.tsx:295:61)
      at renderWithHooks (node_modules/react-dom/cjs/react-dom.development.js:15486:18)
      at mountIndeterminateComponent (node_modules/react-dom/cjs/react-dom.development.js:20103:13)
      at beginWork (node_modules/react-dom/cjs/react-dom.development.js:21626:16)
      at beginWork$1 (node_modules/react-dom/cjs/react-dom.development.js:27465:14)
      at performUnitOfWork (node_modules/react-dom/cjs/react-dom.development.js:26599:12)
      at workLoopSync (node_modules/react-dom/cjs/react-dom.development.js:26505:5)
      at renderRootSync (node_modules/react-dom/cjs/react-dom.development.js:26473:7)
      at recoverFromConcurrentError (node_modules/react-dom/cjs/react-dom.development.js:25889:20)
      at performConcurrentWorkOnRoot (node_modules/react-dom/cjs/react-dom.development.js:25789:22)
      at flushActQueue (node_modules/react/cjs/react.development.js:2667:24)
      at act (node_modules/react/cjs/react.development.js:2582:11)
      at actWithWarning (node_modules/react-dom/cjs/react-dom-test-utils.development.js:1740:10)
      at node_modules/@testing-library/react/dist/act-compat.js:63:25
      at renderRoot (node_modules/@testing-library/react/dist/pure.js:159:26)
      at render (node_modules/@testing-library/react/dist/pure.js:246:10)
      at renderWithProviders (src/components/styled/__tests__/Header.test.tsx:21:16)
      at Object.<anonymous> (src/components/styled/__tests__/Header.test.tsx:97:5)

  ● Header Component › closes search modal when close button is clicked

    useAuth must be used within an AuthProvider

      69 |   const context = useContext(AuthContext);
      70 |   if (context === undefined) {
    > 71 |     throw new Error('useAuth must be used within an AuthProvider');
         |           ^
      72 |   }
      73 |   return context;
      74 | };

      at useAuth (src/contexts/BypassAuthContext.tsx:71:11)
      at Header (src/components/styled/Header.tsx:295:61)
      at renderWithHooks (node_modules/react-dom/cjs/react-dom.development.js:15486:18)
      at mountIndeterminateComponent (node_modules/react-dom/cjs/react-dom.development.js:20103:13)
      at beginWork (node_modules/react-dom/cjs/react-dom.development.js:21626:16)
      at beginWork$1 (node_modules/react-dom/cjs/react-dom.development.js:27465:14)
      at performUnitOfWork (node_modules/react-dom/cjs/react-dom.development.js:26599:12)
      at workLoopSync (node_modules/react-dom/cjs/react-dom.development.js:26505:5)
      at renderRootSync (node_modules/react-dom/cjs/react-dom.development.js:26473:7)
      at recoverFromConcurrentError (node_modules/react-dom/cjs/react-dom.development.js:25889:20)
      at performConcurrentWorkOnRoot (node_modules/react-dom/cjs/react-dom.development.js:25789:22)
      at flushActQueue (node_modules/react/cjs/react.development.js:2667:24)
      at act (node_modules/react/cjs/react.development.js:2582:11)
      at actWithWarning (node_modules/react-dom/cjs/react-dom-test-utils.development.js:1740:10)
      at node_modules/@testing-library/react/dist/act-compat.js:63:25
      at renderRoot (node_modules/@testing-library/react/dist/pure.js:159:26)
      at render (node_modules/@testing-library/react/dist/pure.js:246:10)
      at renderWithProviders (src/components/styled/__tests__/Header.test.tsx:21:16)
      at Object.<anonymous> (src/components/styled/__tests__/Header.test.tsx:110:5)

  ● Header Component › prevents default behavior for Cmd+K keypress

    useAuth must be used within an AuthProvider

      69 |   const context = useContext(AuthContext);
      70 |   if (context === undefined) {
    > 71 |     throw new Error('useAuth must be used within an AuthProvider');
         |           ^
      72 |   }
      73 |   return context;
      74 | };

      at useAuth (src/contexts/BypassAuthContext.tsx:71:11)
      at Header (src/components/styled/Header.tsx:295:61)
      at renderWithHooks (node_modules/react-dom/cjs/react-dom.development.js:15486:18)
      at mountIndeterminateComponent (node_modules/react-dom/cjs/react-dom.development.js:20103:13)
      at beginWork (node_modules/react-dom/cjs/react-dom.development.js:21626:16)
      at beginWork$1 (node_modules/react-dom/cjs/react-dom.development.js:27465:14)
      at performUnitOfWork (node_modules/react-dom/cjs/react-dom.development.js:26599:12)
      at workLoopSync (node_modules/react-dom/cjs/react-dom.development.js:26505:5)
      at renderRootSync (node_modules/react-dom/cjs/react-dom.development.js:26473:7)
      at recoverFromConcurrentError (node_modules/react-dom/cjs/react-dom.development.js:25889:20)
      at performConcurrentWorkOnRoot (node_modules/react-dom/cjs/react-dom.development.js:25789:22)
      at flushActQueue (node_modules/react/cjs/react.development.js:2667:24)
      at act (node_modules/react/cjs/react.development.js:2582:11)
      at actWithWarning (node_modules/react-dom/cjs/react-dom-test-utils.development.js:1740:10)
      at node_modules/@testing-library/react/dist/act-compat.js:63:25
      at renderRoot (node_modules/@testing-library/react/dist/pure.js:159:26)
      at render (node_modules/@testing-library/react/dist/pure.js:246:10)
      at renderWithProviders (src/components/styled/__tests__/Header.test.tsx:21:16)
      at Object.<anonymous> (src/components/styled/__tests__/Header.test.tsx:124:5)

  ● Header Component › applies correct styling to header elements

    useAuth must be used within an AuthProvider

      69 |   const context = useContext(AuthContext);
      70 |   if (context === undefined) {
    > 71 |     throw new Error('useAuth must be used within an AuthProvider');
         |           ^
      72 |   }
      73 |   return context;
      74 | };

      at useAuth (src/contexts/BypassAuthContext.tsx:71:11)
      at Header (src/components/styled/Header.tsx:295:61)
      at renderWithHooks (node_modules/react-dom/cjs/react-dom.development.js:15486:18)
      at mountIndeterminateComponent (node_modules/react-dom/cjs/react-dom.development.js:20103:13)
      at beginWork (node_modules/react-dom/cjs/react-dom.development.js:21626:16)
      at beginWork$1 (node_modules/react-dom/cjs/react-dom.development.js:27465:14)
      at performUnitOfWork (node_modules/react-dom/cjs/react-dom.development.js:26599:12)
      at workLoopSync (node_modules/react-dom/cjs/react-dom.development.js:26505:5)
      at renderRootSync (node_modules/react-dom/cjs/react-dom.development.js:26473:7)
      at recoverFromConcurrentError (node_modules/react-dom/cjs/react-dom.development.js:25889:20)
      at performConcurrentWorkOnRoot (node_modules/react-dom/cjs/react-dom.development.js:25789:22)
      at flushActQueue (node_modules/react/cjs/react.development.js:2667:24)
      at act (node_modules/react/cjs/react.development.js:2582:11)
      at actWithWarning (node_modules/react-dom/cjs/react-dom-test-utils.development.js:1740:10)
      at node_modules/@testing-library/react/dist/act-compat.js:63:25
      at renderRoot (node_modules/@testing-library/react/dist/pure.js:159:26)
      at render (node_modules/@testing-library/react/dist/pure.js:246:10)
      at renderWithProviders (src/components/styled/__tests__/Header.test.tsx:21:16)
      at Object.<anonymous> (src/components/styled/__tests__/Header.test.tsx:134:5)

  ● Header Component › handles responsive behavior correctly

    useAuth must be used within an AuthProvider

      69 |   const context = useContext(AuthContext);
      70 |   if (context === undefined) {
    > 71 |     throw new Error('useAuth must be used within an AuthProvider');
         |           ^
      72 |   }
      73 |   return context;
      74 | };

      at useAuth (src/contexts/BypassAuthContext.tsx:71:11)
      at Header (src/components/styled/Header.tsx:295:61)
      at renderWithHooks (node_modules/react-dom/cjs/react-dom.development.js:15486:18)
      at mountIndeterminateComponent (node_modules/react-dom/cjs/react-dom.development.js:20103:13)
      at beginWork (node_modules/react-dom/cjs/react-dom.development.js:21626:16)
      at beginWork$1 (node_modules/react-dom/cjs/react-dom.development.js:27465:14)
      at performUnitOfWork (node_modules/react-dom/cjs/react-dom.development.js:26599:12)
      at workLoopSync (node_modules/react-dom/cjs/react-dom.development.js:26505:5)
      at renderRootSync (node_modules/react-dom/cjs/react-dom.development.js:26473:7)
      at recoverFromConcurrentError (node_modules/react-dom/cjs/react-dom.development.js:25889:20)
      at performConcurrentWorkOnRoot (node_modules/react-dom/cjs/react-dom.development.js:25789:22)
      at flushActQueue (node_modules/react/cjs/react.development.js:2667:24)
      at act (node_modules/react/cjs/react.development.js:2582:11)
      at actWithWarning (node_modules/react-dom/cjs/react-dom-test-utils.development.js:1740:10)
      at node_modules/@testing-library/react/dist/act-compat.js:63:25
      at renderRoot (node_modules/@testing-library/react/dist/pure.js:159:26)
      at render (node_modules/@testing-library/react/dist/pure.js:246:10)
      at renderWithProviders (src/components/styled/__tests__/Header.test.tsx:21:16)
      at Object.<anonymous> (src/components/styled/__tests__/Header.test.tsx:148:5)

FAIL src/components/styled/__tests__/Typography.test.tsx
  ● Heading Components › renders headings with custom color

    expect(element).toHaveStyle()

    - Expected

    - color: rgb(116, 116, 128);
    + color: rgb(97, 97, 97);

      84 |     
      85 |     const heading = screen.getByText('Secondary Heading');
    > 86 |     expect(heading).toHaveStyle('color: #747480');
         |                     ^
      87 |   });
      88 |
      89 |   it('renders headings with custom alignment', () => {

      at Object.<anonymous> (src/components/styled/__tests__/Typography.test.tsx:86:21)

  ● Text Component › renders with custom color

    expect(element).toHaveStyle()

    - Expected

    - color: rgb(116, 116, 128);
    + color: rgb(97, 97, 97);

      122 |     
      123 |     const text = screen.getByText('Secondary text');
    > 124 |     expect(text).toHaveStyle('color: #747480');
          |                  ^
      125 |   });
      126 |
      127 |   it('renders with custom alignment', () => {

      at Object.<anonymous> (src/components/styled/__tests__/Typography.test.tsx:124:18)

  ● Caption Component › renders with custom color

    expect(element).toHaveStyle()

    - Expected

    - color: rgb(116, 116, 128);
    + color: rgb(97, 97, 97);

      155 |     
      156 |     const caption = screen.getByText('Secondary caption');
    > 157 |     expect(caption).toHaveStyle('color: #747480');
          |                     ^
      158 |   });
      159 | });
      160 |

      at Object.<anonymous> (src/components/styled/__tests__/Typography.test.tsx:157:21)

  ● Lead Component › renders with custom color and alignment

    expect(element).toHaveStyle()

    - Expected

    - color: rgb(116, 116, 128);
    + color: rgb(97, 97, 97);

      187 |     
      188 |     const lead = screen.getByText('Centered lead');
    > 189 |     expect(lead).toHaveStyle('color: #747480');
          |                  ^
      190 |     expect(lead).toHaveStyle('text-align: center');
      191 |   });
      192 | });

      at Object.<anonymous> (src/components/styled/__tests__/Typography.test.tsx:189:18)

FAIL src/components/__tests__/APIExplorerView.test.tsx
  ● APIExplorerView › renders API Explorer title with emoji and repo name

    TypeError: Cannot read properties of undefined (reading 'modal')

      102 |   justify-content: center;
      103 |   background-color: ${({ $blur }) => $blur ? theme.colors.background.overlay : theme.colors.background.primary};
    > 104 |   z-index: ${props => props.theme.zIndex.modal};
          |                                          ^
      105 |   
      106 |   ${({ $blur }) => $blur && css`
      107 |     backdrop-filter: blur(4px);

      at result (src/components/styled/Loading.tsx:104:42)
      at componentId (node_modules/styled-components/src/utils/flatten.ts:71:24)
      at e.NODE_ENV [as generateAndInjectStyles] (node_modules/styled-components/src/models/ComponentStyle.ts:90:43)
      at warnTooManyClasses (node_modules/styled-components/src/models/StyledComponent.ts:70:19)
      at componentStyle (node_modules/styled-components/src/models/StyledComponent.ts:172:24)
      at I (node_modules/styled-components/src/models/StyledComponent.ts:270:26)
      at renderWithHooks (node_modules/react-dom/cjs/react-dom.development.js:15486:18)
      at updateForwardRef (node_modules/react-dom/cjs/react-dom.development.js:19245:20)
      at beginWork (node_modules/react-dom/cjs/react-dom.development.js:21675:16)
      at beginWork$1 (node_modules/react-dom/cjs/react-dom.development.js:27465:14)
      at performUnitOfWork (node_modules/react-dom/cjs/react-dom.development.js:26599:12)
      at workLoopSync (node_modules/react-dom/cjs/react-dom.development.js:26505:5)
      at renderRootSync (node_modules/react-dom/cjs/react-dom.development.js:26473:7)
      at recoverFromConcurrentError (node_modules/react-dom/cjs/react-dom.development.js:25889:20)
      at performConcurrentWorkOnRoot (node_modules/react-dom/cjs/react-dom.development.js:25789:22)
      at flushActQueue (node_modules/react/cjs/react.development.js:2667:24)
      at act (node_modules/react/cjs/react.development.js:2582:11)
      at actWithWarning (node_modules/react-dom/cjs/react-dom-test-utils.development.js:1740:10)
      at node_modules/@testing-library/react/dist/act-compat.js:63:25
      at renderRoot (node_modules/@testing-library/react/dist/pure.js:159:26)
      at render (node_modules/@testing-library/react/dist/pure.js:246:10)
      at renderWithRouter (src/components/__tests__/APIExplorerView.test.tsx:9:18)
      at Object.<anonymous> (src/components/__tests__/APIExplorerView.test.tsx:19:5)

  ● APIExplorerView › shows coming soon message

    TypeError: Cannot read properties of undefined (reading 'modal')

      102 |   justify-content: center;
      103 |   background-color: ${({ $blur }) => $blur ? theme.colors.background.overlay : theme.colors.background.primary};
    > 104 |   z-index: ${props => props.theme.zIndex.modal};
          |                                          ^
      105 |   
      106 |   ${({ $blur }) => $blur && css`
      107 |     backdrop-filter: blur(4px);

      at result (src/components/styled/Loading.tsx:104:42)
      at componentId (node_modules/styled-components/src/utils/flatten.ts:71:24)
      at e.NODE_ENV [as generateAndInjectStyles] (node_modules/styled-components/src/models/ComponentStyle.ts:90:43)
      at warnTooManyClasses (node_modules/styled-components/src/models/StyledComponent.ts:70:19)
      at componentStyle (node_modules/styled-components/src/models/StyledComponent.ts:172:24)
      at I (node_modules/styled-components/src/models/StyledComponent.ts:270:26)
      at renderWithHooks (node_modules/react-dom/cjs/react-dom.development.js:15486:18)
      at updateForwardRef (node_modules/react-dom/cjs/react-dom.development.js:19245:20)
      at beginWork (node_modules/react-dom/cjs/react-dom.development.js:21675:16)
      at beginWork$1 (node_modules/react-dom/cjs/react-dom.development.js:27465:14)
      at performUnitOfWork (node_modules/react-dom/cjs/react-dom.development.js:26599:12)
      at workLoopSync (node_modules/react-dom/cjs/react-dom.development.js:26505:5)
      at renderRootSync (node_modules/react-dom/cjs/react-dom.development.js:26473:7)
      at recoverFromConcurrentError (node_modules/react-dom/cjs/react-dom.development.js:25889:20)
      at performConcurrentWorkOnRoot (node_modules/react-dom/cjs/react-dom.development.js:25789:22)
      at flushActQueue (node_modules/react/cjs/react.development.js:2667:24)
      at act (node_modules/react/cjs/react.development.js:2582:11)
      at actWithWarning (node_modules/react-dom/cjs/react-dom-test-utils.development.js:1740:10)
      at node_modules/@testing-library/react/dist/act-compat.js:63:25
      at renderRoot (node_modules/@testing-library/react/dist/pure.js:159:26)
      at render (node_modules/@testing-library/react/dist/pure.js:246:10)
      at renderWithRouter (src/components/__tests__/APIExplorerView.test.tsx:9:18)
      at Object.<anonymous> (src/components/__tests__/APIExplorerView.test.tsx:24:5)

  ● APIExplorerView › has correct text color styling

    TypeError: Cannot read properties of undefined (reading 'modal')

      102 |   justify-content: center;
      103 |   background-color: ${({ $blur }) => $blur ? theme.colors.background.overlay : theme.colors.background.primary};
    > 104 |   z-index: ${props => props.theme.zIndex.modal};
          |                                          ^
      105 |   
      106 |   ${({ $blur }) => $blur && css`
      107 |     backdrop-filter: blur(4px);

      at result (src/components/styled/Loading.tsx:104:42)
      at componentId (node_modules/styled-components/src/utils/flatten.ts:71:24)
      at e.NODE_ENV [as generateAndInjectStyles] (node_modules/styled-components/src/models/ComponentStyle.ts:90:43)
      at warnTooManyClasses (node_modules/styled-components/src/models/StyledComponent.ts:70:19)
      at componentStyle (node_modules/styled-components/src/models/StyledComponent.ts:172:24)
      at I (node_modules/styled-components/src/models/StyledComponent.ts:270:26)
      at renderWithHooks (node_modules/react-dom/cjs/react-dom.development.js:15486:18)
      at updateForwardRef (node_modules/react-dom/cjs/react-dom.development.js:19245:20)
      at beginWork (node_modules/react-dom/cjs/react-dom.development.js:21675:16)
      at beginWork$1 (node_modules/react-dom/cjs/react-dom.development.js:27465:14)
      at performUnitOfWork (node_modules/react-dom/cjs/react-dom.development.js:26599:12)
      at workLoopSync (node_modules/react-dom/cjs/react-dom.development.js:26505:5)
      at renderRootSync (node_modules/react-dom/cjs/react-dom.development.js:26473:7)
      at recoverFromConcurrentError (node_modules/react-dom/cjs/react-dom.development.js:25889:20)
      at performConcurrentWorkOnRoot (node_modules/react-dom/cjs/react-dom.development.js:25789:22)
      at flushActQueue (node_modules/react/cjs/react.development.js:2667:24)
      at act (node_modules/react/cjs/react.development.js:2582:11)
      at actWithWarning (node_modules/react-dom/cjs/react-dom-test-utils.development.js:1740:10)
      at node_modules/@testing-library/react/dist/act-compat.js:63:25
      at renderRoot (node_modules/@testing-library/react/dist/pure.js:159:26)
      at render (node_modules/@testing-library/react/dist/pure.js:246:10)
      at renderWithRouter (src/components/__tests__/APIExplorerView.test.tsx:9:18)
      at Object.<anonymous> (src/components/__tests__/APIExplorerView.test.tsx:29:27)

  ● APIExplorerView › renders with different repository name

    TypeError: Cannot read properties of undefined (reading 'modal')

      102 |   justify-content: center;
      103 |   background-color: ${({ $blur }) => $blur ? theme.colors.background.overlay : theme.colors.background.primary};
    > 104 |   z-index: ${props => props.theme.zIndex.modal};
          |                                          ^
      105 |   
      106 |   ${({ $blur }) => $blur && css`
      107 |     backdrop-filter: blur(4px);

      at result (src/components/styled/Loading.tsx:104:42)
      at componentId (node_modules/styled-components/src/utils/flatten.ts:71:24)
      at e.NODE_ENV [as generateAndInjectStyles] (node_modules/styled-components/src/models/ComponentStyle.ts:90:43)
      at warnTooManyClasses (node_modules/styled-components/src/models/StyledComponent.ts:70:19)
      at componentStyle (node_modules/styled-components/src/models/StyledComponent.ts:172:24)
      at I (node_modules/styled-components/src/models/StyledComponent.ts:270:26)
      at renderWithHooks (node_modules/react-dom/cjs/react-dom.development.js:15486:18)
      at updateForwardRef (node_modules/react-dom/cjs/react-dom.development.js:19245:20)
      at beginWork (node_modules/react-dom/cjs/react-dom.development.js:21675:16)
      at beginWork$1 (node_modules/react-dom/cjs/react-dom.development.js:27465:14)
      at performUnitOfWork (node_modules/react-dom/cjs/react-dom.development.js:26599:12)
      at workLoopSync (node_modules/react-dom/cjs/react-dom.development.js:26505:5)
      at renderRootSync (node_modules/react-dom/cjs/react-dom.development.js:26473:7)
      at recoverFromConcurrentError (node_modules/react-dom/cjs/react-dom.development.js:25889:20)
      at performConcurrentWorkOnRoot (node_modules/react-dom/cjs/react-dom.development.js:25789:22)
      at flushActQueue (node_modules/react/cjs/react.development.js:2667:24)
      at act (node_modules/react/cjs/react.development.js:2582:11)
      at actWithWarning (node_modules/react-dom/cjs/react-dom-test-utils.development.js:1740:10)
      at node_modules/@testing-library/react/dist/act-compat.js:63:25
      at renderRoot (node_modules/@testing-library/react/dist/pure.js:159:26)
      at render (node_modules/@testing-library/react/dist/pure.js:246:10)
      at renderWithRouter (src/components/__tests__/APIExplorerView.test.tsx:9:18)
      at Object.<anonymous> (src/components/__tests__/APIExplorerView.test.tsx:35:5)

  ● APIExplorerView › renders correct heading levels

    TypeError: Cannot read properties of undefined (reading 'modal')

      102 |   justify-content: center;
      103 |   background-color: ${({ $blur }) => $blur ? theme.colors.background.overlay : theme.colors.background.primary};
    > 104 |   z-index: ${props => props.theme.zIndex.modal};
          |                                          ^
      105 |   
      106 |   ${({ $blur }) => $blur && css`
      107 |     backdrop-filter: blur(4px);

      at result (src/components/styled/Loading.tsx:104:42)
      at componentId (node_modules/styled-components/src/utils/flatten.ts:71:24)
      at e.NODE_ENV [as generateAndInjectStyles] (node_modules/styled-components/src/models/ComponentStyle.ts:90:43)
      at warnTooManyClasses (node_modules/styled-components/src/models/StyledComponent.ts:70:19)
      at componentStyle (node_modules/styled-components/src/models/StyledComponent.ts:172:24)
      at I (node_modules/styled-components/src/models/StyledComponent.ts:270:26)
      at renderWithHooks (node_modules/react-dom/cjs/react-dom.development.js:15486:18)
      at updateForwardRef (node_modules/react-dom/cjs/react-dom.development.js:19245:20)
      at beginWork (node_modules/react-dom/cjs/react-dom.development.js:21675:16)
      at beginWork$1 (node_modules/react-dom/cjs/react-dom.development.js:27465:14)
      at performUnitOfWork (node_modules/react-dom/cjs/react-dom.development.js:26599:12)
      at workLoopSync (node_modules/react-dom/cjs/react-dom.development.js:26505:5)
      at renderRootSync (node_modules/react-dom/cjs/react-dom.development.js:26473:7)
      at recoverFromConcurrentError (node_modules/react-dom/cjs/react-dom.development.js:25889:20)
      at performConcurrentWorkOnRoot (node_modules/react-dom/cjs/react-dom.development.js:25789:22)
      at flushActQueue (node_modules/react/cjs/react.development.js:2667:24)
      at act (node_modules/react/cjs/react.development.js:2582:11)
      at actWithWarning (node_modules/react-dom/cjs/react-dom-test-utils.development.js:1740:10)
      at node_modules/@testing-library/react/dist/act-compat.js:63:25
      at renderRoot (node_modules/@testing-library/react/dist/pure.js:159:26)
      at render (node_modules/@testing-library/react/dist/pure.js:246:10)
      at renderWithRouter (src/components/__tests__/APIExplorerView.test.tsx:9:18)
      at Object.<anonymous> (src/components/__tests__/APIExplorerView.test.tsx:40:5)

FAIL src/middleware/__tests__/security.middleware.test.js
  ● Security Middleware › Request Sanitization › sanitizes event handlers

    expect(received).toBe(expected) // Object.is equality

    Expected: "<div >Click me</div>"
    Received: "<div \"alert(1)\">Click me</div>"

      179 |         });
      180 |
    > 181 |       expect(response.body.html).toBe('<div >Click me</div>');
          |                                  ^
      182 |     });
      183 |   });
      184 |

      at Object.<anonymous> (src/middleware/__tests__/security.middleware.test.js:181:34)

  ● Security Middleware › Suspicious Activity Detection › detects path traversal attempts

    expect(received).toBeTruthy()

    Received: null

      219 |       await request(app).get('/test/../../../etc/passwd');
      220 |
    > 221 |       expect(loggedEvent).toBeTruthy();
          |                           ^
      222 |       expect(loggedEvent.type).toBe('suspicious_request');
      223 |       expect(loggedEvent.details.reasons).toContain('Path traversal attempt');
      224 |

      at Object.<anonymous> (src/middleware/__tests__/security.middleware.test.js:221:27)

FAIL src/components/__tests__/SyncStatus.test.tsx
  ● SyncStatus › renders sync in progress status

    TestingLibraryElementError: Unable to find an element with the text: Syncing Repositories. This could be because the text is broken up by multiple elements. In this case, you can provide a function for your text matcher to make your matcher more flexible.

    Ignored nodes: comments, script, style
    [36m<body>[39m
      [36m<div>[39m
        [36m<div[39m
          [33mclass[39m=[32m"bg-white border border-gray-200 rounded-lg shadow-sm "[39m
        [36m>[39m
          [36m<div[39m
            [33mclass[39m=[32m"p-4"[39m
          [36m>[39m
            [36m<div[39m
              [33mclass[39m=[32m"flex items-center justify-between"[39m
            [36m>[39m
              [36m<div[39m
                [33mclass[39m=[32m"flex items-center space-x-3"[39m
              [36m>[39m
                [36m<div[39m
                  [33mclass[39m=[32m"w-3 h-3 rounded-full bg-green-500"[39m
                [36m/>[39m
                [36m<h3[39m
                  [33mclass[39m=[32m"text-sm font-medium text-gray-900"[39m
                [36m>[39m
                  [0mRepository Sync[0m
                [36m</h3>[39m
              [36m</div>[39m
              [36m<div[39m
                [33mclass[39m=[32m"flex items-center space-x-2"[39m
              [36m>[39m
                [36m<span[39m
                  [33mclass[39m=[32m"text-xs text-gray-500"[39m
                [36m>[39m
                  [0mLast sync: [0m
                  [0mNever[0m
                [36m</span>[39m
                [36m<button[39m
                  [33maria-label[39m=[32m"Expand"[39m
                  [33mclass[39m=[32m"p-1 rounded hover:bg-gray-100 transition-colors"[39m
                [36m>[39m
                  [36m<svg[39m
                    [33mclass[39m=[32m"w-4 h-4 text-gray-500 transform transition-transform "[39m
                    [33mfill[39m=[32m"none"[39m
                    [33mstroke[39m=[32m"currentColor"[39m
                    [33mviewBox[39m=[32m"0 0 24 24"[39m
                  [36m>[39m
                    [36m<path[39m
                      [33md[39m=[32m"M19 9l-7 7-7-7"[39m
                      [33mstroke-linecap[39m=[32m"round"[39m
                      [33mstroke-linejoin[39m=[32m"round"[39m
                      [33mstroke-width[39m=[32m"2"[39m
                    [36m/>[39m
                  [36m</svg>[39m
                [36m</button>[39m
              [36m</div>[39m
            [36m</div>[39m
          [36m</div>[39m
        [36m</div>[39m
      [36m</div>[39m
    [36m</body>[39m

      62 |     render(<SyncStatus />);
      63 |
    > 64 |     expect(screen.getByText('Syncing Repositories')).toBeInTheDocument();
         |                   ^
      65 |     expect(screen.getByText('Syncing: test-repo')).toBeInTheDocument();
      66 |     expect(screen.getByText('3 of 10')).toBeInTheDocument();
      67 |   });

      at Object.getElementError (node_modules/@testing-library/react/node_modules/@testing-library/dom/dist/config.js:37:19)
      at node_modules/@testing-library/react/node_modules/@testing-library/dom/dist/query-helpers.js:76:38
      at node_modules/@testing-library/react/node_modules/@testing-library/dom/dist/query-helpers.js:52:17
      at getByText (node_modules/@testing-library/react/node_modules/@testing-library/dom/dist/query-helpers.js:95:19)
      at Object.<anonymous> (src/components/__tests__/SyncStatus.test.tsx:64:19)

  ● SyncStatus › shows progress bar during sync

    expect(received).toHaveStyle()

    received value must be an HTMLElement or an SVGElement.
    Received has value: null

      79 |
      80 |     const progressBar = document.querySelector('.bg-blue-500.transition-all');
    > 81 |     expect(progressBar).toHaveStyle({ width: '25%' });
         |                         ^
      82 |   });
      83 |
      84 |   it('formats last sync timestamp correctly', () => {

      at __EXTERNAL_MATCHER_TRAP__ (node_modules/expect/build/index.js:386:30)
      at Object.toHaveStyle (node_modules/expect/build/index.js:387:15)
      at Object.<anonymous> (src/components/__tests__/SyncStatus.test.tsx:81:25)

  ● SyncStatus › expands and collapses details

    TestingLibraryElementError: Unable to find an element with the text: Synced Repositories (2). This could be because the text is broken up by multiple elements. In this case, you can provide a function for your text matcher to make your matcher more flexible.

    Ignored nodes: comments, script, style
    [36m<body>[39m
      [36m<div>[39m
        [36m<div[39m
          [33mclass[39m=[32m"bg-white border border-gray-200 rounded-lg shadow-sm "[39m
        [36m>[39m
          [36m<div[39m
            [33mclass[39m=[32m"p-4"[39m
          [36m>[39m
            [36m<div[39m
              [33mclass[39m=[32m"flex items-center justify-between"[39m
            [36m>[39m
              [36m<div[39m
                [33mclass[39m=[32m"flex items-center space-x-3"[39m
              [36m>[39m
                [36m<div[39m
                  [33mclass[39m=[32m"w-3 h-3 rounded-full bg-green-500"[39m
                [36m/>[39m
                [36m<h3[39m
                  [33mclass[39m=[32m"text-sm font-medium text-gray-900"[39m
                [36m>[39m
                  [0mRepository Sync[0m
                [36m</h3>[39m
              [36m</div>[39m
              [36m<div[39m
                [33mclass[39m=[32m"flex items-center space-x-2"[39m
              [36m>[39m
                [36m<span[39m
                  [33mclass[39m=[32m"text-xs text-gray-500"[39m
                [36m>[39m
                  [0mLast sync: [0m
                  [0mNever[0m
                [36m</span>[39m
                [36m<button[39m
                  [33maria-label[39m=[32m"Collapse"[39m
                  [33mclass[39m=[32m"p-1 rounded hover:bg-gray-100 transition-colors"[39m
                [36m>[39m
                  [36m<svg[39m
                    [33mclass[39m=[32m"w-4 h-4 text-gray-500 transform transition-transform rotate-180"[39m
                    [33mfill[39m=[32m"none"[39m
                    [33mstroke[39m=[32m"currentColor"[39m
                    [33mviewBox[39m=[32m"0 0 24 24"[39m
                  [36m>[39m
                    [36m<path[39m
                      [33md[39m=[32m"M19 9l-7 7-7-7"[39m
                      [33mstroke-linecap[39m=[32m"round"[39m
                      [33mstroke-linejoin[39m=[32m"round"[39m
                      [33mstroke-width[39m=[32m"2"[39m
                    [36m/>[39m
                  [36m</svg>[39m
                [36m</button>[39m
              [36m</div>[39m
            [36m</div>[39m
            [36m<div[39m
              [33mclass[39m=[32m"mt-4 space-y-3"[39m
            [36m>[39m
              [36m<button[39m
                [33mclass[39m=[32m"w-full px-4 py-2 bg-blue-500 text-white rounded-md hover:bg-blue-600 transition-colors text-sm font-medium"[39m
              [36m>[39m
                [0mSync All Repositories[0m
              [36m</button>[39m
            [36m</div>[39m
          [36m</div>[39m
        [36m</div>[39m
      [36m</div>[39m
    [36m</body>[39m

      109 |     // Click to expand
      110 |     fireEvent.click(screen.getByLabelText('Expand'));
    > 111 |     expect(screen.getByText('Synced Repositories (2)')).toBeInTheDocument();
          |                   ^
      112 |     expect(screen.getByText('repo1')).toBeInTheDocument();
      113 |     expect(screen.getByText('repo2')).toBeInTheDocument();
      114 |

      at Object.getElementError (node_modules/@testing-library/react/node_modules/@testing-library/dom/dist/config.js:37:19)
      at node_modules/@testing-library/react/node_modules/@testing-library/dom/dist/query-helpers.js:76:38
      at node_modules/@testing-library/react/node_modules/@testing-library/dom/dist/query-helpers.js:52:17
      at getByText (node_modules/@testing-library/react/node_modules/@testing-library/dom/dist/query-helpers.js:95:19)
      at Object.<anonymous> (src/components/__tests__/SyncStatus.test.tsx:111:19)

  ● SyncStatus › handles manual sync

    TypeError: _repositorySync.repositorySyncService.getSyncStatus(...).then is not a function

      54 |       console.error('Sync failed:', error);
      55 |     } finally {
    > 56 |       repositorySyncService.getSyncStatus().then(status => setSyncStatus(status));
         |                                             ^
      57 |     }
      58 |   };
      59 |

      at handleManualSync (src/components/SyncStatus.tsx:56:45)

  ● SyncStatus › handles manual sync

    expect(jest.fn()).toHaveBeenCalledWith(...expected)

    Expected: {"failedRepositories": [], "success": true, "syncedRepositories": ["repo1", "repo2"], "timestamp": 2025-08-02T13:52:47.367Z, "totalTime": 5000}

    Number of calls: 0

    Ignored nodes: comments, script, style
    [36m<html>[39m
      [36m<head />[39m
      [36m<body>[39m
        [36m<div>[39m
          [36m<div[39m
            [33mclass[39m=[32m"bg-white border border-gray-200 rounded-lg shadow-sm "[39m
          [36m>[39m
            [36m<div[39m
              [33mclass[39m=[32m"p-4"[39m
            [36m>[39m
              [36m<div[39m
                [33mclass[39m=[32m"flex items-center justify-between"[39m
              [36m>[39m
                [36m<div[39m
                  [33mclass[39m=[32m"flex items-center space-x-3"[39m
                [36m>[39m
                  [36m<div[39m
                    [33mclass[39m=[32m"w-3 h-3 rounded-full bg-blue-500 animate-pulse"[39m
                  [36m/>[39m
                  [36m<h3[39m
                    [33mclass[39m=[32m"text-sm font-medium text-gray-900"[39m
                  [36m>[39m
                    [0mSyncing Repositories[0m
                  [36m</h3>[39m
                [36m</div>[39m
                [36m<div[39m
                  [33mclass[39m=[32m"flex items-center space-x-2"[39m
                [36m>[39m
                  [36m<span[39m
                    [33mclass[39m=[32m"text-xs text-gray-500"[39m
                  [36m>[39m
                    [0mLast sync: [0m
                    [0mNever[0m
                  [36m</span>[39m
                  [36m<button[39m
                    [33maria-label[39m=[32m"Collapse"[39m
                    [33mclass[39m=[32m"p-1 rounded hover:bg-gray-100 transition-colors"[39m
                  [36m>[39m
                    [36m<svg[39m
                      [33mclass[39m=[32m"w-4 h-4 text-gray-500 transform transition-transform rotate-180"[39m
                      [33mfill[39m=[32m"none"[39m
                      [33mstroke[39m=[32m"currentColor"[39m
                      [33mviewBox[39m=[32m"0 0 24 24"[39m
                    [36m>[39m
                      [36m<path[39m
                        [33md[39m=[32m"M19 9l-7 7-7-7"[39m
                        [33mstroke-linecap[39m=[32m"round"[39m
                        [33mstroke-linejoin[39m=[32m"round"[39m
                        [33mstroke-width[39m=[32m"2"[39m
                      [36m/>[39m
                    [36m</svg>[39m
                  [36m</button>[39m
                [36m</div>[39m
              [36m</div>[39m
              [36m<div[39m
                [33mclass[39m=[32m"mt-3"[39m
              [36m>[39m
                [36m<div[39m
                  [33mclass[39m=[32m"flex items-center justify-between text-xs text-gray-600 mb-1"[39m
                [36m>[39m
                  [36m<span>[39m
                    [0mSyncing: [0m
                    [0mInitializing...[0m
                  [36m</span>[39m
                  [36m<span>[39m
                    [0m0[0m
                    [0m of [0m
                    [0m0[0m
                  [36m</span>[39m
                [36m</div>[39m
                [36m<div[39m
                  [33mclass[39m=[32m"w-full bg-gray-200 rounded-full h-2"[39m
                [36m>[39m
                  [36m<div[39m
                    [33mclass[39m=[32m"bg-blue-500 h-2 rounded-full transition-all duration-300"[39m
                    [33mstyle[39m=[32m"width: 0%;"[39m
                  [36m/>[39m
                [36m</div>[39m
              [36m</div>[39m
              [36m<div[39m
                [33mclass[39m=[32m"mt-4 space-y-3"[39m
              [36m/>[39m
            [36m</div>[39m
          [36m</div>[39m
        [36m</div>[39m
      [36m</body>[39m
    [36m</html>[39m

      150 |     await waitFor(() => {
      151 |       expect(mockSyncOnStartup).toHaveBeenCalled();
    > 152 |       expect(onSyncComplete).toHaveBeenCalledWith(mockResult);
          |                              ^
      153 |     });
      154 |   });
      155 |

      at src/components/__tests__/SyncStatus.test.tsx:152:30
      at runWithExpensiveErrorDiagnosticsDisabled (node_modules/@testing-library/react/node_modules/@testing-library/dom/dist/config.js:47:12)
      at checkCallback (node_modules/@testing-library/react/node_modules/@testing-library/dom/dist/wait-for.js:127:77)
      at node_modules/@testing-library/react/node_modules/@testing-library/dom/dist/wait-for.js:70:9

  ● SyncStatus › displays sync errors

    TestingLibraryElementError: Unable to find an element with the text: Sync Errors (2). This could be because the text is broken up by multiple elements. In this case, you can provide a function for your text matcher to make your matcher more flexible.

    Ignored nodes: comments, script, style
    [36m<body>[39m
      [36m<div>[39m
        [36m<div[39m
          [33mclass[39m=[32m"bg-white border border-gray-200 rounded-lg shadow-sm "[39m
        [36m>[39m
          [36m<div[39m
            [33mclass[39m=[32m"p-4"[39m
          [36m>[39m
            [36m<div[39m
              [33mclass[39m=[32m"flex items-center justify-between"[39m
            [36m>[39m
              [36m<div[39m
                [33mclass[39m=[32m"flex items-center space-x-3"[39m
              [36m>[39m
                [36m<div[39m
                  [33mclass[39m=[32m"w-3 h-3 rounded-full bg-green-500"[39m
                [36m/>[39m
                [36m<h3[39m
                  [33mclass[39m=[32m"text-sm font-medium text-gray-900"[39m
                [36m>[39m
                  [0mRepository Sync[0m
                [36m</h3>[39m
              [36m</div>[39m
              [36m<div[39m
                [33mclass[39m=[32m"flex items-center space-x-2"[39m
              [36m>[39m
                [36m<span[39m
                  [33mclass[39m=[32m"text-xs text-gray-500"[39m
                [36m>[39m
                  [0mLast sync: [0m
                  [0mNever[0m
                [36m</span>[39m
                [36m<button[39m
                  [33maria-label[39m=[32m"Collapse"[39m
                  [33mclass[39m=[32m"p-1 rounded hover:bg-gray-100 transition-colors"[39m
                [36m>[39m
                  [36m<svg[39m
                    [33mclass[39m=[32m"w-4 h-4 text-gray-500 transform transition-transform rotate-180"[39m
                    [33mfill[39m=[32m"none"[39m
                    [33mstroke[39m=[32m"currentColor"[39m
                    [33mviewBox[39m=[32m"0 0 24 24"[39m
                  [36m>[39m
                    [36m<path[39m
                      [33md[39m=[32m"M19 9l-7 7-7-7"[39m
                      [33mstroke-linecap[39m=[32m"round"[39m
                      [33mstroke-linejoin[39m=[32m"round"[39m
                      [33mstroke-width[39m=[32m"2"[39m
                    [36m/>[39m
                  [36m</svg>[39m
                [36m</button>[39m
              [36m</div>[39m
            [36m</div>[39m
            [36m<div[39m
              [33mclass[39m=[32m"mt-4 space-y-3"[39m
            [36m>[39m
              [36m<button[39m
                [33mclass[39m=[32m"w-full px-4 py-2 bg-blue-500 text-white rounded-md hover:bg-blue-600 transition-colors text-sm font-medium"[39m
              [36m>[39m
                [0mSync All Repositories[0m
              [36m</button>[39m
            [36m</div>[39m
          [36m</div>[39m
        [36m</div>[39m
      [36m</div>[39m
    [36m</body>[39m

      165 |     fireEvent.click(screen.getByLabelText('Expand'));
      166 |     
    > 167 |     expect(screen.getByText('Sync Errors (2)')).toBeInTheDocument();
          |                   ^
      168 |     expect(screen.getByText('Failed to sync repo1: Network error')).toBeInTheDocument();
      169 |     expect(screen.getByText('Failed to sync repo2: Permission denied')).toBeInTheDocument();
      170 |   });

      at Object.getElementError (node_modules/@testing-library/react/node_modules/@testing-library/dom/dist/config.js:37:19)
      at node_modules/@testing-library/react/node_modules/@testing-library/dom/dist/query-helpers.js:76:38
      at node_modules/@testing-library/react/node_modules/@testing-library/dom/dist/query-helpers.js:52:17
      at getByText (node_modules/@testing-library/react/node_modules/@testing-library/dom/dist/query-helpers.js:95:19)
      at Object.<anonymous> (src/components/__tests__/SyncStatus.test.tsx:167:19)

  ● SyncStatus › polls for updates during sync

    expect(jest.fn()).toHaveBeenCalledTimes(expected)

    Expected number of calls: 1
    Received number of calls: 0

      182 |
      183 |     // Initial call
    > 184 |     expect(mockGetSyncStatus).toHaveBeenCalledTimes(1);
          |                               ^
      185 |
      186 |     // Advance timer by 1 second
      187 |     jest.advanceTimersByTime(1000);

      at Object.<anonymous> (src/components/__tests__/SyncStatus.test.tsx:184:31)

  ● SyncStatus › stops polling when sync completes

    TypeError: Cannot read properties of undefined (reading 'timestamp')

      93 |           <div className="flex items-center space-x-2">
      94 |             <span className="text-xs text-gray-500">
    > 95 |               Last sync: {formatTimestamp(lastSyncInfo.timestamp || syncStatus.lastSyncTime)}
         |                                                        ^
      96 |             </span>
      97 |             <button
      98 |               onClick={() => setIsExpanded(!isExpanded)}

      at SyncStatus (src/components/SyncStatus.tsx:95:56)
      at renderWithHooks (node_modules/react-dom/cjs/react-dom.development.js:15486:18)
      at mountIndeterminateComponent (node_modules/react-dom/cjs/react-dom.development.js:20103:13)
      at beginWork (node_modules/react-dom/cjs/react-dom.development.js:21626:16)
      at beginWork$1 (node_modules/react-dom/cjs/react-dom.development.js:27465:14)
      at performUnitOfWork (node_modules/react-dom/cjs/react-dom.development.js:26599:12)
      at workLoopSync (node_modules/react-dom/cjs/react-dom.development.js:26505:5)
      at renderRootSync (node_modules/react-dom/cjs/react-dom.development.js:26473:7)
      at recoverFromConcurrentError (node_modules/react-dom/cjs/react-dom.development.js:25889:20)
      at performConcurrentWorkOnRoot (node_modules/react-dom/cjs/react-dom.development.js:25789:22)
      at flushActQueue (node_modules/react/cjs/react.development.js:2667:24)
      at act (node_modules/react/cjs/react.development.js:2582:11)
      at actWithWarning (node_modules/react-dom/cjs/react-dom-test-utils.development.js:1740:10)
      at node_modules/@testing-library/react/dist/act-compat.js:63:25
      at renderRoot (node_modules/@testing-library/react/dist/pure.js:159:26)
      at render (node_modules/@testing-library/react/dist/pure.js:246:10)
      at Object.<anonymous> (src/components/__tests__/SyncStatus.test.tsx:196:32)

  ● SyncStatus › shows appropriate status indicator colors

    TypeError: Cannot read properties of undefined (reading 'timestamp')

      93 |           <div className="flex items-center space-x-2">
      94 |             <span className="text-xs text-gray-500">
    > 95 |               Last sync: {formatTimestamp(lastSyncInfo.timestamp || syncStatus.lastSyncTime)}
         |                                                        ^
      96 |             </span>
      97 |             <button
      98 |               onClick={() => setIsExpanded(!isExpanded)}

      at SyncStatus (src/components/SyncStatus.tsx:95:56)
      at renderWithHooks (node_modules/react-dom/cjs/react-dom.development.js:15486:18)
      at mountIndeterminateComponent (node_modules/react-dom/cjs/react-dom.development.js:20103:13)
      at beginWork (node_modules/react-dom/cjs/react-dom.development.js:21626:16)
      at beginWork$1 (node_modules/react-dom/cjs/react-dom.development.js:27465:14)
      at performUnitOfWork (node_modules/react-dom/cjs/react-dom.development.js:26599:12)
      at workLoopSync (node_modules/react-dom/cjs/react-dom.development.js:26505:5)
      at renderRootSync (node_modules/react-dom/cjs/react-dom.development.js:26473:7)
      at recoverFromConcurrentError (node_modules/react-dom/cjs/react-dom.development.js:25889:20)
      at performConcurrentWorkOnRoot (node_modules/react-dom/cjs/react-dom.development.js:25789:22)
      at flushActQueue (node_modules/react/cjs/react.development.js:2667:24)
      at act (node_modules/react/cjs/react.development.js:2582:11)
      at actWithWarning (node_modules/react-dom/cjs/react-dom-test-utils.development.js:1740:10)
      at node_modules/@testing-library/react/dist/act-compat.js:63:25
      at renderRoot (node_modules/@testing-library/react/dist/pure.js:159:26)
      at render (node_modules/@testing-library/react/dist/pure.js:246:10)
      at Object.<anonymous> (src/components/__tests__/SyncStatus.test.tsx:230:32)

  ● SyncStatus › applies custom className

    ReferenceError: container is not defined

      261 |     render(<SyncStatus className="custom-class" />);
      262 |     
    > 263 |     expect(container.firstChild).toHaveClass('custom-class');
          |            ^
      264 |   });
      265 |
      266 |   it('handles sync errors gracefully', async () => {

      at Object.<anonymous> (src/components/__tests__/SyncStatus.test.tsx:263:12)

  ● SyncStatus › handles sync errors gracefully

    TypeError: _repositorySync.repositorySyncService.getSyncStatus(...).then is not a function

      30 |     if (syncStatus.isInProgress) {
      31 |       interval = setInterval(() => {
    > 32 |         repositorySyncService.getSyncStatus().then(status => setSyncStatus(status));
         |                                               ^
      33 |       }, 1000);
      34 |     }
      35 |

      at src/components/SyncStatus.tsx:32:47
      at callTimer (node_modules/@sinonjs/fake-timers/src/fake-timers-src.js:729:24)
      at doTickInner (node_modules/@sinonjs/fake-timers/src/fake-timers-src.js:1289:29)
      at doTick (node_modules/@sinonjs/fake-timers/src/fake-timers-src.js:1370:20)
      at Object.tick (node_modules/@sinonjs/fake-timers/src/fake-timers-src.js:1378:20)
      at FakeTimers.advanceTimersByTime (node_modules/@jest/fake-timers/build/modernFakeTimers.js:101:19)
      at node_modules/@testing-library/react/node_modules/@testing-library/dom/dist/wait-for.js:63:16
      at node_modules/@testing-library/react/dist/act-compat.js:64:24
      at act (node_modules/react/cjs/react.development.js:2512:16)
      at actWithWarning (node_modules/react-dom/cjs/react-dom-test-utils.development.js:1740:10)
      at node_modules/@testing-library/react/dist/act-compat.js:63:25
      at unstable_advanceTimersWrapper (node_modules/@testing-library/react/dist/pure.js:61:35)
      at node_modules/@testing-library/react/node_modules/@testing-library/dom/dist/wait-for.js:62:9

  ● SyncStatus › handles sync errors gracefully

    TypeError: _repositorySync.repositorySyncService.getSyncStatus(...).then is not a function

      54 |       console.error('Sync failed:', error);
      55 |     } finally {
    > 56 |       repositorySyncService.getSyncStatus().then(status => setSyncStatus(status));
         |                                             ^
      57 |     }
      58 |   };
      59 |

      at handleManualSync (src/components/SyncStatus.tsx:56:45)

FAIL src/components/__tests__/PostmanView.test.tsx
  ● PostmanView › renders Postman Collection title with emoji and repo name

    TypeError: Cannot read properties of undefined (reading 'modal')

      102 |   justify-content: center;
      103 |   background-color: ${({ $blur }) => $blur ? theme.colors.background.overlay : theme.colors.background.primary};
    > 104 |   z-index: ${props => props.theme.zIndex.modal};
          |                                          ^
      105 |   
      106 |   ${({ $blur }) => $blur && css`
      107 |     backdrop-filter: blur(4px);

      at result (src/components/styled/Loading.tsx:104:42)
      at componentId (node_modules/styled-components/src/utils/flatten.ts:71:24)
      at e.NODE_ENV [as generateAndInjectStyles] (node_modules/styled-components/src/models/ComponentStyle.ts:90:43)
      at warnTooManyClasses (node_modules/styled-components/src/models/StyledComponent.ts:70:19)
      at componentStyle (node_modules/styled-components/src/models/StyledComponent.ts:172:24)
      at I (node_modules/styled-components/src/models/StyledComponent.ts:270:26)
      at renderWithHooks (node_modules/react-dom/cjs/react-dom.development.js:15486:18)
      at updateForwardRef (node_modules/react-dom/cjs/react-dom.development.js:19245:20)
      at beginWork (node_modules/react-dom/cjs/react-dom.development.js:21675:16)
      at beginWork$1 (node_modules/react-dom/cjs/react-dom.development.js:27465:14)
      at performUnitOfWork (node_modules/react-dom/cjs/react-dom.development.js:26599:12)
      at workLoopSync (node_modules/react-dom/cjs/react-dom.development.js:26505:5)
      at renderRootSync (node_modules/react-dom/cjs/react-dom.development.js:26473:7)
      at recoverFromConcurrentError (node_modules/react-dom/cjs/react-dom.development.js:25889:20)
      at performConcurrentWorkOnRoot (node_modules/react-dom/cjs/react-dom.development.js:25789:22)
      at flushActQueue (node_modules/react/cjs/react.development.js:2667:24)
      at act (node_modules/react/cjs/react.development.js:2582:11)
      at actWithWarning (node_modules/react-dom/cjs/react-dom-test-utils.development.js:1740:10)
      at node_modules/@testing-library/react/dist/act-compat.js:63:25
      at renderRoot (node_modules/@testing-library/react/dist/pure.js:159:26)
      at render (node_modules/@testing-library/react/dist/pure.js:246:10)
      at renderWithRouter (src/components/__tests__/PostmanView.test.tsx:9:18)
      at Object.<anonymous> (src/components/__tests__/PostmanView.test.tsx:19:5)

  ● PostmanView › shows coming soon message

    TypeError: Cannot read properties of undefined (reading 'modal')

      102 |   justify-content: center;
      103 |   background-color: ${({ $blur }) => $blur ? theme.colors.background.overlay : theme.colors.background.primary};
    > 104 |   z-index: ${props => props.theme.zIndex.modal};
          |                                          ^
      105 |   
      106 |   ${({ $blur }) => $blur && css`
      107 |     backdrop-filter: blur(4px);

      at result (src/components/styled/Loading.tsx:104:42)
      at componentId (node_modules/styled-components/src/utils/flatten.ts:71:24)
      at e.NODE_ENV [as generateAndInjectStyles] (node_modules/styled-components/src/models/ComponentStyle.ts:90:43)
      at warnTooManyClasses (node_modules/styled-components/src/models/StyledComponent.ts:70:19)
      at componentStyle (node_modules/styled-components/src/models/StyledComponent.ts:172:24)
      at I (node_modules/styled-components/src/models/StyledComponent.ts:270:26)
      at renderWithHooks (node_modules/react-dom/cjs/react-dom.development.js:15486:18)
      at updateForwardRef (node_modules/react-dom/cjs/react-dom.development.js:19245:20)
      at beginWork (node_modules/react-dom/cjs/react-dom.development.js:21675:16)
      at beginWork$1 (node_modules/react-dom/cjs/react-dom.development.js:27465:14)
      at performUnitOfWork (node_modules/react-dom/cjs/react-dom.development.js:26599:12)
      at workLoopSync (node_modules/react-dom/cjs/react-dom.development.js:26505:5)
      at renderRootSync (node_modules/react-dom/cjs/react-dom.development.js:26473:7)
      at recoverFromConcurrentError (node_modules/react-dom/cjs/react-dom.development.js:25889:20)
      at performConcurrentWorkOnRoot (node_modules/react-dom/cjs/react-dom.development.js:25789:22)
      at flushActQueue (node_modules/react/cjs/react.development.js:2667:24)
      at act (node_modules/react/cjs/react.development.js:2582:11)
      at actWithWarning (node_modules/react-dom/cjs/react-dom-test-utils.development.js:1740:10)
      at node_modules/@testing-library/react/dist/act-compat.js:63:25
      at renderRoot (node_modules/@testing-library/react/dist/pure.js:159:26)
      at render (node_modules/@testing-library/react/dist/pure.js:246:10)
      at renderWithRouter (src/components/__tests__/PostmanView.test.tsx:9:18)
      at Object.<anonymous> (src/components/__tests__/PostmanView.test.tsx:24:5)

  ● PostmanView › has correct text color styling

    TypeError: Cannot read properties of undefined (reading 'modal')

      102 |   justify-content: center;
      103 |   background-color: ${({ $blur }) => $blur ? theme.colors.background.overlay : theme.colors.background.primary};
    > 104 |   z-index: ${props => props.theme.zIndex.modal};
          |                                          ^
      105 |   
      106 |   ${({ $blur }) => $blur && css`
      107 |     backdrop-filter: blur(4px);

      at result (src/components/styled/Loading.tsx:104:42)
      at componentId (node_modules/styled-components/src/utils/flatten.ts:71:24)
      at e.NODE_ENV [as generateAndInjectStyles] (node_modules/styled-components/src/models/ComponentStyle.ts:90:43)
      at warnTooManyClasses (node_modules/styled-components/src/models/StyledComponent.ts:70:19)
      at componentStyle (node_modules/styled-components/src/models/StyledComponent.ts:172:24)
      at I (node_modules/styled-components/src/models/StyledComponent.ts:270:26)
      at renderWithHooks (node_modules/react-dom/cjs/react-dom.development.js:15486:18)
      at updateForwardRef (node_modules/react-dom/cjs/react-dom.development.js:19245:20)
      at beginWork (node_modules/react-dom/cjs/react-dom.development.js:21675:16)
      at beginWork$1 (node_modules/react-dom/cjs/react-dom.development.js:27465:14)
      at performUnitOfWork (node_modules/react-dom/cjs/react-dom.development.js:26599:12)
      at workLoopSync (node_modules/react-dom/cjs/react-dom.development.js:26505:5)
      at renderRootSync (node_modules/react-dom/cjs/react-dom.development.js:26473:7)
      at recoverFromConcurrentError (node_modules/react-dom/cjs/react-dom.development.js:25889:20)
      at performConcurrentWorkOnRoot (node_modules/react-dom/cjs/react-dom.development.js:25789:22)
      at flushActQueue (node_modules/react/cjs/react.development.js:2667:24)
      at act (node_modules/react/cjs/react.development.js:2582:11)
      at actWithWarning (node_modules/react-dom/cjs/react-dom-test-utils.development.js:1740:10)
      at node_modules/@testing-library/react/dist/act-compat.js:63:25
      at renderRoot (node_modules/@testing-library/react/dist/pure.js:159:26)
      at render (node_modules/@testing-library/react/dist/pure.js:246:10)
      at renderWithRouter (src/components/__tests__/PostmanView.test.tsx:9:18)
      at Object.<anonymous> (src/components/__tests__/PostmanView.test.tsx:29:27)

  ● PostmanView › renders with different repository name

    TypeError: Cannot read properties of undefined (reading 'modal')

      102 |   justify-content: center;
      103 |   background-color: ${({ $blur }) => $blur ? theme.colors.background.overlay : theme.colors.background.primary};
    > 104 |   z-index: ${props => props.theme.zIndex.modal};
          |                                          ^
      105 |   
      106 |   ${({ $blur }) => $blur && css`
      107 |     backdrop-filter: blur(4px);

      at result (src/components/styled/Loading.tsx:104:42)
      at componentId (node_modules/styled-components/src/utils/flatten.ts:71:24)
      at e.NODE_ENV [as generateAndInjectStyles] (node_modules/styled-components/src/models/ComponentStyle.ts:90:43)
      at warnTooManyClasses (node_modules/styled-components/src/models/StyledComponent.ts:70:19)
      at componentStyle (node_modules/styled-components/src/models/StyledComponent.ts:172:24)
      at I (node_modules/styled-components/src/models/StyledComponent.ts:270:26)
      at renderWithHooks (node_modules/react-dom/cjs/react-dom.development.js:15486:18)
      at updateForwardRef (node_modules/react-dom/cjs/react-dom.development.js:19245:20)
      at beginWork (node_modules/react-dom/cjs/react-dom.development.js:21675:16)
      at beginWork$1 (node_modules/react-dom/cjs/react-dom.development.js:27465:14)
      at performUnitOfWork (node_modules/react-dom/cjs/react-dom.development.js:26599:12)
      at workLoopSync (node_modules/react-dom/cjs/react-dom.development.js:26505:5)
      at renderRootSync (node_modules/react-dom/cjs/react-dom.development.js:26473:7)
      at recoverFromConcurrentError (node_modules/react-dom/cjs/react-dom.development.js:25889:20)
      at performConcurrentWorkOnRoot (node_modules/react-dom/cjs/react-dom.development.js:25789:22)
      at flushActQueue (node_modules/react/cjs/react.development.js:2667:24)
      at act (node_modules/react/cjs/react.development.js:2582:11)
      at actWithWarning (node_modules/react-dom/cjs/react-dom-test-utils.development.js:1740:10)
      at node_modules/@testing-library/react/dist/act-compat.js:63:25
      at renderRoot (node_modules/@testing-library/react/dist/pure.js:159:26)
      at render (node_modules/@testing-library/react/dist/pure.js:246:10)
      at renderWithRouter (src/components/__tests__/PostmanView.test.tsx:9:18)
      at Object.<anonymous> (src/components/__tests__/PostmanView.test.tsx:35:5)

  ● PostmanView › renders correct heading levels

    TypeError: Cannot read properties of undefined (reading 'modal')

      102 |   justify-content: center;
      103 |   background-color: ${({ $blur }) => $blur ? theme.colors.background.overlay : theme.colors.background.primary};
    > 104 |   z-index: ${props => props.theme.zIndex.modal};
          |                                          ^
      105 |   
      106 |   ${({ $blur }) => $blur && css`
      107 |     backdrop-filter: blur(4px);

      at result (src/components/styled/Loading.tsx:104:42)
      at componentId (node_modules/styled-components/src/utils/flatten.ts:71:24)
      at e.NODE_ENV [as generateAndInjectStyles] (node_modules/styled-components/src/models/ComponentStyle.ts:90:43)
      at warnTooManyClasses (node_modules/styled-components/src/models/StyledComponent.ts:70:19)
      at componentStyle (node_modules/styled-components/src/models/StyledComponent.ts:172:24)
      at I (node_modules/styled-components/src/models/StyledComponent.ts:270:26)
      at renderWithHooks (node_modules/react-dom/cjs/react-dom.development.js:15486:18)
      at updateForwardRef (node_modules/react-dom/cjs/react-dom.development.js:19245:20)
      at beginWork (node_modules/react-dom/cjs/react-dom.development.js:21675:16)
      at beginWork$1 (node_modules/react-dom/cjs/react-dom.development.js:27465:14)
      at performUnitOfWork (node_modules/react-dom/cjs/react-dom.development.js:26599:12)
      at workLoopSync (node_modules/react-dom/cjs/react-dom.development.js:26505:5)
      at renderRootSync (node_modules/react-dom/cjs/react-dom.development.js:26473:7)
      at recoverFromConcurrentError (node_modules/react-dom/cjs/react-dom.development.js:25889:20)
      at performConcurrentWorkOnRoot (node_modules/react-dom/cjs/react-dom.development.js:25789:22)
      at flushActQueue (node_modules/react/cjs/react.development.js:2667:24)
      at act (node_modules/react/cjs/react.development.js:2582:11)
      at actWithWarning (node_modules/react-dom/cjs/react-dom-test-utils.development.js:1740:10)
      at node_modules/@testing-library/react/dist/act-compat.js:63:25
      at renderRoot (node_modules/@testing-library/react/dist/pure.js:159:26)
      at render (node_modules/@testing-library/react/dist/pure.js:246:10)
      at renderWithRouter (src/components/__tests__/PostmanView.test.tsx:9:18)
      at Object.<anonymous> (src/components/__tests__/PostmanView.test.tsx:40:5)

FAIL src/components/__tests__/RepositorySync.test.tsx
  ● RepositorySync › renders sync title with emoji

    useSyncContext must be used within a SyncProvider

      20 |   const context = useContext(SyncContext);
      21 |   if (!context) {
    > 22 |     throw new Error('useSyncContext must be used within a SyncProvider');
         |           ^
      23 |   }
      24 |   return context;
      25 | };

      at useSyncContext (src/contexts/SyncContext.tsx:22:11)
      at RepositorySync (src/components/RepositorySync.tsx:26:46)
      at renderWithHooks (node_modules/react-dom/cjs/react-dom.development.js:15486:18)
      at mountIndeterminateComponent (node_modules/react-dom/cjs/react-dom.development.js:20103:13)
      at beginWork (node_modules/react-dom/cjs/react-dom.development.js:21626:16)
      at beginWork$1 (node_modules/react-dom/cjs/react-dom.development.js:27465:14)
      at performUnitOfWork (node_modules/react-dom/cjs/react-dom.development.js:26599:12)
      at workLoopSync (node_modules/react-dom/cjs/react-dom.development.js:26505:5)
      at renderRootSync (node_modules/react-dom/cjs/react-dom.development.js:26473:7)
      at recoverFromConcurrentError (node_modules/react-dom/cjs/react-dom.development.js:25889:20)
      at performConcurrentWorkOnRoot (node_modules/react-dom/cjs/react-dom.development.js:25789:22)
      at flushActQueue (node_modules/react/cjs/react.development.js:2667:24)
      at act (node_modules/react/cjs/react.development.js:2582:11)
      at actWithWarning (node_modules/react-dom/cjs/react-dom-test-utils.development.js:1740:10)
      at node_modules/@testing-library/react/dist/act-compat.js:63:25
      at renderRoot (node_modules/@testing-library/react/dist/pure.js:159:26)
      at render (node_modules/@testing-library/react/dist/pure.js:246:10)
      at Object.<anonymous> (src/components/__tests__/RepositorySync.test.tsx:8:11)

  ● RepositorySync › renders sync status message

    useSyncContext must be used within a SyncProvider

      20 |   const context = useContext(SyncContext);
      21 |   if (!context) {
    > 22 |     throw new Error('useSyncContext must be used within a SyncProvider');
         |           ^
      23 |   }
      24 |   return context;
      25 | };

      at useSyncContext (src/contexts/SyncContext.tsx:22:11)
      at RepositorySync (src/components/RepositorySync.tsx:26:46)
      at renderWithHooks (node_modules/react-dom/cjs/react-dom.development.js:15486:18)
      at mountIndeterminateComponent (node_modules/react-dom/cjs/react-dom.development.js:20103:13)
      at beginWork (node_modules/react-dom/cjs/react-dom.development.js:21626:16)
      at beginWork$1 (node_modules/react-dom/cjs/react-dom.development.js:27465:14)
      at performUnitOfWork (node_modules/react-dom/cjs/react-dom.development.js:26599:12)
      at workLoopSync (node_modules/react-dom/cjs/react-dom.development.js:26505:5)
      at renderRootSync (node_modules/react-dom/cjs/react-dom.development.js:26473:7)
      at recoverFromConcurrentError (node_modules/react-dom/cjs/react-dom.development.js:25889:20)
      at performConcurrentWorkOnRoot (node_modules/react-dom/cjs/react-dom.development.js:25789:22)
      at flushActQueue (node_modules/react/cjs/react.development.js:2667:24)
      at act (node_modules/react/cjs/react.development.js:2582:11)
      at actWithWarning (node_modules/react-dom/cjs/react-dom-test-utils.development.js:1740:10)
      at node_modules/@testing-library/react/dist/act-compat.js:63:25
      at renderRoot (node_modules/@testing-library/react/dist/pure.js:159:26)
      at render (node_modules/@testing-library/react/dist/pure.js:246:10)
      at Object.<anonymous> (src/components/__tests__/RepositorySync.test.tsx:13:11)

  ● RepositorySync › has correct text color styling

    useSyncContext must be used within a SyncProvider

      20 |   const context = useContext(SyncContext);
      21 |   if (!context) {
    > 22 |     throw new Error('useSyncContext must be used within a SyncProvider');
         |           ^
      23 |   }
      24 |   return context;
      25 | };

      at useSyncContext (src/contexts/SyncContext.tsx:22:11)
      at RepositorySync (src/components/RepositorySync.tsx:26:46)
      at renderWithHooks (node_modules/react-dom/cjs/react-dom.development.js:15486:18)
      at mountIndeterminateComponent (node_modules/react-dom/cjs/react-dom.development.js:20103:13)
      at beginWork (node_modules/react-dom/cjs/react-dom.development.js:21626:16)
      at beginWork$1 (node_modules/react-dom/cjs/react-dom.development.js:27465:14)
      at performUnitOfWork (node_modules/react-dom/cjs/react-dom.development.js:26599:12)
      at workLoopSync (node_modules/react-dom/cjs/react-dom.development.js:26505:5)
      at renderRootSync (node_modules/react-dom/cjs/react-dom.development.js:26473:7)
      at recoverFromConcurrentError (node_modules/react-dom/cjs/react-dom.development.js:25889:20)
      at performConcurrentWorkOnRoot (node_modules/react-dom/cjs/react-dom.development.js:25789:22)
      at flushActQueue (node_modules/react/cjs/react.development.js:2667:24)
      at act (node_modules/react/cjs/react.development.js:2582:11)
      at actWithWarning (node_modules/react-dom/cjs/react-dom-test-utils.development.js:1740:10)
      at node_modules/@testing-library/react/dist/act-compat.js:63:25
      at renderRoot (node_modules/@testing-library/react/dist/pure.js:159:26)
      at render (node_modules/@testing-library/react/dist/pure.js:246:10)
      at Object.<anonymous> (src/components/__tests__/RepositorySync.test.tsx:18:11)

  ● RepositorySync › renders correct heading level

    useSyncContext must be used within a SyncProvider

      20 |   const context = useContext(SyncContext);
      21 |   if (!context) {
    > 22 |     throw new Error('useSyncContext must be used within a SyncProvider');
         |           ^
      23 |   }
      24 |   return context;
      25 | };

      at useSyncContext (src/contexts/SyncContext.tsx:22:11)
      at RepositorySync (src/components/RepositorySync.tsx:26:46)
      at renderWithHooks (node_modules/react-dom/cjs/react-dom.development.js:15486:18)
      at mountIndeterminateComponent (node_modules/react-dom/cjs/react-dom.development.js:20103:13)
      at beginWork (node_modules/react-dom/cjs/react-dom.development.js:21626:16)
      at beginWork$1 (node_modules/react-dom/cjs/react-dom.development.js:27465:14)
      at performUnitOfWork (node_modules/react-dom/cjs/react-dom.development.js:26599:12)
      at workLoopSync (node_modules/react-dom/cjs/react-dom.development.js:26505:5)
      at renderRootSync (node_modules/react-dom/cjs/react-dom.development.js:26473:7)
      at recoverFromConcurrentError (node_modules/react-dom/cjs/react-dom.development.js:25889:20)
      at performConcurrentWorkOnRoot (node_modules/react-dom/cjs/react-dom.development.js:25789:22)
      at flushActQueue (node_modules/react/cjs/react.development.js:2667:24)
      at act (node_modules/react/cjs/react.development.js:2582:11)
      at actWithWarning (node_modules/react-dom/cjs/react-dom-test-utils.development.js:1740:10)
      at node_modules/@testing-library/react/dist/act-compat.js:63:25
      at renderRoot (node_modules/@testing-library/react/dist/pure.js:159:26)
      at render (node_modules/@testing-library/react/dist/pure.js:246:10)
      at Object.<anonymous> (src/components/__tests__/RepositorySync.test.tsx:24:11)

FAIL src/services/__tests__/performanceMonitoring.test.ts
  ● PerformanceMonitoringService › Rating functions › should rate LCP correctly

    TypeError: undefined is not iterable (cannot read property Symbol(Symbol.iterator))

      165 |   private initializeNavigationTiming() {
      166 |     if ('performance' in window && 'getEntriesByType' in performance) {
    > 167 |       const [navigationEntry] = performance.getEntriesByType('navigation') as PerformanceNavigationTiming[];
          |                                 ^
      168 |       if (navigationEntry) {
      169 |         this.metrics.navigationTiming = navigationEntry;
      170 |         

      at PerformanceMonitoringService.initializeNavigationTiming (src/services/performanceMonitoring.ts:167:33)
      at PerformanceMonitoringService.initializeMonitoring (src/services/performanceMonitoring.ts:60:10)
      at new PerformanceMonitoringService (src/services/performanceMonitoring.ts:50:10)
      at Object.<anonymous> (src/services/__tests__/performanceMonitoring.test.ts:202:17)

  ● PerformanceMonitoringService › Rating functions › should rate FID correctly

    TypeError: undefined is not iterable (cannot read property Symbol(Symbol.iterator))

      165 |   private initializeNavigationTiming() {
      166 |     if ('performance' in window && 'getEntriesByType' in performance) {
    > 167 |       const [navigationEntry] = performance.getEntriesByType('navigation') as PerformanceNavigationTiming[];
          |                                 ^
      168 |       if (navigationEntry) {
      169 |         this.metrics.navigationTiming = navigationEntry;
      170 |         

      at PerformanceMonitoringService.initializeNavigationTiming (src/services/performanceMonitoring.ts:167:33)
      at PerformanceMonitoringService.initializeMonitoring (src/services/performanceMonitoring.ts:60:10)
      at new PerformanceMonitoringService (src/services/performanceMonitoring.ts:50:10)
      at Object.<anonymous> (src/services/__tests__/performanceMonitoring.test.ts:202:17)

  ● PerformanceMonitoringService › Rating functions › should rate CLS correctly

    TypeError: undefined is not iterable (cannot read property Symbol(Symbol.iterator))

      165 |   private initializeNavigationTiming() {
      166 |     if ('performance' in window && 'getEntriesByType' in performance) {
    > 167 |       const [navigationEntry] = performance.getEntriesByType('navigation') as PerformanceNavigationTiming[];
          |                                 ^
      168 |       if (navigationEntry) {
      169 |         this.metrics.navigationTiming = navigationEntry;
      170 |         

      at PerformanceMonitoringService.initializeNavigationTiming (src/services/performanceMonitoring.ts:167:33)
      at PerformanceMonitoringService.initializeMonitoring (src/services/performanceMonitoring.ts:60:10)
      at new PerformanceMonitoringService (src/services/performanceMonitoring.ts:50:10)
      at Object.<anonymous> (src/services/__tests__/performanceMonitoring.test.ts:202:17)

  ● PerformanceMonitoringService › Custom metrics › should track custom metrics

    TypeError: undefined is not iterable (cannot read property Symbol(Symbol.iterator))

      165 |   private initializeNavigationTiming() {
      166 |     if ('performance' in window && 'getEntriesByType' in performance) {
    > 167 |       const [navigationEntry] = performance.getEntriesByType('navigation') as PerformanceNavigationTiming[];
          |                                 ^
      168 |       if (navigationEntry) {
      169 |         this.metrics.navigationTiming = navigationEntry;
      170 |         

      at PerformanceMonitoringService.initializeNavigationTiming (src/services/performanceMonitoring.ts:167:33)
      at PerformanceMonitoringService.initializeMonitoring (src/services/performanceMonitoring.ts:60:10)
      at new PerformanceMonitoringService (src/services/performanceMonitoring.ts:50:10)
      at Object.<anonymous> (src/services/__tests__/performanceMonitoring.test.ts:281:17)

  ● PerformanceMonitoringService › Custom metrics › should rate custom metrics correctly

    TypeError: undefined is not iterable (cannot read property Symbol(Symbol.iterator))

      165 |   private initializeNavigationTiming() {
      166 |     if ('performance' in window && 'getEntriesByType' in performance) {
    > 167 |       const [navigationEntry] = performance.getEntriesByType('navigation') as PerformanceNavigationTiming[];
          |                                 ^
      168 |       if (navigationEntry) {
      169 |         this.metrics.navigationTiming = navigationEntry;
      170 |         

      at PerformanceMonitoringService.initializeNavigationTiming (src/services/performanceMonitoring.ts:167:33)
      at PerformanceMonitoringService.initializeMonitoring (src/services/performanceMonitoring.ts:60:10)
      at new PerformanceMonitoringService (src/services/performanceMonitoring.ts:50:10)
      at Object.<anonymous> (src/services/__tests__/performanceMonitoring.test.ts:281:17)

  ● PerformanceMonitoringService › Custom metrics › should use startMeasure helper

    TypeError: undefined is not iterable (cannot read property Symbol(Symbol.iterator))

      165 |   private initializeNavigationTiming() {
      166 |     if ('performance' in window && 'getEntriesByType' in performance) {
    > 167 |       const [navigationEntry] = performance.getEntriesByType('navigation') as PerformanceNavigationTiming[];
          |                                 ^
      168 |       if (navigationEntry) {
      169 |         this.metrics.navigationTiming = navigationEntry;
      170 |         

      at PerformanceMonitoringService.initializeNavigationTiming (src/services/performanceMonitoring.ts:167:33)
      at PerformanceMonitoringService.initializeMonitoring (src/services/performanceMonitoring.ts:60:10)
      at new PerformanceMonitoringService (src/services/performanceMonitoring.ts:50:10)
      at Object.<anonymous> (src/services/__tests__/performanceMonitoring.test.ts:281:17)

  ● PerformanceMonitoringService › Listeners and subscriptions › should notify listeners when metrics change

    TypeError: undefined is not iterable (cannot read property Symbol(Symbol.iterator))

      165 |   private initializeNavigationTiming() {
      166 |     if ('performance' in window && 'getEntriesByType' in performance) {
    > 167 |       const [navigationEntry] = performance.getEntriesByType('navigation') as PerformanceNavigationTiming[];
          |                                 ^
      168 |       if (navigationEntry) {
      169 |         this.metrics.navigationTiming = navigationEntry;
      170 |         

      at PerformanceMonitoringService.initializeNavigationTiming (src/services/performanceMonitoring.ts:167:33)
      at PerformanceMonitoringService.initializeMonitoring (src/services/performanceMonitoring.ts:60:10)
      at new PerformanceMonitoringService (src/services/performanceMonitoring.ts:50:10)
      at Object.<anonymous> (src/services/__tests__/performanceMonitoring.test.ts:329:17)

  ● PerformanceMonitoringService › Listeners and subscriptions › should handle unsubscribe correctly

    TypeError: undefined is not iterable (cannot read property Symbol(Symbol.iterator))

      165 |   private initializeNavigationTiming() {
      166 |     if ('performance' in window && 'getEntriesByType' in performance) {
    > 167 |       const [navigationEntry] = performance.getEntriesByType('navigation') as PerformanceNavigationTiming[];
          |                                 ^
      168 |       if (navigationEntry) {
      169 |         this.metrics.navigationTiming = navigationEntry;
      170 |         

      at PerformanceMonitoringService.initializeNavigationTiming (src/services/performanceMonitoring.ts:167:33)
      at PerformanceMonitoringService.initializeMonitoring (src/services/performanceMonitoring.ts:60:10)
      at new PerformanceMonitoringService (src/services/performanceMonitoring.ts:50:10)
      at Object.<anonymous> (src/services/__tests__/performanceMonitoring.test.ts:329:17)

  ● PerformanceMonitoringService › Listeners and subscriptions › should handle multiple listeners

    TypeError: undefined is not iterable (cannot read property Symbol(Symbol.iterator))

      165 |   private initializeNavigationTiming() {
      166 |     if ('performance' in window && 'getEntriesByType' in performance) {
    > 167 |       const [navigationEntry] = performance.getEntriesByType('navigation') as PerformanceNavigationTiming[];
          |                                 ^
      168 |       if (navigationEntry) {
      169 |         this.metrics.navigationTiming = navigationEntry;
      170 |         

      at PerformanceMonitoringService.initializeNavigationTiming (src/services/performanceMonitoring.ts:167:33)
      at PerformanceMonitoringService.initializeMonitoring (src/services/performanceMonitoring.ts:60:10)
      at new PerformanceMonitoringService (src/services/performanceMonitoring.ts:50:10)
      at Object.<anonymous> (src/services/__tests__/performanceMonitoring.test.ts:329:17)

  ● PerformanceMonitoringService › Performance summary › should calculate performance summary

    TypeError: undefined is not iterable (cannot read property Symbol(Symbol.iterator))

      165 |   private initializeNavigationTiming() {
      166 |     if ('performance' in window && 'getEntriesByType' in performance) {
    > 167 |       const [navigationEntry] = performance.getEntriesByType('navigation') as PerformanceNavigationTiming[];
          |                                 ^
      168 |       if (navigationEntry) {
      169 |         this.metrics.navigationTiming = navigationEntry;
      170 |         

      at PerformanceMonitoringService.initializeNavigationTiming (src/services/performanceMonitoring.ts:167:33)
      at PerformanceMonitoringService.initializeMonitoring (src/services/performanceMonitoring.ts:60:10)
      at new PerformanceMonitoringService (src/services/performanceMonitoring.ts:50:10)
      at Object.<anonymous> (src/services/__tests__/performanceMonitoring.test.ts:384:17)

  ● PerformanceMonitoringService › Performance summary › should calculate overall score correctly

    TypeError: undefined is not iterable (cannot read property Symbol(Symbol.iterator))

      165 |   private initializeNavigationTiming() {
      166 |     if ('performance' in window && 'getEntriesByType' in performance) {
    > 167 |       const [navigationEntry] = performance.getEntriesByType('navigation') as PerformanceNavigationTiming[];
          |                                 ^
      168 |       if (navigationEntry) {
      169 |         this.metrics.navigationTiming = navigationEntry;
      170 |         

      at PerformanceMonitoringService.initializeNavigationTiming (src/services/performanceMonitoring.ts:167:33)
      at PerformanceMonitoringService.initializeMonitoring (src/services/performanceMonitoring.ts:60:10)
      at new PerformanceMonitoringService (src/services/performanceMonitoring.ts:50:10)
      at Object.<anonymous> (src/services/__tests__/performanceMonitoring.test.ts:384:17)

  ● PerformanceMonitoringService › Performance summary › should handle empty metrics in summary

    TypeError: undefined is not iterable (cannot read property Symbol(Symbol.iterator))

      165 |   private initializeNavigationTiming() {
      166 |     if ('performance' in window && 'getEntriesByType' in performance) {
    > 167 |       const [navigationEntry] = performance.getEntriesByType('navigation') as PerformanceNavigationTiming[];
          |                                 ^
      168 |       if (navigationEntry) {
      169 |         this.metrics.navigationTiming = navigationEntry;
      170 |         

      at PerformanceMonitoringService.initializeNavigationTiming (src/services/performanceMonitoring.ts:167:33)
      at PerformanceMonitoringService.initializeMonitoring (src/services/performanceMonitoring.ts:60:10)
      at new PerformanceMonitoringService (src/services/performanceMonitoring.ts:50:10)
      at Object.<anonymous> (src/services/__tests__/performanceMonitoring.test.ts:384:17)

  ● PerformanceMonitoringService › Resource timing › should track resource timing

    TypeError: undefined is not iterable (cannot read property Symbol(Symbol.iterator))

      165 |   private initializeNavigationTiming() {
      166 |     if ('performance' in window && 'getEntriesByType' in performance) {
    > 167 |       const [navigationEntry] = performance.getEntriesByType('navigation') as PerformanceNavigationTiming[];
          |                                 ^
      168 |       if (navigationEntry) {
      169 |         this.metrics.navigationTiming = navigationEntry;
      170 |         

      at PerformanceMonitoringService.initializeNavigationTiming (src/services/performanceMonitoring.ts:167:33)
      at PerformanceMonitoringService.initializeMonitoring (src/services/performanceMonitoring.ts:60:10)
      at new PerformanceMonitoringService (src/services/performanceMonitoring.ts:50:10)
      at Object.<anonymous> (src/services/__tests__/performanceMonitoring.test.ts:443:17)

  ● PerformanceMonitoringService › Error handling › should handle PerformanceObserver not supported

    expect(received).not.toThrow()

    Error name:    "TypeError"
    Error message: "undefined is not iterable (cannot read property Symbol(Symbol.iterator))"

          165 |   private initializeNavigationTiming() {
          166 |     if ('performance' in window && 'getEntriesByType' in performance) {
        > 167 |       const [navigationEntry] = performance.getEntriesByType('navigation') as PerformanceNavigationTiming[];
              |                                 ^
          168 |       if (navigationEntry) {
          169 |         this.metrics.navigationTiming = navigationEntry;
          170 |

      at PerformanceMonitoringService.initializeNavigationTiming (src/services/performanceMonitoring.ts:167:33)
      at PerformanceMonitoringService.initializeMonitoring (src/services/performanceMonitoring.ts:60:10)
      at new PerformanceMonitoringService (src/services/performanceMonitoring.ts:50:10)
      at src/services/__tests__/performanceMonitoring.test.ts:471:19
      at Object.<anonymous> (node_modules/expect/build/toThrowMatchers.js:83:11)
      at Object.toThrow (node_modules/expect/build/index.js:382:21)
      at Object.<anonymous> (src/services/__tests__/performanceMonitoring.test.ts:472:14)
      at Object.<anonymous> (src/services/__tests__/performanceMonitoring.test.ts:472:14)

  ● PerformanceMonitoringService › Error handling › should handle observation errors gracefully

    TypeError: undefined is not iterable (cannot read property Symbol(Symbol.iterator))

      165 |   private initializeNavigationTiming() {
      166 |     if ('performance' in window && 'getEntriesByType' in performance) {
    > 167 |       const [navigationEntry] = performance.getEntriesByType('navigation') as PerformanceNavigationTiming[];
          |                                 ^
      168 |       if (navigationEntry) {
      169 |         this.metrics.navigationTiming = navigationEntry;
      170 |         

      at PerformanceMonitoringService.initializeNavigationTiming (src/services/performanceMonitoring.ts:167:33)
      at PerformanceMonitoringService.initializeMonitoring (src/services/performanceMonitoring.ts:60:10)
      at new PerformanceMonitoringService (src/services/performanceMonitoring.ts:50:10)
      at Object.<anonymous> (src/services/__tests__/performanceMonitoring.test.ts:494:17)

  ● PerformanceMonitoringService › Cleanup › should disconnect all observers on destroy

    TypeError: undefined is not iterable (cannot read property Symbol(Symbol.iterator))

      165 |   private initializeNavigationTiming() {
      166 |     if ('performance' in window && 'getEntriesByType' in performance) {
    > 167 |       const [navigationEntry] = performance.getEntriesByType('navigation') as PerformanceNavigationTiming[];
          |                                 ^
      168 |       if (navigationEntry) {
      169 |         this.metrics.navigationTiming = navigationEntry;
      170 |         

      at PerformanceMonitoringService.initializeNavigationTiming (src/services/performanceMonitoring.ts:167:33)
      at PerformanceMonitoringService.initializeMonitoring (src/services/performanceMonitoring.ts:60:10)
      at new PerformanceMonitoringService (src/services/performanceMonitoring.ts:50:10)
      at Object.<anonymous> (src/services/__tests__/performanceMonitoring.test.ts:504:17)

  ● PerformanceMonitoringService › Cleanup › should clear all listeners on destroy

    TypeError: undefined is not iterable (cannot read property Symbol(Symbol.iterator))

      165 |   private initializeNavigationTiming() {
      166 |     if ('performance' in window && 'getEntriesByType' in performance) {
    > 167 |       const [navigationEntry] = performance.getEntriesByType('navigation') as PerformanceNavigationTiming[];
          |                                 ^
      168 |       if (navigationEntry) {
      169 |         this.metrics.navigationTiming = navigationEntry;
      170 |         

      at PerformanceMonitoringService.initializeNavigationTiming (src/services/performanceMonitoring.ts:167:33)
      at PerformanceMonitoringService.initializeMonitoring (src/services/performanceMonitoring.ts:60:10)
      at new PerformanceMonitoringService (src/services/performanceMonitoring.ts:50:10)
      at Object.<anonymous> (src/services/__tests__/performanceMonitoring.test.ts:514:17)

FAIL src/components/__tests__/MermaidDiagram.test.tsx
  ● MermaidDiagram › renders loading state initially

    createRoot(...): Target container is not a DOM element.

      56 |
      57 |   it('renders loading state initially', () => {
    > 58 |     render(<MermaidDiagram content="graph TD; A-->B;" />);
         |           ^
      59 |     expect(screen.getByText('Loading Mermaid...')).toBeInTheDocument();
      60 |   });
      61 |

      at createRoot (node_modules/react-dom/cjs/react-dom.development.js:29384:11)
      at Object.createRoot$1 [as createRoot] (node_modules/react-dom/cjs/react-dom.development.js:29855:10)
      at Object.<anonymous>.exports.createRoot (node_modules/react-dom/client.js:12:16)
      at createConcurrentRoot (node_modules/@testing-library/react/dist/pure.js:109:27)
      at render (node_modules/@testing-library/react/dist/pure.js:221:12)
      at Object.<anonymous> (src/components/__tests__/MermaidDiagram.test.tsx:58:11)

  ● MermaidDiagram › renders diagram successfully

    createRoot(...): Target container is not a DOM element.

      61 |
      62 |   it('renders diagram successfully', async () => {
    > 63 |     render(<MermaidDiagram content="graph TD; A-->B;" />);
         |           ^
      64 |     
      65 |     await waitFor(() => {
      66 |       expect(document.documentElement).toHaveTextContent(''); // Verify component rendered

      at createRoot (node_modules/react-dom/cjs/react-dom.development.js:29384:11)
      at Object.createRoot$1 [as createRoot] (node_modules/react-dom/cjs/react-dom.development.js:29855:10)
      at Object.<anonymous>.exports.createRoot (node_modules/react-dom/client.js:12:16)
      at createConcurrentRoot (node_modules/@testing-library/react/dist/pure.js:109:27)
      at render (node_modules/@testing-library/react/dist/pure.js:221:12)
      at Object.<anonymous> (src/components/__tests__/MermaidDiagram.test.tsx:63:11)

  ● MermaidDiagram › displays error for invalid syntax

    createRoot(...): Target container is not a DOM element.

      73 |     mockMermaidAPI.parse.mockResolvedValue(false);
      74 |     
    > 75 |     render(<MermaidDiagram content="invalid mermaid syntax" />);
         |           ^
      76 |     
      77 |     await waitFor(() => {
      78 |       expect(screen.getByText('Failed to render Mermaid diagram')).toBeInTheDocument();

      at createRoot (node_modules/react-dom/cjs/react-dom.development.js:29384:11)
      at Object.createRoot$1 [as createRoot] (node_modules/react-dom/cjs/react-dom.development.js:29855:10)
      at Object.<anonymous>.exports.createRoot (node_modules/react-dom/client.js:12:16)
      at createConcurrentRoot (node_modules/@testing-library/react/dist/pure.js:109:27)
      at render (node_modules/@testing-library/react/dist/pure.js:221:12)
      at Object.<anonymous> (src/components/__tests__/MermaidDiagram.test.tsx:75:11)

  ● MermaidDiagram › shows diagram source in error details

    createRoot(...): Target container is not a DOM element.

      84 |     mockMermaidAPI.parse.mockRejectedValue(new Error('Parse error'));
      85 |     
    > 86 |     render(<MermaidDiagram content="graph TD; A-->B;" />);
         |           ^
      87 |     
      88 |     await waitFor(() => {
      89 |       expect(screen.getByText('View diagram source')).toBeInTheDocument();

      at createRoot (node_modules/react-dom/cjs/react-dom.development.js:29384:11)
      at Object.createRoot$1 [as createRoot] (node_modules/react-dom/cjs/react-dom.development.js:29855:10)
      at Object.<anonymous>.exports.createRoot (node_modules/react-dom/client.js:12:16)
      at createConcurrentRoot (node_modules/@testing-library/react/dist/pure.js:109:27)
      at render (node_modules/@testing-library/react/dist/pure.js:221:12)
      at Object.<anonymous> (src/components/__tests__/MermaidDiagram.test.tsx:86:11)

  ● MermaidDiagram › renders with title

    createRoot(...): Target container is not a DOM element.

       95 |
       96 |   it('renders with title', async () => {
    >  97 |     render(
          |           ^
       98 |       <MermaidDiagram 
       99 |         content="graph TD; A-->B;" 
      100 |         title="Test Flow Chart"

      at createRoot (node_modules/react-dom/cjs/react-dom.development.js:29384:11)
      at Object.createRoot$1 [as createRoot] (node_modules/react-dom/cjs/react-dom.development.js:29855:10)
      at Object.<anonymous>.exports.createRoot (node_modules/react-dom/client.js:12:16)
      at createConcurrentRoot (node_modules/@testing-library/react/dist/pure.js:109:27)
      at render (node_modules/@testing-library/react/dist/pure.js:221:12)
      at Object.<anonymous> (src/components/__tests__/MermaidDiagram.test.tsx:97:11)

  ● MermaidDiagram › handles download functionality

    RangeError: Maximum call stack size exceeded

      126 |         return mockScript as any;
      127 |       }
    > 128 |       return document.createElement(tag);
          |       ^
      129 |     });
      130 |     
      131 |     render(

      at Document.<anonymous> (src/components/__tests__/MermaidDiagram.test.tsx:128:7)
      at Document.<anonymous> (src/components/__tests__/MermaidDiagram.test.tsx:128:23)
      at Document.<anonymous> (src/components/__tests__/MermaidDiagram.test.tsx:128:23)
      at Document.<anonymous> (src/components/__tests__/MermaidDiagram.test.tsx:128:23)
      at Document.<anonymous> (src/components/__tests__/MermaidDiagram.test.tsx:128:23)
      at Document.<anonymous> (src/components/__tests__/MermaidDiagram.test.tsx:128:23)
      at Document.<anonymous> (src/components/__tests__/MermaidDiagram.test.tsx:128:23)
      at Document.<anonymous> (src/components/__tests__/MermaidDiagram.test.tsx:128:23)
      at Document.<anonymous> (src/components/__tests__/MermaidDiagram.test.tsx:128:23)
      at Document.<anonymous> (src/components/__tests__/MermaidDiagram.test.tsx:128:23)
      at Document.<anonymous> (src/components/__tests__/MermaidDiagram.test.tsx:128:23)
      at Document.<anonymous> (src/components/__tests__/MermaidDiagram.test.tsx:128:23)
      at Document.<anonymous> (src/components/__tests__/MermaidDiagram.test.tsx:128:23)
      at Document.<anonymous> (src/components/__tests__/MermaidDiagram.test.tsx:128:23)
      at Document.<anonymous> (src/components/__tests__/MermaidDiagram.test.tsx:128:23)
      at Document.<anonymous> (src/components/__tests__/MermaidDiagram.test.tsx:128:23)
      at Document.<anonymous> (src/components/__tests__/MermaidDiagram.test.tsx:128:23)
      at Document.<anonymous> (src/components/__tests__/MermaidDiagram.test.tsx:128:23)
      at Document.<anonymous> (src/components/__tests__/MermaidDiagram.test.tsx:128:23)
      at Document.<anonymous> (src/components/__tests__/MermaidDiagram.test.tsx:128:23)
      at Document.<anonymous> (src/components/__tests__/MermaidDiagram.test.tsx:128:23)
      at Document.<anonymous> (src/components/__tests__/MermaidDiagram.test.tsx:128:23)
      at Document.<anonymous> (src/components/__tests__/MermaidDiagram.test.tsx:128:23)
      at Document.<anonymous> (src/components/__tests__/MermaidDiagram.test.tsx:128:23)
      at Document.<anonymous> (src/components/__tests__/MermaidDiagram.test.tsx:128:23)

  ● MermaidDiagram › applies custom theme

    TypeError: Cannot read properties of undefined (reading 'initialize')

      148 |
      149 |   it('applies custom theme', async () => {
    > 150 |     const initializeSpy = (window as any).mermaid.initialize;
          |                                                   ^
      151 |     
      152 |     render(
      153 |       <MermaidDiagram 

      at Object.<anonymous> (src/components/__tests__/MermaidDiagram.test.tsx:150:51)

  ● MermaidDiagram › calls onError callback when error occurs

    createRoot(...): Target container is not a DOM element.

      170 |     mockMermaidAPI.render.mockRejectedValue(mockError);
      171 |     
    > 172 |     render(
          |           ^
      173 |       <MermaidDiagram 
      174 |         content="graph TD; A-->B;"
      175 |         onError={onError}

      at createRoot (node_modules/react-dom/cjs/react-dom.development.js:29384:11)
      at Object.createRoot$1 [as createRoot] (node_modules/react-dom/cjs/react-dom.development.js:29855:10)
      at Object.<anonymous>.exports.createRoot (node_modules/react-dom/client.js:12:16)
      at createConcurrentRoot (node_modules/@testing-library/react/dist/pure.js:109:27)
      at render (node_modules/@testing-library/react/dist/pure.js:221:12)
      at Object.<anonymous> (src/components/__tests__/MermaidDiagram.test.tsx:172:11)

  ● MermaidDiagram › handles empty content gracefully

    createRoot(...): Target container is not a DOM element.

      185 |     mockMermaidAPI.parse.mockResolvedValue(false);
      186 |     
    > 187 |     render(<MermaidDiagram content="" />);
          |           ^
      188 |     
      189 |     await waitFor(() => {
      190 |       expect(screen.getByText('Failed to render Mermaid diagram')).toBeInTheDocument();

      at createRoot (node_modules/react-dom/cjs/react-dom.development.js:29384:11)
      at Object.createRoot$1 [as createRoot] (node_modules/react-dom/cjs/react-dom.development.js:29855:10)
      at Object.<anonymous>.exports.createRoot (node_modules/react-dom/client.js:12:16)
      at createConcurrentRoot (node_modules/@testing-library/react/dist/pure.js:109:27)
      at render (node_modules/@testing-library/react/dist/pure.js:221:12)
      at Object.<anonymous> (src/components/__tests__/MermaidDiagram.test.tsx:187:11)

  ● MermaidDiagram › re-renders when content changes

    createRoot(...): Target container is not a DOM element.

      193 |
      194 |   it('re-renders when content changes', async () => {
    > 195 |     const { rerender } = render(<MermaidDiagram content="graph TD; A-->B;" />);
          |                                ^
      196 |     
      197 |     await waitFor(() => {
      198 |       expect(mockMermaidAPI.render).toHaveBeenCalledWith(

      at createRoot (node_modules/react-dom/cjs/react-dom.development.js:29384:11)
      at Object.createRoot$1 [as createRoot] (node_modules/react-dom/cjs/react-dom.development.js:29855:10)
      at Object.<anonymous>.exports.createRoot (node_modules/react-dom/client.js:12:16)
      at createConcurrentRoot (node_modules/@testing-library/react/dist/pure.js:109:27)
      at render (node_modules/@testing-library/react/dist/pure.js:221:12)
      at Object.<anonymous> (src/components/__tests__/MermaidDiagram.test.tsx:195:32)

  ● MermaidDiagram › handles script loading error

    createRoot(...): Target container is not a DOM element.

      225 |     });
      226 |     
    > 227 |     render(
          |           ^
      228 |       <MermaidDiagram 
      229 |         content="graph TD; A-->B;"
      230 |         onError={onError}

      at createRoot (node_modules/react-dom/cjs/react-dom.development.js:29384:11)
      at Object.createRoot$1 [as createRoot] (node_modules/react-dom/cjs/react-dom.development.js:29855:10)
      at Object.<anonymous>.exports.createRoot (node_modules/react-dom/client.js:12:16)
      at createConcurrentRoot (node_modules/@testing-library/react/dist/pure.js:109:27)
      at render (node_modules/@testing-library/react/dist/pure.js:221:12)
      at Object.<anonymous> (src/components/__tests__/MermaidDiagram.test.tsx:227:11)

FAIL src/__tests__/documentApiIntegration.test.ts
  ● Console

    console.log
      
      Repository Documentation Summary:

      at Object.<anonymous> (src/__tests__/documentApiIntegration.test.ts:37:15)

    console.log
      
      Document Quality: 0/0 (NaN%) well-structured

      at Object.<anonymous> (src/__tests__/documentApiIntegration.test.ts:87:15)

    console.log
      
      Link Statistics:

      at Object.<anonymous> (src/__tests__/documentApiIntegration.test.ts:153:15)

    console.log
        Total Links: 0

      at Object.<anonymous> (src/__tests__/documentApiIntegration.test.ts:154:15)

    console.log
        Internal: 0

      at Object.<anonymous> (src/__tests__/documentApiIntegration.test.ts:155:15)

    console.log
        External: 0

      at Object.<anonymous> (src/__tests__/documentApiIntegration.test.ts:156:15)

    console.log
        Resolvable: 0

      at Object.<anonymous> (src/__tests__/documentApiIntegration.test.ts:157:15)

    console.log
        Broken: 0

      at Object.<anonymous> (src/__tests__/documentApiIntegration.test.ts:158:15)

    console.log
        Resolution Rate: 100.0%

      at Object.<anonymous> (src/__tests__/documentApiIntegration.test.ts:159:15)

    console.log
      
      API Repositories Found: 0/0

      at Object.<anonymous> (src/__tests__/documentApiIntegration.test.ts:174:15)

    console.log
      
      Formatting Statistics:

      at Object.<anonymous> (src/__tests__/documentApiIntegration.test.ts:249:15)

    console.log
        Files Checked: 0

      at Object.<anonymous> (src/__tests__/documentApiIntegration.test.ts:250:15)

    console.log
        Consistent Headings: 0

      at Object.<anonymous> (src/__tests__/documentApiIntegration.test.ts:251:15)

    console.log
        Proper Code Blocks: 0

      at Object.<anonymous> (src/__tests__/documentApiIntegration.test.ts:252:15)

    console.log
        Valid Tables: 0

      at Object.<anonymous> (src/__tests__/documentApiIntegration.test.ts:253:15)

    console.log
        Clean Formatting: 0 (0.0%)

      at Object.<anonymous> (src/__tests__/documentApiIntegration.test.ts:254:15)

  ● Document API Integration Tests › Markdown Content Quality › documents have proper structure for rendering

    expect(received).toBeGreaterThan(expected)

    Expected: > 90
    Received:   NaN

      92 |       }
      93 |
    > 94 |       expect(qualityPercentage).toBeGreaterThan(90);
         |                                 ^
      95 |     });
      96 |   });
      97 |

      at Object.<anonymous> (src/__tests__/documentApiIntegration.test.ts:94:33)

  ● Document API Integration Tests › Content Formatting › documents use consistent markdown formatting

    expect(received).toBeGreaterThan(expected)

    Expected: > 80
    Received:   0

      254 |       console.log(`  Clean Formatting: ${formattingStats.cleanFormatting} (${cleanPercentage.toFixed(1)}%)`);
      255 |
    > 256 |       expect(cleanPercentage).toBeGreaterThan(80);
          |                               ^
      257 |     });
      258 |   });
      259 | });

      at Object.<anonymous> (src/__tests__/documentApiIntegration.test.ts:256:31)

FAIL src/components/__tests__/EnhancedMarkdownViewer.mock.test.tsx
  ● EnhancedMarkdownViewer (Mock) › renders content

    expect(element).toHaveTextContent()

    Expected element to have text content:
      # Test Markdown

      This is a test.
    Received:
      # Test Markdown This is a test.

      28 |     
      29 |     expect(screen.getByTestId('enhanced-markdown-viewer')).toBeInTheDocument();
    > 30 |     expect(screen.getByTestId('markdown-content')).toHaveTextContent(content);
         |                                                    ^
      31 |   });
      32 |
      33 |   it('applies custom className', () => {

      at Object.<anonymous> (src/components/__tests__/EnhancedMarkdownViewer.mock.test.tsx:30:52)

  ● EnhancedMarkdownViewer (Mock) › renders with multiline content

    expect(element).toHaveTextContent()

    Expected element to have text content:
      # Heading 1
      ## Heading 2
      ### Heading 3

      This is a paragraph with **bold** and *italic* text.

      - List item 1
      - List item 2
      - List item 3
    Received:
      # Heading 1 ## Heading 2 ### Heading 3 This is a paragraph with **bold** and *italic* text. - List item 1 - List item 2 - List item 3

      59 |     render(<EnhancedMarkdownViewer content={content} />);
      60 |     
    > 61 |     expect(screen.getByTestId('markdown-content')).toHaveTextContent(content);
         |                                                    ^
      62 |   });
      63 |
      64 |   it('updates when content changes', () => {

      at Object.<anonymous> (src/components/__tests__/EnhancedMarkdownViewer.mock.test.tsx:61:52)

  ● EnhancedMarkdownViewer (Mock) › renders code blocks as plain text

    expect(element).toHaveTextContent()

    Expected element to have text content:
      ```javascript
      const hello = "world";
      ```
    Received:
      ```javascript const hello = "world"; ```

      83 |     render(<EnhancedMarkdownViewer content={content} />);
      84 |     
    > 85 |     expect(screen.getByTestId('markdown-content')).toHaveTextContent(content);
         |                                                    ^
      86 |   });
      87 |
      88 |   it('renders links as plain text', () => {

      at Object.<anonymous> (src/components/__tests__/EnhancedMarkdownViewer.mock.test.tsx:85:52)

  ● EnhancedMarkdownViewer (Mock) › renders tables as plain text

    expect(element).toHaveTextContent()

    Expected element to have text content:
      | Header 1 | Header 2 |
      |----------|----------|
      | Cell 1   | Cell 2   |
    Received:
      | Header 1 | Header 2 | |----------|----------| | Cell 1 | Cell 2 |

      107 |     render(<EnhancedMarkdownViewer content={content} />);
      108 |     
    > 109 |     expect(screen.getByTestId('markdown-content')).toHaveTextContent(content);
          |                                                    ^
      110 |   });
      111 | });

      at Object.<anonymous> (src/components/__tests__/EnhancedMarkdownViewer.mock.test.tsx:109:52)

FAIL src/components/__tests__/ExampleComponent.test.tsx
  ● ExampleComponent › loads API data when button is clicked

    TypeError: (0 , _testUtils.createMockApiDetectionResult) is not a function

      62 |
      63 |   it('loads API data when button is clicked', async () => {
    > 64 |     const mockApiData = createMockApiDetectionResult({
         |                                                     ^
      65 |       hasAnyApis: true,
      66 |       apis: {
      67 |         rest: [{ file: 'api.yaml' }],

      at Object.<anonymous> (src/components/__tests__/ExampleComponent.test.tsx:64:53)

  ● ExampleComponent › shows no APIs message when repository has no APIs

    TypeError: (0 , _testUtils.createMockApiDetectionResult) is not a function

      105 |
      106 |   it('shows no APIs message when repository has no APIs', async () => {
    > 107 |     const mockApiData = createMockApiDetectionResult({
          |                                                     ^
      108 |       hasAnyApis: false
      109 |     });
      110 |

      at Object.<anonymous> (src/components/__tests__/ExampleComponent.test.tsx:107:53)

FAIL src/__tests__/index.test.tsx
  ● index.tsx › renders App component in StrictMode

    expect(jest.fn()).toHaveBeenCalledWith(...expected)

    Expected: <UNDEFINED><default /></UNDEFINED>

    Number of calls: 0

      65 |     // Import index.tsx
      66 |     require('../index');
    > 67 |
         | ^
      68 |     expect(mockRoot.render).toHaveBeenCalledTimes(1);
      69 |   });
      70 |

      at Object.<anonymous> (src/__tests__/index.test.tsx:67:29)

  ● index.tsx › calls render exactly once

    expect(jest.fn()).toHaveBeenCalledTimes(expected)

    Expected number of calls: 1
    Received number of calls: 0

      80 |     }).toThrow();
      81 |   });
    > 82 | });
         |    ^

      at Object.<anonymous> (src/__tests__/index.test.tsx:82:29)

  ● index.tsx › handles missing root element gracefully

    NotFoundError: The node to be removed is not a child of this node.



PASS src/components/__tests__/Header.test.tsx
PASS src/components/styled/__tests__/Button.test.tsx
PASS src/components/styled/__tests__/Loading.test.tsx
PASS src/components/__tests__/RepositoryList.test.tsx
PASS src/components/__tests__/DynamicApiButtons.test.tsx
FAIL src/components/__tests__/AdvancedSearch.test.tsx (6.283 s)
  ● AdvancedSearch › performs search when typing

    TestingLibraryElementError: Found multiple elements with the text: test-repo

    Here are the matching elements:

    Ignored nodes: comments, script, style
    [36m<h3[39m
      [33mclass[39m=[32m"font-medium text-lg flex items-center gap-2"[39m
    [36m>[39m
      [0mtest-repo[0m
      [36m<span[39m
        [33mclass[39m=[32m"text-xs px-2 py-0.5 bg-gray-100 text-gray-600 rounded"[39m
      [36m>[39m
        [0mrepository[0m
      [36m</span>[39m
    [36m</h3>[39m

    Ignored nodes: comments, script, style
    [36m<span>[39m
      [0mtest-repo[0m
    [36m</span>[39m

    (If this is intentional, then use the `*AllBy*` variant of the query (like `queryAllByText`, `getAllByText`, or `findAllByText`)).

    Ignored nodes: comments, script, style
    [36m<body>[39m
      [36m<div>[39m
        [36m<div[39m
          [33mclass[39m=[32m"advanced-search "[39m
        [36m>[39m
          [36m<div[39m
            [33mclass[39m=[32m"relative"[39m
          [36m>[39m
            [36m<div[39m
              [33mclass[39m=[32m"flex items-center gap-2 mb-4"[39m
            [36m>[39m
              [36m<div[39m
                [33mclass[39m=[32m"relative flex-1"[39m
              [36m>[39m
                [36m<svg[39m
                  [33mclass[39m=[32m"absolute left-3 top-1/2 -translate-y-1/2 w-5 h-5 text-gray-400"[39m
                  [33mfill[39m=[32m"none"[39m
                  [33mheight[39m=[32m"24"[39m
                  [33mstroke[39m=[32m"currentColor"[39m
                  [33mstroke-linecap[39m=[32m"round"[39m
                  [33mstroke-linejoin[39m=[32m"round"[39m
                  [33mstroke-width[39m=[32m"2"[39m
                  [33mviewBox[39m=[32m"0 0 24 24"[39m
                  [33mwidth[39m=[32m"24"[39m
                  [33mxmlns[39m=[32m"http://www.w3.org/2000/svg"[39m
                [36m>[39m
                  [36m<circle[39m
                    [33mcx[39m=[32m"11"[39m
                    [33mcy[39m=[32m"11"[39m
                    [33mr[39m=[32m"8"[39m
                  [36m/>[39m
                  [36m<path[39m
                    [33md[39m=[32m"m21 21-4.3-4.3"[39m
                  [36m/>[39m
                [36m</svg>[39m
                [36m<input[39m
                  [33mclass[39m=[32m"w-full pl-10 pr-4 py-2 border rounded-lg focus:outline-none focus:ring-2 focus:ring-blue-500"[39m
                  [33mplaceholder[39m=[32m"Search repositories, documentation, APIs..."[39m
                  [33mtype[39m=[32m"text"[39m
                  [33mvalue[39m=[32m"test"[39m
                [36m/>[39m
                [36m<button[39m
                  [33mclass[39m=[32m"absolute right-3 top-1/2 -translate-y-1/2 text-gray-400 hover:text-gray-600"[39m
                [36m>[39m
                  [36m<svg[39m
                    [33mclass[39m=[32m"w-4 h-4"[39m
                    [33mfill[39m=[32m"none"[39m
                    [33mheight[39m=[32m"24"[39m
                    [33mstroke[39m=[32m"currentColor"[39m
                    [33mstroke-linecap[39m=[32m"round"[39m
                    [33mstroke-linejoin[39m=[32m"round"[39m
                    [33mstroke-width[39m=[32m"2"[39m
                    [33mviewBox[39m=[32m"0 0 24 24"[39m
                    [33mwidth[39m=[32m"24"[39m
                    [33mxmlns[39m=[32m"http://www.w3.org/2000/svg"[39m
                  [36m>[39m
                    [36m<path[39m
                      [33md[39m=[32m"M18 6 6 18"[39m
                    [36m/>[39m
                    [36m<path[39m
                      [33md[39m=[32m"m6 6 12 12"[39m
                    [36m/>[39m
                  [36m</svg>[39m
                [36m</button>[39m
              [36m</div>[39m
              [36m<button[39m
                [33mclass[39m=[32m"flex items-center gap-2 px-4 py-2 border rounded-lg hover:bg-gray-50 "[39m
              [36m>[39m
                [36m<svg[39m
                  [33mclass[39m=[32m"w-4 h-4"[39m
                  [33mfill[39m=[32m"none"[39m
                  [33mheight[39m=[32m"24"[39m
                  [33mstroke[39m=[32m"currentColor"[39m
                  [33mstroke-linecap[39m=[32m"round"[39m
                  [33mstroke-linejoin[39m=[32m"round"[39m
                  [33mstroke-width[39m=[32m"2"[39m
                  [33mviewBox[39m=[32m"0 0 24 24"[39m
                  [33mwidth[39m=[32m"24"[39m
                  [33mxmlns[39m=[32m"http://www.w3.org/2000/svg"[39m
                [36m>[39m
                  [36m<polygon[39m
                    [33mpoints[39m=[32m"22 3 2 3 10 12.46 10 19 14 21 14 12.46 22 3"[39m
                  [36m/>[39m
                [36m</svg>[39m
                [0mFilters[0m
              [36m</button>[39m
            [36m</div>[39m
            [36m<div[39m
              [33mclass[39m=[32m"flex gap-2 mb-4"[39m
            [36m>[39m
              [36m<button[39m
                [33mclass[39m=[32m"px-4 py-1 rounded-full text-sm capitalize bg-blue-500 text-white"[39m
              [36m>[39m
                [0mall[0m
              [36m</button>[39m
              [36m<button[39m
                [33mclass[39m=[32m"px-4 py-1 rounded-full text-sm capitalize bg-gray-100 text-gray-700 hover:bg-gray-200"[39m
              [36m>[39m
                [0mrepositories[0m
              [36m</button>[39m
              [36m<button[39m
                [33mclass[39m=[32m"px-4 py-1 rounded-full text-sm capitalize bg-gray-100 text-gray-700 hover:bg-gray-200"[39m
              [36m>[39m
                [0mdocumentation[0m
              [36m</button>[39m
              [36m<button[39m
                [33mclass[39m=[32m"px-4 py-1 rounded-full text-sm capitalize bg-gray-100 text-gray-700 hover:bg-gray-200"[39m
              [36m>[39m
                [0mapis[0m
              [36m</button>[39m
            [36m</div>[39m
          [36m</div>[39m
          [36m<div>[39m
            [36m<div[39m
              [33mclass[39m=[32m"flex items-center justify-between mb-4"[39m
            [36m>[39m
              [36m<p[39m
                [33mclass[39m=[32m"text-sm text-gray-600"[39m
              [36m>[39m
                [0mFound [0m
                [0m1[0m
                [0m results[0m
                [36m<span[39m
                  [33mclass[39m=[32m"text-gray-400"[39m
                [36m>[39m
                  [0m in [0m
                  [0m50[0m
                  [0mms[0m
                [36m</span>[39m
              [36m</p>[39m
            [36m</div>[39m
            [36m<div[39m
              [33mclass[39m=[32m"space-y-3"[39m
            [36m>[39m
              [36m<div[39m
                [33mclass[39m=[32m"p-4 bg-white border rounded-lg hover:shadow-md cursor-pointer transition-shadow"[39m
              [36m>[39m
                [36m<div[39m
                  [33mclass[39m=[32m"flex items-start gap-3"[39m
                [36m>[39m
                  [36m<div[39m
                    [33mclass[39m=[32m"text-gray-400 mt-1"[39m
                  [36m>[39m
                    [36m<svg[39m
                      [33mclass[39m=[32m"w-4 h-4"[39m
                      [33mfill[39m=[32m"none"[39m
                      [33mheight[39m=[32m"24"[39m
                      [33mstroke[39m=[32m"currentColor"[39m
                      [33mstroke-linecap[39m=[32m"round"[39m
                      [33mstroke-linejoin[39m=[32m"round"[39m
                      [33mstroke-width[39m=[32m"2"[39m
                      [33mviewBox[39m=[32m"0 0 24 24"[39m
                      [33mwidth[39m=[32m"24"[39m
                      [33mxmlns[39m=[32m"http://www.w3.org/2000/svg"[39m
                    [36m>[39m
                      [36m<path[39m
                        [33md[39m=[32m"M21 8a2 2 0 0 0-1-1.73l-7-4a2 2 0 0 0-2 0l-7 4A2 2 0 0 0 3 8v8a2 2 0 0 0 1 1.73l7 4a2 2 0 0 0 2 0l7-4A2 2 0 0 0 21 16Z"[39m
                      [36m/>[39m
                      [36m<path[39m
                        [33md[39m=[32m"m3.3 7 8.7 5 8.7-5"[39m
                      [36m/>[39m
                      [36m<path[39m
                        [33md[39m=[32m"M12 22V12"[39m
                      [36m/>[39m
                    [36m</svg>[39m
                  [36m</div>[39m
                  [36m<div[39m
                    [33mclass[39m=[32m"flex-1"[39m
                  [36m>[39m
                    [36m<h3[39m
                      [33mclass[39m=[32m"font-medium text-lg flex items-center gap-2"[39m
                    [36m>[39m
                      [0mtest-repo[0m
                      [36m<span[39m
                        [33mclass[39m=[32m"text-xs px-2 py-0.5 bg-gray-100 text-gray-600 rounded"[39m
                      [36m>[39m
                        [0mrepository[0m
                      [36m</span>[39m
                    [36m</h3>[39m
                    [36m<div[39m
                      [33mclass[39m=[32m"flex items-center gap-4 mt-2 text-xs text-gray-500"[39m
                    [36m>[39m
                      [36m<span>[39m
                        [0mtest-repo[0m
                      [36m</span>[39m
                    [36m</div>[39m
                  [36m</div>[39m
                [36m</div>[39m
              [36m</div>[39m
            [36m</div>[39m
          [36m</div>[39m
        [36m</div>[39m
      [36m</div>[39m
    [36m</body>[39m

      93 |     );
      94 |
    > 95 |     render(<AdvancedSearch />);
         |                           ^
      96 |     
      97 |     const input = screen.getByPlaceholderText('Search repositories, documentation, APIs...');
      98 |     await userEvent.type(input, 'test');

      at Object.getElementError (node_modules/@testing-library/react/node_modules/@testing-library/dom/dist/config.js:37:19)
      at getElementError (node_modules/@testing-library/react/node_modules/@testing-library/dom/dist/query-helpers.js:20:35)
      at getMultipleElementsFoundError (node_modules/@testing-library/react/node_modules/@testing-library/dom/dist/query-helpers.js:23:10)
      at node_modules/@testing-library/react/node_modules/@testing-library/dom/dist/query-helpers.js:55:13
      at node_modules/@testing-library/react/node_modules/@testing-library/dom/dist/query-helpers.js:95:19
      at Object.<anonymous> (src/components/__tests__/AdvancedSearch.test.tsx:95:27)

  ● AdvancedSearch › displays search suggestions

    Unable to find an element with the text: test-repo. This could be because the text is broken up by multiple elements. In this case, you can provide a function for your text matcher to make your matcher more flexible.

    Ignored nodes: comments, script, style
    [36m<body>[39m
      [36m<div>[39m
        [36m<div[39m
          [33mclass[39m=[32m"advanced-search "[39m
        [36m>[39m
          [36m<div[39m
            [33mclass[39m=[32m"relative"[39m
          [36m>[39m
            [36m<div[39m
              [33mclass[39m=[32m"flex items-center gap-2 mb-4"[39m
            [36m>[39m
              [36m<div[39m
                [33mclass[39m=[32m"relative flex-1"[39m
              [36m>[39m
                [36m<svg[39m
                  [33mclass[39m=[32m"absolute left-3 top-1/2 -translate-y-1/2 w-5 h-5 text-gray-400"[39m
                  [33mfill[39m=[32m"none"[39m
                  [33mheight[39m=[32m"24"[39m
                  [33mstroke[39m=[32m"currentColor"[39m
                  [33mstroke-linecap[39m=[32m"round"[39m
                  [33mstroke-linejoin[39m=[32m"round"[39m
                  [33mstroke-width[39m=[32m"2"[39m
                  [33mviewBox[39m=[32m"0 0 24 24"[39m
                  [33mwidth[39m=[32m"24"[39m
                  [33mxmlns[39m=[32m"http://www.w3.org/2000/svg"[39m
                [36m>[39m
                  [36m<circle[39m
                    [33mcx[39m=[32m"11"[39m
                    [33mcy[39m=[32m"11"[39m
                    [33mr[39m=[32m"8"[39m
                  [36m/>[39m
                  [36m<path[39m
                    [33md[39m=[32m"m21 21-4.3-4.3"[39m
                  [36m/>[39m
                [36m</svg>[39m
                [36m<input[39m
                  [33mclass[39m=[32m"w-full pl-10 pr-4 py-2 border rounded-lg focus:outline-none focus:ring-2 focus:ring-blue-500"[39m
                  [33mplaceholder[39m=[32m"Search repositories, documentation, APIs..."[39m
                  [33mtype[39m=[32m"text"[39m
                  [33mvalue[39m=[32m"te"[39m
                [36m/>[39m
                [36m<button[39m
                  [33mclass[39m=[32m"absolute right-3 top-1/2 -translate-y-1/2 text-gray-400 hover:text-gray-600"[39m
                [36m>[39m
                  [36m<svg[39m
                    [33mclass[39m=[32m"w-4 h-4"[39m
                    [33mfill[39m=[32m"none"[39m
                    [33mheight[39m=[32m"24"[39m
                    [33mstroke[39m=[32m"currentColor"[39m
                    [33mstroke-linecap[39m=[32m"round"[39m
                    [33mstroke-linejoin[39m=[32m"round"[39m
                    [33mstroke-width[39m=[32m"2"[39m
                    [33mviewBox[39m=[32m"0 0 24 24"[39m
                    [33mwidth[39m=[32m"24"[39m
                    [33mxmlns[39m=[32m"http://www.w3.org/2000/svg"[39m
                  [36m>[39m
                    [36m<path[39m
                      [33md[39m=[32m"M18 6 6 18"[39m
                    [36m/>[39m
                    [36m<path[39m
                      [33md[39m=[32m"m6 6 12 12"[39m
                    [36m/>[39m
                  [36m</svg>[39m
                [36m</button>[39m
              [36m</div>[39m
              [36m<button[39m
                [33mclass[39m=[32m"flex items-center gap-2 px-4 py-2 border rounded-lg hover:bg-gray-50 "[39m
              [36m>[39m
                [36m<svg[39m
                  [33mclass[39m=[32m"w-4 h-4"[39m
                  [33mfill[39m=[32m"none"[39m
                  [33mheight[39m=[32m"24"[39m
                  [33mstroke[39m=[32m"currentColor"[39m
                  [33mstroke-linecap[39m=[32m"round"[39m
                  [33mstroke-linejoin[39m=[32m"round"[39m
                  [33mstroke-width[39m=[32m"2"[39m
                  [33mviewBox[39m=[32m"0 0 24 24"[39m
                  [33mwidth[39m=[32m"24"[39m
                  [33mxmlns[39m=[32m"http://www.w3.org/2000/svg"[39m
                [36m>[39m
                  [36m<polygon[39m
                    [33mpoints[39m=[32m"22 3 2 3 10 12.46 10 19 14 21 14 12.46 22 3"[39m
                  [36m/>[39m
                [36m</svg>[39m
                [0mFilters[0m
              [36m</button>[39m
            [36m</div>[39m
            [36m<div[39m
              [33mclass[39m=[32m"flex gap-2 mb-4"[39m
            [36m>[39m
              [36m<button[39m
                [33mclass[39m=[32m"px-4 py-1 rounded-full text-sm capitalize bg-blue-500 text-white"[39m
              [36m>[39m
                [0mall[0m
              [36m</button>[39m
              [36m<button[39m
                [33mclass[39m=[32m"px-4 py-1 rounded-full text-sm capitalize bg-gray-100 text-gray-700 hover:bg-gray-200"[39m
              [36m>[39m
                [0mrepositories[0m
              [36m</button>[39m
              [36m<button[39m
                [33mclass[39m=[32m"px-4 py-1 rounded-full text-sm capitalize bg-gray-100 text-gray-700 hover:bg-gray-200"[39m
              [36m>[39m
                [0mdocumentation[0m
              [36m</button>[39m
              [36m<button[39m
                [33mclass[39m=[32m"px-4 py-1 rounded-full text-sm capitalize bg-gray-100 text-gray-700 hover:bg-gray-200"[39m
              [36m>[39m
                [0mapis[0m
              [36m</button>[39m
            [36m</div>[39m
          [36m</div>[39m
        [36m</div>[39m
      [36m</div>[39m
    [36m</body>[39m

      117 |   });
      118 |
    > 119 |   it('selects suggestion on click', async () => {
          |                               ^
      120 |     const suggestions = ['test-repo'];
      121 |     (searchService.getSuggestions as jest.Mock).mockResolvedValue(suggestions);
      122 |

      at waitForWrapper (node_modules/@testing-library/react/node_modules/@testing-library/dom/dist/wait-for.js:166:27)
      at Object.<anonymous> (src/components/__tests__/AdvancedSearch.test.tsx:119:31)

  ● AdvancedSearch › selects suggestion on click

    Unable to find an element with the text: test-repo. This could be because the text is broken up by multiple elements. In this case, you can provide a function for your text matcher to make your matcher more flexible.

    Ignored nodes: comments, script, style
    [36m<body>[39m
      [36m<div>[39m
        [36m<div[39m
          [33mclass[39m=[32m"advanced-search "[39m
        [36m>[39m
          [36m<div[39m
            [33mclass[39m=[32m"relative"[39m
          [36m>[39m
            [36m<div[39m
              [33mclass[39m=[32m"flex items-center gap-2 mb-4"[39m
            [36m>[39m
              [36m<div[39m
                [33mclass[39m=[32m"relative flex-1"[39m
              [36m>[39m
                [36m<svg[39m
                  [33mclass[39m=[32m"absolute left-3 top-1/2 -translate-y-1/2 w-5 h-5 text-gray-400"[39m
                  [33mfill[39m=[32m"none"[39m
                  [33mheight[39m=[32m"24"[39m
                  [33mstroke[39m=[32m"currentColor"[39m
                  [33mstroke-linecap[39m=[32m"round"[39m
                  [33mstroke-linejoin[39m=[32m"round"[39m
                  [33mstroke-width[39m=[32m"2"[39m
                  [33mviewBox[39m=[32m"0 0 24 24"[39m
                  [33mwidth[39m=[32m"24"[39m
                  [33mxmlns[39m=[32m"http://www.w3.org/2000/svg"[39m
                [36m>[39m
                  [36m<circle[39m
                    [33mcx[39m=[32m"11"[39m
                    [33mcy[39m=[32m"11"[39m
                    [33mr[39m=[32m"8"[39m
                  [36m/>[39m
                  [36m<path[39m
                    [33md[39m=[32m"m21 21-4.3-4.3"[39m
                  [36m/>[39m
                [36m</svg>[39m
                [36m<input[39m
                  [33mclass[39m=[32m"w-full pl-10 pr-4 py-2 border rounded-lg focus:outline-none focus:ring-2 focus:ring-blue-500"[39m
                  [33mplaceholder[39m=[32m"Search repositories, documentation, APIs..."[39m
                  [33mtype[39m=[32m"text"[39m
                  [33mvalue[39m=[32m"te"[39m
                [36m/>[39m
                [36m<button[39m
                  [33mclass[39m=[32m"absolute right-3 top-1/2 -translate-y-1/2 text-gray-400 hover:text-gray-600"[39m
                [36m>[39m
                  [36m<svg[39m
                    [33mclass[39m=[32m"w-4 h-4"[39m
                    [33mfill[39m=[32m"none"[39m
                    [33mheight[39m=[32m"24"[39m
                    [33mstroke[39m=[32m"currentColor"[39m
                    [33mstroke-linecap[39m=[32m"round"[39m
                    [33mstroke-linejoin[39m=[32m"round"[39m
                    [33mstroke-width[39m=[32m"2"[39m
                    [33mviewBox[39m=[32m"0 0 24 24"[39m
                    [33mwidth[39m=[32m"24"[39m
                    [33mxmlns[39m=[32m"http://www.w3.org/2000/svg"[39m
                  [36m>[39m
                    [36m<path[39m
                      [33md[39m=[32m"M18 6 6 18"[39m
                    [36m/>[39m
                    [36m<path[39m
                      [33md[39m=[32m"m6 6 12 12"[39m
                    [36m/>[39m
                  [36m</svg>[39m
                [36m</button>[39m
              [36m</div>[39m
              [36m<button[39m
                [33mclass[39m=[32m"flex items-center gap-2 px-4 py-2 border rounded-lg hover:bg-gray-50 "[39m
              [36m>[39m
                [36m<svg[39m
                  [33mclass[39m=[32m"w-4 h-4"[39m
                  [33mfill[39m=[32m"none"[39m
                  [33mheight[39m=[32m"24"[39m
                  [33mstroke[39m=[32m"currentColor"[39m
                  [33mstroke-linecap[39m=[32m"round"[39m
                  [33mstroke-linejoin[39m=[32m"round"[39m
                  [33mstroke-width[39m=[32m"2"[39m
                  [33mviewBox[39m=[32m"0 0 24 24"[39m
                  [33mwidth[39m=[32m"24"[39m
                  [33mxmlns[39m=[32m"http://www.w3.org/2000/svg"[39m
                [36m>[39m
                  [36m<polygon[39m
                    [33mpoints[39m=[32m"22 3 2 3 10 12.46 10 19 14 21 14 12.46 22 3"[39m
                  [36m/>[39m
                [36m</svg>[39m
                [0mFilters[0m
              [36m</button>[39m
            [36m</div>[39m
            [36m<div[39m
              [33mclass[39m=[32m"flex gap-2 mb-4"[39m
            [36m>[39m
              [36m<button[39m
                [33mclass[39m=[32m"px-4 py-1 rounded-full text-sm capitalize bg-blue-500 text-white"[39m
              [36m>[39m
                [0mall[0m
              [36m</button>[39m
              [36m<button[39m
                [33mclass[39m=[32m"px-4 py-1 rounded-full text-sm capitalize bg-gray-100 text-gray-700 hover:bg-gray-200"[39m
              [36m>[39m
                [0mrepositories[0m
              [36m</button>[39m
              [36m<button[39m
                [33mclass[39m=[32m"px-4 py-1 rounded-full text-sm capitalize bg-gray-100 text-gray-700 hover:bg-gray-200"[39m
              [36m>[39m
                [0mdocumentation[0m
              [36m</button>[39m
              [36m<button[39m
                [33mclass[39m=[32m"px-4 py-1 rounded-full text-sm capitalize bg-gray-100 text-gray-700 hover:bg-gray-200"[39m
              [36m>[39m
                [0mapis[0m
              [36m</button>[39m
            [36m</div>[39m
          [36m</div>[39m
        [36m</div>[39m
      [36m</div>[39m
    [36m</body>[39m

      133 |
      134 |     expect(input).toHaveValue('test-repo');
    > 135 |   });
          |      ^
      136 |
      137 |   it('toggles filters panel', () => {
      138 |     render(<AdvancedSearch />);

      at waitForWrapper (node_modules/@testing-library/react/node_modules/@testing-library/dom/dist/wait-for.js:166:27)
      at Object.<anonymous> (src/components/__tests__/AdvancedSearch.test.tsx:135:31)

  ● AdvancedSearch › applies filters to search

    expect(jest.fn()).toHaveBeenLastCalledWith(...expected)

    Expected: {"filters": {"languages": ["TypeScript"]}, "limit": 20, "query": "test", "scope": "all"}
    Received
           4: {"filters": {}, "limit": 20, "query": "test", "scope": "all"}
    ->     5
              Object {
                "filters": Object {
            -     "languages": Array [
            -       "TypeScript",
            -     ],
            +     "languages": "TypeScript",
                },
                "limit": 20,
                "query": "test",
                "scope": "all",
              },

    Number of calls: 5

    Ignored nodes: comments, script, style
    [36m<html>[39m
      [36m<head />[39m
      [36m<body>[39m
        [36m<div>[39m
          [36m<div[39m
            [33mclass[39m=[32m"advanced-search "[39m
          [36m>[39m
            [36m<div[39m
              [33mclass[39m=[32m"relative"[39m
            [36m>[39m
              [36m<div[39m
                [33mclass[39m=[32m"flex items-center gap-2 mb-4"[39m
              [36m>[39m
                [36m<div[39m
                  [33mclass[39m=[32m"relative flex-1"[39m
                [36m>[39m
                  [36m<svg[39m
                    [33mclass[39m=[32m"absolute left-3 top-1/2 -translate-y-1/2 w-5 h-5 text-gray-400"[39m
                    [33mfill[39m=[32m"none"[39m
                    [33mheight[39m=[32m"24"[39m
                    [33mstroke[39m=[32m"currentColor"[39m
                    [33mstroke-linecap[39m=[32m"round"[39m
                    [33mstroke-linejoin[39m=[32m"round"[39m
                    [33mstroke-width[39m=[32m"2"[39m
                    [33mviewBox[39m=[32m"0 0 24 24"[39m
                    [33mwidth[39m=[32m"24"[39m
                    [33mxmlns[39m=[32m"http://www.w3.org/2000/svg"[39m
                  [36m>[39m
                    [36m<circle[39m
                      [33mcx[39m=[32m"11"[39m
                      [33mcy[39m=[32m"11"[39m
                      [33mr[39m=[32m"8"[39m
                    [36m/>[39m
                    [36m<path[39m
                      [33md[39m=[32m"m21 21-4.3-4.3"[39m
                    [36m/>[39m
                  [36m</svg>[39m
                  [36m<input[39m
                    [33mclass[39m=[32m"w-full pl-10 pr-4 py-2 border rounded-lg focus:outline-none focus:ring-2 focus:ring-blue-500"[39m
                    [33mplaceholder[39m=[32m"Search repositories, documentation, APIs..."[39m
                    [33mtype[39m=[32m"text"[39m
                    [33mvalue[39m=[32m"test"[39m
                  [36m/>[39m
                  [36m<button[39m
                    [33mclass[39m=[32m"absolute right-3 top-1/2 -translate-y-1/2 text-gray-400 hover:text-gray-600"[39m
                  [36m>[39m
                    [36m<svg[39m
                      [33mclass[39m=[32m"w-4 h-4"[39m
                      [33mfill[39m=[32m"none"[39m
                      [33mheight[39m=[32m"24"[39m
                      [33mstroke[39m=[32m"currentColor"[39m
                      [33mstroke-linecap[39m=[32m"round"[39m
                      [33mstroke-linejoin[39m=[32m"round"[39m
                      [33mstroke-width[39m=[32m"2"[39m
                      [33mviewBox[39m=[32m"0 0 24 24"[39m
                      [33mwidth[39m=[32m"24"[39m
                      [33mxmlns[39m=[32m"http://www.w3.org/2000/svg"[39m
                    [36m>[39m
                      [36m<path[39m
                        [33md[39m=[32m"M18 6 6 18"[39m
                      [36m/>[39m
                      [36m<path[39m
                        [33md[39m=[32m"m6 6 12 12"[39m
                      [36m/>[39m
                    [36m</svg>[39m
                  [36m</button>[39m
                [36m</div>[39m
                [36m<button[39m
                  [33mclass[39m=[32m"flex items-center gap-2 px-4 py-2 border rounded-lg hover:bg-gray-50 bg-gray-50"[39m
                [36m>[39m
                  [36m<svg[39m
                    [33mclass[39m=[32m"w-4 h-4"[39m
                    [33mfill[39m=[32m"none"[39m
                    [33mheight[39m=[32m"24"[39m
                    [33mstroke[39m=[32m"currentColor"[39m
                    [33mstroke-linecap[39m=[32m"round"[39m
                    [33mstroke-linejoin[39m=[32m"round"[39m
                    [33mstroke-width[39m=[32m"2"[39m
                    [33mviewBox[39m=[32m"0 0 24 24"[39m
                    [33mwidth[39m=[32m"24"[39m
                    [33mxmlns[39m=[32m"http://www.w3.org/2000/svg"[39m
                  [36m>[39m
                    [36m<polygon[39m
                      [33mpoints[39m=[32m"22 3 2 3 10 12.46 10 19 14 21 14 12.46 22 3"[39m
                    [36m/>[39m
                  [36m</svg>[39m
                  [0mFilters[0m
                  [36m<span[39m
                    [33mclass[39m=[32m"bg-blue-500 text-white text-xs px-2 py-0.5 rounded-full"[39m
                  [36m>[39m
                    [0m1[0m
                  [36m</span>[39m
                [36m</button>[39m
              [36m</div>[39m
              [36m<div[39m
                [33mclass[39m=[32m"flex gap-2 mb-4"[39m
              [36m>[39m
                [36m<button[39m
                  [33mclass[39m=[32m"px-4 py-1 rounded-full text-sm capitalize bg-blue-500 text-white"[39m
                [36m>[39m
                  [0mall[0m
                [36m</button>[39m
                [36m<button[39m
                  [33mclass[39m=[32m"px-4 py-1 rounded-full text-sm capitalize bg-gray-100 text-gray-700 hover:bg-gray-200"[39m
                [36m>[39m
                  [0mrepositories[0m
                [36m</button>[39m
                [36m<button[39m
                  [33mclass[39m=[32m"px-4 py-1 rounded-full text-sm capitalize bg-gray-100 text-gray-700 hover:bg-gray-200"[39m
                [36m>[39m
                  [0mdocumentation[0m
                [36m</button>[39m
                [36m<button[39m
                  [33mclass[39m=[32m"px-4 py-1 rounded-full text-sm capitalize bg-gray-100 text-gray-700 hover:bg-gray-200"[39m
                [36m>[39m
                  [0mapis[0m
                [36m</button>[39m
              [36m</div>[39m
            [36m</div>[39m
            [36m<div[39m
              [33mclass[39m=[32m"mb-4 p-4 bg-gray-50 rounded-lg"[39m
            [36m>[39m
              [36m<div[39m
                [33mclass[39m=[32m"flex items-center justify-between mb-3"[39m
              [36m>[39m
                [36m<h3[39m
                  [33mclass[39m=[32m"font-medium"[39m
                [36m>[39m
                  [0mFilters[0m
                [36m</h3>[39m
                [36m<button[39m
                  [33mclass[39m=[32m"text-sm text-blue-500 hover:text-blue-600"[39m
                [36m>[39m
                  [0mClear all[0m
                [36m</button>[39m
              [36m</div>[39m
              [36m<div[39m
                [33mclass[39m=[32m"space-y-3"[39m
              [36m>[39m
                [36m<div>[39m
                  [36m<h4[39m
                    [33mclass[39m=[32m"text-sm font-medium mb-2"[39m
                  [36m>[39m
                    [0mLanguage[0m
                  [36m</h4>[39m
                  [36m<div[39m
                    [33mclass[39m=[32m"flex flex-wrap gap-2"[39m
                  [36m>[39m
                    [36m<button[39m
                      [33mclass[39m=[32m"px-3 py-1 text-sm rounded-full bg-blue-500 text-white"[39m
                    [36m>[39m
                      [0mTypeScript[0m
                      [0m ([0m
                      [0m3[0m
                      [0m)[0m
                    [36m</button>[39m
                  [36m</div>[39m
                [36m</div>[39m
              [36m</div>[39m
            [36m</div>[39m
            [36m<div>[39m
              [36m<div[39m
                [33mclass[39m=[32m"flex items-center justify-between mb-4"[39m
              [36m>[39m
                [36m<p[39m
                  [33mclass[39m=[32m"text-sm text-gray-600"[39m
                [36m>[39m
                  [0mFound [0m
                  [0m0[0m
                  [0m results[0m
                  [36m<span[39m
                    [33mclass[39m=[32m"text-gray-400"[39m
                  [36m>[39m
                    [0m in [0m
                    [0m50[0m
                    [0mms[0m
                  [36m</span>[39m
                [36m</p>[39m
              [36m</div>[39m
              [36m<div[39m
                [33mclass[39m=[32m"space-y-3"[39m
              [36m/>[39m
              [36m<div[39m
                [33mclass[39m=[32m"text-center py-8 text-gray-500"[39m
              [36m>[39m
                [36m<p>[39m
                  [0mNo results found for "[0m
                  [0mtest[0m
                  [0m"[0m
                [36m</p>[39m
              [36m</div>[39m
            [36m</div>[39m
          [36m</div>[39m
        [36m</div>[39m
      [36m</body>[39m
    [36m</html>[39m

      258 |     const mockResponse = {
      259 |       query: 'test',
    > 260 |       results: [],
          |                   ^
      261 |       totalCount: 0,
      262 |       facets: {
      263 |         repositories: [],

      at src/components/__tests__/AdvancedSearch.test.tsx:260:51
      at runWithExpensiveErrorDiagnosticsDisabled (node_modules/@testing-library/react/node_modules/@testing-library/dom/dist/config.js:47:12)
      at checkCallback (node_modules/@testing-library/react/node_modules/@testing-library/dom/dist/wait-for.js:127:77)
      at checkRealTimersCallback (node_modules/@testing-library/react/node_modules/@testing-library/dom/dist/wait-for.js:121:16)
      at Timeout.task [as _onTimeout] (node_modules/jsdom/lib/jsdom/browser/Window.js:516:19)

  ● AdvancedSearch › calls onResultSelect when result is clicked

    Found multiple elements with the text: test-repo

    Here are the matching elements:

    Ignored nodes: comments, script, style
    [36m<h3[39m
      [33mclass[39m=[32m"font-medium text-lg flex items-center gap-2"[39m
    [36m>[39m
      [0mtest-repo[0m
      [36m<span[39m
        [33mclass[39m=[32m"text-xs px-2 py-0.5 bg-gray-100 text-gray-600 rounded"[39m
      [36m>[39m
        [0mrepository[0m
      [36m</span>[39m
    [36m</h3>[39m

    Ignored nodes: comments, script, style
    [36m<span>[39m
      [0mtest-repo[0m
    [36m</span>[39m

    (If this is intentional, then use the `*AllBy*` variant of the query (like `queryAllByText`, `getAllByText`, or `findAllByText`)).

    Ignored nodes: comments, script, style
    [36m<body>[39m
      [36m<div>[39m
        [36m<div[39m
          [33mclass[39m=[32m"advanced-search "[39m
        [36m>[39m
          [36m<div[39m
            [33mclass[39m=[32m"relative"[39m
          [36m>[39m
            [36m<div[39m
              [33mclass[39m=[32m"flex items-center gap-2 mb-4"[39m
            [36m>[39m
              [36m<div[39m
                [33mclass[39m=[32m"relative flex-1"[39m
              [36m>[39m
                [36m<svg[39m
                  [33mclass[39m=[32m"absolute left-3 top-1/2 -translate-y-1/2 w-5 h-5 text-gray-400"[39m
                  [33mfill[39m=[32m"none"[39m
                  [33mheight[39m=[32m"24"[39m
                  [33mstroke[39m=[32m"currentColor"[39m
                  [33mstroke-linecap[39m=[32m"round"[39m
                  [33mstroke-linejoin[39m=[32m"round"[39m
                  [33mstroke-width[39m=[32m"2"[39m
                  [33mviewBox[39m=[32m"0 0 24 24"[39m
                  [33mwidth[39m=[32m"24"[39m
                  [33mxmlns[39m=[32m"http://www.w3.org/2000/svg"[39m
                [36m>[39m
                  [36m<circle[39m
                    [33mcx[39m=[32m"11"[39m
                    [33mcy[39m=[32m"11"[39m
                    [33mr[39m=[32m"8"[39m
                  [36m/>[39m
                  [36m<path[39m
                    [33md[39m=[32m"m21 21-4.3-4.3"[39m
                  [36m/>[39m
                [36m</svg>[39m
                [36m<input[39m
                  [33mclass[39m=[32m"w-full pl-10 pr-4 py-2 border rounded-lg focus:outline-none focus:ring-2 focus:ring-blue-500"[39m
                  [33mplaceholder[39m=[32m"Search repositories, documentation, APIs..."[39m
                  [33mtype[39m=[32m"text"[39m
                  [33mvalue[39m=[32m"test"[39m
                [36m/>[39m
                [36m<button[39m
                  [33mclass[39m=[32m"absolute right-3 top-1/2 -translate-y-1/2 text-gray-400 hover:text-gray-600"[39m
                [36m>[39m
                  [36m<svg[39m
                    [33mclass[39m=[32m"w-4 h-4"[39m
                    [33mfill[39m=[32m"none"[39m
                    [33mheight[39m=[32m"24"[39m
                    [33mstroke[39m=[32m"currentColor"[39m
                    [33mstroke-linecap[39m=[32m"round"[39m
                    [33mstroke-linejoin[39m=[32m"round"[39m
                    [33mstroke-width[39m=[32m"2"[39m
                    [33mviewBox[39m=[32m"0 0 24 24"[39m
                    [33mwidth[39m=[32m"24"[39m
                    [33mxmlns[39m=[32m"http://www.w3.org/2000/svg"[39m
                  [36m>[39m
                    [36m<path[39m
                      [33md[39m=[32m"M18 6 6 18"[39m
                    [36m/>[39m
                    [36m<path[39m
                      [33md[39m=[32m"m6 6 12 12"[39m
                    [36m/>[39m
                  [36m</svg>[39m
                [36m</button>[39m
              [36m</div>[39m
              [36m<button[39m
                [33mclass[39m=[32m"flex items-center gap-2 px-4 py-2 border rounded-lg hover:bg-gray-50 "[39m
              [36m>[39m
                [36m<svg[39m
                  [33mclass[39m=[32m"w-4 h-4"[39m
                  [33mfill[39m=[32m"none"[39m
                  [33mheight[39m=[32m"24"[39m
                  [33mstroke[39m=[32m"currentColor"[39m
                  [33mstroke-linecap[39m=[32m"round"[39m
                  [33mstroke-linejoin[39m=[32m"round"[39m
                  [33mstroke-width[39m=[32m"2"[39m
                  [33mviewBox[39m=[32m"0 0 24 24"[39m
                  [33mwidth[39m=[32m"24"[39m
                  [33mxmlns[39m=[32m"http://www.w3.org/2000/svg"[39m
                [36m>[39m
                  [36m<polygon[39m
                    [33mpoints[39m=[32m"22 3 2 3 10 12.46 10 19 14 21 14 12.46 22 3"[39m
                  [36m/>[39m
                [36m</svg>[39m
                [0mFilters[0m
              [36m</button>[39m
            [36m</div>[39m
            [36m<div[39m
              [33mclass[39m=[32m"flex gap-2 mb-4"[39m
            [36m>[39m
              [36m<button[39m
                [33mclass[39m=[32m"px-4 py-1 rounded-full text-sm capitalize bg-blue-500 text-white"[39m
              [36m>[39m
                [0mall[0m
              [36m</button>[39m
              [36m<button[39m
                [33mclass[39m=[32m"px-4 py-1 rounded-full text-sm capitalize bg-gray-100 text-gray-700 hover:bg-gray-200"[39m
              [36m>[39m
                [0mrepositories[0m
              [36m</button>[39m
              [36m<button[39m
                [33mclass[39m=[32m"px-4 py-1 rounded-full text-sm capitalize bg-gray-100 text-gray-700 hover:bg-gray-200"[39m
              [36m>[39m
                [0mdocumentation[0m
              [36m</button>[39m
              [36m<button[39m
                [33mclass[39m=[32m"px-4 py-1 rounded-full text-sm capitalize bg-gray-100 text-gray-700 hover:bg-gray-200"[39m
              [36m>[39m
                [0mapis[0m
              [36m</button>[39m
            [36m</div>[39m
          [36m</div>[39m
          [36m<div>[39m
            [36m<div[39m
              [33mclass[39m=[32m"flex items-center justify-between mb-4"[39m
            [36m>[39m
              [36m<p[39m
                [33mclass[39m=[32m"text-sm text-gray-600"[39m
              [36m>[39m
                [0mFound [0m
                [0m1[0m
                [0m results[0m
                [36m<span[39m
                  [33mclass[39m=[32m"text-gray-400"[39m
                [36m>[39m
                  [0m in [0m
                  [0m50[0m
                  [0mms[0m
                [36m</span>[39m
              [36m</p>[39m
            [36m</div>[39m
            [36m<div[39m
              [33mclass[39m=[32m"space-y-3"[39m
            [36m>[39m
              [36m<div[39m
                [33mclass[39m=[32m"p-4 bg-white border rounded-lg hover:shadow-md cursor-pointer transition-shadow"[39m
              [36m>[39m
                [36m<div[39m
                  [33mclass[39m=[32m"flex items-start gap-3"[39m
                [36m>[39m
                  [36m<div[39m
                    [33mclass[39m=[32m"text-gray-400 mt-1"[39m
                  [36m>[39m
                    [36m<svg[39m
                      [33mclass[39m=[32m"w-4 h-4"[39m
                      [33mfill[39m=[32m"none"[39m
                      [33mheight[39m=[32m"24"[39m
                      [33mstroke[39m=[32m"currentColor"[39m
                      [33mstroke-linecap[39m=[32m"round"[39m
                      [33mstroke-linejoin[39m=[32m"round"[39m
                      [33mstroke-width[39m=[32m"2"[39m
                      [33mviewBox[39m=[32m"0 0 24 24"[39m
                      [33mwidth[39m=[32m"24"[39m
                      [33mxmlns[39m=[32m"http://www.w3.org/2000/svg"[39m
                    [36m>[39m
                      [36m<path[39m
                        [33md[39m=[32m"M21 8a2 2 0 0 0-1-1.73l-7-4a2 2 0 0 0-2 0l-7 4A2 2 0 0 0 3 8v8a2 2 0 0 0 1 1.73l7 4a2 2 0 0 0 2 0l7-4A2 2 0 0 0 21 16Z"[39m
                      [36m/>[39m
                      [36m<path[39m
                        [33md[39m=[32m"m3.3 7 8.7 5 8.7-5"[39m
                      [36m/>[39m
                      [36m<path[39m
                        [33md[39m=[32m"M12 22V12"[39m
                      [36m/>[39m
                    [36m</svg>[39m
                  [36m</div>[39m
                  [36m<div[39m
                    [33mclass[39m=[32m"flex-1"[39m
                  [36m>[39m
                    [36m<h3[39m
                      [33mclass[39m=[32m"font-medium text-lg flex items-center gap-2"[39m
                    [36m>[39m
                      [0mtest-repo[0m
                      [36m<span[39m
                        [33mclass[39m=[32m"text-xs px-2 py-0.5 bg-gray-100 text-gray-600 rounded"[39m
                      [36m>[39m
                        [0mrepository[0m
                      [36m</span>[39m
                    [36m</h3>[39m
                    [36m<div[39m
                      [33mclass[39m=[32m"flex items-center gap-4 mt-2 text-xs text-gray-500"[39m
                    [36m>[39m
                      [36m<span>[39m
                        [0mtest-repo[0m
                      [36m</span>[39m
                    [36m</div>[39m
                  [36m</div>[39m
                [36m</div>[39m
              [36m</div>[39m
            [36m</div>[39m
          [36m</div>[39m
        [36m</div>[39m
      [36m</div>[39m
    [36m</body>[39m

      345 |     const mockResponse = {
      346 |       query: 'nonexistent',
    > 347 |       results: [],
          |                   ^
      348 |       totalCount: 0,
      349 |       facets: {
      350 |         repositories: [],

      at waitForWrapper (node_modules/@testing-library/react/node_modules/@testing-library/dom/dist/wait-for.js:166:27)
      at Object.<anonymous> (src/components/__tests__/AdvancedSearch.test.tsx:347:31)

  ● AdvancedSearch › handles keyboard navigation for suggestions

    Unable to find an element with the text: test-repo. This could be because the text is broken up by multiple elements. In this case, you can provide a function for your text matcher to make your matcher more flexible.

    Ignored nodes: comments, script, style
    [36m<body>[39m
      [36m<div>[39m
        [36m<div[39m
          [33mclass[39m=[32m"advanced-search "[39m
        [36m>[39m
          [36m<div[39m
            [33mclass[39m=[32m"relative"[39m
          [36m>[39m
            [36m<div[39m
              [33mclass[39m=[32m"flex items-center gap-2 mb-4"[39m
            [36m>[39m
              [36m<div[39m
                [33mclass[39m=[32m"relative flex-1"[39m
              [36m>[39m
                [36m<svg[39m
                  [33mclass[39m=[32m"absolute left-3 top-1/2 -translate-y-1/2 w-5 h-5 text-gray-400"[39m
                  [33mfill[39m=[32m"none"[39m
                  [33mheight[39m=[32m"24"[39m
                  [33mstroke[39m=[32m"currentColor"[39m
                  [33mstroke-linecap[39m=[32m"round"[39m
                  [33mstroke-linejoin[39m=[32m"round"[39m
                  [33mstroke-width[39m=[32m"2"[39m
                  [33mviewBox[39m=[32m"0 0 24 24"[39m
                  [33mwidth[39m=[32m"24"[39m
                  [33mxmlns[39m=[32m"http://www.w3.org/2000/svg"[39m
                [36m>[39m
                  [36m<circle[39m
                    [33mcx[39m=[32m"11"[39m
                    [33mcy[39m=[32m"11"[39m
                    [33mr[39m=[32m"8"[39m
                  [36m/>[39m
                  [36m<path[39m
                    [33md[39m=[32m"m21 21-4.3-4.3"[39m
                  [36m/>[39m
                [36m</svg>[39m
                [36m<input[39m
                  [33mclass[39m=[32m"w-full pl-10 pr-4 py-2 border rounded-lg focus:outline-none focus:ring-2 focus:ring-blue-500"[39m
                  [33mplaceholder[39m=[32m"Search repositories, documentation, APIs..."[39m
                  [33mtype[39m=[32m"text"[39m
                  [33mvalue[39m=[32m"te"[39m
                [36m/>[39m
                [36m<button[39m
                  [33mclass[39m=[32m"absolute right-3 top-1/2 -translate-y-1/2 text-gray-400 hover:text-gray-600"[39m
                [36m>[39m
                  [36m<svg[39m
                    [33mclass[39m=[32m"w-4 h-4"[39m
                    [33mfill[39m=[32m"none"[39m
                    [33mheight[39m=[32m"24"[39m
                    [33mstroke[39m=[32m"currentColor"[39m
                    [33mstroke-linecap[39m=[32m"round"[39m
                    [33mstroke-linejoin[39m=[32m"round"[39m
                    [33mstroke-width[39m=[32m"2"[39m
                    [33mviewBox[39m=[32m"0 0 24 24"[39m
                    [33mwidth[39m=[32m"24"[39m
                    [33mxmlns[39m=[32m"http://www.w3.org/2000/svg"[39m
                  [36m>[39m
                    [36m<path[39m
                      [33md[39m=[32m"M18 6 6 18"[39m
                    [36m/>[39m
                    [36m<path[39m
                      [33md[39m=[32m"m6 6 12 12"[39m
                    [36m/>[39m
                  [36m</svg>[39m
                [36m</button>[39m
              [36m</div>[39m
              [36m<button[39m
                [33mclass[39m=[32m"flex items-center gap-2 px-4 py-2 border rounded-lg hover:bg-gray-50 "[39m
              [36m>[39m
                [36m<svg[39m
                  [33mclass[39m=[32m"w-4 h-4"[39m
                  [33mfill[39m=[32m"none"[39m
                  [33mheight[39m=[32m"24"[39m
                  [33mstroke[39m=[32m"currentColor"[39m
                  [33mstroke-linecap[39m=[32m"round"[39m
                  [33mstroke-linejoin[39m=[32m"round"[39m
                  [33mstroke-width[39m=[32m"2"[39m
                  [33mviewBox[39m=[32m"0 0 24 24"[39m
                  [33mwidth[39m=[32m"24"[39m
                  [33mxmlns[39m=[32m"http://www.w3.org/2000/svg"[39m
                [36m>[39m
                  [36m<polygon[39m
                    [33mpoints[39m=[32m"22 3 2 3 10 12.46 10 19 14 21 14 12.46 22 3"[39m
                  [36m/>[39m
                [36m</svg>[39m
                [0mFilters[0m
              [36m</button>[39m
            [36m</div>[39m
            [36m<div[39m
              [33mclass[39m=[32m"flex gap-2 mb-4"[39m
            [36m>[39m
              [36m<button[39m
                [33mclass[39m=[32m"px-4 py-1 rounded-full text-sm capitalize bg-blue-500 text-white"[39m
              [36m>[39m
                [0mall[0m
              [36m</button>[39m
              [36m<button[39m
                [33mclass[39m=[32m"px-4 py-1 rounded-full text-sm capitalize bg-gray-100 text-gray-700 hover:bg-gray-200"[39m
              [36m>[39m
                [0mrepositories[0m
              [36m</button>[39m
              [36m<button[39m
                [33mclass[39m=[32m"px-4 py-1 rounded-full text-sm capitalize bg-gray-100 text-gray-700 hover:bg-gray-200"[39m
              [36m>[39m
                [0mdocumentation[0m
              [36m</button>[39m
              [36m<button[39m
                [33mclass[39m=[32m"px-4 py-1 rounded-full text-sm capitalize bg-gray-100 text-gray-700 hover:bg-gray-200"[39m
              [36m>[39m
                [0mapis[0m
              [36m</button>[39m
            [36m</div>[39m
          [36m</div>[39m
        [36m</div>[39m
      [36m</div>[39m
    [36m</body>[39m

      390 |     // Press enter to select
      391 |     fireEvent.keyDown(input, { key: 'Enter' });
    > 392 |     
          |     ^
      393 |     expect(input).toHaveValue('test-repo');
      394 |   });
      395 | });

      at waitForWrapper (node_modules/@testing-library/react/node_modules/@testing-library/dom/dist/wait-for.js:166:27)
      at Object.<anonymous> (src/components/__tests__/AdvancedSearch.test.tsx:392:31)

PASS src/components/auth/__tests__/Login.test.tsx
  ● Console

    console.warn
      styled-components: it looks like an unknown prop "variant" is being sent through to the DOM, which will likely trigger a React console error. If you would like automatic filtering of unknown props, you can opt-into that behavior via `<StyleSheetManager shouldForwardProp={...}>` (connect an API like `@emotion/is-prop-valid`) or consider using transient props (`$` prefix for automatic filtering.)

      87 |       return;
      88 |     }
    > 89 |     originalWarn.apply(console, args);
         |                  ^
      90 |   };
      91 |
      92 |   console.error = (...args: any[]) => {

      at console.warn (src/test-utils/testSetup.tsx:89:18)
      at componentStyle (node_modules/styled-components/src/models/StyledComponent.ts:163:67)
      at I (node_modules/styled-components/src/models/StyledComponent.ts:270:26)
      at renderWithHooks (node_modules/react-dom/cjs/react-dom.development.js:15486:18)
      at updateForwardRef (node_modules/react-dom/cjs/react-dom.development.js:19245:20)
      at beginWork (node_modules/react-dom/cjs/react-dom.development.js:21675:16)
      at beginWork$1 (node_modules/react-dom/cjs/react-dom.development.js:27465:14)
      at performUnitOfWork (node_modules/react-dom/cjs/react-dom.development.js:26599:12)
      at workLoopSync (node_modules/react-dom/cjs/react-dom.development.js:26505:5)
      at renderRootSync (node_modules/react-dom/cjs/react-dom.development.js:26473:7)
      at performConcurrentWorkOnRoot (node_modules/react-dom/cjs/react-dom.development.js:25777:74)
      at flushActQueue (node_modules/react/cjs/react.development.js:2667:24)
      at act (node_modules/react/cjs/react.development.js:2582:11)
      at actWithWarning (node_modules/react-dom/cjs/react-dom-test-utils.development.js:1740:10)
      at node_modules/@testing-library/react/dist/act-compat.js:63:25
      at renderRoot (node_modules/@testing-library/react/dist/pure.js:159:26)
      at render (node_modules/@testing-library/react/dist/pure.js:246:10)
      at renderLogin (src/components/auth/__tests__/Login.test.tsx:22:16)
      at Object.<anonymous> (src/components/auth/__tests__/Login.test.tsx:44:5)

PASS src/components/styled/__tests__/Card.test.tsx
PASS src/components/__tests__/GraphQLView.test.tsx
PASS src/hooks/__tests__/useGlobalSearch.test.ts
PASS src/services/__tests__/DynamicApiDetectionService.test.ts
PASS src/contexts/__tests__/SyncContext.test.tsx
PASS src/store/__tests__/appStore.test.ts
PASS src/services/__tests__/searchService.test.ts
  ● Console

    console.log
      Building search index for 2 repositories

      at SearchService.buildSearchIndex (src/services/searchService.ts:79:13)

    console.log
      Search index built with 2 entries

      at SearchService.buildSearchIndex (src/services/searchService.ts:89:13)

    console.log
      Building search index for 1 repositories

      at SearchService.buildSearchIndex (src/services/searchService.ts:79:13)

    console.log
      Search index built with 1 entries

      at SearchService.buildSearchIndex (src/services/searchService.ts:89:13)

    console.log
      Building search index for 1 repositories

      at SearchService.buildSearchIndex (src/services/searchService.ts:79:13)

    console.log
      Search index built with 1 entries

      at SearchService.buildSearchIndex (src/services/searchService.ts:89:13)

    console.log
      Building search index for 2 repositories

      at SearchService.buildSearchIndex (src/services/searchService.ts:79:13)

    console.log
      Search index built with 2 entries

      at SearchService.buildSearchIndex (src/services/searchService.ts:89:13)

    console.log
      Building search index for 2 repositories

      at SearchService.buildSearchIndex (src/services/searchService.ts:79:13)

    console.log
      Search index built with 2 entries

      at SearchService.buildSearchIndex (src/services/searchService.ts:89:13)

    console.log
      Building search index for 2 repositories

      at SearchService.buildSearchIndex (src/services/searchService.ts:79:13)

    console.log
      Search index built with 2 entries

      at SearchService.buildSearchIndex (src/services/searchService.ts:89:13)

    console.log
      Building search index for 2 repositories

      at SearchService.buildSearchIndex (src/services/searchService.ts:79:13)

    console.log
      Search index built with 2 entries

      at SearchService.buildSearchIndex (src/services/searchService.ts:89:13)

    console.log
      Building search index for 2 repositories

      at SearchService.buildSearchIndex (src/services/searchService.ts:79:13)

    console.log
      Search index built with 2 entries

      at SearchService.buildSearchIndex (src/services/searchService.ts:89:13)

    console.log
      Building search index for 2 repositories

      at SearchService.buildSearchIndex (src/services/searchService.ts:79:13)

    console.log
      Search index built with 2 entries

      at SearchService.buildSearchIndex (src/services/searchService.ts:89:13)

    console.log
      Building search index for 2 repositories

      at SearchService.buildSearchIndex (src/services/searchService.ts:79:13)

    console.log
      Search index built with 2 entries

      at SearchService.buildSearchIndex (src/services/searchService.ts:89:13)

    console.log
      Building search index for 2 repositories

      at SearchService.buildSearchIndex (src/services/searchService.ts:79:13)

    console.log
      Search index built with 2 entries

      at SearchService.buildSearchIndex (src/services/searchService.ts:89:13)

    console.log
      Building search index for 2 repositories

      at SearchService.buildSearchIndex (src/services/searchService.ts:79:13)

    console.log
      Search index built with 2 entries

      at SearchService.buildSearchIndex (src/services/searchService.ts:89:13)

    console.log
      Building search index for 2 repositories

      at SearchService.buildSearchIndex (src/services/searchService.ts:79:13)

    console.log
      Search index built with 2 entries

      at SearchService.buildSearchIndex (src/services/searchService.ts:89:13)

    console.log
      Building search index for 2 repositories

      at SearchService.buildSearchIndex (src/services/searchService.ts:79:13)

    console.log
      Search index built with 2 entries

      at SearchService.buildSearchIndex (src/services/searchService.ts:89:13)

    console.log
      Building search index for 2 repositories

      at SearchService.buildSearchIndex (src/services/searchService.ts:79:13)

    console.log
      Search index built with 2 entries

      at SearchService.buildSearchIndex (src/services/searchService.ts:89:13)

    console.log
      Building search index for 0 repositories

      at SearchService.buildSearchIndex (src/services/searchService.ts:79:13)

    console.log
      Search index built with 0 entries

      at SearchService.buildSearchIndex (src/services/searchService.ts:89:13)

PASS src/__tests__/contentValidation.test.ts
PASS src/api/__tests__/localContentCache.test.js
FAIL src/__tests__/enhancedViewerIntegration.test.tsx
  ● Test suite failed to run

    Jest encountered an unexpected token

    Jest failed to parse a file. This happens e.g. when your code or its dependencies use non-standard JavaScript syntax, or when Jest is not configured to support such syntax.

    Out of the box Jest supports Babel, which will be used to transform your files into valid JS based on your Babel configuration.

    By default "node_modules" folder is ignored by transformers.

    Here's what you can do:
     • If you are trying to use ECMAScript Modules, see https://jestjs.io/docs/ecmascript-modules for how to enable it.
     • If you are trying to use TypeScript, see https://jestjs.io/docs/getting-started#using-typescript
     • To have some of your "node_modules" files transformed, you can specify a custom "transformIgnorePatterns" in your config.
     • If you need a custom transformation specify a "transform" option in your config.
     • If you simply want to mock your non-JS modules (e.g. binary assets) you can stub them out with the "moduleNameMapper" config option.

    You'll find more details and examples of these config options in the docs:
    https://jestjs.io/docs/configuration
    For information about custom transformations, see:
    https://jestjs.io/docs/code-transformation

    Details:

    /Users/lisasimon/repos/axiom-innovation-repos/axiom-ai-experience-center/node_modules/remark-gfm/index.js:6
    import {gfm} from 'micromark-extension-gfm'
    ^^^^^^

    SyntaxError: Cannot use import statement outside a module

      12 | import React, { useState, useEffect, useRef, useMemo } from 'react';
      13 | import ReactMarkdown from 'react-markdown';
    > 14 | import remarkGfm from 'remark-gfm';
         | ^
      15 | import rehypeHighlight from 'rehype-highlight';
      16 | import rehypeSlug from 'rehype-slug';
      17 | import rehypeAutolinkHeadings from 'rehype-autolink-headings';

      at Runtime.createScriptFromCode (node_modules/jest-runtime/build/index.js:1728:14)
      at Object.<anonymous> (src/components/EnhancedMarkdownViewer.tsx:14:1)
      at Object.<anonymous> (src/__tests__/enhancedViewerIntegration.test.tsx:6:1)

FAIL src/components/__tests__/EnhancedMarkdownViewer.test.tsx
  ● Test suite failed to run

    Jest encountered an unexpected token

    Jest failed to parse a file. This happens e.g. when your code or its dependencies use non-standard JavaScript syntax, or when Jest is not configured to support such syntax.

    Out of the box Jest supports Babel, which will be used to transform your files into valid JS based on your Babel configuration.

    By default "node_modules" folder is ignored by transformers.

    Here's what you can do:
     • If you are trying to use ECMAScript Modules, see https://jestjs.io/docs/ecmascript-modules for how to enable it.
     • If you are trying to use TypeScript, see https://jestjs.io/docs/getting-started#using-typescript
     • To have some of your "node_modules" files transformed, you can specify a custom "transformIgnorePatterns" in your config.
     • If you need a custom transformation specify a "transform" option in your config.
     • If you simply want to mock your non-JS modules (e.g. binary assets) you can stub them out with the "moduleNameMapper" config option.

    You'll find more details and examples of these config options in the docs:
    https://jestjs.io/docs/configuration
    For information about custom transformations, see:
    https://jestjs.io/docs/code-transformation

    Details:

    /Users/lisasimon/repos/axiom-innovation-repos/axiom-ai-experience-center/node_modules/remark-gfm/index.js:6
    import {gfm} from 'micromark-extension-gfm'
    ^^^^^^

    SyntaxError: Cannot use import statement outside a module

      12 | import React, { useState, useEffect, useRef, useMemo } from 'react';
      13 | import ReactMarkdown from 'react-markdown';
    > 14 | import remarkGfm from 'remark-gfm';
         | ^
      15 | import rehypeHighlight from 'rehype-highlight';
      16 | import rehypeSlug from 'rehype-slug';
      17 | import rehypeAutolinkHeadings from 'rehype-autolink-headings';

      at Runtime.createScriptFromCode (node_modules/jest-runtime/build/index.js:1728:14)
      at Object.<anonymous> (src/components/EnhancedMarkdownViewer.tsx:14:1)
      at Object.<anonymous> (src/components/__tests__/EnhancedMarkdownViewer.test.tsx:5:1)

FAIL src/components/__tests__/DocumentationView.test.tsx
  ● Test suite failed to run

    Jest encountered an unexpected token

    Jest failed to parse a file. This happens e.g. when your code or its dependencies use non-standard JavaScript syntax, or when Jest is not configured to support such syntax.

    Out of the box Jest supports Babel, which will be used to transform your files into valid JS based on your Babel configuration.

    By default "node_modules" folder is ignored by transformers.

    Here's what you can do:
     • If you are trying to use ECMAScript Modules, see https://jestjs.io/docs/ecmascript-modules for how to enable it.
     • If you are trying to use TypeScript, see https://jestjs.io/docs/getting-started#using-typescript
     • To have some of your "node_modules" files transformed, you can specify a custom "transformIgnorePatterns" in your config.
     • If you need a custom transformation specify a "transform" option in your config.
     • If you simply want to mock your non-JS modules (e.g. binary assets) you can stub them out with the "moduleNameMapper" config option.

    You'll find more details and examples of these config options in the docs:
    https://jestjs.io/docs/configuration
    For information about custom transformations, see:
    https://jestjs.io/docs/code-transformation

    Details:

    /Users/lisasimon/repos/axiom-innovation-repos/axiom-ai-experience-center/node_modules/remark-gfm/index.js:6
    import {gfm} from 'micromark-extension-gfm'
    ^^^^^^

    SyntaxError: Cannot use import statement outside a module

      12 | import React, { useState, useEffect, useRef, useMemo } from 'react';
      13 | import ReactMarkdown from 'react-markdown';
    > 14 | import remarkGfm from 'remark-gfm';
         | ^
      15 | import rehypeHighlight from 'rehype-highlight';
      16 | import rehypeSlug from 'rehype-slug';
      17 | import rehypeAutolinkHeadings from 'rehype-autolink-headings';

      at Runtime.createScriptFromCode (node_modules/jest-runtime/build/index.js:1728:14)
      at Object.<anonymous> (src/components/EnhancedMarkdownViewer.tsx:14:1)
      at Object.<anonymous> (src/components/DocumentationView.tsx:9:1)
      at Object.<anonymous> (src/components/__tests__/DocumentationView.test.tsx:5:1)

Summary of all failing tests
FAIL src/components/__tests__/RepositoryView.test.tsx
  ● RepositoryView › renders loading state initially

    expect(element).toHaveTextContent()

    Checking with empty string will always match, use .toBeEmptyDOMElement() instead:

    Received:
      Loading repository details...

      48 |     expect(screen.getByText('Loading repository details...')).toBeInTheDocument();
      49 |     // Check for spinner by class
    > 50 |     expect(document.documentElement).toHaveTextContent(''); // Verify component rendered
         |                                      ^
      51 |     // Note: Testing for specific CSS classes is discouraged. Consider testing behavior instead.;
      52 |   });
      53 |

      at Object.<anonymous> (src/components/__tests__/RepositoryView.test.tsx:50:38)

  ● RepositoryView › displays language with color indicator

    expect(element).toHaveTextContent()

    Checking with empty string will always match, use .toBeEmptyDOMElement() instead:

    Received:
      ArrowLeftBack to RepositoriesFoldertest-repoJavaScriptInfoAvailable API Toolstest-repo API ButtonsDocumentationView Documentation→README.md→

    Ignored nodes: comments, script, style
    [36m<html>[39m
      [36m<head />[39m
      [36m<body>[39m
        [36m<div>[39m
          [36m<div[39m
            [33mclass[39m=[32m"min-h-screen bg-gray-900 text-white"[39m
          [36m>[39m
            [36m<div[39m
              [33mclass[39m=[32m"container mx-auto px-4 py-8"[39m
            [36m>[39m
              [36m<a[39m
                [33mclass[39m=[32m"inline-flex items-center text-blue-400 hover:text-blue-300 mb-6 transition-colors"[39m
                [33mhref[39m=[32m"/repositories"[39m
              [36m>[39m
                [36m<span>[39m
                  [0mArrowLeft[0m
                [36m</span>[39m
                [0mBack to Repositories[0m
              [36m</a>[39m
              [36m<div[39m
                [33mclass[39m=[32m"bg-gray-800 rounded-lg p-6 mb-6"[39m
              [36m>[39m
                [36m<div[39m
                  [33mclass[39m=[32m"flex items-start justify-between mb-4"[39m
                [36m>[39m
                  [36m<div[39m
                    [33mclass[39m=[32m"flex items-center"[39m
                  [36m>[39m
                    [36m<span>[39m
                      [0mFolder[0m
                    [36m</span>[39m
                    [36m<h1[39m
                      [33mclass[39m=[32m"text-3xl font-bold"[39m
                    [36m>[39m
                      [0mtest-repo[0m
                    [36m</h1>[39m
                  [36m</div>[39m
                [36m</div>[39m
                [36m<div[39m
                  [33mclass[39m=[32m"flex flex-wrap gap-4 text-sm text-gray-400"[39m
                [36m>[39m
                  [36m<div[39m
                    [33mclass[39m=[32m"flex items-center"[39m
                  [36m>[39m
                    [36m<span[39m
                      [33mclass[39m=[32m"w-3 h-3 rounded-full bg-blue-500 mr-2"[39m
                    [36m/>[39m
                    [0mJavaScript[0m
                  [36m</div>[39m
                [36m</div>[39m
              [36m</div>[39m
              [36m<div[39m
                [33mclass[39m=[32m"bg-gray-800 rounded-lg p-6 mb-6"[39m
              [36m>[39m
                [36m<h2[39m
                  [33mclass[39m=[32m"text-xl font-semibold mb-4 flex items-center"[39m
                [36m>[39m
                  [36m<span>[39m
                    [0mInfo[0m
                  [36m</span>[39m
                  [0mAvailable API Tools[0m
                [36m</h2>[39m
                [36m<div[39m
                  [33mdata-testid[39m=[32m"dynamic-api-buttons"[39m
                [36m>[39m
                  [0mtest-repo[0m
                  [0m API Buttons[0m
                [36m</div>[39m
              [36m</div>[39m
              [36m<div[39m
                [33mclass[39m=[32m"bg-gray-800 rounded-lg p-6"[39m
              [36m>[39m
                [36m<h2[39m
                  [33mclass[39m=[32m"text-xl font-semibold mb-4"[39m
                [36m>[39m
                  [0mDocumentation[0m
                [36m</h2>[39m
                [36m<div[39m
                  [33mclass[39m=[32m"space-y-3"[39m
                [36m>[39m
                  [36m<a[39m
                    [33mclass[39m=[32m"block p-4 bg-gray-700 rounded hover:bg-gray-600 transition-colors"[39m
                    [33mhref[39m=[32m"/repository/test-repo/docs"[39m
                  [36m>[39m
                    [36m<div[39m
                      [33mclass[39m=[32m"flex justify-between items-center"[39m
                    [36m>[39m
                      [36m<span>[39m
                        [0mView Documentation[0m
                      [36m</span>[39m
                      [36m<span[39m
                        [33mclass[39m=[32m"text-gray-400"[39m
                      [36m>[39m
                        [0m→[0m
                      [36m</span>[39m
                    [36m</div>[39m
                  [36m</a>[39m
                  [36m<a[39m
                    [33mclass[39m=[32m"block p-4 bg-gray-700 rounded hover:bg-gray-600 transition-colors"[39m
                    [33mhref[39m=[32m"/repository/test-repo/readme"[39m
                  [36m>[39m
                    [36m<div[39m
                      [33mclass[39m=[32m"flex justify-between items-center"[39m
                    [36m>[39m
                      [36m<span>[39m
                        [0mREADME.md[0m
                      [36m</span>[39m
                      [36m<span[39m
                        [33mclass[39m=[32m"text-gray-400"[39m
                      [36m>[39m
                        [0m→[0m
                      [36m</span>[39m
                    [36m</div>[39m
                  [36m</a>[39m
                [36m</div>[39m
              [36m</div>[39m
            [36m</div>[39m
          [36m</div>[39m
        [36m</div>[39m
      [36m</body>[39m
    [36m</html>[39m

      235 |       expect(screen.getByText('JavaScript')).toBeInTheDocument();
      236 |       // Language indicator dot
    > 237 |       expect(document.documentElement).toHaveTextContent(''); // Verify component rendered
          |                                        ^
      238 |     // Note: Testing for specific CSS classes is discouraged. Consider testing behavior instead.;
      239 |     });
      240 |   });

      at src/components/__tests__/RepositoryView.test.tsx:237:40
      at runWithExpensiveErrorDiagnosticsDisabled (node_modules/@testing-library/react/node_modules/@testing-library/dom/dist/config.js:47:12)
      at checkCallback (node_modules/@testing-library/react/node_modules/@testing-library/dom/dist/wait-for.js:127:77)
      at checkRealTimersCallback (node_modules/@testing-library/react/node_modules/@testing-library/dom/dist/wait-for.js:121:16)
      at Timeout.task [as _onTimeout] (node_modules/jsdom/lib/jsdom/browser/Window.js:516:19)

FAIL src/services/__tests__/repositorySync.test.ts
  ● repositorySyncService › getSyncStatus › returns current sync status

    expect(received).toMatchObject(expected)

    - Expected  - 6
    + Received  + 1

    - Object {
    -   "completedRepositories": 0,
    -   "errors": Array [],
    -   "isInProgress": false,
    -   "totalRepositories": 0,
    - }
    + Promise {}

      25 |       });
      26 |     });
    > 27 |
         | ^
      28 |     it('returns status during sync', async () => {
      29 |       // This test would need to check status during an actual sync
      30 |       // Since we can't easily set private properties, we'll skip this detailed test

      at Object.<anonymous> (src/services/__tests__/repositorySync.test.ts:27:22)

  ● repositorySyncService › getSyncStatus › returns status during sync

    expect(received).toBe(expected) // Object.is equality

    Expected: false
    Received: undefined

      37 |   describe('getLastSyncInfo', () => {
      38 |     it('returns empty object when no sync has occurred', () => {
    > 39 |       const info = repositorySyncService.getLastSyncInfo();
         |                                   ^
      40 |       expect(info).toEqual({});
      41 |     });
      42 |

      at Object.<anonymous> (src/services/__tests__/repositorySync.test.ts:39:35)

  ● repositorySyncService › getLastSyncInfo › returns last sync information from file

    expect(received).toEqual(expected) // deep equality

    Expected: 2025-01-20T15:00:00.000Z
    Received: undefined

      53 |       expect(info.repositories).toEqual(['repo1', 'repo2']);
      54 |     });
    > 55 |   });
         |      ^
      56 |
      57 |   describe('syncOnStartup', () => {
      58 |     const mockRepositories = [

      at Object.<anonymous> (src/services/__tests__/repositorySync.test.ts:55:30)

  ● repositorySyncService › syncOnStartup › syncs all repositories successfully

    expect(received).toBe(expected) // Object.is equality

    Expected: false
    Received: true

      103 |       expect(result.failedRepositories).toEqual([]);
      104 |       expect(result.totalTime).toBeGreaterThan(0);
    > 105 |       expect(result.timestamp).toBeInstanceOf(Date);
          |                              ^
      106 |     });
      107 |
      108 |     it('handles sync errors gracefully', async () => {

      at Object.<anonymous> (src/services/__tests__/repositorySync.test.ts:105:30)

  ● repositorySyncService › syncOnStartup › handles sync errors gracefully

    expect(received).toBe(expected) // Object.is equality

    Expected: false
    Received: true

      132 |       expect(result.failedRepositories).toHaveLength(1);
      133 |       expect(result.failedRepositories[0].name).toBe('repo2');
    > 134 |       expect(result.failedRepositories[0].error).toContain('Git pull failed');
          |                              ^
      135 |     });
      136 |
      137 |     it('updates sync progress during operation', async () => {

      at Object.<anonymous> (src/services/__tests__/repositorySync.test.ts:134:30)

  ● repositorySyncService › syncOnStartup › updates sync progress during operation

    expect(received).toBeGreaterThan(expected)

    Expected: > 0
    Received:   0

      154 |       expect(progressChecks.length).toBeGreaterThan(0);
      155 |       expect(progressChecks[0].isInProgress).toBe(true);
    > 156 |     });
          |        ^
      157 |
      158 |     it('handles missing cloned-repositories directory', async () => {
      159 |       (fs.existsSync as jest.Mock).mockReturnValue(false);

      at Object.<anonymous> (src/services/__tests__/repositorySync.test.ts:156:37)

  ● repositorySyncService › syncOnStartup › handles missing cloned-repositories directory

    expect(received).toBe(expected) // Object.is equality

    Expected: false
    Received: true

      160 |
      161 |       const result = await repositorySyncService.syncOnStartup();
    > 162 |
          | ^
      163 |       expect(result.success).toBe(false);
      164 |       // The actual implementation returns failedRepositories, not error
      165 |       expect(result.failedRepositories).toEqual([]);

      at Object.<anonymous> (src/services/__tests__/repositorySync.test.ts:162:30)

  ● repositorySyncService › syncOnStartup › skips non-directory entries

    expect(received).toEqual(expected) // deep equality

    - Expected  - 4
    + Received  + 1

    - Array [
    -   "repo1",
    -   "repo2",
    - ]
    + Array []

      179 |       expect(result.syncedRepositories).not.toContain('file.txt');
      180 |       expect(result.syncedRepositories).not.toContain('.hidden');
    > 181 |     });
          |        ^
      182 |
      183 |     it('handles special branch for demo-labsdashboards', async () => {
      184 |       (fs.readdirSync as jest.Mock).mockReturnValue([

      at Object.<anonymous> (src/services/__tests__/repositorySync.test.ts:181:41)

  ● repositorySyncService › syncOnStartup › handles special branch for demo-labsdashboards

    expect(received).toBeGreaterThan(expected)

    Expected: > 0
    Received:   0

      192 |         call => call[0].includes('checkout james-update')
      193 |       );
    > 194 |       expect(checkoutCalls.length).toBeGreaterThan(0);
          |                                    ^
      195 |     });
      196 |
      197 |     it('updates last sync info after successful sync', async () => {

      at Object.<anonymous> (src/services/__tests__/repositorySync.test.ts:194:36)

  ● repositorySyncService › syncOnStartup › updates last sync info after successful sync

    expect(received).toBeInstanceOf(expected)

    Expected constructor: Date

    Received value has no prototype
    Received value: undefined

      198 |       const beforeSync = Date.now();
      199 |       
    > 200 |       await repositorySyncService.syncOnStartup();
          |                                  ^
      201 |       
      202 |       const lastSync = repositorySyncService.getLastSyncInfo();
      203 |       expect(lastSync.timestamp).toBeInstanceOf(Date);

      at Object.<anonymous> (src/services/__tests__/repositorySync.test.ts:200:34)

  ● repositorySyncService › syncOnStartup › handles empty repository directory

    expect(received).toBe(expected) // Object.is equality

    Expected: 0
    Received: undefined

      207 |
      208 |     it('handles empty repository directory', async () => {
    > 209 |       (fs.readdirSync as jest.Mock).mockReturnValue([]);
          |                                        ^
      210 |
      211 |       const result = await repositorySyncService.syncOnStartup();
      212 |

      at Object.<anonymous> (src/services/__tests__/repositorySync.test.ts:209:40)

  ● repositorySyncService › syncOnStartup › continues syncing after individual repository failure

    expect(received).toEqual(expected) // deep equality

    - Expected  - 4
    + Received  + 1

    - Array [
    -   "repo1",
    -   "repo3",
    - ]
    + Array []

      227 |           throw new Error('Git pull failed');
      228 |         }
    > 229 |         return '';
          |                   ^
      230 |       });
      231 |
      232 |       const result = await repositorySyncService.syncOnStartup();

      at Object.<anonymous> (src/services/__tests__/repositorySync.test.ts:229:41)

  ● repositorySyncService › syncOnStartup › captures detailed error information

    TypeError: Cannot read properties of undefined (reading 'error')

      239 |     it('captures detailed error information', async () => {
      240 |       const errorMessage = 'fatal: unable to access repository';
    > 241 |       
          |       ^
      242 |       (execSync as jest.Mock).mockImplementation(() => {
      243 |         const error = new Error(errorMessage);
      244 |         (error as any).stderr = Buffer.from('Permission denied');

      at Object.<anonymous> (src/services/__tests__/repositorySync.test.ts:241:43)

  ● repositorySyncService › error handling › handles permission errors

    expect(received).toBe(expected) // Object.is equality

    Expected: false
    Received: true

      262 |
      263 |       const result = await repositorySyncService.syncOnStartup();
    > 264 |
          | ^
      265 |       expect(result.totalTime).toBeGreaterThanOrEqual(delay);
      266 |     });
      267 |   });

      at Object.<anonymous> (src/services/__tests__/repositorySync.test.ts:264:30)

  ● repositorySyncService › error handling › handles network errors

    expect(received).toBe(expected) // Object.is equality

    Expected: false
    Received: true

      272 |         const error = new Error('Permission denied');
      273 |         (error as any).code = 'EACCES';
    > 274 |         throw error;
          |                     ^
      275 |       });
      276 |
      277 |       const result = await repositorySyncService.syncOnStartup();

      at Object.<anonymous> (src/services/__tests__/repositorySync.test.ts:274:30)

FAIL src/components/__tests__/UnifiedApiExplorer.test.tsx
  ● UnifiedApiExplorer › should execute request and display response

    Unable to find an element with the text: /Response/. This could be because the text is broken up by multiple elements. In this case, you can provide a function for your text matcher to make your matcher more flexible.

    Ignored nodes: comments, script, style
    [36m<body>[39m
      [36m<div>[39m
        [36m<div[39m
          [33mclass[39m=[32m"sc-dNFkOE bpJcYT"[39m
        [36m>[39m
          [36m<div[39m
            [33mclass[39m=[32m"sc-fszimp RkDfF"[39m
          [36m>[39m
            [36m<div[39m
              [33mclass[39m=[32m"sc-bjMIFn dkUTTl"[39m
            [36m>[39m
              [36m<svg[39m
                [33mclass[39m=[32m"sc-fhfEft jdZxDh"[39m
                [33mfill[39m=[32m"none"[39m
                [33mheight[39m=[32m"20"[39m
                [33mstroke[39m=[32m"currentColor"[39m
                [33mstroke-linecap[39m=[32m"round"[39m
                [33mstroke-linejoin[39m=[32m"round"[39m
                [33mstroke-width[39m=[32m"2"[39m
                [33mviewBox[39m=[32m"0 0 24 24"[39m
                [33mwidth[39m=[32m"20"[39m
                [33mxmlns[39m=[32m"http://www.w3.org/2000/svg"[39m
              [36m>[39m
                [36m<circle[39m
                  [33mcx[39m=[32m"11"[39m
                  [33mcy[39m=[32m"11"[39m
                  [33mr[39m=[32m"8"[39m
                [36m/>[39m
                [36m<path[39m
                  [33md[39m=[32m"m21 21-4.3-4.3"[39m
                [36m/>[39m
              [36m</svg>[39m
              [36m<input[39m
                [33mclass[39m=[32m"sc-cCVJLD sc-dClGHI gaYutE jeoCNx"[39m
                [33mplaceholder[39m=[32m"Search APIs..."[39m
                [33mtype[39m=[32m"text"[39m
                [33mvalue[39m=[32m""[39m
              [36m/>[39m
            [36m</div>[39m
            [36m<div[39m
              [33mclass[39m=[32m"sc-bAehkN iklRLd"[39m
            [36m>[39m
              [36m<div[39m
                [33mclass[39m=[32m"sc-gahYZc bqXIUo"[39m
                [33mdatatype[39m=[32m"OpenAPI"[39m
              [36m>[39m
                [36m<div[39m
                  [33mclass[39m=[32m"sc-eqYatC gSlqz"[39m
                  [33mstyle[39m=[32m"margin-bottom: 0.5rem;"[39m
                [36m>[39m
                  [36m<p[39m
                    [33mclass[39m=[32m"sc-fbQrwq hJkJgj"[39m
                    [33mweight[39m=[32m"semibold"[39m
                  [36m>[39m
                    [0mUser API[0m
                  [36m</p>[39m
                  [36m<span[39m
                    [33mclass[39m=[32m"sc-pYNGo cghKyQ"[39m
                  [36m>[39m
                    [0mOpenAPI[0m
                  [36m</span>[39m
                [36m</div>[39m
                [36m<p[39m
                  [33mclass[39m=[32m"sc-fbQrwq fSRbFM"[39m
                  [33mcolor[39m=[32m"secondary"[39m
                [36m>[39m
                  [0mapi/openapi.yaml[0m
                [36m</p>[39m
              [36m</div>[39m
            [36m</div>[39m
            [36m<div[39m
              [33mclass[39m=[32m"sc-cpclqO iaYnfr"[39m
            [36m>[39m
              [36m<p[39m
                [33mclass[39m=[32m"sc-fbQrwq hJkJgj"[39m
                [33mstyle[39m=[32m"margin-bottom: 0.5rem;"[39m
                [33mweight[39m=[32m"semibold"[39m
              [36m>[39m
                [0mEnvironment[0m
              [36m</p>[39m
              [36m<select[39m
                [33mstyle[39m=[32m"width: 100%; padding: 0.5rem; background: rgb(255, 255, 255); color: rgb(33, 33, 33); border-radius: 0.375rem;"[39m
              [36m>[39m
                [36m<option[39m
                  [33mvalue[39m=[32m"Development"[39m
                [36m>[39m
                  [0mDevelopment[0m
                [36m</option>[39m
                [36m<option[39m
                  [33mvalue[39m=[32m"Production"[39m
                [36m>[39m
                  [0mProduction[0m
                [36m</option>[39m
              [36m</select>[39m
            [36m</div>[39m
          [36m</div>[39m
          [36m<div[39m
            [33mclass[39m=[32m"sc-etsjJW iLfPfi"[39m
          [36m>[39m
            [36m<div[39m
              [33mclass[39m=[32m"sc-fYmhhH hQEFBY"[39m
            [36m>[39m
              [36m<div[39m
                [33mclass[39m=[32m"sc-eqYatC gSlqz"[39m
              [36m>[39m
                [36m<div>[39m
                  [36m<h2[39m
                    [33mclass[39m=[32m"sc-dntSTA fKUUfw"[39m
                    [33mstyle[39m=[32m"margin: 0px;"[39m
                  [36m>[39m
                    [0mUser API[0m
                  [36m</h2>[39m
                  [36m<p[39m
                    [33mclass[39m=[32m"sc-fbQrwq diSTbZ"[39m
                    [33mcolor[39m=[32m"secondary"[39m
                    [33mstyle[39m=[32m"margin-top: 0.25rem;"[39m
                  [36m>[39m
                    [0mOpenAPI[0m
                    [0m • [0m
                    [0m1.0.0[0m
                  [36m</p>[39m
                [36m</div>[39m
                [36m<div[39m
                  [33mclass[39m=[32m"sc-eqYatC BfFaI"[39m
                [36m>[39m
                  [36m<button[39m
                    [33mclass[39m=[32m"sc-bRKDuR iuryfz"[39m
                    [33mvariant[39m=[32m"outline"[39m
                  [36m>[39m
                    [36m<svg[39m
                      [33mclass[39m=[32m"lucide lucide-history"[39m
                      [33mfill[39m=[32m"none"[39m
                      [33mheight[39m=[32m"20"[39m
                      [33mstroke[39m=[32m"currentColor"[39m
                      [33mstroke-linecap[39m=[32m"round"[39m
                      [33mstroke-linejoin[39m=[32m"round"[39m
                      [33mstroke-width[39m=[32m"2"[39m
                      [33mviewBox[39m=[32m"0 0 24 24"[39m
                      [33mwidth[39m=[32m"20"[39m
                      [33mxmlns[39m=[32m"http://www.w3.org/2000/svg"[39m
                    [36m>[39m
                      [36m<path[39m
                        [33md[39m=[32m"M3 12a9 9 0 1 0 9-9 9.75 9.75 0 0 0-6.74 2.74L3 8"[39m
                      [36m/>[39m
                      [36m<path[39m
                        [33md[39m=[32m"M3 3v5h5"[39m
                      [36m/>[39m
                      [36m<path[39m
                        [33md[39m=[32m"M12 7v5l4 2"[39m
                      [36m/>[39m
                    [36m</svg>[39m
                    [0mHistory[0m
                  [36m</button>[39m
                  [36m<button[39m
                    [33mclass[39m=[32m"sc-bRKDuR iuryfz"[39m
                    [33mvariant[39m=[32m"outline"[39m
                  [36m>[39m
                    [36m<svg[39m
                      [33mclass[39m=[32m"lucide lucide-code2"[39m
                      [33mfill[39m=[32m"none"[39m
                      [33mheight[39m=[32m"20"[39m
                      [33mstroke[39m=[32m"currentColor"[39m
                      [33mstroke-linecap[39m=[32m"round"[39m
                      [33mstroke-linejoin[39m=[32m"round"[39m
                      [33mstroke-width[39m=[32m"2"[39m
                      [33mviewBox[39m=[32m"0 0 24 24"[39m
                      [33mwidth[39m=[32m"20"[39m
                      [33mxmlns[39m=[32m"http://www.w3.org/2000/svg"[39m
                    [36m>[39m
                      [36m<path[39m
                        [33md[39m=[32m"m18 16 4-4-4-4"[39m
                      [36m/>[39m
                      [36m<path[39m
                        [33md[39m=[32m"m6 8-4 4 4 4"[39m
                      [36m/>[39m
                      [36m<path[39m
                        [33md[39m=[32m"m14.5 4-5 16"[39m
                      [36m/>[39m
                    [36m</svg>[39m
                    [0mCode[0m
                  [36m</button>[39m
                [36m</div>[39m
              [36m</div>[39m
            [36m</div>[39m
            [36m<div[39m
              [33mclass[39m=[32m"sc-DZJJV fJevky"[39m
            [36m>[39m
              [36m<button[39m
                [33mclass[39m=[32m"sc-kUouGy kQbVHr"[39m
              [36m>[39m
                [0mAPI Explorer[0m
              [36m</button>[39m
              [36m<button[39m
                [33mclass[39m=[32m"sc-kUouGy jhZqWL"[39m
              [36m>[39m
                [0mRequest History[0m
              [36m</button>[39m
              [36m<button[39m
                [33mclass[39m=[32m"sc-kUouGy jhZqWL"[39m
              [36m>[39m
                [0mCode Snippets[0m
              [36m</button>[39m
            [36m</div>[39m
            [36m<div[39m
              [33mclass[39m=[32m"sc-koBvLg emhtRW"[39m
            [36m>[39m
              [36m<div[39m
                [33mclass[39m=[32m"sc-fhHczv sc-bSFBcf lasDUW hkwmPN"[39m
              [36m>[39m
                [36m<div[39m
                  [33mclass[39m=[32m"sc-ggWZvA jrJtVq"[39m
                [36m>[39m
                  [36m<h3[39m
                    [33mclass[39m=[32m"sc-dTvVRJ bkmBgs"[39m
                  [36m>[39m
                    [0mRequest[0m
                  [36m</h3>[39m
                [36m</div>[39m
                [36m<div[39m
                  [33mclass[39m=[32m"sc-hjsuWn lcauGV"[39m
                [36m>[39m
                  [36m<div[39m
                    [33mclass[39m=[32m"sc-eqYatC BfFaI"[39m
                    [33mstyle[39m=[32m"margin-bottom: 1rem;"[39m
                  [36m>[39m
                    [36m<select[39m
                      [33mclass[39m=[32m"sc-gsJsQu kUgtEP"[39m
                    [36m>[39m
                      [36m<option[39m
                        [33mvalue[39m=[32m"GET"[39m
                      [36m>[39m
                        [0mGET[0m
                      [36m</option>[39m
                      [36m<option[39m
                        [33mvalue[39m=[32m"POST"[39m
                      [36m>[39m
                        [0mPOST[0m
                      [36m</option>[39m
                      [36m<option[39m
                        [33mvalue[39m=[32m"PUT"[39m
                      [36m>[39m
                        [0mPUT[0m
                      [36m</option>[39m
                      [36m<option[39m
                        [33mvalue[39m=[32m"PATCH"[39m
                      [36m>[39m
                        [0mPATCH[0m
                      [36m</option>[39m
                      [36m<option[39m
                        [33mvalue[39m=[32m"DELETE"[39m
                      [36m>[39m
                        [0mDELETE[0m
                      [36m</option>[39m
                    [36m</select>[39m
                    [36m<input[39m
                      [33mclass[39m=[32m"sc-cCVJLD sc-ibashp gaYutE eFVpaW"[39m
                      [33mplaceholder[39m=[32m"Enter request URL..."[39m
                      [33mtype[39m=[32m"text"[39m
                      [33mvalue[39m=[32m"{{BASE_URL}}/users"[39m
                    [36m/>[39m
                    [36m<button[39m
                      [33mclass[39m=[32m"sc-bRKDuR launxd"[39m
                    [36m>[39m
                      [36m<svg[39m
                        [33mclass[39m=[32m"lucide lucide-play"[39m
                        [33mfill[39m=[32m"none"[39m
                        [33mheight[39m=[32m"20"[39m
                        [33mstroke[39m=[32m"currentColor"[39m
                        [33mstroke-linecap[39m=[32m"round"[39m
                        [33mstroke-linejoin[39m=[32m"round"[39m
                        [33mstroke-width[39m=[32m"2"[39m
                        [33mviewBox[39m=[32m"0 0 24 24"[39m
                        [33mwidth[39m=[32m"20"[39m
                        [33mxmlns[39m=[32m"http://www.w3.org/2000/svg"[39m
                      [36m>[39m
                        [36m<polygon[39m
                          [33mpoints[39m=[32m"5 3 19 12 5 21 5 3"[39m
                        [36m/>[39m
                      [36m</svg>[39m
                      [0mSend[0m
                    [36m</button>[39m
                  [36m</div>[39m
                  [36m<div[39m
                    [33mclass[39m=[32m"sc-blIAwI eIqjJa"[39m
                  [36m>[39m
                    [36m<p[39m
                      [33mclass[39m=[32m"sc-fbQrwq hJkJgj"[39m
                      [33mstyle[39m=[32m"margin-bottom: 0.5rem;"[39m
                      [33mweight[39m=[32m"semibold"[39m
                    [36m>[39m
                      [0mHeaders[0m
                    [36m</p>[39m
                    [36m<div[39m
                      [33mclass[39m=[32m"sc-itBLYH cDOjoP"[39m
                    [36m>[39m
                      [36m<input[39m
                        [33mclass[39m=[32m"sc-cCVJLD gaYutE"[39m
                        [33mplaceholder[39m=[32m"Header name"[39m
                        [33mtype[39m=[32m"text"[39m
                        [33mvalue[39m=[32m"Content-Type"[39m
                      [36m/>[39m
                      [36m<input[39m
                        [33mclass[39m=[32m"sc-cCVJLD gaYutE"[39m
                        [33mplaceholder[39m=[32m"Header value"[39m
                        [33mtype[39m=[32m"text"[39m
                        [33mvalue[39m=[32m"application/json"[39m
                      [36m/>[39m
                    [36m</div>[39m
                    [36m<button[39m
                      [33mclass[39m=[32m"sc-bRKDuR gMRavL"[39m
                      [33mvariant[39m=[32m"outline"[39m
                    [36m>[39m
                      [0mAdd Header[0m
                    [36m</button>[39m
                  [36m</div>[39m
                [36m</div>[39m
              [36m</div>[39m
              [36m<div[39m
                [33mstyle[39m=[32m"margin-top: 1.5rem;"[39m
              [36m>[39m
                [36m<div[39m
                  [33mdata-testid[39m=[32m"swagger-ui"[39m
                [36m>[39m
                  [0mSwagger UI Mock[0m
                [36m</div>[39m
              [36m</div>[39m
            [36m</div>[39m
          [36m</div>[39m
        [36m</div>[39m
        [36m<div[39m
          [33mclass[39m=[32m"sc-jxOwhs gkzgRS"[39m
        [36m>[39m
          [36m<div[39m
            [33mstyle[39m=[32m"padding: 1rem;"[39m
          [36m>[39m
            [36m<div[39m
              [33mclass[39m=[32m"sc-eqYatC gSlqz"[39m
              [33mstyle[39m=[32m"margin-bottom: 1rem;"[39m
            [36m>[39m
              [36m<h3[39m
                [33mclass[39m=[32m"sc-kvnevz irKCSL"[39m
              [36m>[39m
                [0mRequest History[0m
              [36m</h3>[39m
              [36m<button[39m
                [33mclass[39m=[32m"sc-bRKDuR iqrrIY"[39m
                [33mvariant[39m=[32m"ghost"[39m
              [36m>[39m
                [0m✕[0m
              [36m</button>[39m
            [36m</div>[39m
            [36m<p[39m
              [33mclass[39m=[32m"sc-fbQrwq diSTbZ"[39m
              [33mcolor[39m=[32m"secondary"[39m
            [36m>[39m
              [0mNo requests yet[0m
            [36m</p>[39m
          [36m</div>[39m
        [36m</div>[39m
      [36m</div>[39m
    [36m</body>[39m

      232 |     fireEvent.click(screen.getByText('Send'));
      233 |
    > 234 |     await waitFor(() => {
          |                  ^
      235 |       expect(screen.getByText(/Response/)).toBeInTheDocument();
      236 |       expect(screen.getByText(/200/)).toBeInTheDocument();
      237 |       expect(screen.getByText(/This is a simulated response/)).toBeInTheDocument();

      at waitForWrapper (node_modules/@testing-library/react/node_modules/@testing-library/dom/dist/wait-for.js:166:27)
      at Object.<anonymous> (src/components/__tests__/UnifiedApiExplorer.test.tsx:234:18)

  ● UnifiedApiExplorer › should save and load request history

    Unable to find an element with the text: /Response/. This could be because the text is broken up by multiple elements. In this case, you can provide a function for your text matcher to make your matcher more flexible.

    Ignored nodes: comments, script, style
    [36m<body>[39m
      [36m<div>[39m
        [36m<div[39m
          [33mclass[39m=[32m"sc-dNFkOE bpJcYT"[39m
        [36m>[39m
          [36m<div[39m
            [33mclass[39m=[32m"sc-fszimp RkDfF"[39m
          [36m>[39m
            [36m<div[39m
              [33mclass[39m=[32m"sc-bjMIFn dkUTTl"[39m
            [36m>[39m
              [36m<svg[39m
                [33mclass[39m=[32m"sc-fhfEft jdZxDh"[39m
                [33mfill[39m=[32m"none"[39m
                [33mheight[39m=[32m"20"[39m
                [33mstroke[39m=[32m"currentColor"[39m
                [33mstroke-linecap[39m=[32m"round"[39m
                [33mstroke-linejoin[39m=[32m"round"[39m
                [33mstroke-width[39m=[32m"2"[39m
                [33mviewBox[39m=[32m"0 0 24 24"[39m
                [33mwidth[39m=[32m"20"[39m
                [33mxmlns[39m=[32m"http://www.w3.org/2000/svg"[39m
              [36m>[39m
                [36m<circle[39m
                  [33mcx[39m=[32m"11"[39m
                  [33mcy[39m=[32m"11"[39m
                  [33mr[39m=[32m"8"[39m
                [36m/>[39m
                [36m<path[39m
                  [33md[39m=[32m"m21 21-4.3-4.3"[39m
                [36m/>[39m
              [36m</svg>[39m
              [36m<input[39m
                [33mclass[39m=[32m"sc-cCVJLD sc-dClGHI gaYutE jeoCNx"[39m
                [33mplaceholder[39m=[32m"Search APIs..."[39m
                [33mtype[39m=[32m"text"[39m
                [33mvalue[39m=[32m""[39m
              [36m/>[39m
            [36m</div>[39m
            [36m<div[39m
              [33mclass[39m=[32m"sc-bAehkN iklRLd"[39m
            [36m>[39m
              [36m<div[39m
                [33mclass[39m=[32m"sc-gahYZc bqXIUo"[39m
                [33mdatatype[39m=[32m"OpenAPI"[39m
              [36m>[39m
                [36m<div[39m
                  [33mclass[39m=[32m"sc-eqYatC gSlqz"[39m
                  [33mstyle[39m=[32m"margin-bottom: 0.5rem;"[39m
                [36m>[39m
                  [36m<p[39m
                    [33mclass[39m=[32m"sc-fbQrwq hJkJgj"[39m
                    [33mweight[39m=[32m"semibold"[39m
                  [36m>[39m
                    [0mUser API[0m
                  [36m</p>[39m
                  [36m<span[39m
                    [33mclass[39m=[32m"sc-pYNGo cghKyQ"[39m
                  [36m>[39m
                    [0mOpenAPI[0m
                  [36m</span>[39m
                [36m</div>[39m
                [36m<p[39m
                  [33mclass[39m=[32m"sc-fbQrwq fSRbFM"[39m
                  [33mcolor[39m=[32m"secondary"[39m
                [36m>[39m
                  [0mapi/openapi.yaml[0m
                [36m</p>[39m
              [36m</div>[39m
            [36m</div>[39m
            [36m<div[39m
              [33mclass[39m=[32m"sc-cpclqO iaYnfr"[39m
            [36m>[39m
              [36m<p[39m
                [33mclass[39m=[32m"sc-fbQrwq hJkJgj"[39m
                [33mstyle[39m=[32m"margin-bottom: 0.5rem;"[39m
                [33mweight[39m=[32m"semibold"[39m
              [36m>[39m
                [0mEnvironment[0m
              [36m</p>[39m
              [36m<select[39m
                [33mstyle[39m=[32m"width: 100%; padding: 0.5rem; background: rgb(255, 255, 255); color: rgb(33, 33, 33); border-radius: 0.375rem;"[39m
              [36m>[39m
                [36m<option[39m
                  [33mvalue[39m=[32m"Development"[39m
                [36m>[39m
                  [0mDevelopment[0m
                [36m</option>[39m
                [36m<option[39m
                  [33mvalue[39m=[32m"Production"[39m
                [36m>[39m
                  [0mProduction[0m
                [36m</option>[39m
              [36m</select>[39m
            [36m</div>[39m
          [36m</div>[39m
          [36m<div[39m
            [33mclass[39m=[32m"sc-etsjJW iLfPfi"[39m
          [36m>[39m
            [36m<div[39m
              [33mclass[39m=[32m"sc-fYmhhH hQEFBY"[39m
            [36m>[39m
              [36m<div[39m
                [33mclass[39m=[32m"sc-eqYatC gSlqz"[39m
              [36m>[39m
                [36m<div>[39m
                  [36m<h2[39m
                    [33mclass[39m=[32m"sc-dntSTA fKUUfw"[39m
                    [33mstyle[39m=[32m"margin: 0px;"[39m
                  [36m>[39m
                    [0mUser API[0m
                  [36m</h2>[39m
                  [36m<p[39m
                    [33mclass[39m=[32m"sc-fbQrwq diSTbZ"[39m
                    [33mcolor[39m=[32m"secondary"[39m
                    [33mstyle[39m=[32m"margin-top: 0.25rem;"[39m
                  [36m>[39m
                    [0mOpenAPI[0m
                    [0m • [0m
                    [0m1.0.0[0m
                  [36m</p>[39m
                [36m</div>[39m
                [36m<div[39m
                  [33mclass[39m=[32m"sc-eqYatC BfFaI"[39m
                [36m>[39m
                  [36m<button[39m
                    [33mclass[39m=[32m"sc-bRKDuR iuryfz"[39m
                    [33mvariant[39m=[32m"outline"[39m
                  [36m>[39m
                    [36m<svg[39m
                      [33mclass[39m=[32m"lucide lucide-history"[39m
                      [33mfill[39m=[32m"none"[39m
                      [33mheight[39m=[32m"20"[39m
                      [33mstroke[39m=[32m"currentColor"[39m
                      [33mstroke-linecap[39m=[32m"round"[39m
                      [33mstroke-linejoin[39m=[32m"round"[39m
                      [33mstroke-width[39m=[32m"2"[39m
                      [33mviewBox[39m=[32m"0 0 24 24"[39m
                      [33mwidth[39m=[32m"20"[39m
                      [33mxmlns[39m=[32m"http://www.w3.org/2000/svg"[39m
                    [36m>[39m
                      [36m<path[39m
                        [33md[39m=[32m"M3 12a9 9 0 1 0 9-9 9.75 9.75 0 0 0-6.74 2.74L3 8"[39m
                      [36m/>[39m
                      [36m<path[39m
                        [33md[39m=[32m"M3 3v5h5"[39m
                      [36m/>[39m
                      [36m<path[39m
                        [33md[39m=[32m"M12 7v5l4 2"[39m
                      [36m/>[39m
                    [36m</svg>[39m
                    [0mHistory[0m
                  [36m</button>[39m
                  [36m<button[39m
                    [33mclass[39m=[32m"sc-bRKDuR iuryfz"[39m
                    [33mvariant[39m=[32m"outline"[39m
                  [36m>[39m
                    [36m<svg[39m
                      [33mclass[39m=[32m"lucide lucide-code2"[39m
                      [33mfill[39m=[32m"none"[39m
                      [33mheight[39m=[32m"20"[39m
                      [33mstroke[39m=[32m"currentColor"[39m
                      [33mstroke-linecap[39m=[32m"round"[39m
                      [33mstroke-linejoin[39m=[32m"round"[39m
                      [33mstroke-width[39m=[32m"2"[39m
                      [33mviewBox[39m=[32m"0 0 24 24"[39m
                      [33mwidth[39m=[32m"20"[39m
                      [33mxmlns[39m=[32m"http://www.w3.org/2000/svg"[39m
                    [36m>[39m
                      [36m<path[39m
                        [33md[39m=[32m"m18 16 4-4-4-4"[39m
                      [36m/>[39m
                      [36m<path[39m
                        [33md[39m=[32m"m6 8-4 4 4 4"[39m
                      [36m/>[39m
                      [36m<path[39m
                        [33md[39m=[32m"m14.5 4-5 16"[39m
                      [36m/>[39m
                    [36m</svg>[39m
                    [0mCode[0m
                  [36m</button>[39m
                [36m</div>[39m
              [36m</div>[39m
            [36m</div>[39m
            [36m<div[39m
              [33mclass[39m=[32m"sc-DZJJV fJevky"[39m
            [36m>[39m
              [36m<button[39m
                [33mclass[39m=[32m"sc-kUouGy kQbVHr"[39m
              [36m>[39m
                [0mAPI Explorer[0m
              [36m</button>[39m
              [36m<button[39m
                [33mclass[39m=[32m"sc-kUouGy jhZqWL"[39m
              [36m>[39m
                [0mRequest History[0m
              [36m</button>[39m
              [36m<button[39m
                [33mclass[39m=[32m"sc-kUouGy jhZqWL"[39m
              [36m>[39m
                [0mCode Snippets[0m
              [36m</button>[39m
            [36m</div>[39m
            [36m<div[39m
              [33mclass[39m=[32m"sc-koBvLg emhtRW"[39m
            [36m>[39m
              [36m<div[39m
                [33mclass[39m=[32m"sc-fhHczv sc-bSFBcf lasDUW hkwmPN"[39m
              [36m>[39m
                [36m<div[39m
                  [33mclass[39m=[32m"sc-ggWZvA jrJtVq"[39m
                [36m>[39m
                  [36m<h3[39m
                    [33mclass[39m=[32m"sc-dTvVRJ bkmBgs"[39m
                  [36m>[39m
                    [0mRequest[0m
                  [36m</h3>[39m
                [36m</div>[39m
                [36m<div[39m
                  [33mclass[39m=[32m"sc-hjsuWn lcauGV"[39m
                [36m>[39m
                  [36m<div[39m
                    [33mclass[39m=[32m"sc-eqYatC BfFaI"[39m
                    [33mstyle[39m=[32m"margin-bottom: 1rem;"[39m
                  [36m>[39m
                    [36m<select[39m
                      [33mclass[39m=[32m"sc-gsJsQu kUgtEP"[39m
                    [36m>[39m
                      [36m<option[39m
                        [33mvalue[39m=[32m"GET"[39m
                      [36m>[39m
                        [0mGET[0m
                      [36m</option>[39m
                      [36m<option[39m
                        [33mvalue[39m=[32m"POST"[39m
                      [36m>[39m
                        [0mPOST[0m
                      [36m</option>[39m
                      [36m<option[39m
                        [33mvalue[39m=[32m"PUT"[39m
                      [36m>[39m
                        [0mPUT[0m
                      [36m</option>[39m
                      [36m<option[39m
                        [33mvalue[39m=[32m"PATCH"[39m
                      [36m>[39m
                        [0mPATCH[0m
                      [36m</option>[39m
                      [36m<option[39m
                        [33mvalue[39m=[32m"DELETE"[39m
                      [36m>[39m
                        [0mDELETE[0m
                      [36m</option>[39m
                    [36m</select>[39m
                    [36m<input[39m
                      [33mclass[39m=[32m"sc-cCVJLD sc-ibashp gaYutE eFVpaW"[39m
                      [33mplaceholder[39m=[32m"Enter request URL..."[39m
                      [33mtype[39m=[32m"text"[39m
                      [33mvalue[39m=[32m"{{BASE_URL}}/users"[39m
                    [36m/>[39m
                    [36m<button[39m
                      [33mclass[39m=[32m"sc-bRKDuR launxd"[39m
                    [36m>[39m
                      [36m<svg[39m
                        [33mclass[39m=[32m"lucide lucide-play"[39m
                        [33mfill[39m=[32m"none"[39m
                        [33mheight[39m=[32m"20"[39m
                        [33mstroke[39m=[32m"currentColor"[39m
                        [33mstroke-linecap[39m=[32m"round"[39m
                        [33mstroke-linejoin[39m=[32m"round"[39m
                        [33mstroke-width[39m=[32m"2"[39m
                        [33mviewBox[39m=[32m"0 0 24 24"[39m
                        [33mwidth[39m=[32m"20"[39m
                        [33mxmlns[39m=[32m"http://www.w3.org/2000/svg"[39m
                      [36m>[39m
                        [36m<polygon[39m
                          [33mpoints[39m=[32m"5 3 19 12 5 21 5 3"[39m
                        [36m/>[39m
                      [36m</svg>[39m
                      [0mSend[0m
                    [36m</button>[39m
                  [36m</div>[39m
                  [36m<div[39m
                    [33mclass[39m=[32m"sc-blIAwI eIqjJa"[39m
                  [36m>[39m
                    [36m<p[39m
                      [33mclass[39m=[32m"sc-fbQrwq hJkJgj"[39m
                      [33mstyle[39m=[32m"margin-bottom: 0.5rem;"[39m
                      [33mweight[39m=[32m"semibold"[39m
                    [36m>[39m
                      [0mHeaders[0m
                    [36m</p>[39m
                    [36m<div[39m
                      [33mclass[39m=[32m"sc-itBLYH cDOjoP"[39m
                    [36m>[39m
                      [36m<input[39m
                        [33mclass[39m=[32m"sc-cCVJLD gaYutE"[39m
                        [33mplaceholder[39m=[32m"Header name"[39m
                        [33mtype[39m=[32m"text"[39m
                        [33mvalue[39m=[32m"Content-Type"[39m
                      [36m/>[39m
                      [36m<input[39m
                        [33mclass[39m=[32m"sc-cCVJLD gaYutE"[39m
                        [33mplaceholder[39m=[32m"Header value"[39m
                        [33mtype[39m=[32m"text"[39m
                        [33mvalue[39m=[32m"application/json"[39m
                      [36m/>[39m
                    [36m</div>[39m
                    [36m<button[39m
                      [33mclass[39m=[32m"sc-bRKDuR gMRavL"[39m
                      [33mvariant[39m=[32m"outline"[39m
                    [36m>[39m
                      [0mAdd Header[0m
                    [36m</button>[39m
                  [36m</div>[39m
                [36m</div>[39m
              [36m</div>[39m
              [36m<div[39m
                [33mstyle[39m=[32m"margin-top: 1.5rem;"[39m
              [36m>[39m
                [36m<div[39m
                  [33mdata-testid[39m=[32m"swagger-ui"[39m
                [36m>[39m
                  [0mSwagger UI Mock[0m
                [36m</div>[39m
              [36m</div>[39m
            [36m</div>[39m
          [36m</div>[39m
        [36m</div>[39m
        [36m<div[39m
          [33mclass[39m=[32m"sc-jxOwhs gkzgRS"[39m
        [36m>[39m
          [36m<div[39m
            [33mstyle[39m=[32m"padding: 1rem;"[39m
          [36m>[39m
            [36m<div[39m
              [33mclass[39m=[32m"sc-eqYatC gSlqz"[39m
              [33mstyle[39m=[32m"margin-bottom: 1rem;"[39m
            [36m>[39m
              [36m<h3[39m
                [33mclass[39m=[32m"sc-kvnevz irKCSL"[39m
              [36m>[39m
                [0mRequest History[0m
              [36m</h3>[39m
              [36m<button[39m
                [33mclass[39m=[32m"sc-bRKDuR iqrrIY"[39m
                [33mvariant[39m=[32m"ghost"[39m
              [36m>[39m
                [0m✕[0m
              [36m</button>[39m
            [36m</div>[39m
            [36m<p[39m
              [33mclass[39m=[32m"sc-fbQrwq diSTbZ"[39m
              [33mcolor[39m=[32m"secondary"[39m
            [36m>[39m
              [0mNo requests yet[0m
            [36m</p>[39m
          [36m</div>[39m
        [36m</div>[39m
      [36m</div>[39m
    [36m</body>[39m

      279 |     fireEvent.click(screen.getByText('Send'));
      280 |
    > 281 |     await waitFor(() => {
          |                  ^
      282 |       expect(screen.getByText(/Response/)).toBeInTheDocument();
      283 |     });
      284 |

      at waitForWrapper (node_modules/@testing-library/react/node_modules/@testing-library/dom/dist/wait-for.js:166:27)
      at Object.<anonymous> (src/components/__tests__/UnifiedApiExplorer.test.tsx:281:18)

FAIL src/components/__tests__/App.test.tsx
  ● App › renders Header component

    TypeError: Cannot read properties of undefined (reading 'background')

      17 |   align-items: center;
      18 |   justify-content: center;
    > 19 |   background: ${props => props.theme.colors.background.primary};
         |                                             ^
      20 |   padding: ${props => props.theme.spacing[8]};
      21 | `;
      22 |

      at result (src/components/ErrorBoundary.tsx:19:45)
      at componentId (node_modules/styled-components/src/utils/flatten.ts:71:24)
      at e.NODE_ENV [as generateAndInjectStyles] (node_modules/styled-components/src/models/ComponentStyle.ts:90:43)
      at warnTooManyClasses (node_modules/styled-components/src/models/StyledComponent.ts:70:19)
      at componentStyle (node_modules/styled-components/src/models/StyledComponent.ts:172:24)
      at I (node_modules/styled-components/src/models/StyledComponent.ts:270:26)
      at renderWithHooks (node_modules/react-dom/cjs/react-dom.development.js:15486:18)
      at updateForwardRef (node_modules/react-dom/cjs/react-dom.development.js:19245:20)
      at beginWork (node_modules/react-dom/cjs/react-dom.development.js:21675:16)
      at beginWork$1 (node_modules/react-dom/cjs/react-dom.development.js:27465:14)
      at performUnitOfWork (node_modules/react-dom/cjs/react-dom.development.js:26599:12)
      at workLoopSync (node_modules/react-dom/cjs/react-dom.development.js:26505:5)
      at renderRootSync (node_modules/react-dom/cjs/react-dom.development.js:26473:7)
      at recoverFromConcurrentError (node_modules/react-dom/cjs/react-dom.development.js:25889:20)
      at performConcurrentWorkOnRoot (node_modules/react-dom/cjs/react-dom.development.js:25789:22)
      at flushActQueue (node_modules/react/cjs/react.development.js:2667:24)
      at act (node_modules/react/cjs/react.development.js:2582:11)
      at actWithWarning (node_modules/react-dom/cjs/react-dom-test-utils.development.js:1740:10)
      at node_modules/@testing-library/react/dist/act-compat.js:63:25
      at renderRoot (node_modules/@testing-library/react/dist/pure.js:159:26)
      at render (node_modules/@testing-library/react/dist/pure.js:246:10)
      at Object.<anonymous> (src/components/__tests__/App.test.tsx:160:11)

  ● App › has correct container structure

    TypeError: Cannot read properties of undefined (reading 'background')

      17 |   align-items: center;
      18 |   justify-content: center;
    > 19 |   background: ${props => props.theme.colors.background.primary};
         |                                             ^
      20 |   padding: ${props => props.theme.spacing[8]};
      21 | `;
      22 |

      at result (src/components/ErrorBoundary.tsx:19:45)
      at componentId (node_modules/styled-components/src/utils/flatten.ts:71:24)
      at e.NODE_ENV [as generateAndInjectStyles] (node_modules/styled-components/src/models/ComponentStyle.ts:90:43)
      at warnTooManyClasses (node_modules/styled-components/src/models/StyledComponent.ts:70:19)
      at componentStyle (node_modules/styled-components/src/models/StyledComponent.ts:172:24)
      at I (node_modules/styled-components/src/models/StyledComponent.ts:270:26)
      at renderWithHooks (node_modules/react-dom/cjs/react-dom.development.js:15486:18)
      at updateForwardRef (node_modules/react-dom/cjs/react-dom.development.js:19245:20)
      at beginWork (node_modules/react-dom/cjs/react-dom.development.js:21675:16)
      at beginWork$1 (node_modules/react-dom/cjs/react-dom.development.js:27465:14)
      at performUnitOfWork (node_modules/react-dom/cjs/react-dom.development.js:26599:12)
      at workLoopSync (node_modules/react-dom/cjs/react-dom.development.js:26505:5)
      at renderRootSync (node_modules/react-dom/cjs/react-dom.development.js:26473:7)
      at recoverFromConcurrentError (node_modules/react-dom/cjs/react-dom.development.js:25889:20)
      at performConcurrentWorkOnRoot (node_modules/react-dom/cjs/react-dom.development.js:25789:22)
      at flushActQueue (node_modules/react/cjs/react.development.js:2667:24)
      at act (node_modules/react/cjs/react.development.js:2582:11)
      at actWithWarning (node_modules/react-dom/cjs/react-dom-test-utils.development.js:1740:10)
      at node_modules/@testing-library/react/dist/act-compat.js:63:25
      at renderRoot (node_modules/@testing-library/react/dist/pure.js:159:26)
      at render (node_modules/@testing-library/react/dist/pure.js:246:10)
      at Object.<anonymous> (src/components/__tests__/App.test.tsx:165:11)

  ● App › renders repository list by default

    TypeError: Cannot read properties of undefined (reading 'background')

      17 |   align-items: center;
      18 |   justify-content: center;
    > 19 |   background: ${props => props.theme.colors.background.primary};
         |                                             ^
      20 |   padding: ${props => props.theme.spacing[8]};
      21 | `;
      22 |

      at result (src/components/ErrorBoundary.tsx:19:45)
      at componentId (node_modules/styled-components/src/utils/flatten.ts:71:24)
      at e.NODE_ENV [as generateAndInjectStyles] (node_modules/styled-components/src/models/ComponentStyle.ts:90:43)
      at warnTooManyClasses (node_modules/styled-components/src/models/StyledComponent.ts:70:19)
      at componentStyle (node_modules/styled-components/src/models/StyledComponent.ts:172:24)
      at I (node_modules/styled-components/src/models/StyledComponent.ts:270:26)
      at renderWithHooks (node_modules/react-dom/cjs/react-dom.development.js:15486:18)
      at updateForwardRef (node_modules/react-dom/cjs/react-dom.development.js:19245:20)
      at beginWork (node_modules/react-dom/cjs/react-dom.development.js:21675:16)
      at beginWork$1 (node_modules/react-dom/cjs/react-dom.development.js:27465:14)
      at performUnitOfWork (node_modules/react-dom/cjs/react-dom.development.js:26599:12)
      at workLoopSync (node_modules/react-dom/cjs/react-dom.development.js:26505:5)
      at renderRootSync (node_modules/react-dom/cjs/react-dom.development.js:26473:7)
      at recoverFromConcurrentError (node_modules/react-dom/cjs/react-dom.development.js:25889:20)
      at performConcurrentWorkOnRoot (node_modules/react-dom/cjs/react-dom.development.js:25789:22)
      at flushActQueue (node_modules/react/cjs/react.development.js:2667:24)
      at act (node_modules/react/cjs/react.development.js:2582:11)
      at actWithWarning (node_modules/react-dom/cjs/react-dom-test-utils.development.js:1740:10)
      at node_modules/@testing-library/react/dist/act-compat.js:63:25
      at renderRoot (node_modules/@testing-library/react/dist/pure.js:159:26)
      at render (node_modules/@testing-library/react/dist/pure.js:246:10)
      at Object.<anonymous> (src/components/__tests__/App.test.tsx:171:11)

  ● App › does not show sync status initially

    TypeError: Cannot read properties of undefined (reading 'background')

      17 |   align-items: center;
      18 |   justify-content: center;
    > 19 |   background: ${props => props.theme.colors.background.primary};
         |                                             ^
      20 |   padding: ${props => props.theme.spacing[8]};
      21 | `;
      22 |

      at result (src/components/ErrorBoundary.tsx:19:45)
      at componentId (node_modules/styled-components/src/utils/flatten.ts:71:24)
      at e.NODE_ENV [as generateAndInjectStyles] (node_modules/styled-components/src/models/ComponentStyle.ts:90:43)
      at warnTooManyClasses (node_modules/styled-components/src/models/StyledComponent.ts:70:19)
      at componentStyle (node_modules/styled-components/src/models/StyledComponent.ts:172:24)
      at I (node_modules/styled-components/src/models/StyledComponent.ts:270:26)
      at renderWithHooks (node_modules/react-dom/cjs/react-dom.development.js:15486:18)
      at updateForwardRef (node_modules/react-dom/cjs/react-dom.development.js:19245:20)
      at beginWork (node_modules/react-dom/cjs/react-dom.development.js:21675:16)
      at beginWork$1 (node_modules/react-dom/cjs/react-dom.development.js:27465:14)
      at performUnitOfWork (node_modules/react-dom/cjs/react-dom.development.js:26599:12)
      at workLoopSync (node_modules/react-dom/cjs/react-dom.development.js:26505:5)
      at renderRootSync (node_modules/react-dom/cjs/react-dom.development.js:26473:7)
      at recoverFromConcurrentError (node_modules/react-dom/cjs/react-dom.development.js:25889:20)
      at performConcurrentWorkOnRoot (node_modules/react-dom/cjs/react-dom.development.js:25789:22)
      at flushActQueue (node_modules/react/cjs/react.development.js:2667:24)
      at act (node_modules/react/cjs/react.development.js:2582:11)
      at actWithWarning (node_modules/react-dom/cjs/react-dom-test-utils.development.js:1740:10)
      at node_modules/@testing-library/react/dist/act-compat.js:63:25
      at renderRoot (node_modules/@testing-library/react/dist/pure.js:159:26)
      at render (node_modules/@testing-library/react/dist/pure.js:246:10)
      at Object.<anonymous> (src/components/__tests__/App.test.tsx:176:11)

  ● App › does not perform auto-sync on startup

    TypeError: Cannot read properties of undefined (reading 'background')

      17 |   align-items: center;
      18 |   justify-content: center;
    > 19 |   background: ${props => props.theme.colors.background.primary};
         |                                             ^
      20 |   padding: ${props => props.theme.spacing[8]};
      21 | `;
      22 |

      at result (src/components/ErrorBoundary.tsx:19:45)
      at componentId (node_modules/styled-components/src/utils/flatten.ts:71:24)
      at e.NODE_ENV [as generateAndInjectStyles] (node_modules/styled-components/src/models/ComponentStyle.ts:90:43)
      at warnTooManyClasses (node_modules/styled-components/src/models/StyledComponent.ts:70:19)
      at componentStyle (node_modules/styled-components/src/models/StyledComponent.ts:172:24)
      at I (node_modules/styled-components/src/models/StyledComponent.ts:270:26)
      at renderWithHooks (node_modules/react-dom/cjs/react-dom.development.js:15486:18)
      at updateForwardRef (node_modules/react-dom/cjs/react-dom.development.js:19245:20)
      at beginWork (node_modules/react-dom/cjs/react-dom.development.js:21675:16)
      at beginWork$1 (node_modules/react-dom/cjs/react-dom.development.js:27465:14)
      at performUnitOfWork (node_modules/react-dom/cjs/react-dom.development.js:26599:12)
      at workLoopSync (node_modules/react-dom/cjs/react-dom.development.js:26505:5)
      at renderRootSync (node_modules/react-dom/cjs/react-dom.development.js:26473:7)
      at recoverFromConcurrentError (node_modules/react-dom/cjs/react-dom.development.js:25889:20)
      at performConcurrentWorkOnRoot (node_modules/react-dom/cjs/react-dom.development.js:25789:22)
      at flushActQueue (node_modules/react/cjs/react.development.js:2667:24)
      at act (node_modules/react/cjs/react.development.js:2582:11)
      at actWithWarning (node_modules/react-dom/cjs/react-dom-test-utils.development.js:1740:10)
      at node_modules/@testing-library/react/dist/act-compat.js:63:25
      at renderRoot (node_modules/@testing-library/react/dist/pure.js:159:26)
      at render (node_modules/@testing-library/react/dist/pure.js:246:10)
      at Object.<anonymous> (src/components/__tests__/App.test.tsx:181:11)

  ● App › registers service worker in production

    TypeError: Cannot read properties of undefined (reading 'background')

      17 |   align-items: center;
      18 |   justify-content: center;
    > 19 |   background: ${props => props.theme.colors.background.primary};
         |                                             ^
      20 |   padding: ${props => props.theme.spacing[8]};
      21 | `;
      22 |

      at result (src/components/ErrorBoundary.tsx:19:45)
      at componentId (node_modules/styled-components/src/utils/flatten.ts:71:24)
      at e.NODE_ENV [as generateAndInjectStyles] (node_modules/styled-components/src/models/ComponentStyle.ts:90:43)
      at warnTooManyClasses (node_modules/styled-components/src/models/StyledComponent.ts:70:19)
      at componentStyle (node_modules/styled-components/src/models/StyledComponent.ts:172:24)
      at I (node_modules/styled-components/src/models/StyledComponent.ts:270:26)
      at renderWithHooks (node_modules/react-dom/cjs/react-dom.development.js:15486:18)
      at updateForwardRef (node_modules/react-dom/cjs/react-dom.development.js:19245:20)
      at beginWork (node_modules/react-dom/cjs/react-dom.development.js:21675:16)
      at beginWork$1 (node_modules/react-dom/cjs/react-dom.development.js:27465:14)
      at performUnitOfWork (node_modules/react-dom/cjs/react-dom.development.js:26599:12)
      at workLoopSync (node_modules/react-dom/cjs/react-dom.development.js:26505:5)
      at renderRootSync (node_modules/react-dom/cjs/react-dom.development.js:26473:7)
      at recoverFromConcurrentError (node_modules/react-dom/cjs/react-dom.development.js:25889:20)
      at performConcurrentWorkOnRoot (node_modules/react-dom/cjs/react-dom.development.js:25789:22)
      at flushActQueue (node_modules/react/cjs/react.development.js:2667:24)
      at act (node_modules/react/cjs/react.development.js:2582:11)
      at actWithWarning (node_modules/react-dom/cjs/react-dom-test-utils.development.js:1740:10)
      at node_modules/@testing-library/react/dist/act-compat.js:63:25
      at renderRoot (node_modules/@testing-library/react/dist/pure.js:159:26)
      at render (node_modules/@testing-library/react/dist/pure.js:246:10)
      at Object.<anonymous> (src/components/__tests__/App.test.tsx:200:11)

  ● App › handles service worker registration failure

    TypeError: Cannot read properties of undefined (reading 'background')

      17 |   align-items: center;
      18 |   justify-content: center;
    > 19 |   background: ${props => props.theme.colors.background.primary};
         |                                             ^
      20 |   padding: ${props => props.theme.spacing[8]};
      21 | `;
      22 |

      at result (src/components/ErrorBoundary.tsx:19:45)
      at componentId (node_modules/styled-components/src/utils/flatten.ts:71:24)
      at e.NODE_ENV [as generateAndInjectStyles] (node_modules/styled-components/src/models/ComponentStyle.ts:90:43)
      at warnTooManyClasses (node_modules/styled-components/src/models/StyledComponent.ts:70:19)
      at componentStyle (node_modules/styled-components/src/models/StyledComponent.ts:172:24)
      at I (node_modules/styled-components/src/models/StyledComponent.ts:270:26)
      at renderWithHooks (node_modules/react-dom/cjs/react-dom.development.js:15486:18)
      at updateForwardRef (node_modules/react-dom/cjs/react-dom.development.js:19245:20)
      at beginWork (node_modules/react-dom/cjs/react-dom.development.js:21675:16)
      at beginWork$1 (node_modules/react-dom/cjs/react-dom.development.js:27465:14)
      at performUnitOfWork (node_modules/react-dom/cjs/react-dom.development.js:26599:12)
      at workLoopSync (node_modules/react-dom/cjs/react-dom.development.js:26505:5)
      at renderRootSync (node_modules/react-dom/cjs/react-dom.development.js:26473:7)
      at recoverFromConcurrentError (node_modules/react-dom/cjs/react-dom.development.js:25889:20)
      at performConcurrentWorkOnRoot (node_modules/react-dom/cjs/react-dom.development.js:25789:22)
      at flushActQueue (node_modules/react/cjs/react.development.js:2667:24)
      at act (node_modules/react/cjs/react.development.js:2582:11)
      at actWithWarning (node_modules/react-dom/cjs/react-dom-test-utils.development.js:1740:10)
      at node_modules/@testing-library/react/dist/act-compat.js:63:25
      at renderRoot (node_modules/@testing-library/react/dist/pure.js:159:26)
      at render (node_modules/@testing-library/react/dist/pure.js:246:10)
      at Object.<anonymous> (src/components/__tests__/App.test.tsx:226:11)

  ● App › does not register service worker in development

    TypeError: Cannot read properties of undefined (reading 'background')

      17 |   align-items: center;
      18 |   justify-content: center;
    > 19 |   background: ${props => props.theme.colors.background.primary};
         |                                             ^
      20 |   padding: ${props => props.theme.spacing[8]};
      21 | `;
      22 |

      at result (src/components/ErrorBoundary.tsx:19:45)
      at componentId (node_modules/styled-components/src/utils/flatten.ts:71:24)
      at e.NODE_ENV [as generateAndInjectStyles] (node_modules/styled-components/src/models/ComponentStyle.ts:90:43)
      at warnTooManyClasses (node_modules/styled-components/src/models/StyledComponent.ts:70:19)
      at componentStyle (node_modules/styled-components/src/models/StyledComponent.ts:172:24)
      at I (node_modules/styled-components/src/models/StyledComponent.ts:270:26)
      at renderWithHooks (node_modules/react-dom/cjs/react-dom.development.js:15486:18)
      at updateForwardRef (node_modules/react-dom/cjs/react-dom.development.js:19245:20)
      at beginWork (node_modules/react-dom/cjs/react-dom.development.js:21675:16)
      at beginWork$1 (node_modules/react-dom/cjs/react-dom.development.js:27465:14)
      at performUnitOfWork (node_modules/react-dom/cjs/react-dom.development.js:26599:12)
      at workLoopSync (node_modules/react-dom/cjs/react-dom.development.js:26505:5)
      at renderRootSync (node_modules/react-dom/cjs/react-dom.development.js:26473:7)
      at recoverFromConcurrentError (node_modules/react-dom/cjs/react-dom.development.js:25889:20)
      at performConcurrentWorkOnRoot (node_modules/react-dom/cjs/react-dom.development.js:25789:22)
      at flushActQueue (node_modules/react/cjs/react.development.js:2667:24)
      at act (node_modules/react/cjs/react.development.js:2582:11)
      at actWithWarning (node_modules/react-dom/cjs/react-dom-test-utils.development.js:1740:10)
      at node_modules/@testing-library/react/dist/act-compat.js:63:25
      at renderRoot (node_modules/@testing-library/react/dist/pure.js:159:26)
      at render (node_modules/@testing-library/react/dist/pure.js:246:10)
      at Object.<anonymous> (src/components/__tests__/App.test.tsx:250:11)

FAIL src/__tests__/server.test.js
  ● Server.js - Complete Coverage › GET /api/repository/:repoName › returns 404 for non-existent repository

    expected 404 "Not Found", got 500 "Internal Server Error"

       95 |       const response = await request(app)
       96 |         .get('/api/repository/non-existent')
    >  97 |         .expect(404);
          |          ^
       98 |
       99 |       expect(response.body).toHaveProperty('error');
      100 |       expect(response.body.error).toBe('Repository not found');

      at Object.<anonymous> (src/__tests__/server.test.js:97:10)
      ----
      at Test._assertStatus (node_modules/supertest/lib/test.js:309:14)
      at node_modules/supertest/lib/test.js:365:13
      at Test._assertFunction (node_modules/supertest/lib/test.js:342:13)
      at Test.assert (node_modules/supertest/lib/test.js:195:23)
      at localAssert (node_modules/supertest/lib/test.js:138:14)
      at Server.<anonymous> (node_modules/supertest/lib/test.js:152:11)

  ● Server.js - Complete Coverage › GET /api/repository/:repoName › returns repository details from README

    expected 200 "OK", got 500 "Internal Server Error"

      122 |       const response = await request(app)
      123 |         .get('/api/repository/test-repo')
    > 124 |         .expect(200);
          |          ^
      125 |
      126 |       expect(response.body).toMatchObject({
      127 |         name: 'test-repo',

      at Object.<anonymous> (src/__tests__/server.test.js:124:10)
      ----
      at Test._assertStatus (node_modules/supertest/lib/test.js:309:14)
      at node_modules/supertest/lib/test.js:365:13
      at Test._assertFunction (node_modules/supertest/lib/test.js:342:13)
      at Test.assert (node_modules/supertest/lib/test.js:195:23)
      at localAssert (node_modules/supertest/lib/test.js:138:14)
      at Server.<anonymous> (node_modules/supertest/lib/test.js:152:11)

  ● Server.js - Complete Coverage › GET /api/repository/:repoName › returns repository details from package.json

    expected 200 "OK", got 500 "Internal Server Error"

      158 |       const response = await request(app)
      159 |         .get('/api/repository/test-repo')
    > 160 |         .expect(200);
          |          ^
      161 |
      162 |       expect(response.body).toMatchObject({
      163 |         name: 'test-repo',

      at Object.<anonymous> (src/__tests__/server.test.js:160:10)
      ----
      at Test._assertStatus (node_modules/supertest/lib/test.js:309:14)
      at node_modules/supertest/lib/test.js:365:13
      at Test._assertFunction (node_modules/supertest/lib/test.js:342:13)
      at Test.assert (node_modules/supertest/lib/test.js:195:23)
      at localAssert (node_modules/supertest/lib/test.js:138:14)
      at Server.<anonymous> (node_modules/supertest/lib/test.js:152:11)

  ● Server.js - Complete Coverage › GET /api/repository/:repoName › prefers package.json description over README

    expected 200 "OK", got 500 "Internal Server Error"

      186 |       const response = await request(app)
      187 |         .get('/api/repository/test-repo')
    > 188 |         .expect(200);
          |          ^
      189 |
      190 |       expect(response.body.description).toBe('Package description preferred');
      191 |     });

      at Object.<anonymous> (src/__tests__/server.test.js:188:10)
      ----
      at Test._assertStatus (node_modules/supertest/lib/test.js:309:14)
      at node_modules/supertest/lib/test.js:365:13
      at Test._assertFunction (node_modules/supertest/lib/test.js:342:13)
      at Test.assert (node_modules/supertest/lib/test.js:195:23)
      at localAssert (node_modules/supertest/lib/test.js:138:14)
      at Server.<anonymous> (node_modules/supertest/lib/test.js:152:11)

  ● Server.js - Complete Coverage › GET /api/repository/:repoName › handles missing README and package.json

    expected 200 "OK", got 500 "Internal Server Error"

      203 |       const response = await request(app)
      204 |         .get('/api/repository/test-repo')
    > 205 |         .expect(200);
          |          ^
      206 |
      207 |       expect(response.body).toMatchObject({
      208 |         name: 'test-repo',

      at Object.<anonymous> (src/__tests__/server.test.js:205:10)
      ----
      at Test._assertStatus (node_modules/supertest/lib/test.js:309:14)
      at node_modules/supertest/lib/test.js:365:13
      at Test._assertFunction (node_modules/supertest/lib/test.js:342:13)
      at Test.assert (node_modules/supertest/lib/test.js:195:23)
      at localAssert (node_modules/supertest/lib/test.js:138:14)
      at Server.<anonymous> (node_modules/supertest/lib/test.js:152:11)

  ● Server.js - Complete Coverage › GET /api/repository/:repoName › extracts description from complex README

    expected 200 "OK", got 500 "Internal Server Error"

      282 |       const response = await request(app)
      283 |         .get('/api/repository/test-repo')
    > 284 |         .expect(200);
          |          ^
      285 |
      286 |       expect(response.body.description).toBe('## Table of Contents');
      287 |     });

      at Object.<anonymous> (src/__tests__/server.test.js:284:10)
      ----
      at Test._assertStatus (node_modules/supertest/lib/test.js:309:14)
      at node_modules/supertest/lib/test.js:365:13
      at Test._assertFunction (node_modules/supertest/lib/test.js:342:13)
      at Test.assert (node_modules/supertest/lib/test.js:195:23)
      at localAssert (node_modules/supertest/lib/test.js:138:14)
      at Server.<anonymous> (node_modules/supertest/lib/test.js:152:11)

  ● Server.js - Complete Coverage › GET /api/repository/:repoName › handles README without proper description format

    expected 200 "OK", got 500 "Internal Server Error"

      307 |       const response = await request(app)
      308 |         .get('/api/repository/test-repo')
    > 309 |         .expect(200);
          |          ^
      310 |
      311 |       expect(response.body.description).toBe('Just some content without description section');
      312 |     });

      at Object.<anonymous> (src/__tests__/server.test.js:309:10)
      ----
      at Test._assertStatus (node_modules/supertest/lib/test.js:309:14)
      at node_modules/supertest/lib/test.js:365:13
      at Test._assertFunction (node_modules/supertest/lib/test.js:342:13)
      at Test.assert (node_modules/supertest/lib/test.js:195:23)
      at localAssert (node_modules/supertest/lib/test.js:138:14)
      at Server.<anonymous> (node_modules/supertest/lib/test.js:152:11)

  ● Server.js - Complete Coverage › GET /api/repository/:repoName › handles missing package.json keywords gracefully

    expected 200 "OK", got 500 "Internal Server Error"

      335 |       const response = await request(app)
      336 |         .get('/api/repository/test-repo')
    > 337 |         .expect(200);
          |          ^
      338 |
      339 |       expect(response.body.topics).toEqual([]);
      340 |     });

      at Object.<anonymous> (src/__tests__/server.test.js:337:10)
      ----
      at Test._assertStatus (node_modules/supertest/lib/test.js:309:14)
      at node_modules/supertest/lib/test.js:365:13
      at Test._assertFunction (node_modules/supertest/lib/test.js:342:13)
      at Test.assert (node_modules/supertest/lib/test.js:195:23)
      at localAssert (node_modules/supertest/lib/test.js:138:14)
      at Server.<anonymous> (node_modules/supertest/lib/test.js:152:11)

  ● Server.js - Complete Coverage › Middleware Integration › applies CORS middleware

    expected 404 "Not Found", got 500 "Internal Server Error"

      369 |       const response = await request(app)
      370 |         .get('/api/repository/test')
    > 371 |         .expect(404);
          |          ^
      372 |
      373 |       // CORS headers should be set by our mock
      374 |       expect(response.headers['access-control-allow-origin']).toBe('*');

      at Object.<anonymous> (src/__tests__/server.test.js:371:10)
      ----
      at Test._assertStatus (node_modules/supertest/lib/test.js:309:14)
      at node_modules/supertest/lib/test.js:365:13
      at Test._assertFunction (node_modules/supertest/lib/test.js:342:13)
      at Test.assert (node_modules/supertest/lib/test.js:195:23)
      at localAssert (node_modules/supertest/lib/test.js:138:14)
      at Server.<anonymous> (node_modules/supertest/lib/test.js:152:11)

FAIL src/components/__tests__/APIDocumentationHub.test.tsx
  ● APIDocumentationHub › displays API counts in overview tab

    Unable to find an element with the text: 1. This could be because the text is broken up by multiple elements. In this case, you can provide a function for your text matcher to make your matcher more flexible.

    Ignored nodes: comments, script, style
    [36m<body>[39m
      [36m<div>[39m
        [36m<div[39m
          [33mclass[39m=[32m"api-documentation-hub p-8 max-w-7xl mx-auto"[39m
        [36m>[39m
          [36m<div[39m
            [33mclass[39m=[32m"mb-8"[39m
          [36m>[39m
            [36m<a[39m
              [33mhref[39m=[32m"/repository/test-repo"[39m
            [36m>[39m
              [0m← Back to [0m
              [0mtest-repo[0m
            [36m</a>[39m
            [36m<h1[39m
              [33mclass[39m=[32m"text-3xl font-bold text-white mb-4"[39m
            [36m>[39m
              [0m�� API Documentation Hub[0m
            [36m</h1>[39m
            [36m<p[39m
              [33mclass[39m=[32m"text-gray-300"[39m
            [36m>[39m
              [0mComprehensive API documentation and exploration for [0m
              [0mtest-repo[0m
            [36m</p>[39m
          [36m</div>[39m
          [36m<div[39m
            [33mclass[39m=[32m"flex space-x-1 mb-6 bg-gray-800 rounded-lg p-1"[39m
          [36m>[39m
            [36m<button[39m
              [33mclass[39m=[32m"flex-1 px-4 py-2 rounded-md font-medium transition-colors bg-gray-700 text-white"[39m
            [36m>[39m
              [0mOverview[0m
            [36m</button>[39m
            [36m<button[39m
              [33mclass[39m=[32m"flex-1 px-4 py-2 rounded-md font-medium transition-colors text-gray-400 hover:text-white"[39m
            [36m>[39m
              [0mAPI Explorer[0m
            [36m</button>[39m
            [36m<button[39m
              [33mclass[39m=[32m"flex-1 px-4 py-2 rounded-md font-medium transition-colors text-gray-400 hover:text-white"[39m
            [36m>[39m
              [0mPostman[0m
            [36m</button>[39m
            [36m<button[39m
              [33mclass[39m=[32m"flex-1 px-4 py-2 rounded-md font-medium transition-colors text-gray-400 hover:text-white"[39m
            [36m>[39m
              [0mGraphQL[0m
            [36m</button>[39m
          [36m</div>[39m
          [36m<div>[39m
            [36m<div[39m
              [33mclass[39m=[32m"space-y-6"[39m
            [36m>[39m
              [36m<div[39m
                [33mclass[39m=[32m"grid grid-cols-1 md:grid-cols-3 gap-4"[39m
              [36m>[39m
                [36m<div[39m
                  [33mclass[39m=[32m"bg-gray-800 rounded-lg p-6"[39m
                [36m>[39m
                  [36m<div[39m
                    [33mclass[39m=[32m"flex items-center justify-between mb-4"[39m
                  [36m>[39m
                    [36m<h3[39m
                      [33mclass[39m=[32m"text-lg font-semibold text-white"[39m
                    [36m>[39m
                      [0mREST APIs[0m
                    [36m</h3>[39m
                    [36m<span[39m
                      [33mclass[39m=[32m"text-3xl"[39m
                    [36m>[39m
                      [0m��[0m
                    [36m</span>[39m
                  [36m</div>[39m
                  [36m<p[39m
                    [33mclass[39m=[32m"text-3xl font-bold text-blue-400"[39m
                  [36m>[39m
                    [0m0[0m
                  [36m</p>[39m
                  [36m<p[39m
                    [33mclass[39m=[32m"text-gray-400 mt-2"[39m
                  [36m>[39m
                    [0mOpenAPI/Swagger[0m
                  [36m</p>[39m
                [36m</div>[39m
                [36m<div[39m
                  [33mclass[39m=[32m"bg-gray-800 rounded-lg p-6"[39m
                [36m>[39m
                  [36m<div[39m
                    [33mclass[39m=[32m"flex items-center justify-between mb-4"[39m
                  [36m>[39m
                    [36m<h3[39m
                      [33mclass[39m=[32m"text-lg font-semibold text-white"[39m
                    [36m>[39m
                      [0mGraphQL APIs[0m
                    [36m</h3>[39m
                    [36m<span[39m
                      [33mclass[39m=[32m"text-3xl"[39m
                    [36m>[39m
                      [0m��[0m
                    [36m</span>[39m
                  [36m</div>[39m
                  [36m<p[39m
                    [33mclass[39m=[32m"text-3xl font-bold text-pink-400"[39m
                  [36m>[39m
                    [0m0[0m
                  [36m</p>[39m
                  [36m<p[39m
                    [33mclass[39m=[32m"text-gray-400 mt-2"[39m
                  [36m>[39m
                    [0mSchema definitions[0m
                  [36m</p>[39m
                [36m</div>[39m
                [36m<div[39m
                  [33mclass[39m=[32m"bg-gray-800 rounded-lg p-6"[39m
                [36m>[39m
                  [36m<div[39m
                    [33mclass[39m=[32m"flex items-center justify-between mb-4"[39m
                  [36m>[39m
                    [36m<h3[39m
                      [33mclass[39m=[32m"text-lg font-semibold text-white"[39m
                    [36m>[39m
                      [0mgRPC Services[0m
                    [36m</h3>[39m
                    [36m<span[39m
                      [33mclass[39m=[32m"text-3xl"[39m
                    [36m>[39m
                      [0m⚡[0m
                    [36m</span>[39m
                  [36m</div>[39m
                  [36m<p[39m
                    [33mclass[39m=[32m"text-3xl font-bold text-green-400"[39m
                  [36m>[39m
                    [0m0[0m
                  [36m</p>[39m
                  [36m<p[39m
                    [33mclass[39m=[32m"text-gray-400 mt-2"[39m
                  [36m>[39m
                    [0mProtocol buffers[0m
                  [36m</p>[39m
                [36m</div>[39m
              [36m</div>[39m
              [36m<div[39m
                [33mclass[39m=[32m"bg-gray-800 rounded-lg p-6"[39m
              [36m>[39m
                [36m<h3[39m
                  [33mclass[39m=[32m"text-xl font-semibold text-white mb-4"[39m
                [36m>[39m
                  [0mAvailable API Specifications[0m
                [36m</h3>[39m
                [36m<div[39m
                  [33mclass[39m=[32m"space-y-3"[39m
                [36m/>[39m
                [36m<p[39m
                  [33mclass[39m=[32m"text-gray-400 text-center py-8"[39m
                [36m>[39m
                  [0mNo API specifications found in this repository[0m
                [36m</p>[39m
              [36m</div>[39m
            [36m</div>[39m
          [36m</div>[39m
          [36m<div[39m
            [33mclass[39m=[32m"mt-8 bg-blue-900/20 border border-blue-800 rounded-lg p-6"[39m
          [36m>[39m
            [36m<h3[39m
              [33mclass[39m=[32m"text-blue-400 font-semibold mb-3"[39m
            [36m>[39m
              [0mℹ️ API Documentation Features[0m
            [36m</h3>[39m
            [36m<ul[39m
              [33mclass[39m=[32m"text-blue-300 space-y-2 text-sm"[39m
            [36m>[39m
              [36m<li>[39m
                [0m• Automatic detection of REST (OpenAPI/Swagger), GraphQL, and gRPC APIs[0m
              [36m</li>[39m
              [36m<li>[39m
                [0m• Interactive API Explorer for testing endpoints[0m
              [36m</li>[39m
              [36m<li>[39m
                [0m• Postman collection viewer for API testing workflows[0m
              [36m</li>[39m
              [36m<li>[39m
                [0m• GraphiQL interface for GraphQL schema exploration[0m
              [36m</li>[39m
              [36m<li>[39m
                [0m• Support for multiple API specifications per repository[0m
              [36m</li>[39m
            [36m</ul>[39m
          [36m</div>[39m
        [36m</div>[39m
      [36m</div>[39m
    [36m</body>[39m

      111 |       ok: true,
      112 |       json: async () => mockApiDetectionResult
    > 113 |     });
          |        ^
      114 |
      115 |     render(<APIDocumentationHub />);
      116 |

      at waitForWrapper (node_modules/@testing-library/react/node_modules/@testing-library/dom/dist/wait-for.js:166:27)
      at Object.<anonymous> (src/components/__tests__/APIDocumentationHub.test.tsx:113:34)

  ● APIDocumentationHub › displays available API specifications

    Unable to find an element with the text: User API. This could be because the text is broken up by multiple elements. In this case, you can provide a function for your text matcher to make your matcher more flexible.

    Ignored nodes: comments, script, style
    [36m<body>[39m
      [36m<div>[39m
        [36m<div[39m
          [33mclass[39m=[32m"api-documentation-hub p-8 max-w-7xl mx-auto"[39m
        [36m>[39m
          [36m<div[39m
            [33mclass[39m=[32m"mb-8"[39m
          [36m>[39m
            [36m<a[39m
              [33mhref[39m=[32m"/repository/test-repo"[39m
            [36m>[39m
              [0m← Back to [0m
              [0mtest-repo[0m
            [36m</a>[39m
            [36m<h1[39m
              [33mclass[39m=[32m"text-3xl font-bold text-white mb-4"[39m
            [36m>[39m
              [0m�� API Documentation Hub[0m
            [36m</h1>[39m
            [36m<p[39m
              [33mclass[39m=[32m"text-gray-300"[39m
            [36m>[39m
              [0mComprehensive API documentation and exploration for [0m
              [0mtest-repo[0m
            [36m</p>[39m
          [36m</div>[39m
          [36m<div[39m
            [33mclass[39m=[32m"flex space-x-1 mb-6 bg-gray-800 rounded-lg p-1"[39m
          [36m>[39m
            [36m<button[39m
              [33mclass[39m=[32m"flex-1 px-4 py-2 rounded-md font-medium transition-colors bg-gray-700 text-white"[39m
            [36m>[39m
              [0mOverview[0m
            [36m</button>[39m
            [36m<button[39m
              [33mclass[39m=[32m"flex-1 px-4 py-2 rounded-md font-medium transition-colors text-gray-400 hover:text-white"[39m
            [36m>[39m
              [0mAPI Explorer[0m
            [36m</button>[39m
            [36m<button[39m
              [33mclass[39m=[32m"flex-1 px-4 py-2 rounded-md font-medium transition-colors text-gray-400 hover:text-white"[39m
            [36m>[39m
              [0mPostman[0m
            [36m</button>[39m
            [36m<button[39m
              [33mclass[39m=[32m"flex-1 px-4 py-2 rounded-md font-medium transition-colors text-gray-400 hover:text-white"[39m
            [36m>[39m
              [0mGraphQL[0m
            [36m</button>[39m
          [36m</div>[39m
          [36m<div>[39m
            [36m<div[39m
              [33mclass[39m=[32m"space-y-6"[39m
            [36m>[39m
              [36m<div[39m
                [33mclass[39m=[32m"grid grid-cols-1 md:grid-cols-3 gap-4"[39m
              [36m>[39m
                [36m<div[39m
                  [33mclass[39m=[32m"bg-gray-800 rounded-lg p-6"[39m
                [36m>[39m
                  [36m<div[39m
                    [33mclass[39m=[32m"flex items-center justify-between mb-4"[39m
                  [36m>[39m
                    [36m<h3[39m
                      [33mclass[39m=[32m"text-lg font-semibold text-white"[39m
                    [36m>[39m
                      [0mREST APIs[0m
                    [36m</h3>[39m
                    [36m<span[39m
                      [33mclass[39m=[32m"text-3xl"[39m
                    [36m>[39m
                      [0m��[0m
                    [36m</span>[39m
                  [36m</div>[39m
                  [36m<p[39m
                    [33mclass[39m=[32m"text-3xl font-bold text-blue-400"[39m
                  [36m>[39m
                    [0m0[0m
                  [36m</p>[39m
                  [36m<p[39m
                    [33mclass[39m=[32m"text-gray-400 mt-2"[39m
                  [36m>[39m
                    [0mOpenAPI/Swagger[0m
                  [36m</p>[39m
                [36m</div>[39m
                [36m<div[39m
                  [33mclass[39m=[32m"bg-gray-800 rounded-lg p-6"[39m
                [36m>[39m
                  [36m<div[39m
                    [33mclass[39m=[32m"flex items-center justify-between mb-4"[39m
                  [36m>[39m
                    [36m<h3[39m
                      [33mclass[39m=[32m"text-lg font-semibold text-white"[39m
                    [36m>[39m
                      [0mGraphQL APIs[0m
                    [36m</h3>[39m
                    [36m<span[39m
                      [33mclass[39m=[32m"text-3xl"[39m
                    [36m>[39m
                      [0m��[0m
                    [36m</span>[39m
                  [36m</div>[39m
                  [36m<p[39m
                    [33mclass[39m=[32m"text-3xl font-bold text-pink-400"[39m
                  [36m>[39m
                    [0m0[0m
                  [36m</p>[39m
                  [36m<p[39m
                    [33mclass[39m=[32m"text-gray-400 mt-2"[39m
                  [36m>[39m
                    [0mSchema definitions[0m
                  [36m</p>[39m
                [36m</div>[39m
                [36m<div[39m
                  [33mclass[39m=[32m"bg-gray-800 rounded-lg p-6"[39m
                [36m>[39m
                  [36m<div[39m
                    [33mclass[39m=[32m"flex items-center justify-between mb-4"[39m
                  [36m>[39m
                    [36m<h3[39m
                      [33mclass[39m=[32m"text-lg font-semibold text-white"[39m
                    [36m>[39m
                      [0mgRPC Services[0m
                    [36m</h3>[39m
                    [36m<span[39m
                      [33mclass[39m=[32m"text-3xl"[39m
                    [36m>[39m
                      [0m⚡[0m
                    [36m</span>[39m
                  [36m</div>[39m
                  [36m<p[39m
                    [33mclass[39m=[32m"text-3xl font-bold text-green-400"[39m
                  [36m>[39m
                    [0m0[0m
                  [36m</p>[39m
                  [36m<p[39m
                    [33mclass[39m=[32m"text-gray-400 mt-2"[39m
                  [36m>[39m
                    [0mProtocol buffers[0m
                  [36m</p>[39m
                [36m</div>[39m
              [36m</div>[39m
              [36m<div[39m
                [33mclass[39m=[32m"bg-gray-800 rounded-lg p-6"[39m
              [36m>[39m
                [36m<h3[39m
                  [33mclass[39m=[32m"text-xl font-semibold text-white mb-4"[39m
                [36m>[39m
                  [0mAvailable API Specifications[0m
                [36m</h3>[39m
                [36m<div[39m
                  [33mclass[39m=[32m"space-y-3"[39m
                [36m/>[39m
                [36m<p[39m
                  [33mclass[39m=[32m"text-gray-400 text-center py-8"[39m
                [36m>[39m
                  [0mNo API specifications found in this repository[0m
                [36m</p>[39m
              [36m</div>[39m
            [36m</div>[39m
          [36m</div>[39m
          [36m<div[39m
            [33mclass[39m=[32m"mt-8 bg-blue-900/20 border border-blue-800 rounded-lg p-6"[39m
          [36m>[39m
            [36m<h3[39m
              [33mclass[39m=[32m"text-blue-400 font-semibold mb-3"[39m
            [36m>[39m
              [0mℹ️ API Documentation Features[0m
            [36m</h3>[39m
            [36m<ul[39m
              [33mclass[39m=[32m"text-blue-300 space-y-2 text-sm"[39m
            [36m>[39m
              [36m<li>[39m
                [0m• Automatic detection of REST (OpenAPI/Swagger), GraphQL, and gRPC APIs[0m
              [36m</li>[39m
              [36m<li>[39m
                [0m• Interactive API Explorer for testing endpoints[0m
              [36m</li>[39m
              [36m<li>[39m
                [0m• Postman collection viewer for API testing workflows[0m
              [36m</li>[39m
              [36m<li>[39m
                [0m• GraphiQL interface for GraphQL schema exploration[0m
              [36m</li>[39m
              [36m<li>[39m
                [0m• Support for multiple API specifications per repository[0m
              [36m</li>[39m
            [36m</ul>[39m
          [36m</div>[39m
        [36m</div>[39m
      [36m</div>[39m
    [36m</body>[39m

      130 |
      131 |     render(<APIDocumentationHub />);
    > 132 |
          | ^
      133 |     await waitFor(() => {
      134 |       expect(screen.getByText('Available API Specifications')).toBeInTheDocument();
      135 |     });

      at waitForWrapper (node_modules/@testing-library/react/node_modules/@testing-library/dom/dist/wait-for.js:166:27)
      at Object.<anonymous> (src/components/__tests__/APIDocumentationHub.test.tsx:132:34)

  ● APIDocumentationHub › switches between tabs

    TestingLibraryElementError: Unable to find an element with the text: This REST API specification can be explored using the integrated Swagger UI.. This could be because the text is broken up by multiple elements. In this case, you can provide a function for your text matcher to make your matcher more flexible.

    Ignored nodes: comments, script, style
    [36m<body>[39m
      [36m<div>[39m
        [36m<div[39m
          [33mclass[39m=[32m"api-documentation-hub p-8 max-w-7xl mx-auto"[39m
        [36m>[39m
          [36m<div[39m
            [33mclass[39m=[32m"mb-8"[39m
          [36m>[39m
            [36m<a[39m
              [33mhref[39m=[32m"/repository/test-repo"[39m
            [36m>[39m
              [0m← Back to [0m
              [0mtest-repo[0m
            [36m</a>[39m
            [36m<h1[39m
              [33mclass[39m=[32m"text-3xl font-bold text-white mb-4"[39m
            [36m>[39m
              [0m�� API Documentation Hub[0m
            [36m</h1>[39m
            [36m<p[39m
              [33mclass[39m=[32m"text-gray-300"[39m
            [36m>[39m
              [0mComprehensive API documentation and exploration for [0m
              [0mtest-repo[0m
            [36m</p>[39m
          [36m</div>[39m
          [36m<div[39m
            [33mclass[39m=[32m"flex space-x-1 mb-6 bg-gray-800 rounded-lg p-1"[39m
          [36m>[39m
            [36m<button[39m
              [33mclass[39m=[32m"flex-1 px-4 py-2 rounded-md font-medium transition-colors text-gray-400 hover:text-white"[39m
            [36m>[39m
              [0mOverview[0m
            [36m</button>[39m
            [36m<button[39m
              [33mclass[39m=[32m"flex-1 px-4 py-2 rounded-md font-medium transition-colors bg-gray-700 text-white"[39m
            [36m>[39m
              [0mAPI Explorer[0m
            [36m</button>[39m
            [36m<button[39m
              [33mclass[39m=[32m"flex-1 px-4 py-2 rounded-md font-medium transition-colors text-gray-400 hover:text-white"[39m
            [36m>[39m
              [0mPostman[0m
            [36m</button>[39m
            [36m<button[39m
              [33mclass[39m=[32m"flex-1 px-4 py-2 rounded-md font-medium transition-colors text-gray-400 hover:text-white"[39m
            [36m>[39m
              [0mGraphQL[0m
            [36m</button>[39m
          [36m</div>[39m
          [36m<div>[39m
            [36m<div[39m
              [33mclass[39m=[32m"bg-gray-800 rounded-lg p-6"[39m
            [36m>[39m
              [36m<h3[39m
                [33mclass[39m=[32m"text-xl font-semibold text-white mb-4"[39m
              [36m>[39m
                [0mAPI Explorer[0m
              [36m</h3>[39m
              [36m<p[39m
                [33mclass[39m=[32m"text-gray-400 text-center py-8"[39m
              [36m>[39m
                [0mSelect an API specification to explore[0m
              [36m</p>[39m
            [36m</div>[39m
          [36m</div>[39m
          [36m<div[39m
            [33mclass[39m=[32m"mt-8 bg-blue-900/20 border border-blue-800 rounded-lg p-6"[39m
          [36m>[39m
            [36m<h3[39m
              [33mclass[39m=[32m"text-blue-400 font-semibold mb-3"[39m
            [36m>[39m
              [0mℹ️ API Documentation Features[0m
            [36m</h3>[39m
            [36m<ul[39m
              [33mclass[39m=[32m"text-blue-300 space-y-2 text-sm"[39m
            [36m>[39m
              [36m<li>[39m
                [0m• Automatic detection of REST (OpenAPI/Swagger), GraphQL, and gRPC APIs[0m
              [36m</li>[39m
              [36m<li>[39m
                [0m• Interactive API Explorer for testing endpoints[0m
              [36m</li>[39m
              [36m<li>[39m
                [0m• Postman collection viewer for API testing workflows[0m
              [36m</li>[39m
              [36m<li>[39m
                [0m• GraphiQL interface for GraphQL schema exploration[0m
              [36m</li>[39m
              [36m<li>[39m
                [0m• Support for multiple API specifications per repository[0m
              [36m</li>[39m
            [36m</ul>[39m
          [36m</div>[39m
        [36m</div>[39m
      [36m</div>[39m
    [36m</body>[39m

      153 |     (global.fetch as jest.Mock).mockResolvedValueOnce({
      154 |       ok: true,
    > 155 |       json: async () => mockApiDetectionResult
          |                              ^
      156 |     });
      157 |
      158 |     render(<APIDocumentationHub />);

      at Object.getElementError (node_modules/@testing-library/react/node_modules/@testing-library/dom/dist/config.js:37:19)
      at node_modules/@testing-library/react/node_modules/@testing-library/dom/dist/query-helpers.js:76:38
      at node_modules/@testing-library/react/node_modules/@testing-library/dom/dist/query-helpers.js:52:17
      at node_modules/@testing-library/react/node_modules/@testing-library/dom/dist/query-helpers.js:95:19
      at Object.<anonymous> (src/components/__tests__/APIDocumentationHub.test.tsx:155:30)

  ● APIDocumentationHub › selects API specification when clicked

    Unable to find an element with the text: User API. This could be because the text is broken up by multiple elements. In this case, you can provide a function for your text matcher to make your matcher more flexible.

    Ignored nodes: comments, script, style
    [36m<body>[39m
      [36m<div>[39m
        [36m<div[39m
          [33mclass[39m=[32m"api-documentation-hub p-8 max-w-7xl mx-auto"[39m
        [36m>[39m
          [36m<div[39m
            [33mclass[39m=[32m"mb-8"[39m
          [36m>[39m
            [36m<a[39m
              [33mhref[39m=[32m"/repository/test-repo"[39m
            [36m>[39m
              [0m← Back to [0m
              [0mtest-repo[0m
            [36m</a>[39m
            [36m<h1[39m
              [33mclass[39m=[32m"text-3xl font-bold text-white mb-4"[39m
            [36m>[39m
              [0m�� API Documentation Hub[0m
            [36m</h1>[39m
            [36m<p[39m
              [33mclass[39m=[32m"text-gray-300"[39m
            [36m>[39m
              [0mComprehensive API documentation and exploration for [0m
              [0mtest-repo[0m
            [36m</p>[39m
          [36m</div>[39m
          [36m<div[39m
            [33mclass[39m=[32m"flex space-x-1 mb-6 bg-gray-800 rounded-lg p-1"[39m
          [36m>[39m
            [36m<button[39m
              [33mclass[39m=[32m"flex-1 px-4 py-2 rounded-md font-medium transition-colors bg-gray-700 text-white"[39m
            [36m>[39m
              [0mOverview[0m
            [36m</button>[39m
            [36m<button[39m
              [33mclass[39m=[32m"flex-1 px-4 py-2 rounded-md font-medium transition-colors text-gray-400 hover:text-white"[39m
            [36m>[39m
              [0mAPI Explorer[0m
            [36m</button>[39m
            [36m<button[39m
              [33mclass[39m=[32m"flex-1 px-4 py-2 rounded-md font-medium transition-colors text-gray-400 hover:text-white"[39m
            [36m>[39m
              [0mPostman[0m
            [36m</button>[39m
            [36m<button[39m
              [33mclass[39m=[32m"flex-1 px-4 py-2 rounded-md font-medium transition-colors text-gray-400 hover:text-white"[39m
            [36m>[39m
              [0mGraphQL[0m
            [36m</button>[39m
          [36m</div>[39m
          [36m<div>[39m
            [36m<div[39m
              [33mclass[39m=[32m"space-y-6"[39m
            [36m>[39m
              [36m<div[39m
                [33mclass[39m=[32m"grid grid-cols-1 md:grid-cols-3 gap-4"[39m
              [36m>[39m
                [36m<div[39m
                  [33mclass[39m=[32m"bg-gray-800 rounded-lg p-6"[39m
                [36m>[39m
                  [36m<div[39m
                    [33mclass[39m=[32m"flex items-center justify-between mb-4"[39m
                  [36m>[39m
                    [36m<h3[39m
                      [33mclass[39m=[32m"text-lg font-semibold text-white"[39m
                    [36m>[39m
                      [0mREST APIs[0m
                    [36m</h3>[39m
                    [36m<span[39m
                      [33mclass[39m=[32m"text-3xl"[39m
                    [36m>[39m
                      [0m��[0m
                    [36m</span>[39m
                  [36m</div>[39m
                  [36m<p[39m
                    [33mclass[39m=[32m"text-3xl font-bold text-blue-400"[39m
                  [36m>[39m
                    [0m0[0m
                  [36m</p>[39m
                  [36m<p[39m
                    [33mclass[39m=[32m"text-gray-400 mt-2"[39m
                  [36m>[39m
                    [0mOpenAPI/Swagger[0m
                  [36m</p>[39m
                [36m</div>[39m
                [36m<div[39m
                  [33mclass[39m=[32m"bg-gray-800 rounded-lg p-6"[39m
                [36m>[39m
                  [36m<div[39m
                    [33mclass[39m=[32m"flex items-center justify-between mb-4"[39m
                  [36m>[39m
                    [36m<h3[39m
                      [33mclass[39m=[32m"text-lg font-semibold text-white"[39m
                    [36m>[39m
                      [0mGraphQL APIs[0m
                    [36m</h3>[39m
                    [36m<span[39m
                      [33mclass[39m=[32m"text-3xl"[39m
                    [36m>[39m
                      [0m��[0m
                    [36m</span>[39m
                  [36m</div>[39m
                  [36m<p[39m
                    [33mclass[39m=[32m"text-3xl font-bold text-pink-400"[39m
                  [36m>[39m
                    [0m0[0m
                  [36m</p>[39m
                  [36m<p[39m
                    [33mclass[39m=[32m"text-gray-400 mt-2"[39m
                  [36m>[39m
                    [0mSchema definitions[0m
                  [36m</p>[39m
                [36m</div>[39m
                [36m<div[39m
                  [33mclass[39m=[32m"bg-gray-800 rounded-lg p-6"[39m
                [36m>[39m
                  [36m<div[39m
                    [33mclass[39m=[32m"flex items-center justify-between mb-4"[39m
                  [36m>[39m
                    [36m<h3[39m
                      [33mclass[39m=[32m"text-lg font-semibold text-white"[39m
                    [36m>[39m
                      [0mgRPC Services[0m
                    [36m</h3>[39m
                    [36m<span[39m
                      [33mclass[39m=[32m"text-3xl"[39m
                    [36m>[39m
                      [0m⚡[0m
                    [36m</span>[39m
                  [36m</div>[39m
                  [36m<p[39m
                    [33mclass[39m=[32m"text-3xl font-bold text-green-400"[39m
                  [36m>[39m
                    [0m0[0m
                  [36m</p>[39m
                  [36m<p[39m
                    [33mclass[39m=[32m"text-gray-400 mt-2"[39m
                  [36m>[39m
                    [0mProtocol buffers[0m
                  [36m</p>[39m
                [36m</div>[39m
              [36m</div>[39m
              [36m<div[39m
                [33mclass[39m=[32m"bg-gray-800 rounded-lg p-6"[39m
              [36m>[39m
                [36m<h3[39m
                  [33mclass[39m=[32m"text-xl font-semibold text-white mb-4"[39m
                [36m>[39m
                  [0mAvailable API Specifications[0m
                [36m</h3>[39m
                [36m<div[39m
                  [33mclass[39m=[32m"space-y-3"[39m
                [36m/>[39m
                [36m<p[39m
                  [33mclass[39m=[32m"text-gray-400 text-center py-8"[39m
                [36m>[39m
                  [0mNo API specifications found in this repository[0m
                [36m</p>[39m
              [36m</div>[39m
            [36m</div>[39m
          [36m</div>[39m
          [36m<div[39m
            [33mclass[39m=[32m"mt-8 bg-blue-900/20 border border-blue-800 rounded-lg p-6"[39m
          [36m>[39m
            [36m<h3[39m
              [33mclass[39m=[32m"text-blue-400 font-semibold mb-3"[39m
            [36m>[39m
              [0mℹ️ API Documentation Features[0m
            [36m</h3>[39m
            [36m<ul[39m
              [33mclass[39m=[32m"text-blue-300 space-y-2 text-sm"[39m
            [36m>[39m
              [36m<li>[39m
                [0m• Automatic detection of REST (OpenAPI/Swagger), GraphQL, and gRPC APIs[0m
              [36m</li>[39m
              [36m<li>[39m
                [0m• Interactive API Explorer for testing endpoints[0m
              [36m</li>[39m
              [36m<li>[39m
                [0m• Postman collection viewer for API testing workflows[0m
              [36m</li>[39m
              [36m<li>[39m
                [0m• GraphiQL interface for GraphQL schema exploration[0m
              [36m</li>[39m
              [36m<li>[39m
                [0m• Support for multiple API specifications per repository[0m
              [36m</li>[39m
            [36m</ul>[39m
          [36m</div>[39m
        [36m</div>[39m
      [36m</div>[39m
    [36m</body>[39m

      175 |
      176 |   it('renders links to API viewers', async () => {
    > 177 |     (global.fetch as jest.Mock).mockResolvedValueOnce({
          |                                  ^
      178 |       ok: true,
      179 |       json: async () => mockApiDetectionResult
      180 |     });

      at waitForWrapper (node_modules/@testing-library/react/node_modules/@testing-library/dom/dist/wait-for.js:166:27)
      at Object.<anonymous> (src/components/__tests__/APIDocumentationHub.test.tsx:177:34)

  ● APIDocumentationHub › renders links to API viewers

    TestingLibraryElementError: Unable to find an element with the text: Open in API Explorer →. This could be because the text is broken up by multiple elements. In this case, you can provide a function for your text matcher to make your matcher more flexible.

    Ignored nodes: comments, script, style
    [36m<body>[39m
      [36m<div>[39m
        [36m<div[39m
          [33mclass[39m=[32m"api-documentation-hub p-8 max-w-7xl mx-auto"[39m
        [36m>[39m
          [36m<div[39m
            [33mclass[39m=[32m"mb-8"[39m
          [36m>[39m
            [36m<a[39m
              [33mhref[39m=[32m"/repository/test-repo"[39m
            [36m>[39m
              [0m← Back to [0m
              [0mtest-repo[0m
            [36m</a>[39m
            [36m<h1[39m
              [33mclass[39m=[32m"text-3xl font-bold text-white mb-4"[39m
            [36m>[39m
              [0m�� API Documentation Hub[0m
            [36m</h1>[39m
            [36m<p[39m
              [33mclass[39m=[32m"text-gray-300"[39m
            [36m>[39m
              [0mComprehensive API documentation and exploration for [0m
              [0mtest-repo[0m
            [36m</p>[39m
          [36m</div>[39m
          [36m<div[39m
            [33mclass[39m=[32m"flex space-x-1 mb-6 bg-gray-800 rounded-lg p-1"[39m
          [36m>[39m
            [36m<button[39m
              [33mclass[39m=[32m"flex-1 px-4 py-2 rounded-md font-medium transition-colors text-gray-400 hover:text-white"[39m
            [36m>[39m
              [0mOverview[0m
            [36m</button>[39m
            [36m<button[39m
              [33mclass[39m=[32m"flex-1 px-4 py-2 rounded-md font-medium transition-colors bg-gray-700 text-white"[39m
            [36m>[39m
              [0mAPI Explorer[0m
            [36m</button>[39m
            [36m<button[39m
              [33mclass[39m=[32m"flex-1 px-4 py-2 rounded-md font-medium transition-colors text-gray-400 hover:text-white"[39m
            [36m>[39m
              [0mPostman[0m
            [36m</button>[39m
            [36m<button[39m
              [33mclass[39m=[32m"flex-1 px-4 py-2 rounded-md font-medium transition-colors text-gray-400 hover:text-white"[39m
            [36m>[39m
              [0mGraphQL[0m
            [36m</button>[39m
          [36m</div>[39m
          [36m<div>[39m
            [36m<div[39m
              [33mclass[39m=[32m"bg-gray-800 rounded-lg p-6"[39m
            [36m>[39m
              [36m<h3[39m
                [33mclass[39m=[32m"text-xl font-semibold text-white mb-4"[39m
              [36m>[39m
                [0mAPI Explorer[0m
              [36m</h3>[39m
              [36m<p[39m
                [33mclass[39m=[32m"text-gray-400 text-center py-8"[39m
              [36m>[39m
                [0mSelect an API specification to explore[0m
              [36m</p>[39m
            [36m</div>[39m
          [36m</div>[39m
          [36m<div[39m
            [33mclass[39m=[32m"mt-8 bg-blue-900/20 border border-blue-800 rounded-lg p-6"[39m
          [36m>[39m
            [36m<h3[39m
              [33mclass[39m=[32m"text-blue-400 font-semibold mb-3"[39m
            [36m>[39m
              [0mℹ️ API Documentation Features[0m
            [36m</h3>[39m
            [36m<ul[39m
              [33mclass[39m=[32m"text-blue-300 space-y-2 text-sm"[39m
            [36m>[39m
              [36m<li>[39m
                [0m• Automatic detection of REST (OpenAPI/Swagger), GraphQL, and gRPC APIs[0m
              [36m</li>[39m
              [36m<li>[39m
                [0m• Interactive API Explorer for testing endpoints[0m
              [36m</li>[39m
              [36m<li>[39m
                [0m• Postman collection viewer for API testing workflows[0m
              [36m</li>[39m
              [36m<li>[39m
                [0m• GraphiQL interface for GraphQL schema exploration[0m
              [36m</li>[39m
              [36m<li>[39m
                [0m• Support for multiple API specifications per repository[0m
              [36m</li>[39m
            [36m</ul>[39m
          [36m</div>[39m
        [36m</div>[39m
      [36m</div>[39m
    [36m</body>[39m

      206 |       ok: true,
      207 |       json: async () => emptyResult
    > 208 |     });
          |        ^
      209 |
      210 |     render(<APIDocumentationHub />);
      211 |

      at Object.getElementError (node_modules/@testing-library/react/node_modules/@testing-library/dom/dist/config.js:37:19)
      at node_modules/@testing-library/react/node_modules/@testing-library/dom/dist/query-helpers.js:76:38
      at node_modules/@testing-library/react/node_modules/@testing-library/dom/dist/query-helpers.js:52:17
      at node_modules/@testing-library/react/node_modules/@testing-library/dom/dist/query-helpers.js:95:19
      at Object.<anonymous> (src/components/__tests__/APIDocumentationHub.test.tsx:208:43)

  ● APIDocumentationHub › displays Postman collections correctly

    TestingLibraryElementError: Unable to find an element with the text: Test Collection. This could be because the text is broken up by multiple elements. In this case, you can provide a function for your text matcher to make your matcher more flexible.

    Ignored nodes: comments, script, style
    [36m<body>[39m
      [36m<div>[39m
        [36m<div[39m
          [33mclass[39m=[32m"api-documentation-hub p-8 max-w-7xl mx-auto"[39m
        [36m>[39m
          [36m<div[39m
            [33mclass[39m=[32m"mb-8"[39m
          [36m>[39m
            [36m<a[39m
              [33mhref[39m=[32m"/repository/test-repo"[39m
            [36m>[39m
              [0m← Back to [0m
              [0mtest-repo[0m
            [36m</a>[39m
            [36m<h1[39m
              [33mclass[39m=[32m"text-3xl font-bold text-white mb-4"[39m
            [36m>[39m
              [0m�� API Documentation Hub[0m
            [36m</h1>[39m
            [36m<p[39m
              [33mclass[39m=[32m"text-gray-300"[39m
            [36m>[39m
              [0mComprehensive API documentation and exploration for [0m
              [0mtest-repo[0m
            [36m</p>[39m
          [36m</div>[39m
          [36m<div[39m
            [33mclass[39m=[32m"flex space-x-1 mb-6 bg-gray-800 rounded-lg p-1"[39m
          [36m>[39m
            [36m<button[39m
              [33mclass[39m=[32m"flex-1 px-4 py-2 rounded-md font-medium transition-colors text-gray-400 hover:text-white"[39m
            [36m>[39m
              [0mOverview[0m
            [36m</button>[39m
            [36m<button[39m
              [33mclass[39m=[32m"flex-1 px-4 py-2 rounded-md font-medium transition-colors text-gray-400 hover:text-white"[39m
            [36m>[39m
              [0mAPI Explorer[0m
            [36m</button>[39m
            [36m<button[39m
              [33mclass[39m=[32m"flex-1 px-4 py-2 rounded-md font-medium transition-colors bg-gray-700 text-white"[39m
            [36m>[39m
              [0mPostman[0m
            [36m</button>[39m
            [36m<button[39m
              [33mclass[39m=[32m"flex-1 px-4 py-2 rounded-md font-medium transition-colors text-gray-400 hover:text-white"[39m
            [36m>[39m
              [0mGraphQL[0m
            [36m</button>[39m
          [36m</div>[39m
          [36m<div>[39m
            [36m<div[39m
              [33mclass[39m=[32m"bg-gray-800 rounded-lg p-6"[39m
            [36m>[39m
              [36m<h3[39m
                [33mclass[39m=[32m"text-xl font-semibold text-white mb-4"[39m
              [36m>[39m
                [0mPostman Collections[0m
              [36m</h3>[39m
              [36m<div[39m
                [33mclass[39m=[32m"space-y-4"[39m
              [36m>[39m
                [36m<p[39m
                  [33mclass[39m=[32m"text-gray-400 text-center py-8"[39m
                [36m>[39m
                  [0mNo Postman collections found in this repository[0m
                [36m</p>[39m
              [36m</div>[39m
            [36m</div>[39m
          [36m</div>[39m
          [36m<div[39m
            [33mclass[39m=[32m"mt-8 bg-blue-900/20 border border-blue-800 rounded-lg p-6"[39m
          [36m>[39m
            [36m<h3[39m
              [33mclass[39m=[32m"text-blue-400 font-semibold mb-3"[39m
            [36m>[39m
              [0mℹ️ API Documentation Features[0m
            [36m</h3>[39m
            [36m<ul[39m
              [33mclass[39m=[32m"text-blue-300 space-y-2 text-sm"[39m
            [36m>[39m
              [36m<li>[39m
                [0m• Automatic detection of REST (OpenAPI/Swagger), GraphQL, and gRPC APIs[0m
              [36m</li>[39m
              [36m<li>[39m
                [0m• Interactive API Explorer for testing endpoints[0m
              [36m</li>[39m
              [36m<li>[39m
                [0m• Postman collection viewer for API testing workflows[0m
              [36m</li>[39m
              [36m<li>[39m
                [0m• GraphiQL interface for GraphQL schema exploration[0m
              [36m</li>[39m
              [36m<li>[39m
                [0m• Support for multiple API specifications per repository[0m
              [36m</li>[39m
            [36m</ul>[39m
          [36m</div>[39m
        [36m</div>[39m
      [36m</div>[39m
    [36m</body>[39m

      244 |     await waitFor(() => {
      245 |       fireEvent.click(screen.getByText('GraphQL'));
    > 246 |     });
          |        ^
      247 |
      248 |     expect(screen.getByText('GraphQL Schema')).toBeInTheDocument();
      249 |     expect(screen.getByText('schema.graphql')).toBeInTheDocument();

      at Object.getElementError (node_modules/@testing-library/react/node_modules/@testing-library/dom/dist/config.js:37:19)
      at node_modules/@testing-library/react/node_modules/@testing-library/dom/dist/query-helpers.js:76:38
      at node_modules/@testing-library/react/node_modules/@testing-library/dom/dist/query-helpers.js:52:17
      at node_modules/@testing-library/react/node_modules/@testing-library/dom/dist/query-helpers.js:95:19
      at Object.<anonymous> (src/components/__tests__/APIDocumentationHub.test.tsx:246:30)

  ● APIDocumentationHub › displays GraphQL schemas with links

    TestingLibraryElementError: Unable to find an element with the text: GraphQL Schema. This could be because the text is broken up by multiple elements. In this case, you can provide a function for your text matcher to make your matcher more flexible.

    Ignored nodes: comments, script, style
    [36m<body>[39m
      [36m<div>[39m
        [36m<div[39m
          [33mclass[39m=[32m"api-documentation-hub p-8 max-w-7xl mx-auto"[39m
        [36m>[39m
          [36m<div[39m
            [33mclass[39m=[32m"mb-8"[39m
          [36m>[39m
            [36m<a[39m
              [33mhref[39m=[32m"/repository/test-repo"[39m
            [36m>[39m
              [0m← Back to [0m
              [0mtest-repo[0m
            [36m</a>[39m
            [36m<h1[39m
              [33mclass[39m=[32m"text-3xl font-bold text-white mb-4"[39m
            [36m>[39m
              [0m�� API Documentation Hub[0m
            [36m</h1>[39m
            [36m<p[39m
              [33mclass[39m=[32m"text-gray-300"[39m
            [36m>[39m
              [0mComprehensive API documentation and exploration for [0m
              [0mtest-repo[0m
            [36m</p>[39m
          [36m</div>[39m
          [36m<div[39m
            [33mclass[39m=[32m"flex space-x-1 mb-6 bg-gray-800 rounded-lg p-1"[39m
          [36m>[39m
            [36m<button[39m
              [33mclass[39m=[32m"flex-1 px-4 py-2 rounded-md font-medium transition-colors text-gray-400 hover:text-white"[39m
            [36m>[39m
              [0mOverview[0m
            [36m</button>[39m
            [36m<button[39m
              [33mclass[39m=[32m"flex-1 px-4 py-2 rounded-md font-medium transition-colors text-gray-400 hover:text-white"[39m
            [36m>[39m
              [0mAPI Explorer[0m
            [36m</button>[39m
            [36m<button[39m
              [33mclass[39m=[32m"flex-1 px-4 py-2 rounded-md font-medium transition-colors text-gray-400 hover:text-white"[39m
            [36m>[39m
              [0mPostman[0m
            [36m</button>[39m
            [36m<button[39m
              [33mclass[39m=[32m"flex-1 px-4 py-2 rounded-md font-medium transition-colors bg-gray-700 text-white"[39m
            [36m>[39m
              [0mGraphQL[0m
            [36m</button>[39m
          [36m</div>[39m
          [36m<div>[39m
            [36m<div[39m
              [33mclass[39m=[32m"bg-gray-800 rounded-lg p-6"[39m
            [36m>[39m
              [36m<h3[39m
                [33mclass[39m=[32m"text-xl font-semibold text-white mb-4"[39m
              [36m>[39m
                [0mGraphQL APIs[0m
              [36m</h3>[39m
              [36m<div[39m
                [33mclass[39m=[32m"space-y-4"[39m
              [36m>[39m
                [36m<p[39m
                  [33mclass[39m=[32m"text-gray-400 text-center py-8"[39m
                [36m>[39m
                  [0mNo GraphQL schemas found in this repository[0m
                [36m</p>[39m
              [36m</div>[39m
            [36m</div>[39m
          [36m</div>[39m
          [36m<div[39m
            [33mclass[39m=[32m"mt-8 bg-blue-900/20 border border-blue-800 rounded-lg p-6"[39m
          [36m>[39m
            [36m<h3[39m
              [33mclass[39m=[32m"text-blue-400 font-semibold mb-3"[39m
            [36m>[39m
              [0mℹ️ API Documentation Features[0m
            [36m</h3>[39m
            [36m<ul[39m
              [33mclass[39m=[32m"text-blue-300 space-y-2 text-sm"[39m
            [36m>[39m
              [36m<li>[39m
                [0m• Automatic detection of REST (OpenAPI/Swagger), GraphQL, and gRPC APIs[0m
              [36m</li>[39m
              [36m<li>[39m
                [0m• Interactive API Explorer for testing endpoints[0m
              [36m</li>[39m
              [36m<li>[39m
                [0m• Postman collection viewer for API testing workflows[0m
              [36m</li>[39m
              [36m<li>[39m
                [0m• GraphiQL interface for GraphQL schema exploration[0m
              [36m</li>[39m
              [36m<li>[39m
                [0m• Support for multiple API specifications per repository[0m
              [36m</li>[39m
            [36m</ul>[39m
          [36m</div>[39m
        [36m</div>[39m
      [36m</div>[39m
    [36m</body>[39m

      262 |
      263 |     await waitFor(() => {
    > 264 |       // Check for API type icons
          |                              ^
      265 |       expect(screen.getByText('��')).toBeInTheDocument(); // REST
      266 |       expect(screen.getByText('��')).toBeInTheDocument(); // GraphQL
      267 |       expect(screen.getByText('⚡')).toBeInTheDocument(); // gRPC

      at Object.getElementError (node_modules/@testing-library/react/node_modules/@testing-library/dom/dist/config.js:37:19)
      at node_modules/@testing-library/react/node_modules/@testing-library/dom/dist/query-helpers.js:76:38
      at node_modules/@testing-library/react/node_modules/@testing-library/dom/dist/query-helpers.js:52:17
      at node_modules/@testing-library/react/node_modules/@testing-library/dom/dist/query-helpers.js:95:19
      at Object.<anonymous> (src/components/__tests__/APIDocumentationHub.test.tsx:264:30)

FAIL src/__tests__/App.test.tsx
  ● App › renders without crashing

    TypeError: Cannot read properties of undefined (reading 'background')

      17 |   align-items: center;
      18 |   justify-content: center;
    > 19 |   background: ${props => props.theme.colors.background.primary};
         |                                             ^
      20 |   padding: ${props => props.theme.spacing[8]};
      21 | `;
      22 |

      at result (src/components/ErrorBoundary.tsx:19:45)
      at componentId (node_modules/styled-components/src/utils/flatten.ts:71:24)
      at e.NODE_ENV [as generateAndInjectStyles] (node_modules/styled-components/src/models/ComponentStyle.ts:90:43)
      at warnTooManyClasses (node_modules/styled-components/src/models/StyledComponent.ts:70:19)
      at componentStyle (node_modules/styled-components/src/models/StyledComponent.ts:172:24)
      at I (node_modules/styled-components/src/models/StyledComponent.ts:270:26)
      at renderWithHooks (node_modules/react-dom/cjs/react-dom.development.js:15486:18)
      at updateForwardRef (node_modules/react-dom/cjs/react-dom.development.js:19245:20)
      at beginWork (node_modules/react-dom/cjs/react-dom.development.js:21675:16)
      at beginWork$1 (node_modules/react-dom/cjs/react-dom.development.js:27465:14)
      at performUnitOfWork (node_modules/react-dom/cjs/react-dom.development.js:26599:12)
      at workLoopSync (node_modules/react-dom/cjs/react-dom.development.js:26505:5)
      at renderRootSync (node_modules/react-dom/cjs/react-dom.development.js:26473:7)
      at recoverFromConcurrentError (node_modules/react-dom/cjs/react-dom.development.js:25889:20)
      at performConcurrentWorkOnRoot (node_modules/react-dom/cjs/react-dom.development.js:25789:22)
      at flushActQueue (node_modules/react/cjs/react.development.js:2667:24)
      at act (node_modules/react/cjs/react.development.js:2582:11)
      at actWithWarning (node_modules/react-dom/cjs/react-dom-test-utils.development.js:1740:10)
      at node_modules/@testing-library/react/dist/act-compat.js:63:25
      at renderRoot (node_modules/@testing-library/react/dist/pure.js:159:26)
      at render (node_modules/@testing-library/react/dist/pure.js:246:10)
      at Object.<anonymous> (src/__tests__/App.test.tsx:74:11)

  ● App › renders the app container

    TypeError: Cannot read properties of undefined (reading 'background')

      17 |   align-items: center;
      18 |   justify-content: center;
    > 19 |   background: ${props => props.theme.colors.background.primary};
         |                                             ^
      20 |   padding: ${props => props.theme.spacing[8]};
      21 | `;
      22 |

      at result (src/components/ErrorBoundary.tsx:19:45)
      at componentId (node_modules/styled-components/src/utils/flatten.ts:71:24)
      at e.NODE_ENV [as generateAndInjectStyles] (node_modules/styled-components/src/models/ComponentStyle.ts:90:43)
      at warnTooManyClasses (node_modules/styled-components/src/models/StyledComponent.ts:70:19)
      at componentStyle (node_modules/styled-components/src/models/StyledComponent.ts:172:24)
      at I (node_modules/styled-components/src/models/StyledComponent.ts:270:26)
      at renderWithHooks (node_modules/react-dom/cjs/react-dom.development.js:15486:18)
      at updateForwardRef (node_modules/react-dom/cjs/react-dom.development.js:19245:20)
      at beginWork (node_modules/react-dom/cjs/react-dom.development.js:21675:16)
      at beginWork$1 (node_modules/react-dom/cjs/react-dom.development.js:27465:14)
      at performUnitOfWork (node_modules/react-dom/cjs/react-dom.development.js:26599:12)
      at workLoopSync (node_modules/react-dom/cjs/react-dom.development.js:26505:5)
      at renderRootSync (node_modules/react-dom/cjs/react-dom.development.js:26473:7)
      at recoverFromConcurrentError (node_modules/react-dom/cjs/react-dom.development.js:25889:20)
      at performConcurrentWorkOnRoot (node_modules/react-dom/cjs/react-dom.development.js:25789:22)
      at flushActQueue (node_modules/react/cjs/react.development.js:2667:24)
      at act (node_modules/react/cjs/react.development.js:2582:11)
      at actWithWarning (node_modules/react-dom/cjs/react-dom-test-utils.development.js:1740:10)
      at node_modules/@testing-library/react/dist/act-compat.js:63:25
      at renderRoot (node_modules/@testing-library/react/dist/pure.js:159:26)
      at render (node_modules/@testing-library/react/dist/pure.js:246:10)
      at Object.<anonymous> (src/__tests__/App.test.tsx:79:11)

  ● App › renders main content area

    TypeError: Cannot read properties of undefined (reading 'background')

      17 |   align-items: center;
      18 |   justify-content: center;
    > 19 |   background: ${props => props.theme.colors.background.primary};
         |                                             ^
      20 |   padding: ${props => props.theme.spacing[8]};
      21 | `;
      22 |

      at result (src/components/ErrorBoundary.tsx:19:45)
      at componentId (node_modules/styled-components/src/utils/flatten.ts:71:24)
      at e.NODE_ENV [as generateAndInjectStyles] (node_modules/styled-components/src/models/ComponentStyle.ts:90:43)
      at warnTooManyClasses (node_modules/styled-components/src/models/StyledComponent.ts:70:19)
      at componentStyle (node_modules/styled-components/src/models/StyledComponent.ts:172:24)
      at I (node_modules/styled-components/src/models/StyledComponent.ts:270:26)
      at renderWithHooks (node_modules/react-dom/cjs/react-dom.development.js:15486:18)
      at updateForwardRef (node_modules/react-dom/cjs/react-dom.development.js:19245:20)
      at beginWork (node_modules/react-dom/cjs/react-dom.development.js:21675:16)
      at beginWork$1 (node_modules/react-dom/cjs/react-dom.development.js:27465:14)
      at performUnitOfWork (node_modules/react-dom/cjs/react-dom.development.js:26599:12)
      at workLoopSync (node_modules/react-dom/cjs/react-dom.development.js:26505:5)
      at renderRootSync (node_modules/react-dom/cjs/react-dom.development.js:26473:7)
      at recoverFromConcurrentError (node_modules/react-dom/cjs/react-dom.development.js:25889:20)
      at performConcurrentWorkOnRoot (node_modules/react-dom/cjs/react-dom.development.js:25789:22)
      at flushActQueue (node_modules/react/cjs/react.development.js:2667:24)
      at act (node_modules/react/cjs/react.development.js:2582:11)
      at actWithWarning (node_modules/react-dom/cjs/react-dom-test-utils.development.js:1740:10)
      at node_modules/@testing-library/react/dist/act-compat.js:63:25
      at renderRoot (node_modules/@testing-library/react/dist/pure.js:159:26)
      at render (node_modules/@testing-library/react/dist/pure.js:246:10)
      at Object.<anonymous> (src/__tests__/App.test.tsx:84:11)

  ● App › includes all route components

    TypeError: Cannot read properties of undefined (reading 'background')

      17 |   align-items: center;
      18 |   justify-content: center;
    > 19 |   background: ${props => props.theme.colors.background.primary};
         |                                             ^
      20 |   padding: ${props => props.theme.spacing[8]};
      21 | `;
      22 |

      at result (src/components/ErrorBoundary.tsx:19:45)
      at componentId (node_modules/styled-components/src/utils/flatten.ts:71:24)
      at e.NODE_ENV [as generateAndInjectStyles] (node_modules/styled-components/src/models/ComponentStyle.ts:90:43)
      at warnTooManyClasses (node_modules/styled-components/src/models/StyledComponent.ts:70:19)
      at componentStyle (node_modules/styled-components/src/models/StyledComponent.ts:172:24)
      at I (node_modules/styled-components/src/models/StyledComponent.ts:270:26)
      at renderWithHooks (node_modules/react-dom/cjs/react-dom.development.js:15486:18)
      at updateForwardRef (node_modules/react-dom/cjs/react-dom.development.js:19245:20)
      at beginWork (node_modules/react-dom/cjs/react-dom.development.js:21675:16)
      at beginWork$1 (node_modules/react-dom/cjs/react-dom.development.js:27465:14)
      at performUnitOfWork (node_modules/react-dom/cjs/react-dom.development.js:26599:12)
      at workLoopSync (node_modules/react-dom/cjs/react-dom.development.js:26505:5)
      at renderRootSync (node_modules/react-dom/cjs/react-dom.development.js:26473:7)
      at recoverFromConcurrentError (node_modules/react-dom/cjs/react-dom.development.js:25889:20)
      at performConcurrentWorkOnRoot (node_modules/react-dom/cjs/react-dom.development.js:25789:22)
      at flushActQueue (node_modules/react/cjs/react.development.js:2667:24)
      at act (node_modules/react/cjs/react.development.js:2582:11)
      at actWithWarning (node_modules/react-dom/cjs/react-dom-test-utils.development.js:1740:10)
      at node_modules/@testing-library/react/dist/act-compat.js:63:25
      at renderRoot (node_modules/@testing-library/react/dist/pure.js:159:26)
      at render (node_modules/@testing-library/react/dist/pure.js:246:10)
      at Object.<anonymous> (src/__tests__/App.test.tsx:90:11)

  ● App › wraps app in SyncProvider

    TypeError: Cannot read properties of undefined (reading 'background')

      17 |   align-items: center;
      18 |   justify-content: center;
    > 19 |   background: ${props => props.theme.colors.background.primary};
         |                                             ^
      20 |   padding: ${props => props.theme.spacing[8]};
      21 | `;
      22 |

      at result (src/components/ErrorBoundary.tsx:19:45)
      at componentId (node_modules/styled-components/src/utils/flatten.ts:71:24)
      at e.NODE_ENV [as generateAndInjectStyles] (node_modules/styled-components/src/models/ComponentStyle.ts:90:43)
      at warnTooManyClasses (node_modules/styled-components/src/models/StyledComponent.ts:70:19)
      at componentStyle (node_modules/styled-components/src/models/StyledComponent.ts:172:24)
      at I (node_modules/styled-components/src/models/StyledComponent.ts:270:26)
      at renderWithHooks (node_modules/react-dom/cjs/react-dom.development.js:15486:18)
      at updateForwardRef (node_modules/react-dom/cjs/react-dom.development.js:19245:20)
      at beginWork (node_modules/react-dom/cjs/react-dom.development.js:21675:16)
      at beginWork$1 (node_modules/react-dom/cjs/react-dom.development.js:27465:14)
      at performUnitOfWork (node_modules/react-dom/cjs/react-dom.development.js:26599:12)
      at workLoopSync (node_modules/react-dom/cjs/react-dom.development.js:26505:5)
      at renderRootSync (node_modules/react-dom/cjs/react-dom.development.js:26473:7)
      at recoverFromConcurrentError (node_modules/react-dom/cjs/react-dom.development.js:25889:20)
      at performConcurrentWorkOnRoot (node_modules/react-dom/cjs/react-dom.development.js:25789:22)
      at flushActQueue (node_modules/react/cjs/react.development.js:2667:24)
      at act (node_modules/react/cjs/react.development.js:2582:11)
      at actWithWarning (node_modules/react-dom/cjs/react-dom-test-utils.development.js:1740:10)
      at node_modules/@testing-library/react/dist/act-compat.js:63:25
      at renderRoot (node_modules/@testing-library/react/dist/pure.js:159:26)
      at render (node_modules/@testing-library/react/dist/pure.js:246:10)
      at Object.<anonymous> (src/__tests__/App.test.tsx:104:33)

  ● App › includes navigation redirect

    TypeError: Cannot read properties of undefined (reading 'background')

      17 |   align-items: center;
      18 |   justify-content: center;
    > 19 |   background: ${props => props.theme.colors.background.primary};
         |                                             ^
      20 |   padding: ${props => props.theme.spacing[8]};
      21 | `;
      22 |

      at result (src/components/ErrorBoundary.tsx:19:45)
      at componentId (node_modules/styled-components/src/utils/flatten.ts:71:24)
      at e.NODE_ENV [as generateAndInjectStyles] (node_modules/styled-components/src/models/ComponentStyle.ts:90:43)
      at warnTooManyClasses (node_modules/styled-components/src/models/StyledComponent.ts:70:19)
      at componentStyle (node_modules/styled-components/src/models/StyledComponent.ts:172:24)
      at I (node_modules/styled-components/src/models/StyledComponent.ts:270:26)
      at renderWithHooks (node_modules/react-dom/cjs/react-dom.development.js:15486:18)
      at updateForwardRef (node_modules/react-dom/cjs/react-dom.development.js:19245:20)
      at beginWork (node_modules/react-dom/cjs/react-dom.development.js:21675:16)
      at beginWork$1 (node_modules/react-dom/cjs/react-dom.development.js:27465:14)
      at performUnitOfWork (node_modules/react-dom/cjs/react-dom.development.js:26599:12)
      at workLoopSync (node_modules/react-dom/cjs/react-dom.development.js:26505:5)
      at renderRootSync (node_modules/react-dom/cjs/react-dom.development.js:26473:7)
      at recoverFromConcurrentError (node_modules/react-dom/cjs/react-dom.development.js:25889:20)
      at performConcurrentWorkOnRoot (node_modules/react-dom/cjs/react-dom.development.js:25789:22)
      at flushActQueue (node_modules/react/cjs/react.development.js:2667:24)
      at act (node_modules/react/cjs/react.development.js:2582:11)
      at actWithWarning (node_modules/react-dom/cjs/react-dom-test-utils.development.js:1740:10)
      at node_modules/@testing-library/react/dist/act-compat.js:63:25
      at renderRoot (node_modules/@testing-library/react/dist/pure.js:159:26)
      at render (node_modules/@testing-library/react/dist/pure.js:246:10)
      at Object.<anonymous> (src/__tests__/App.test.tsx:109:11)

  ● App › has correct structure hierarchy

    TypeError: Cannot read properties of undefined (reading 'background')

      17 |   align-items: center;
      18 |   justify-content: center;
    > 19 |   background: ${props => props.theme.colors.background.primary};
         |                                             ^
      20 |   padding: ${props => props.theme.spacing[8]};
      21 | `;
      22 |

      at result (src/components/ErrorBoundary.tsx:19:45)
      at componentId (node_modules/styled-components/src/utils/flatten.ts:71:24)
      at e.NODE_ENV [as generateAndInjectStyles] (node_modules/styled-components/src/models/ComponentStyle.ts:90:43)
      at warnTooManyClasses (node_modules/styled-components/src/models/StyledComponent.ts:70:19)
      at componentStyle (node_modules/styled-components/src/models/StyledComponent.ts:172:24)
      at I (node_modules/styled-components/src/models/StyledComponent.ts:270:26)
      at renderWithHooks (node_modules/react-dom/cjs/react-dom.development.js:15486:18)
      at updateForwardRef (node_modules/react-dom/cjs/react-dom.development.js:19245:20)
      at beginWork (node_modules/react-dom/cjs/react-dom.development.js:21675:16)
      at beginWork$1 (node_modules/react-dom/cjs/react-dom.development.js:27465:14)
      at performUnitOfWork (node_modules/react-dom/cjs/react-dom.development.js:26599:12)
      at workLoopSync (node_modules/react-dom/cjs/react-dom.development.js:26505:5)
      at renderRootSync (node_modules/react-dom/cjs/react-dom.development.js:26473:7)
      at recoverFromConcurrentError (node_modules/react-dom/cjs/react-dom.development.js:25889:20)
      at performConcurrentWorkOnRoot (node_modules/react-dom/cjs/react-dom.development.js:25789:22)
      at flushActQueue (node_modules/react/cjs/react.development.js:2667:24)
      at act (node_modules/react/cjs/react.development.js:2582:11)
      at actWithWarning (node_modules/react-dom/cjs/react-dom-test-utils.development.js:1740:10)
      at node_modules/@testing-library/react/dist/act-compat.js:63:25
      at renderRoot (node_modules/@testing-library/react/dist/pure.js:159:26)
      at render (node_modules/@testing-library/react/dist/pure.js:246:10)
      at Object.<anonymous> (src/__tests__/App.test.tsx:114:11)

  ● App › renders with theme

    TypeError: Cannot read properties of undefined (reading 'background')

      17 |   align-items: center;
      18 |   justify-content: center;
    > 19 |   background: ${props => props.theme.colors.background.primary};
         |                                             ^
      20 |   padding: ${props => props.theme.spacing[8]};
      21 | `;
      22 |

      at result (src/components/ErrorBoundary.tsx:19:45)
      at componentId (node_modules/styled-components/src/utils/flatten.ts:71:24)
      at e.NODE_ENV [as generateAndInjectStyles] (node_modules/styled-components/src/models/ComponentStyle.ts:90:43)
      at warnTooManyClasses (node_modules/styled-components/src/models/StyledComponent.ts:70:19)
      at componentStyle (node_modules/styled-components/src/models/StyledComponent.ts:172:24)
      at I (node_modules/styled-components/src/models/StyledComponent.ts:270:26)
      at renderWithHooks (node_modules/react-dom/cjs/react-dom.development.js:15486:18)
      at updateForwardRef (node_modules/react-dom/cjs/react-dom.development.js:19245:20)
      at beginWork (node_modules/react-dom/cjs/react-dom.development.js:21675:16)
      at beginWork$1 (node_modules/react-dom/cjs/react-dom.development.js:27465:14)
      at performUnitOfWork (node_modules/react-dom/cjs/react-dom.development.js:26599:12)
      at workLoopSync (node_modules/react-dom/cjs/react-dom.development.js:26505:5)
      at renderRootSync (node_modules/react-dom/cjs/react-dom.development.js:26473:7)
      at recoverFromConcurrentError (node_modules/react-dom/cjs/react-dom.development.js:25889:20)
      at performConcurrentWorkOnRoot (node_modules/react-dom/cjs/react-dom.development.js:25789:22)
      at flushActQueue (node_modules/react/cjs/react.development.js:2667:24)
      at act (node_modules/react/cjs/react.development.js:2582:11)
      at actWithWarning (node_modules/react-dom/cjs/react-dom-test-utils.development.js:1740:10)
      at node_modules/@testing-library/react/dist/act-compat.js:63:25
      at renderRoot (node_modules/@testing-library/react/dist/pure.js:159:26)
      at render (node_modules/@testing-library/react/dist/pure.js:246:10)
      at Object.<anonymous> (src/__tests__/App.test.tsx:122:11)

FAIL src/api/__tests__/repositoryManagement.test.js
  ● Repository Management API › Configuration file initialization › creates config file if it does not exist

    expect(jest.fn()).toHaveBeenCalledWith(...expected)

    Expected: StringContaining "repositories.json", "{
      \"repositories\": []
    }"

    Number of calls: 0

      274 |       mockFs.existsSync.mockReturnValue(true);
      275 |       mockExecSync.mockImplementation(() => {
    > 276 |         throw new Error('fatal: Authentication failed');
          |                                    ^
      277 |       });
      278 |
      279 |       const response = await request(app)

      at Object.<anonymous> (src/api/__tests__/repositoryManagement.test.js:276:36)

FAIL src/components/__tests__/GlobalSearchModal.test.tsx
  ● GlobalSearchModal › Modal Interaction › should call onClose when overlay is clicked

    TestingLibraryElementError: Unable to find an accessible element with the role "presentation"

    Here are the accessible roles:

      heading:

      Name "Search Axiom AI Experience Center":
      [36m<h2[39m
        [33mclass[39m=[32m"sc-ggWZvA cFmAWC"[39m
      [36m/>[39m

      --------------------------------------------------
      button:

      Name "Close search modal":
      [36m<button[39m
        [33maria-label[39m=[32m"Close search modal"[39m
        [33mclass[39m=[32m"sc-dTvVRJ liGKZI"[39m
      [36m/>[39m

      Name "Mock Result":
      [36m<button[39m
        [33mdata-testid[39m=[32m"mock-result"[39m
      [36m/>[39m

      --------------------------------------------------
      textbox:

      Name "":
      [36m<input[39m
        [33mdata-testid[39m=[32m"search-input"[39m
        [33mplaceholder[39m=[32m"Search..."[39m
      [36m/>[39m

      --------------------------------------------------

    Ignored nodes: comments, script, style
    [36m<body[39m
      [33mstyle[39m=[32m"overflow: hidden;"[39m
    [36m>[39m
      [36m<div>[39m
        [36m<div[39m
          [33mclass[39m=[32m"sc-bRKDuR gzJsKn"[39m
        [36m>[39m
          [36m<div[39m
            [33mclass[39m=[32m"sc-hvigdm cAaHyi"[39m
          [36m>[39m
            [36m<div[39m
              [33mclass[39m=[32m"sc-fhHczv iqLsWD"[39m
            [36m>[39m
              [36m<h2[39m
                [33mclass[39m=[32m"sc-ggWZvA cFmAWC"[39m
              [36m>[39m
                [36m<svg[39m
                  [33mclass[39m=[32m"lucide lucide-search"[39m
                  [33mfill[39m=[32m"none"[39m
                  [33mheight[39m=[32m"24"[39m
                  [33mstroke[39m=[32m"currentColor"[39m
                  [33mstroke-linecap[39m=[32m"round"[39m
                  [33mstroke-linejoin[39m=[32m"round"[39m
                  [33mstroke-width[39m=[32m"2"[39m
                  [33mviewBox[39m=[32m"0 0 24 24"[39m
                  [33mwidth[39m=[32m"24"[39m
                  [33mxmlns[39m=[32m"http://www.w3.org/2000/svg"[39m
                [36m>[39m
                  [36m<circle[39m
                    [33mcx[39m=[32m"11"[39m
                    [33mcy[39m=[32m"11"[39m
                    [33mr[39m=[32m"8"[39m
                  [36m/>[39m
                  [36m<path[39m
                    [33md[39m=[32m"m21 21-4.3-4.3"[39m
                  [36m/>[39m
                [36m</svg>[39m
                [0mSearch Axiom AI Experience Center[0m
              [36m</h2>[39m
              [36m<button[39m
                [33maria-label[39m=[32m"Close search modal"[39m
                [33mclass[39m=[32m"sc-dTvVRJ liGKZI"[39m
              [36m>[39m
                [36m<svg[39m
                  [33mclass[39m=[32m"lucide lucide-x"[39m
                  [33mfill[39m=[32m"none"[39m
                  [33mheight[39m=[32m"20"[39m
                  [33mstroke[39m=[32m"currentColor"[39m
                  [33mstroke-linecap[39m=[32m"round"[39m
                  [33mstroke-linejoin[39m=[32m"round"[39m
                  [33mstroke-width[39m=[32m"2"[39m
                  [33mviewBox[39m=[32m"0 0 24 24"[39m
                  [33mwidth[39m=[32m"20"[39m
                  [33mxmlns[39m=[32m"http://www.w3.org/2000/svg"[39m
                [36m>[39m
                  [36m<path[39m
                    [33md[39m=[32m"M18 6 6 18"[39m
                  [36m/>[39m
                  [36m<path[39m
                    [33md[39m=[32m"m6 6 12 12"[39m
                  [36m/>[39m
                [36m</svg>[39m
              [36m</button>[39m
            [36m</div>[39m
            [36m<div[39m
              [33mclass[39m=[32m"sc-jwTyAe kCIdYH"[39m
            [36m>[39m
              [36m<div[39m
                [33mdata-testid[39m=[32m"advanced-search"[39m
              [36m>[39m
                [36m<input[39m
                  [33mdata-testid[39m=[32m"search-input"[39m
                  [33mplaceholder[39m=[32m"Search..."[39m
                [36m/>[39m
                [36m<button[39m
                  [33mdata-testid[39m=[32m"mock-result"[39m
                [36m>[39m
                  [0mMock Result[0m
                [36m</button>[39m
              [36m</div>[39m
            [36m</div>[39m
            [36m<div[39m
              [33mclass[39m=[32m"sc-hjsuWn jtvgdi"[39m
            [36m>[39m
              [36m<div[39m
                [33mclass[39m=[32m"sc-jJLAfE ieBkue"[39m
              [36m>[39m
                [36m<span>[39m
                  [36m<kbd[39m
                    [33mclass[39m=[32m"sc-hwkwBN gmSbLd"[39m
                  [36m>[39m
                    [0m↑↓[0m
                  [36m</kbd>[39m
                  [0m Navigate[0m
                [36m</span>[39m
                [36m<span>[39m
                  [36m<kbd[39m
                    [33mclass[39m=[32m"sc-hwkwBN gmSbLd"[39m
                  [36m>[39m
                    [0mEnter[0m
                  [36m</kbd>[39m
                  [0m Select[0m
                [36m</span>[39m
                [36m<span>[39m
                  [36m<kbd[39m
                    [33mclass[39m=[32m"sc-hwkwBN gmSbLd"[39m
                  [36m>[39m
                    [0mEsc[0m
                  [36m</kbd>[39m
                  [0m Close[0m
                [36m</span>[39m
              [36m</div>[39m
              [36m<div>[39m
                [0mPress [0m
                [36m<kbd[39m
                  [33mclass[39m=[32m"sc-hwkwBN gmSbLd"[39m
                [36m>[39m
                  [0mCmd+K[0m
                [36m</kbd>[39m
                [0m to open search[0m
              [36m</div>[39m
            [36m</div>[39m
          [36m</div>[39m
        [36m</div>[39m
      [36m</div>[39m
    [36m</body>[39m

      103 |       
      104 |       // Click on the overlay (not the modal content)
    > 105 |       const overlay = screen.getByRole('presentation') || document.querySelector('[data-testid="modal-overlay"]');
          |                              ^
      106 |       if (overlay) {
      107 |         await user.click(overlay);
      108 |         expect(mockOnClose).toHaveBeenCalledTimes(1);

      at Object.getElementError (node_modules/@testing-library/react/node_modules/@testing-library/dom/dist/config.js:37:19)
      at node_modules/@testing-library/react/node_modules/@testing-library/dom/dist/query-helpers.js:76:38
      at node_modules/@testing-library/react/node_modules/@testing-library/dom/dist/query-helpers.js:52:17
      at getByRole (node_modules/@testing-library/react/node_modules/@testing-library/dom/dist/query-helpers.js:95:19)
      at Object.<anonymous> (src/components/__tests__/GlobalSearchModal.test.tsx:105:30)

FAIL src/components/__tests__/AddRepositoryModal.test.tsx
  ● AddRepositoryModal › calls onClose when backdrop is clicked

    TestingLibraryElementError: Unable to find an accessible element with the role "dialog"

    Here are the accessible roles:

      heading:

      Name "Add Repository":
      [36m<h2[39m
        [33mclass[39m=[32m"text-xl font-semibold text-gray-900"[39m
      [36m/>[39m

      --------------------------------------------------
      textbox:

      Name "Repository Name":
      [36m<input[39m
        [33mclass[39m=[32m"
                          w-full px-3 py-2 border rounded-md focus:outline-none focus:ring-2
                          border-gray-300 focus:ring-blue-500
                        "[39m
        [33mid[39m=[32m"repo-name"[39m
        [33mplaceholder[39m=[32m"e.g., my-awesome-project"[39m
        [33mtype[39m=[32m"text"[39m
        [33mvalue[39m=[32m""[39m
      [36m/>[39m

      --------------------------------------------------
      button:

      Name "Cancel":
      [36m<button[39m
        [33mclass[39m=[32m"px-4 py-2 text-sm font-medium text-gray-700 bg-white border border-gray-300 rounded-md hover:bg-gray-50 focus:outline-none focus:ring-2 focus:ring-offset-2 focus:ring-blue-500"[39m
      [36m/>[39m

      Name "Add Repository":
      [36m<button[39m
        [33mclass[39m=[32m"
                    px-4 py-2 text-sm font-medium text-white rounded-md focus:outline-none focus:ring-2 focus:ring-offset-2
                    bg-gray-300 cursor-not-allowed
                  "[39m
        [33mdisabled[39m=[32m""[39m
      [36m/>[39m

      --------------------------------------------------

    Ignored nodes: comments, script, style
    [36m<body>[39m
      [36m<div>[39m
        [36m<div[39m
          [33mclass[39m=[32m"fixed inset-0 bg-black bg-opacity-50 flex items-center justify-center z-50"[39m
        [36m>[39m
          [36m<div[39m
            [33mclass[39m=[32m"bg-white rounded-lg shadow-xl w-full max-w-md mx-4"[39m
          [36m>[39m
            [36m<div[39m
              [33mclass[39m=[32m"px-6 py-4 border-b border-gray-200"[39m
            [36m>[39m
              [36m<h2[39m
                [33mclass[39m=[32m"text-xl font-semibold text-gray-900"[39m
              [36m>[39m
                [0mAdd Repository[0m
              [36m</h2>[39m
              [36m<p[39m
                [33mclass[39m=[32m"text-sm text-gray-600 mt-1"[39m
              [36m>[39m
                [0mAdd a repository from the [0m
                [0mjamesenki[0m
                [0m account[0m
              [36m</p>[39m
            [36m</div>[39m
            [36m<div[39m
              [33mclass[39m=[32m"px-6 py-4"[39m
            [36m>[39m
              [36m<div[39m
                [33mclass[39m=[32m"space-y-4"[39m
              [36m>[39m
                [36m<div>[39m
                  [36m<label[39m
                    [33mclass[39m=[32m"block text-sm font-medium text-gray-700 mb-1"[39m
                    [33mfor[39m=[32m"repo-name"[39m
                  [36m>[39m
                    [0mRepository Name[0m
                  [36m</label>[39m
                  [36m<div[39m
                    [33mclass[39m=[32m"relative"[39m
                  [36m>[39m
                    [36m<input[39m
                      [33mclass[39m=[32m"
                        w-full px-3 py-2 border rounded-md focus:outline-none focus:ring-2
                        border-gray-300 focus:ring-blue-500
                      "[39m
                      [33mid[39m=[32m"repo-name"[39m
                      [33mplaceholder[39m=[32m"e.g., my-awesome-project"[39m
                      [33mtype[39m=[32m"text"[39m
                      [33mvalue[39m=[32m""[39m
                    [36m/>[39m
                  [36m</div>[39m
                  [36m<p[39m
                    [33mclass[39m=[32m"text-xs text-gray-500 mt-1"[39m
                  [36m>[39m
                    [0mEnter the repository name exactly as it appears on GitHub[0m
                  [36m</p>[39m
                [36m</div>[39m
              [36m</div>[39m
            [36m</div>[39m
            [36m<div[39m
              [33mclass[39m=[32m"px-6 py-4 border-t border-gray-200 flex justify-end space-x-3"[39m
            [36m>[39m
              [36m<button[39m
                [33mclass[39m=[32m"px-4 py-2 text-sm font-medium text-gray-700 bg-white border border-gray-300 rounded-md hover:bg-gray-50 focus:outline-none focus:ring-2 focus:ring-offset-2 focus:ring-blue-500"[39m
              [36m>[39m
                [0mCancel[0m
              [36m</button>[39m
              [36m<button[39m
                [33mclass[39m=[32m"
                  px-4 py-2 text-sm font-medium text-white rounded-md focus:outline-none focus:ring-2 focus:ring-offset-2
                  bg-gray-300 cursor-not-allowed
                "[39m
                [33mdisabled[39m=[32m""[39m
              [36m>[39m
                [0mAdd Repository[0m
              [36m</button>[39m
            [36m</div>[39m
          [36m</div>[39m
        [36m</div>[39m
      [36m</div>[39m
    [36m</body>[39m

      68 |       fireEvent.click(backdrop);
      69 |       expect(mockOnClose).toHaveBeenCalled();
    > 70 |     }
         |      ^
      71 |   });
      72 |
      73 |   it('validates empty input', async () => {

      at Object.getElementError (node_modules/@testing-library/react/node_modules/@testing-library/dom/dist/config.js:37:19)
      at node_modules/@testing-library/react/node_modules/@testing-library/dom/dist/query-helpers.js:76:38
      at node_modules/@testing-library/react/node_modules/@testing-library/dom/dist/query-helpers.js:52:17
      at node_modules/@testing-library/react/node_modules/@testing-library/dom/dist/query-helpers.js:95:19
      at Object.<anonymous> (src/components/__tests__/AddRepositoryModal.test.tsx:70:37)

  ● AddRepositoryModal › validates empty input

    TestingLibraryElementError: Found multiple elements with the text: Add Repository

    Here are the matching elements:

    Ignored nodes: comments, script, style
    [36m<h2[39m
      [33mclass[39m=[32m"text-xl font-semibold text-gray-900"[39m
    [36m>[39m
      [0mAdd Repository[0m
    [36m</h2>[39m

    Ignored nodes: comments, script, style
    [36m<button[39m
      [33mclass[39m=[32m"
                  px-4 py-2 text-sm font-medium text-white rounded-md focus:outline-none focus:ring-2 focus:ring-offset-2
                  bg-gray-300 cursor-not-allowed
                "[39m
      [33mdisabled[39m=[32m""[39m
    [36m>[39m
      [0mAdd Repository[0m
    [36m</button>[39m

    (If this is intentional, then use the `*AllBy*` variant of the query (like `queryAllByText`, `getAllByText`, or `findAllByText`)).

    Ignored nodes: comments, script, style
    [36m<body>[39m
      [36m<div>[39m
        [36m<div[39m
          [33mclass[39m=[32m"fixed inset-0 bg-black bg-opacity-50 flex items-center justify-center z-50"[39m
        [36m>[39m
          [36m<div[39m
            [33mclass[39m=[32m"bg-white rounded-lg shadow-xl w-full max-w-md mx-4"[39m
          [36m>[39m
            [36m<div[39m
              [33mclass[39m=[32m"px-6 py-4 border-b border-gray-200"[39m
            [36m>[39m
              [36m<h2[39m
                [33mclass[39m=[32m"text-xl font-semibold text-gray-900"[39m
              [36m>[39m
                [0mAdd Repository[0m
              [36m</h2>[39m
              [36m<p[39m
                [33mclass[39m=[32m"text-sm text-gray-600 mt-1"[39m
              [36m>[39m
                [0mAdd a repository from the [0m
                [0mjamesenki[0m
                [0m account[0m
              [36m</p>[39m
            [36m</div>[39m
            [36m<div[39m
              [33mclass[39m=[32m"px-6 py-4"[39m
            [36m>[39m
              [36m<div[39m
                [33mclass[39m=[32m"space-y-4"[39m
              [36m>[39m
                [36m<div>[39m
                  [36m<label[39m
                    [33mclass[39m=[32m"block text-sm font-medium text-gray-700 mb-1"[39m
                    [33mfor[39m=[32m"repo-name"[39m
                  [36m>[39m
                    [0mRepository Name[0m
                  [36m</label>[39m
                  [36m<div[39m
                    [33mclass[39m=[32m"relative"[39m
                  [36m>[39m
                    [36m<input[39m
                      [33mclass[39m=[32m"
                        w-full px-3 py-2 border rounded-md focus:outline-none focus:ring-2
                        border-gray-300 focus:ring-blue-500
                      "[39m
                      [33mid[39m=[32m"repo-name"[39m
                      [33mplaceholder[39m=[32m"e.g., my-awesome-project"[39m
                      [33mtype[39m=[32m"text"[39m
                      [33mvalue[39m=[32m""[39m
                    [36m/>[39m
                  [36m</div>[39m
                  [36m<p[39m
                    [33mclass[39m=[32m"text-xs text-gray-500 mt-1"[39m
                  [36m>[39m
                    [0mEnter the repository name exactly as it appears on GitHub[0m
                  [36m</p>[39m
                [36m</div>[39m
              [36m</div>[39m
            [36m</div>[39m
            [36m<div[39m
              [33mclass[39m=[32m"px-6 py-4 border-t border-gray-200 flex justify-end space-x-3"[39m
            [36m>[39m
              [36m<button[39m
                [33mclass[39m=[32m"px-4 py-2 text-sm font-medium text-gray-700 bg-white border border-gray-300 rounded-md hover:bg-gray-50 focus:outline-none focus:ring-2 focus:ring-offset-2 focus:ring-blue-500"[39m
              [36m>[39m
                [0mCancel[0m
              [36m</button>[39m
              [36m<button[39m
                [33mclass[39m=[32m"
                  px-4 py-2 text-sm font-medium text-white rounded-md focus:outline-none focus:ring-2 focus:ring-offset-2
                  bg-gray-300 cursor-not-allowed
                "[39m
                [33mdisabled[39m=[32m""[39m
              [36m>[39m
                [0mAdd Repository[0m
              [36m</button>[39m
            [36m</div>[39m
          [36m</div>[39m
        [36m</div>[39m
      [36m</div>[39m
    [36m</body>[39m

      84 |     await waitFor(() => {
      85 |       expect(screen.getByText('Please enter a repository name')).toBeInTheDocument();
    > 86 |     });
         |        ^
      87 |   });
      88 |
      89 |   it('validates invalid repository format', async () => {

      at Object.getElementError (node_modules/@testing-library/react/node_modules/@testing-library/dom/dist/config.js:37:19)
      at getElementError (node_modules/@testing-library/react/node_modules/@testing-library/dom/dist/query-helpers.js:20:35)
      at getMultipleElementsFoundError (node_modules/@testing-library/react/node_modules/@testing-library/dom/dist/query-helpers.js:23:10)
      at node_modules/@testing-library/react/node_modules/@testing-library/dom/dist/query-helpers.js:55:13
      at node_modules/@testing-library/react/node_modules/@testing-library/dom/dist/query-helpers.js:95:19
      at Object.<anonymous> (src/components/__tests__/AddRepositoryModal.test.tsx:86:44)

  ● AddRepositoryModal › validates invalid repository format

    TestingLibraryElementError: Unable to find an element with the placeholder text of: owner/repository

    Ignored nodes: comments, script, style
    [36m<body>[39m
      [36m<div>[39m
        [36m<div[39m
          [33mclass[39m=[32m"fixed inset-0 bg-black bg-opacity-50 flex items-center justify-center z-50"[39m
        [36m>[39m
          [36m<div[39m
            [33mclass[39m=[32m"bg-white rounded-lg shadow-xl w-full max-w-md mx-4"[39m
          [36m>[39m
            [36m<div[39m
              [33mclass[39m=[32m"px-6 py-4 border-b border-gray-200"[39m
            [36m>[39m
              [36m<h2[39m
                [33mclass[39m=[32m"text-xl font-semibold text-gray-900"[39m
              [36m>[39m
                [0mAdd Repository[0m
              [36m</h2>[39m
              [36m<p[39m
                [33mclass[39m=[32m"text-sm text-gray-600 mt-1"[39m
              [36m>[39m
                [0mAdd a repository from the [0m
                [0mjamesenki[0m
                [0m account[0m
              [36m</p>[39m
            [36m</div>[39m
            [36m<div[39m
              [33mclass[39m=[32m"px-6 py-4"[39m
            [36m>[39m
              [36m<div[39m
                [33mclass[39m=[32m"space-y-4"[39m
              [36m>[39m
                [36m<div>[39m
                  [36m<label[39m
                    [33mclass[39m=[32m"block text-sm font-medium text-gray-700 mb-1"[39m
                    [33mfor[39m=[32m"repo-name"[39m
                  [36m>[39m
                    [0mRepository Name[0m
                  [36m</label>[39m
                  [36m<div[39m
                    [33mclass[39m=[32m"relative"[39m
                  [36m>[39m
                    [36m<input[39m
                      [33mclass[39m=[32m"
                        w-full px-3 py-2 border rounded-md focus:outline-none focus:ring-2
                        border-gray-300 focus:ring-blue-500
                      "[39m
                      [33mid[39m=[32m"repo-name"[39m
                      [33mplaceholder[39m=[32m"e.g., my-awesome-project"[39m
                      [33mtype[39m=[32m"text"[39m
                      [33mvalue[39m=[32m""[39m
                    [36m/>[39m
                  [36m</div>[39m
                  [36m<p[39m
                    [33mclass[39m=[32m"text-xs text-gray-500 mt-1"[39m
                  [36m>[39m
                    [0mEnter the repository name exactly as it appears on GitHub[0m
                  [36m</p>[39m
                [36m</div>[39m
              [36m</div>[39m
            [36m</div>[39m
            [36m<div[39m
              [33mclass[39m=[32m"px-6 py-4 border-t border-gray-200 flex justify-end space-x-3"[39m
            [36m>[39m
              [36m<button[39m
                [33mclass[39m=[32m"px-4 py-2 text-sm font-medium text-gray-700 bg-white border border-gray-300 rounded-md hover:bg-gray-50 focus:outline-none focus:ring-2 focus:ring-offset-2 focus:ring-blue-500"[39m
              [36m>[39m
                [0mCancel[0m
              [36m</button>[39m
              [36m<button[39m
                [33mclass[39m=[32m"
                  px-4 py-2 text-sm font-medium text-white rounded-md focus:outline-none focus:ring-2 focus:ring-offset-2
                  bg-gray-300 cursor-not-allowed
                "[39m
                [33mdisabled[39m=[32m""[39m
              [36m>[39m
                [0mAdd Repository[0m
              [36m</button>[39m
            [36m</div>[39m
          [36m</div>[39m
        [36m</div>[39m
      [36m</div>[39m
    [36m</body>[39m

       99 |     fireEvent.change(input, { target: { value: 'invalid-format' } });
      100 |     fireEvent.click(screen.getByText('Add Repository'));
    > 101 |
          | ^
      102 |     await waitFor(() => {
      103 |       expect(screen.getByText('Invalid format. Use: owner/repository')).toBeInTheDocument();
      104 |     });

      at Object.getElementError (node_modules/@testing-library/react/node_modules/@testing-library/dom/dist/config.js:37:19)
      at node_modules/@testing-library/react/node_modules/@testing-library/dom/dist/query-helpers.js:76:38
      at node_modules/@testing-library/react/node_modules/@testing-library/dom/dist/query-helpers.js:52:17
      at node_modules/@testing-library/react/node_modules/@testing-library/dom/dist/query-helpers.js:95:19
      at Object.<anonymous> (src/components/__tests__/AddRepositoryModal.test.tsx:101:34)

  ● AddRepositoryModal › submits valid repository successfully

    TestingLibraryElementError: Unable to find an element with the placeholder text of: owner/repository

    Ignored nodes: comments, script, style
    [36m<body>[39m
      [36m<div>[39m
        [36m<div[39m
          [33mclass[39m=[32m"fixed inset-0 bg-black bg-opacity-50 flex items-center justify-center z-50"[39m
        [36m>[39m
          [36m<div[39m
            [33mclass[39m=[32m"bg-white rounded-lg shadow-xl w-full max-w-md mx-4"[39m
          [36m>[39m
            [36m<div[39m
              [33mclass[39m=[32m"px-6 py-4 border-b border-gray-200"[39m
            [36m>[39m
              [36m<h2[39m
                [33mclass[39m=[32m"text-xl font-semibold text-gray-900"[39m
              [36m>[39m
                [0mAdd Repository[0m
              [36m</h2>[39m
              [36m<p[39m
                [33mclass[39m=[32m"text-sm text-gray-600 mt-1"[39m
              [36m>[39m
                [0mAdd a repository from the [0m
                [0mjamesenki[0m
                [0m account[0m
              [36m</p>[39m
            [36m</div>[39m
            [36m<div[39m
              [33mclass[39m=[32m"px-6 py-4"[39m
            [36m>[39m
              [36m<div[39m
                [33mclass[39m=[32m"space-y-4"[39m
              [36m>[39m
                [36m<div>[39m
                  [36m<label[39m
                    [33mclass[39m=[32m"block text-sm font-medium text-gray-700 mb-1"[39m
                    [33mfor[39m=[32m"repo-name"[39m
                  [36m>[39m
                    [0mRepository Name[0m
                  [36m</label>[39m
                  [36m<div[39m
                    [33mclass[39m=[32m"relative"[39m
                  [36m>[39m
                    [36m<input[39m
                      [33mclass[39m=[32m"
                        w-full px-3 py-2 border rounded-md focus:outline-none focus:ring-2
                        border-gray-300 focus:ring-blue-500
                      "[39m
                      [33mid[39m=[32m"repo-name"[39m
                      [33mplaceholder[39m=[32m"e.g., my-awesome-project"[39m
                      [33mtype[39m=[32m"text"[39m
                      [33mvalue[39m=[32m""[39m
                    [36m/>[39m
                  [36m</div>[39m
                  [36m<p[39m
                    [33mclass[39m=[32m"text-xs text-gray-500 mt-1"[39m
                  [36m>[39m
                    [0mEnter the repository name exactly as it appears on GitHub[0m
                  [36m</p>[39m
                [36m</div>[39m
              [36m</div>[39m
            [36m</div>[39m
            [36m<div[39m
              [33mclass[39m=[32m"px-6 py-4 border-t border-gray-200 flex justify-end space-x-3"[39m
            [36m>[39m
              [36m<button[39m
                [33mclass[39m=[32m"px-4 py-2 text-sm font-medium text-gray-700 bg-white border border-gray-300 rounded-md hover:bg-gray-50 focus:outline-none focus:ring-2 focus:ring-offset-2 focus:ring-blue-500"[39m
              [36m>[39m
                [0mCancel[0m
              [36m</button>[39m
              [36m<button[39m
                [33mclass[39m=[32m"
                  px-4 py-2 text-sm font-medium text-white rounded-md focus:outline-none focus:ring-2 focus:ring-offset-2
                  bg-gray-300 cursor-not-allowed
                "[39m
                [33mdisabled[39m=[32m""[39m
              [36m>[39m
                [0mAdd Repository[0m
              [36m</button>[39m
            [36m</div>[39m
          [36m</div>[39m
        [36m</div>[39m
      [36m</div>[39m
    [36m</body>[39m

      126 |       expect(global.fetch).toHaveBeenCalledWith('/api/repositories', {
      127 |         method: 'POST',
    > 128 |         headers: {
          |                   ^
      129 |           'Content-Type': 'application/json',
      130 |         },
      131 |         body: JSON.stringify({ repoName: 'owner/repo' })

      at Object.getElementError (node_modules/@testing-library/react/node_modules/@testing-library/dom/dist/config.js:37:19)
      at node_modules/@testing-library/react/node_modules/@testing-library/dom/dist/query-helpers.js:76:38
      at node_modules/@testing-library/react/node_modules/@testing-library/dom/dist/query-helpers.js:52:17
      at node_modules/@testing-library/react/node_modules/@testing-library/dom/dist/query-helpers.js:95:19
      at Object.<anonymous> (src/components/__tests__/AddRepositoryModal.test.tsx:128:34)

  ● AddRepositoryModal › handles server error

    TestingLibraryElementError: Unable to find an element with the placeholder text of: owner/repository

    Ignored nodes: comments, script, style
    [36m<body>[39m
      [36m<div>[39m
        [36m<div[39m
          [33mclass[39m=[32m"fixed inset-0 bg-black bg-opacity-50 flex items-center justify-center z-50"[39m
        [36m>[39m
          [36m<div[39m
            [33mclass[39m=[32m"bg-white rounded-lg shadow-xl w-full max-w-md mx-4"[39m
          [36m>[39m
            [36m<div[39m
              [33mclass[39m=[32m"px-6 py-4 border-b border-gray-200"[39m
            [36m>[39m
              [36m<h2[39m
                [33mclass[39m=[32m"text-xl font-semibold text-gray-900"[39m
              [36m>[39m
                [0mAdd Repository[0m
              [36m</h2>[39m
              [36m<p[39m
                [33mclass[39m=[32m"text-sm text-gray-600 mt-1"[39m
              [36m>[39m
                [0mAdd a repository from the [0m
                [0mjamesenki[0m
                [0m account[0m
              [36m</p>[39m
            [36m</div>[39m
            [36m<div[39m
              [33mclass[39m=[32m"px-6 py-4"[39m
            [36m>[39m
              [36m<div[39m
                [33mclass[39m=[32m"space-y-4"[39m
              [36m>[39m
                [36m<div>[39m
                  [36m<label[39m
                    [33mclass[39m=[32m"block text-sm font-medium text-gray-700 mb-1"[39m
                    [33mfor[39m=[32m"repo-name"[39m
                  [36m>[39m
                    [0mRepository Name[0m
                  [36m</label>[39m
                  [36m<div[39m
                    [33mclass[39m=[32m"relative"[39m
                  [36m>[39m
                    [36m<input[39m
                      [33mclass[39m=[32m"
                        w-full px-3 py-2 border rounded-md focus:outline-none focus:ring-2
                        border-gray-300 focus:ring-blue-500
                      "[39m
                      [33mid[39m=[32m"repo-name"[39m
                      [33mplaceholder[39m=[32m"e.g., my-awesome-project"[39m
                      [33mtype[39m=[32m"text"[39m
                      [33mvalue[39m=[32m""[39m
                    [36m/>[39m
                  [36m</div>[39m
                  [36m<p[39m
                    [33mclass[39m=[32m"text-xs text-gray-500 mt-1"[39m
                  [36m>[39m
                    [0mEnter the repository name exactly as it appears on GitHub[0m
                  [36m</p>[39m
                [36m</div>[39m
              [36m</div>[39m
            [36m</div>[39m
            [36m<div[39m
              [33mclass[39m=[32m"px-6 py-4 border-t border-gray-200 flex justify-end space-x-3"[39m
            [36m>[39m
              [36m<button[39m
                [33mclass[39m=[32m"px-4 py-2 text-sm font-medium text-gray-700 bg-white border border-gray-300 rounded-md hover:bg-gray-50 focus:outline-none focus:ring-2 focus:ring-offset-2 focus:ring-blue-500"[39m
              [36m>[39m
                [0mCancel[0m
              [36m</button>[39m
              [36m<button[39m
                [33mclass[39m=[32m"
                  px-4 py-2 text-sm font-medium text-white rounded-md focus:outline-none focus:ring-2 focus:ring-offset-2
                  bg-gray-300 cursor-not-allowed
                "[39m
                [33mdisabled[39m=[32m""[39m
              [36m>[39m
                [0mAdd Repository[0m
              [36m</button>[39m
            [36m</div>[39m
          [36m</div>[39m
        [36m</div>[39m
      [36m</div>[39m
    [36m</body>[39m

      165 |     (global.fetch as jest.Mock).mockRejectedValueOnce(new Error('Network error'));
      166 |
    > 167 |     render(
          |            ^
      168 |       <AddRepositoryModal 
      169 |         isOpen={true} 
      170 |         onClose={mockOnClose}

      at Object.getElementError (node_modules/@testing-library/react/node_modules/@testing-library/dom/dist/config.js:37:19)
      at node_modules/@testing-library/react/node_modules/@testing-library/dom/dist/query-helpers.js:76:38
      at node_modules/@testing-library/react/node_modules/@testing-library/dom/dist/query-helpers.js:52:17
      at node_modules/@testing-library/react/node_modules/@testing-library/dom/dist/query-helpers.js:95:19
      at Object.<anonymous> (src/components/__tests__/AddRepositoryModal.test.tsx:167:34)

  ● AddRepositoryModal › handles network error

    TestingLibraryElementError: Unable to find an element with the placeholder text of: owner/repository

    Ignored nodes: comments, script, style
    [36m<body>[39m
      [36m<div>[39m
        [36m<div[39m
          [33mclass[39m=[32m"fixed inset-0 bg-black bg-opacity-50 flex items-center justify-center z-50"[39m
        [36m>[39m
          [36m<div[39m
            [33mclass[39m=[32m"bg-white rounded-lg shadow-xl w-full max-w-md mx-4"[39m
          [36m>[39m
            [36m<div[39m
              [33mclass[39m=[32m"px-6 py-4 border-b border-gray-200"[39m
            [36m>[39m
              [36m<h2[39m
                [33mclass[39m=[32m"text-xl font-semibold text-gray-900"[39m
              [36m>[39m
                [0mAdd Repository[0m
              [36m</h2>[39m
              [36m<p[39m
                [33mclass[39m=[32m"text-sm text-gray-600 mt-1"[39m
              [36m>[39m
                [0mAdd a repository from the [0m
                [0mjamesenki[0m
                [0m account[0m
              [36m</p>[39m
            [36m</div>[39m
            [36m<div[39m
              [33mclass[39m=[32m"px-6 py-4"[39m
            [36m>[39m
              [36m<div[39m
                [33mclass[39m=[32m"space-y-4"[39m
              [36m>[39m
                [36m<div>[39m
                  [36m<label[39m
                    [33mclass[39m=[32m"block text-sm font-medium text-gray-700 mb-1"[39m
                    [33mfor[39m=[32m"repo-name"[39m
                  [36m>[39m
                    [0mRepository Name[0m
                  [36m</label>[39m
                  [36m<div[39m
                    [33mclass[39m=[32m"relative"[39m
                  [36m>[39m
                    [36m<input[39m
                      [33mclass[39m=[32m"
                        w-full px-3 py-2 border rounded-md focus:outline-none focus:ring-2
                        border-gray-300 focus:ring-blue-500
                      "[39m
                      [33mid[39m=[32m"repo-name"[39m
                      [33mplaceholder[39m=[32m"e.g., my-awesome-project"[39m
                      [33mtype[39m=[32m"text"[39m
                      [33mvalue[39m=[32m""[39m
                    [36m/>[39m
                  [36m</div>[39m
                  [36m<p[39m
                    [33mclass[39m=[32m"text-xs text-gray-500 mt-1"[39m
                  [36m>[39m
                    [0mEnter the repository name exactly as it appears on GitHub[0m
                  [36m</p>[39m
                [36m</div>[39m
              [36m</div>[39m
            [36m</div>[39m
            [36m<div[39m
              [33mclass[39m=[32m"px-6 py-4 border-t border-gray-200 flex justify-end space-x-3"[39m
            [36m>[39m
              [36m<button[39m
                [33mclass[39m=[32m"px-4 py-2 text-sm font-medium text-gray-700 bg-white border border-gray-300 rounded-md hover:bg-gray-50 focus:outline-none focus:ring-2 focus:ring-offset-2 focus:ring-blue-500"[39m
              [36m>[39m
                [0mCancel[0m
              [36m</button>[39m
              [36m<button[39m
                [33mclass[39m=[32m"
                  px-4 py-2 text-sm font-medium text-white rounded-md focus:outline-none focus:ring-2 focus:ring-offset-2
                  bg-gray-300 cursor-not-allowed
                "[39m
                [33mdisabled[39m=[32m""[39m
              [36m>[39m
                [0mAdd Repository[0m
              [36m</button>[39m
            [36m</div>[39m
          [36m</div>[39m
        [36m</div>[39m
      [36m</div>[39m
    [36m</body>[39m

      187 |         ok: true,
      188 |         json: async () => ({ message: 'Success' })
    > 189 |       }), 100))
          |                ^
      190 |     );
      191 |
      192 |     render(

      at Object.getElementError (node_modules/@testing-library/react/node_modules/@testing-library/dom/dist/config.js:37:19)
      at node_modules/@testing-library/react/node_modules/@testing-library/dom/dist/query-helpers.js:76:38
      at node_modules/@testing-library/react/node_modules/@testing-library/dom/dist/query-helpers.js:52:17
      at node_modules/@testing-library/react/node_modules/@testing-library/dom/dist/query-helpers.js:95:19
      at Object.<anonymous> (src/components/__tests__/AddRepositoryModal.test.tsx:189:34)

  ● AddRepositoryModal › disables submit button while submitting

    TestingLibraryElementError: Unable to find an element with the placeholder text of: owner/repository

    Ignored nodes: comments, script, style
    [36m<body>[39m
      [36m<div>[39m
        [36m<div[39m
          [33mclass[39m=[32m"fixed inset-0 bg-black bg-opacity-50 flex items-center justify-center z-50"[39m
        [36m>[39m
          [36m<div[39m
            [33mclass[39m=[32m"bg-white rounded-lg shadow-xl w-full max-w-md mx-4"[39m
          [36m>[39m
            [36m<div[39m
              [33mclass[39m=[32m"px-6 py-4 border-b border-gray-200"[39m
            [36m>[39m
              [36m<h2[39m
                [33mclass[39m=[32m"text-xl font-semibold text-gray-900"[39m
              [36m>[39m
                [0mAdd Repository[0m
              [36m</h2>[39m
              [36m<p[39m
                [33mclass[39m=[32m"text-sm text-gray-600 mt-1"[39m
              [36m>[39m
                [0mAdd a repository from the [0m
                [0mjamesenki[0m
                [0m account[0m
              [36m</p>[39m
            [36m</div>[39m
            [36m<div[39m
              [33mclass[39m=[32m"px-6 py-4"[39m
            [36m>[39m
              [36m<div[39m
                [33mclass[39m=[32m"space-y-4"[39m
              [36m>[39m
                [36m<div>[39m
                  [36m<label[39m
                    [33mclass[39m=[32m"block text-sm font-medium text-gray-700 mb-1"[39m
                    [33mfor[39m=[32m"repo-name"[39m
                  [36m>[39m
                    [0mRepository Name[0m
                  [36m</label>[39m
                  [36m<div[39m
                    [33mclass[39m=[32m"relative"[39m
                  [36m>[39m
                    [36m<input[39m
                      [33mclass[39m=[32m"
                        w-full px-3 py-2 border rounded-md focus:outline-none focus:ring-2
                        border-gray-300 focus:ring-blue-500
                      "[39m
                      [33mid[39m=[32m"repo-name"[39m
                      [33mplaceholder[39m=[32m"e.g., my-awesome-project"[39m
                      [33mtype[39m=[32m"text"[39m
                      [33mvalue[39m=[32m""[39m
                    [36m/>[39m
                  [36m</div>[39m
                  [36m<p[39m
                    [33mclass[39m=[32m"text-xs text-gray-500 mt-1"[39m
                  [36m>[39m
                    [0mEnter the repository name exactly as it appears on GitHub[0m
                  [36m</p>[39m
                [36m</div>[39m
              [36m</div>[39m
            [36m</div>[39m
            [36m<div[39m
              [33mclass[39m=[32m"px-6 py-4 border-t border-gray-200 flex justify-end space-x-3"[39m
            [36m>[39m
              [36m<button[39m
                [33mclass[39m=[32m"px-4 py-2 text-sm font-medium text-gray-700 bg-white border border-gray-300 rounded-md hover:bg-gray-50 focus:outline-none focus:ring-2 focus:ring-offset-2 focus:ring-blue-500"[39m
              [36m>[39m
                [0mCancel[0m
              [36m</button>[39m
              [36m<button[39m
                [33mclass[39m=[32m"
                  px-4 py-2 text-sm font-medium text-white rounded-md focus:outline-none focus:ring-2 focus:ring-offset-2
                  bg-gray-300 cursor-not-allowed
                "[39m
                [33mdisabled[39m=[32m""[39m
              [36m>[39m
                [0mAdd Repository[0m
              [36m</button>[39m
            [36m</div>[39m
          [36m</div>[39m
        [36m</div>[39m
      [36m</div>[39m
    [36m</body>[39m

      214 |         onClose={mockOnClose}
      215 |         onSuccess={mockOnSuccess}
    > 216 |       />
          |         ^
      217 |     );
      218 |
      219 |     // Trigger error

      at Object.getElementError (node_modules/@testing-library/react/node_modules/@testing-library/dom/dist/config.js:37:19)
      at node_modules/@testing-library/react/node_modules/@testing-library/dom/dist/query-helpers.js:76:38
      at node_modules/@testing-library/react/node_modules/@testing-library/dom/dist/query-helpers.js:52:17
      at node_modules/@testing-library/react/node_modules/@testing-library/dom/dist/query-helpers.js:95:19
      at Object.<anonymous> (src/components/__tests__/AddRepositoryModal.test.tsx:216:34)

  ● AddRepositoryModal › clears error when input changes

    TestingLibraryElementError: Found multiple elements with the text: Add Repository

    Here are the matching elements:

    Ignored nodes: comments, script, style
    [36m<h2[39m
      [33mclass[39m=[32m"text-xl font-semibold text-gray-900"[39m
    [36m>[39m
      [0mAdd Repository[0m
    [36m</h2>[39m

    Ignored nodes: comments, script, style
    [36m<button[39m
      [33mclass[39m=[32m"
                  px-4 py-2 text-sm font-medium text-white rounded-md focus:outline-none focus:ring-2 focus:ring-offset-2
                  bg-gray-300 cursor-not-allowed
                "[39m
      [33mdisabled[39m=[32m""[39m
    [36m>[39m
      [0mAdd Repository[0m
    [36m</button>[39m

    (If this is intentional, then use the `*AllBy*` variant of the query (like `queryAllByText`, `getAllByText`, or `findAllByText`)).

    Ignored nodes: comments, script, style
    [36m<body>[39m
      [36m<div>[39m
        [36m<div[39m
          [33mclass[39m=[32m"fixed inset-0 bg-black bg-opacity-50 flex items-center justify-center z-50"[39m
        [36m>[39m
          [36m<div[39m
            [33mclass[39m=[32m"bg-white rounded-lg shadow-xl w-full max-w-md mx-4"[39m
          [36m>[39m
            [36m<div[39m
              [33mclass[39m=[32m"px-6 py-4 border-b border-gray-200"[39m
            [36m>[39m
              [36m<h2[39m
                [33mclass[39m=[32m"text-xl font-semibold text-gray-900"[39m
              [36m>[39m
                [0mAdd Repository[0m
              [36m</h2>[39m
              [36m<p[39m
                [33mclass[39m=[32m"text-sm text-gray-600 mt-1"[39m
              [36m>[39m
                [0mAdd a repository from the [0m
                [0mjamesenki[0m
                [0m account[0m
              [36m</p>[39m
            [36m</div>[39m
            [36m<div[39m
              [33mclass[39m=[32m"px-6 py-4"[39m
            [36m>[39m
              [36m<div[39m
                [33mclass[39m=[32m"space-y-4"[39m
              [36m>[39m
                [36m<div>[39m
                  [36m<label[39m
                    [33mclass[39m=[32m"block text-sm font-medium text-gray-700 mb-1"[39m
                    [33mfor[39m=[32m"repo-name"[39m
                  [36m>[39m
                    [0mRepository Name[0m
                  [36m</label>[39m
                  [36m<div[39m
                    [33mclass[39m=[32m"relative"[39m
                  [36m>[39m
                    [36m<input[39m
                      [33mclass[39m=[32m"
                        w-full px-3 py-2 border rounded-md focus:outline-none focus:ring-2
                        border-gray-300 focus:ring-blue-500
                      "[39m
                      [33mid[39m=[32m"repo-name"[39m
                      [33mplaceholder[39m=[32m"e.g., my-awesome-project"[39m
                      [33mtype[39m=[32m"text"[39m
                      [33mvalue[39m=[32m""[39m
                    [36m/>[39m
                  [36m</div>[39m
                  [36m<p[39m
                    [33mclass[39m=[32m"text-xs text-gray-500 mt-1"[39m
                  [36m>[39m
                    [0mEnter the repository name exactly as it appears on GitHub[0m
                  [36m</p>[39m
                [36m</div>[39m
              [36m</div>[39m
            [36m</div>[39m
            [36m<div[39m
              [33mclass[39m=[32m"px-6 py-4 border-t border-gray-200 flex justify-end space-x-3"[39m
            [36m>[39m
              [36m<button[39m
                [33mclass[39m=[32m"px-4 py-2 text-sm font-medium text-gray-700 bg-white border border-gray-300 rounded-md hover:bg-gray-50 focus:outline-none focus:ring-2 focus:ring-offset-2 focus:ring-blue-500"[39m
              [36m>[39m
                [0mCancel[0m
              [36m</button>[39m
              [36m<button[39m
                [33mclass[39m=[32m"
                  px-4 py-2 text-sm font-medium text-white rounded-md focus:outline-none focus:ring-2 focus:ring-offset-2
                  bg-gray-300 cursor-not-allowed
                "[39m
                [33mdisabled[39m=[32m""[39m
              [36m>[39m
                [0mAdd Repository[0m
              [36m</button>[39m
            [36m</div>[39m
          [36m</div>[39m
        [36m</div>[39m
      [36m</div>[39m
    [36m</body>[39m

      237 |         isOpen={true} 
      238 |         onClose={mockOnClose}
    > 239 |         onSuccess={mockOnSuccess}
          |                                  ^
      240 |       />
      241 |     );
      242 |

      at Object.getElementError (node_modules/@testing-library/react/node_modules/@testing-library/dom/dist/config.js:37:19)
      at getElementError (node_modules/@testing-library/react/node_modules/@testing-library/dom/dist/query-helpers.js:20:35)
      at getMultipleElementsFoundError (node_modules/@testing-library/react/node_modules/@testing-library/dom/dist/query-helpers.js:23:10)
      at node_modules/@testing-library/react/node_modules/@testing-library/dom/dist/query-helpers.js:55:13
      at node_modules/@testing-library/react/node_modules/@testing-library/dom/dist/query-helpers.js:95:19
      at Object.<anonymous> (src/components/__tests__/AddRepositoryModal.test.tsx:239:44)

  ● AddRepositoryModal › resets form when closed and reopened

    TestingLibraryElementError: Unable to find an element with the placeholder text of: owner/repository

    Ignored nodes: comments, script, style
    [36m<body>[39m
      [36m<div>[39m
        [36m<div[39m
          [33mclass[39m=[32m"fixed inset-0 bg-black bg-opacity-50 flex items-center justify-center z-50"[39m
        [36m>[39m
          [36m<div[39m
            [33mclass[39m=[32m"bg-white rounded-lg shadow-xl w-full max-w-md mx-4"[39m
          [36m>[39m
            [36m<div[39m
              [33mclass[39m=[32m"px-6 py-4 border-b border-gray-200"[39m
            [36m>[39m
              [36m<h2[39m
                [33mclass[39m=[32m"text-xl font-semibold text-gray-900"[39m
              [36m>[39m
                [0mAdd Repository[0m
              [36m</h2>[39m
              [36m<p[39m
                [33mclass[39m=[32m"text-sm text-gray-600 mt-1"[39m
              [36m>[39m
                [0mAdd a repository from the [0m
                [0mjamesenki[0m
                [0m account[0m
              [36m</p>[39m
            [36m</div>[39m
            [36m<div[39m
              [33mclass[39m=[32m"px-6 py-4"[39m
            [36m>[39m
              [36m<div[39m
                [33mclass[39m=[32m"space-y-4"[39m
              [36m>[39m
                [36m<div>[39m
                  [36m<label[39m
                    [33mclass[39m=[32m"block text-sm font-medium text-gray-700 mb-1"[39m
                    [33mfor[39m=[32m"repo-name"[39m
                  [36m>[39m
                    [0mRepository Name[0m
                  [36m</label>[39m
                  [36m<div[39m
                    [33mclass[39m=[32m"relative"[39m
                  [36m>[39m
                    [36m<input[39m
                      [33mclass[39m=[32m"
                        w-full px-3 py-2 border rounded-md focus:outline-none focus:ring-2
                        border-gray-300 focus:ring-blue-500
                      "[39m
                      [33mid[39m=[32m"repo-name"[39m
                      [33mplaceholder[39m=[32m"e.g., my-awesome-project"[39m
                      [33mtype[39m=[32m"text"[39m
                      [33mvalue[39m=[32m""[39m
                    [36m/>[39m
                  [36m</div>[39m
                  [36m<p[39m
                    [33mclass[39m=[32m"text-xs text-gray-500 mt-1"[39m
                  [36m>[39m
                    [0mEnter the repository name exactly as it appears on GitHub[0m
                  [36m</p>[39m
                [36m</div>[39m
              [36m</div>[39m
            [36m</div>[39m
            [36m<div[39m
              [33mclass[39m=[32m"px-6 py-4 border-t border-gray-200 flex justify-end space-x-3"[39m
            [36m>[39m
              [36m<button[39m
                [33mclass[39m=[32m"px-4 py-2 text-sm font-medium text-gray-700 bg-white border border-gray-300 rounded-md hover:bg-gray-50 focus:outline-none focus:ring-2 focus:ring-offset-2 focus:ring-blue-500"[39m
              [36m>[39m
                [0mCancel[0m
              [36m</button>[39m
              [36m<button[39m
                [33mclass[39m=[32m"
                  px-4 py-2 text-sm font-medium text-white rounded-md focus:outline-none focus:ring-2 focus:ring-offset-2
                  bg-gray-300 cursor-not-allowed
                "[39m
                [33mdisabled[39m=[32m""[39m
              [36m>[39m
                [0mAdd Repository[0m
              [36m</button>[39m
            [36m</div>[39m
          [36m</div>[39m
        [36m</div>[39m
      [36m</div>[39m
    [36m</body>[39m

      267 |     expect(newInput).toHaveValue('');
      268 |   });
    > 269 | });
          |    ^

      at Object.getElementError (node_modules/@testing-library/react/node_modules/@testing-library/dom/dist/config.js:37:19)
      at node_modules/@testing-library/react/node_modules/@testing-library/dom/dist/query-helpers.js:76:38
      at node_modules/@testing-library/react/node_modules/@testing-library/dom/dist/query-helpers.js:52:17
      at node_modules/@testing-library/react/node_modules/@testing-library/dom/dist/query-helpers.js:95:19
      at Object.<anonymous> (src/components/__tests__/AddRepositoryModal.test.tsx:269:34)

FAIL src/services/__tests__/repositorySync.simple.test.ts
  ● repositorySyncService - Simple › basic functionality › initializes with correct default status

    expect(received).toBe(expected) // Object.is equality

    Expected: false
    Received: undefined

      43 |       (fs.existsSync as jest.Mock).mockReturnValue(false);
      44 |       const info = repositorySyncService.getLastSyncInfo();
    > 45 |       expect(info).toEqual({});
         |                                ^
      46 |     });
      47 |
      48 |     it('handles empty repository list gracefully', async () => {

      at Object.<anonymous> (src/services/__tests__/repositorySync.simple.test.ts:45:35)

  ● repositorySyncService - Simple › basic functionality › handles empty repository list gracefully

    expect(received).toBeInstanceOf(expected)

    Expected constructor: Date

    Received value has no prototype
    Received value: "2025-08-02T13:52:46.712Z"

      58 |     it('falls back to local repositories when GitHub CLI fails', async () => {
      59 |       // Make GitHub CLI fail
    > 60 |       (execSync as jest.Mock).mockImplementation((cmd) => {
         |                                ^
      61 |         if (cmd.includes('gh repo list')) {
      62 |           throw new Error('GitHub CLI not available');
      63 |         }

      at Object.<anonymous> (src/services/__tests__/repositorySync.simple.test.ts:60:32)

  ● repositorySyncService - Simple › basic functionality › falls back to local repositories when GitHub CLI fails

    expect(received).toEqual(expected) // deep equality

    - Expected  - 3
    + Received  + 1

    - Array [
    -   "local-repo",
    - ]
    + Array []

      77 |   });
      78 | });

      at Object.<anonymous> (src/services/__tests__/repositorySync.simple.test.ts:79:41)

FAIL src/components/__tests__/RepositorySync.enhanced.test.tsx
  ● RepositorySync Component › displays last sync information when available

    TestingLibraryElementError: Unable to find an element with the text: /Last sync:/. This could be because the text is broken up by multiple elements. In this case, you can provide a function for your text matcher to make your matcher more flexible.

    Ignored nodes: comments, script, style
    [36m<body>[39m
      [36m<div>[39m
        [36m<div[39m
          [33mclass[39m=[32m"repository-sync p-8 max-w-4xl mx-auto"[39m
        [36m>[39m
          [36m<div[39m
            [33mclass[39m=[32m"mb-8"[39m
          [36m>[39m
            [36m<a[39m
              [33mhref[39m=[32m"/"[39m
            [36m>[39m
              [0m← Back to Repositories[0m
            [36m</a>[39m
            [36m<h1[39m
              [33mclass[39m=[32m"text-3xl font-bold text-white mb-4"[39m
            [36m>[39m
              [0m�� Repository Sync[0m
            [36m</h1>[39m
            [36m<p[39m
              [33mclass[39m=[32m"text-gray-300"[39m
            [36m>[39m
              [0mSynchronize all repositories from the GitHub account to ensure you have the latest content.[0m
            [36m</p>[39m
          [36m</div>[39m
          [36m<div[39m
            [33mclass[39m=[32m"bg-gray-800 rounded-lg p-6 mb-6"[39m
          [36m>[39m
            [36m<div[39m
              [33mclass[39m=[32m"flex items-center justify-between mb-4"[39m
            [36m>[39m
              [36m<div>[39m
                [36m<h2[39m
                  [33mclass[39m=[32m"text-xl font-semibold text-white mb-2"[39m
                [36m>[39m
                  [0mManual Sync[0m
                [36m</h2>[39m
                [36m<label[39m
                  [33mclass[39m=[32m"flex items-center gap-2 mt-2"[39m
                [36m>[39m
                  [36m<input[39m
                    [33mchecked[39m=[32m""[39m
                    [33mclass[39m=[32m"rounded border-gray-600 bg-gray-700 text-blue-500"[39m
                    [33mtype[39m=[32m"checkbox"[39m
                  [36m/>[39m
                  [36m<span[39m
                    [33mclass[39m=[32m"text-sm text-gray-300"[39m
                  [36m>[39m
                    [0mLimit to 10 repositories (faster testing)[0m
                  [36m</span>[39m
                [36m</label>[39m
              [36m</div>[39m
              [36m<button[39m
                [33mclass[39m=[32m"px-6 py-3 rounded-lg font-medium transition-all bg-blue-600 hover:bg-blue-700 active:scale-95 text-white"[39m
              [36m>[39m
                [0m�� Start Sync[0m
              [36m</button>[39m
            [36m</div>[39m
          [36m</div>[39m
          [36m<div[39m
            [33mclass[39m=[32m"mt-8 bg-blue-900/20 border border-blue-800 rounded-lg p-6"[39m
          [36m>[39m
            [36m<h3[39m
              [33mclass[39m=[32m"text-blue-400 font-semibold mb-3"[39m
            [36m>[39m
              [0mℹ️ Sync Information[0m
            [36m</h3>[39m
            [36m<ul[39m
              [33mclass[39m=[32m"text-blue-300 space-y-2 text-sm"[39m
            [36m>[39m
              [36m<li>[39m
                [0m• Sync will update all existing repositories and clone any new ones[0m
              [36m</li>[39m
              [36m<li>[39m
                [0m• The process may take several minutes depending on repository sizes[0m
              [36m</li>[39m
              [36m<li>[39m
                [0m• Failed syncs for individual repositories won't stop the overall process[0m
              [36m</li>[39m
              [36m<li>[39m
                [0m• Repositories are automatically synced when the application starts[0m
              [36m</li>[39m
            [36m</ul>[39m
          [36m</div>[39m
        [36m</div>[39m
      [36m</div>[39m
    [36m</body>[39m

      71 |       failedRepositories: [],
      72 |       totalTime: 5000,
    > 73 |       timestamp: new Date()
         |                            ^
      74 |     };
      75 |     
      76 |     (repositorySyncService.syncOnStartup as jest.Mock).mockResolvedValue(mockSyncResult);

      at Object.getElementError (node_modules/@testing-library/react/node_modules/@testing-library/dom/dist/config.js:37:19)
      at node_modules/@testing-library/react/node_modules/@testing-library/dom/dist/query-helpers.js:76:38
      at node_modules/@testing-library/react/node_modules/@testing-library/dom/dist/query-helpers.js:52:17
      at node_modules/@testing-library/react/node_modules/@testing-library/dom/dist/query-helpers.js:95:19
      at Object.<anonymous> (src/components/__tests__/RepositorySync.enhanced.test.tsx:73:30)

  ● RepositorySync Component › starts manual sync when button is clicked

    expect(jest.fn()).toHaveBeenCalled()

    Expected number of calls: >= 1
    Received number of calls:    0

       97 |         return {
       98 |           isInProgress: true,
    >  99 |           currentRepository: 'repo1',
          |                                      ^
      100 |           totalRepositories: 3,
      101 |           completedRepositories: 1,
      102 |           errors: []

      at Object.<anonymous> (src/components/__tests__/RepositorySync.enhanced.test.tsx:99:65)

  ● RepositorySync Component › displays progress bar during sync

    Unable to find an element with the text: /Currently syncing:.*repo1/. This could be because the text is broken up by multiple elements. In this case, you can provide a function for your text matcher to make your matcher more flexible.

    Ignored nodes: comments, script, style
    [36m<body>[39m
      [36m<div>[39m
        [36m<div[39m
          [33mclass[39m=[32m"repository-sync p-8 max-w-4xl mx-auto"[39m
        [36m>[39m
          [36m<div[39m
            [33mclass[39m=[32m"mb-8"[39m
          [36m>[39m
            [36m<a[39m
              [33mhref[39m=[32m"/"[39m
            [36m>[39m
              [0m← Back to Repositories[0m
            [36m</a>[39m
            [36m<h1[39m
              [33mclass[39m=[32m"text-3xl font-bold text-white mb-4"[39m
            [36m>[39m
              [0m�� Repository Sync[0m
            [36m</h1>[39m
            [36m<p[39m
              [33mclass[39m=[32m"text-gray-300"[39m
            [36m>[39m
              [0mSynchronize all repositories from the GitHub account to ensure you have the latest content.[0m
            [36m</p>[39m
          [36m</div>[39m
          [36m<div[39m
            [33mclass[39m=[32m"bg-gray-800 rounded-lg p-6 mb-6"[39m
          [36m>[39m
            [36m<div[39m
              [33mclass[39m=[32m"flex items-center justify-between mb-4"[39m
            [36m>[39m
              [36m<div>[39m
                [36m<h2[39m
                  [33mclass[39m=[32m"text-xl font-semibold text-white mb-2"[39m
                [36m>[39m
                  [0mManual Sync[0m
                [36m</h2>[39m
                [36m<label[39m
                  [33mclass[39m=[32m"flex items-center gap-2 mt-2"[39m
                [36m>[39m
                  [36m<input[39m
                    [33mchecked[39m=[32m""[39m
                    [33mclass[39m=[32m"rounded border-gray-600 bg-gray-700 text-blue-500"[39m
                    [33mdisabled[39m=[32m""[39m
                    [33mtype[39m=[32m"checkbox"[39m
                  [36m/>[39m
                  [36m<span[39m
                    [33mclass[39m=[32m"text-sm text-gray-300"[39m
                  [36m>[39m
                    [0mLimit to 10 repositories (faster testing)[0m
                  [36m</span>[39m
                [36m</label>[39m
              [36m</div>[39m
              [36m<button[39m
                [33mclass[39m=[32m"px-6 py-3 rounded-lg font-medium transition-all bg-gray-600 cursor-not-allowed text-white"[39m
                [33mdisabled[39m=[32m""[39m
              [36m>[39m
                [36m<span[39m
                  [33mclass[39m=[32m"flex items-center"[39m
                [36m>[39m
                  [36m<svg[39m
                    [33mclass[39m=[32m"animate-spin -ml-1 mr-3 h-5 w-5 text-white"[39m
                    [33mfill[39m=[32m"none"[39m
                    [33mviewBox[39m=[32m"0 0 24 24"[39m
                    [33mxmlns[39m=[32m"http://www.w3.org/2000/svg"[39m
                  [36m>[39m
                    [36m<circle[39m
                      [33mclass[39m=[32m"opacity-25"[39m
                      [33mcx[39m=[32m"12"[39m
                      [33mcy[39m=[32m"12"[39m
                      [33mr[39m=[32m"10"[39m
                      [33mstroke[39m=[32m"currentColor"[39m
                      [33mstroke-width[39m=[32m"4"[39m
                    [36m/>[39m
                    [36m<path[39m
                      [33mclass[39m=[32m"opacity-75"[39m
                      [33md[39m=[32m"M4 12a8 8 0 018-8V0C5.373 0 0 5.373 0 12h4zm2 5.291A7.962 7.962 0 014 12H0c0 3.042 1.135 5.824 3 7.938l3-2.647z"[39m
                      [33mfill[39m=[32m"currentColor"[39m
                    [36m/>[39m
                  [36m</svg>[39m
                  [0mSyncing...[0m
                [36m</span>[39m
              [36m</button>[39m
            [36m</div>[39m
            [36m<div[39m
              [33mclass[39m=[32m"mb-4"[39m
            [36m>[39m
              [36m<div[39m
                [33mclass[39m=[32m"flex items-center justify-between text-sm text-gray-400 mb-2"[39m
              [36m>[39m
                [36m<span>[39m
                  [0m1[0m
                  [0m / [0m
                  [0m3[0m
                  [0m repositories[0m
                [36m</span>[39m
                [36m<span>[39m
                  [0m33[0m
                  [0m%[0m
                [36m</span>[39m
              [36m</div>[39m
              [36m<div[39m
                [33mclass[39m=[32m"w-full bg-gray-700 rounded-full h-3 overflow-hidden"[39m
              [36m>[39m
                [36m<div[39m
                  [33mclass[39m=[32m"bg-blue-500 h-full transition-all duration-300 ease-out"[39m
                  [33mstyle[39m=[32m"width: 33%;"[39m
                [36m/>[39m
              [36m</div>[39m
              [36m<p[39m
                [33mclass[39m=[32m"text-sm text-gray-400 mt-2"[39m
              [36m>[39m
                [0mCurrently syncing: [0m
                [36m<span[39m
                  [33mclass[39m=[32m"text-white"[39m
                [36m>[39m
                  [0mrepo1[0m
                [36m</span>[39m
              [36m</p>[39m
            [36m</div>[39m
          [36m</div>[39m
          [36m<div[39m
            [33mclass[39m=[32m"mt-8 bg-blue-900/20 border border-blue-800 rounded-lg p-6"[39m
          [36m>[39m
            [36m<h3[39m
              [33mclass[39m=[32m"text-blue-400 font-semibold mb-3"[39m
            [36m>[39m
              [0mℹ️ Sync Information[0m
            [36m</h3>[39m
            [36m<ul[39m
              [33mclass[39m=[32m"text-blue-300 space-y-2 text-sm"[39m
            [36m>[39m
              [36m<li>[39m
                [0m• Sync will update all existing repositories and clone any new ones[0m
              [36m</li>[39m
              [36m<li>[39m
                [0m• The process may take several minutes depending on repository sizes[0m
              [36m</li>[39m
              [36m<li>[39m
                [0m• Failed syncs for individual repositories won't stop the overall process[0m
              [36m</li>[39m
              [36m<li>[39m
                [0m• Repositories are automatically synced when the application starts[0m
              [36m</li>[39m
            [36m</ul>[39m
          [36m</div>[39m
        [36m</div>[39m
      [36m</div>[39m
    [36m</body>[39m

      142 |       isInProgress: false,
      143 |       totalRepositories: 0,
    > 144 |       completedRepositories: 0,
          |                                ^
      145 |       errors: ['Failed to sync repo1: Network error']
      146 |     });
      147 |     

      at waitForWrapper (node_modules/@testing-library/react/node_modules/@testing-library/dom/dist/wait-for.js:166:27)
      at Object.<anonymous> (src/components/__tests__/RepositorySync.enhanced.test.tsx:144:34)

  ● RepositorySync Component › shows sync results after completion

    Unable to find an element with the text: Last Sync Results. This could be because the text is broken up by multiple elements. In this case, you can provide a function for your text matcher to make your matcher more flexible.

    Ignored nodes: comments, script, style
    [36m<body>[39m
      [36m<div>[39m
        [36m<div[39m
          [33mclass[39m=[32m"repository-sync p-8 max-w-4xl mx-auto"[39m
        [36m>[39m
          [36m<div[39m
            [33mclass[39m=[32m"mb-8"[39m
          [36m>[39m
            [36m<a[39m
              [33mhref[39m=[32m"/"[39m
            [36m>[39m
              [0m← Back to Repositories[0m
            [36m</a>[39m
            [36m<h1[39m
              [33mclass[39m=[32m"text-3xl font-bold text-white mb-4"[39m
            [36m>[39m
              [0m�� Repository Sync[0m
            [36m</h1>[39m
            [36m<p[39m
              [33mclass[39m=[32m"text-gray-300"[39m
            [36m>[39m
              [0mSynchronize all repositories from the GitHub account to ensure you have the latest content.[0m
            [36m</p>[39m
          [36m</div>[39m
          [36m<div[39m
            [33mclass[39m=[32m"bg-gray-800 rounded-lg p-6 mb-6"[39m
          [36m>[39m
            [36m<div[39m
              [33mclass[39m=[32m"flex items-center justify-between mb-4"[39m
            [36m>[39m
              [36m<div>[39m
                [36m<h2[39m
                  [33mclass[39m=[32m"text-xl font-semibold text-white mb-2"[39m
                [36m>[39m
                  [0mManual Sync[0m
                [36m</h2>[39m
                [36m<label[39m
                  [33mclass[39m=[32m"flex items-center gap-2 mt-2"[39m
                [36m>[39m
                  [36m<input[39m
                    [33mchecked[39m=[32m""[39m
                    [33mclass[39m=[32m"rounded border-gray-600 bg-gray-700 text-blue-500"[39m
                    [33mtype[39m=[32m"checkbox"[39m
                  [36m/>[39m
                  [36m<span[39m
                    [33mclass[39m=[32m"text-sm text-gray-300"[39m
                  [36m>[39m
                    [0mLimit to 10 repositories (faster testing)[0m
                  [36m</span>[39m
                [36m</label>[39m
              [36m</div>[39m
              [36m<button[39m
                [33mclass[39m=[32m"px-6 py-3 rounded-lg font-medium transition-all bg-blue-600 hover:bg-blue-700 active:scale-95 text-white"[39m
              [36m>[39m
                [0m�� Start Sync[0m
              [36m</button>[39m
            [36m</div>[39m
          [36m</div>[39m
          [36m<div[39m
            [33mclass[39m=[32m"mt-8 bg-blue-900/20 border border-blue-800 rounded-lg p-6"[39m
          [36m>[39m
            [36m<h3[39m
              [33mclass[39m=[32m"text-blue-400 font-semibold mb-3"[39m
            [36m>[39m
              [0mℹ️ Sync Information[0m
            [36m</h3>[39m
            [36m<ul[39m
              [33mclass[39m=[32m"text-blue-300 space-y-2 text-sm"[39m
            [36m>[39m
              [36m<li>[39m
                [0m• Sync will update all existing repositories and clone any new ones[0m
              [36m</li>[39m
              [36m<li>[39m
                [0m• The process may take several minutes depending on repository sizes[0m
              [36m</li>[39m
              [36m<li>[39m
                [0m• Failed syncs for individual repositories won't stop the overall process[0m
              [36m</li>[39m
              [36m<li>[39m
                [0m• Repositories are automatically synced when the application starts[0m
              [36m</li>[39m
            [36m</ul>[39m
          [36m</div>[39m
        [36m</div>[39m
      [36m</div>[39m
    [36m</body>[39m

      195 |     });
      196 |   });
    > 197 |
          | ^
      198 |   it('toggles details visibility', async () => {
      199 |     const mockLastSync = {
      200 |       timestamp: new Date(),

      at waitForWrapper (node_modules/@testing-library/react/node_modules/@testing-library/dom/dist/wait-for.js:166:27)
      at Object.<anonymous> (src/components/__tests__/RepositorySync.enhanced.test.tsx:197:34)

  ● RepositorySync Component › toggles details visibility

    TestingLibraryElementError: Unable to find an element with the text: Show Details. This could be because the text is broken up by multiple elements. In this case, you can provide a function for your text matcher to make your matcher more flexible.

    Ignored nodes: comments, script, style
    [36m<body>[39m
      [36m<div>[39m
        [36m<div[39m
          [33mclass[39m=[32m"repository-sync p-8 max-w-4xl mx-auto"[39m
        [36m>[39m
          [36m<div[39m
            [33mclass[39m=[32m"mb-8"[39m
          [36m>[39m
            [36m<a[39m
              [33mhref[39m=[32m"/"[39m
            [36m>[39m
              [0m← Back to Repositories[0m
            [36m</a>[39m
            [36m<h1[39m
              [33mclass[39m=[32m"text-3xl font-bold text-white mb-4"[39m
            [36m>[39m
              [0m�� Repository Sync[0m
            [36m</h1>[39m
            [36m<p[39m
              [33mclass[39m=[32m"text-gray-300"[39m
            [36m>[39m
              [0mSynchronize all repositories from the GitHub account to ensure you have the latest content.[0m
            [36m</p>[39m
          [36m</div>[39m
          [36m<div[39m
            [33mclass[39m=[32m"bg-gray-800 rounded-lg p-6 mb-6"[39m
          [36m>[39m
            [36m<div[39m
              [33mclass[39m=[32m"flex items-center justify-between mb-4"[39m
            [36m>[39m
              [36m<div>[39m
                [36m<h2[39m
                  [33mclass[39m=[32m"text-xl font-semibold text-white mb-2"[39m
                [36m>[39m
                  [0mManual Sync[0m
                [36m</h2>[39m
                [36m<label[39m
                  [33mclass[39m=[32m"flex items-center gap-2 mt-2"[39m
                [36m>[39m
                  [36m<input[39m
                    [33mchecked[39m=[32m""[39m
                    [33mclass[39m=[32m"rounded border-gray-600 bg-gray-700 text-blue-500"[39m
                    [33mtype[39m=[32m"checkbox"[39m
                  [36m/>[39m
                  [36m<span[39m
                    [33mclass[39m=[32m"text-sm text-gray-300"[39m
                  [36m>[39m
                    [0mLimit to 10 repositories (faster testing)[0m
                  [36m</span>[39m
                [36m</label>[39m
              [36m</div>[39m
              [36m<button[39m
                [33mclass[39m=[32m"px-6 py-3 rounded-lg font-medium transition-all bg-blue-600 hover:bg-blue-700 active:scale-95 text-white"[39m
              [36m>[39m
                [0m�� Start Sync[0m
              [36m</button>[39m
            [36m</div>[39m
          [36m</div>[39m
          [36m<div[39m
            [33mclass[39m=[32m"mt-8 bg-blue-900/20 border border-blue-800 rounded-lg p-6"[39m
          [36m>[39m
            [36m<h3[39m
              [33mclass[39m=[32m"text-blue-400 font-semibold mb-3"[39m
            [36m>[39m
              [0mℹ️ Sync Information[0m
            [36m</h3>[39m
            [36m<ul[39m
              [33mclass[39m=[32m"text-blue-300 space-y-2 text-sm"[39m
            [36m>[39m
              [36m<li>[39m
                [0m• Sync will update all existing repositories and clone any new ones[0m
              [36m</li>[39m
              [36m<li>[39m
                [0m• The process may take several minutes depending on repository sizes[0m
              [36m</li>[39m
              [36m<li>[39m
                [0m• Failed syncs for individual repositories won't stop the overall process[0m
              [36m</li>[39m
              [36m<li>[39m
                [0m• Repositories are automatically synced when the application starts[0m
              [36m</li>[39m
            [36m</ul>[39m
          [36m</div>[39m
        [36m</div>[39m
      [36m</div>[39m
      [36m<div>[39m
        [36m<div[39m
          [33mclass[39m=[32m"repository-sync p-8 max-w-4xl mx-auto"[39m
        [36m>[39m
          [36m<div[39m
            [33mclass[39m=[32m"mb-8"[39m
          [36m>[39m
            [36m<a[39m
              [33mhref[39m=[32m"/"[39m
            [36m>[39m
              [0m← Back to Repositories[0m
            [36m</a>[39m
            [36m<h1[39m
              [33mclass[39m=[32m"text-3xl font-bold text-white mb-4"[39m
            [36m>[39m
              [0m�� Repository Sync[0m
            [36m</h1>[39m
            [36m<p[39m
              [33mclass[39m=[32m"text-gray-300"[39m
            [36m>[39m
              [0mSynchronize all repositories from the GitHub account to ensure you have the latest content.[0m
            [36m</p>[39m
          [36m</div>[39m
          [36m<div[39m
            [33mclass[39m=[32m"bg-gray-800 rounded-lg p-6 mb-6"[39m
          [36m>[39m
            [36m<div[39m
              [33mclass[39m=[32m"flex items-center justify-between mb-4"[39m
            [36m>[39m
              [36m<div>[39m
                [36m<h2[39m
                  [33mclass[39m=[32m"text-xl font-semibold text-white mb-2"[39m
                [36m>[39m
                  [0mManual Sync[0m
                [36m</h2>[39m
                [36m<label[39m
                  [33mclass[39m=[32m"flex items-center gap-2 mt-2"[39m
                [36m>[39m
                  [36m<input[39m
                    [33mchecked[39m=[32m""[39m
                    [33mclass[39m=[32m"rounded border-gray-600 bg-gray-700 text-blue-500"[39m
                    [33mtype[39m=[32m"checkbox"[39m
                  [36m/>[39m
                  [36m<span[39m
                    [33mclass[39m=[32m"text-sm text-gray-300"[39m
                  [36m>[39m
                    [0mLimit to 10 repositories (faster testing)[0m
                  [36m</span>[39m
                [36m</label>[39m
              [36m</div>[39m
              [36m<button[39m
                [33mclass[39m=[32m"px-6 py-3 rounded-lg font-medium transition-all bg-blue-600 hover:bg-blue-700 active:scale-95 text-white"[39m
              [36m>[39m
                [0m�� Start Sync[0m
              [36m</button>[39m
            [36m</div>[39m
          [36m</div>[39m
          [36m<div[39m
            [33mclass[39m=[32m"mt-8 bg-blue-900/20 border border-blue-800 rounded-lg p-6"[39m
          [36m>[39m
            [36m<h3[39m
              [33mclass[39m=[32m"text-blue-400 font-semibold mb-3"[39m
            [36m>[39m
              [0mℹ️ Sync Information[0m
            [36m</h3>[39m
            [36m<ul[39m
              [33mclass[39m=[32m"text-blue-300 space-y-2 text-sm"[39m
            [36m>[39m
              [36m<li>[39m
                [0m• Sync will update all existing repositories and clone any new ones[0m
              [36m</li>[39m
              [36m<li>[39m
                [0m• The process may take several minutes depending on repository sizes[0m
              [36m</li>[39m
              [36m<li>[39m
                [0m• Failed syncs for individual repositories won't stop the overall process[0m
              [36m</li>[39m
              [36m<li>[39m
                [0m• Repositories are automatically synced when the application starts[0m
              [36m</li>[39m
            [36m</ul>[39m
          [36m</div>[39m
        [36m</div>[39m
      [36m</div>[39m
    [36m</body>[39m

      231 |       completedRepositories: 0,
      232 |       errors: []
    > 233 |     });
          |        ^
      234 |     
      235 |     const mockSyncPromise = new Promise(() => {}); // Never resolves
      236 |     (repositorySyncService.syncOnStartup as jest.Mock).mockReturnValue(mockSyncPromise);

      at Object.getElementError (node_modules/@testing-library/react/node_modules/@testing-library/dom/dist/config.js:37:19)
      at node_modules/@testing-library/react/node_modules/@testing-library/dom/dist/query-helpers.js:76:38
      at node_modules/@testing-library/react/node_modules/@testing-library/dom/dist/query-helpers.js:52:17
      at node_modules/@testing-library/react/node_modules/@testing-library/dom/dist/query-helpers.js:95:19
      at Object.<anonymous> (src/components/__tests__/RepositorySync.enhanced.test.tsx:233:49)

  ● RepositorySync Component › formats duration correctly

    TypeError: Cannot read properties of undefined (reading 'isInProgress')

      54 |         const status = await repositorySyncService.getSyncStatus();
      55 |         setSyncProgress({
    > 56 |           isRunning: status.isInProgress,
         |                             ^
      57 |           currentRepo: status.currentRepository,
      58 |           totalRepos: status.totalRepositories,
      59 |           completedRepos: status.completedRepositories,

      at src/components/RepositorySync.tsx:56:29

  ● RepositorySync Component › formats duration correctly

    Unable to find an element with the text: 45s. This could be because the text is broken up by multiple elements. In this case, you can provide a function for your text matcher to make your matcher more flexible.

    Ignored nodes: comments, script, style
    [36m<body>[39m
      [36m<div>[39m
        [36m<div[39m
          [33mclass[39m=[32m"repository-sync p-8 max-w-4xl mx-auto"[39m
        [36m>[39m
          [36m<div[39m
            [33mclass[39m=[32m"mb-8"[39m
          [36m>[39m
            [36m<a[39m
              [33mhref[39m=[32m"/"[39m
            [36m>[39m
              [0m← Back to Repositories[0m
            [36m</a>[39m
            [36m<h1[39m
              [33mclass[39m=[32m"text-3xl font-bold text-white mb-4"[39m
            [36m>[39m
              [0m�� Repository Sync[0m
            [36m</h1>[39m
            [36m<p[39m
              [33mclass[39m=[32m"text-gray-300"[39m
            [36m>[39m
              [0mSynchronize all repositories from the GitHub account to ensure you have the latest content.[0m
            [36m</p>[39m
          [36m</div>[39m
          [36m<div[39m
            [33mclass[39m=[32m"bg-gray-800 rounded-lg p-6 mb-6"[39m
          [36m>[39m
            [36m<div[39m
              [33mclass[39m=[32m"flex items-center justify-between mb-4"[39m
            [36m>[39m
              [36m<div>[39m
                [36m<h2[39m
                  [33mclass[39m=[32m"text-xl font-semibold text-white mb-2"[39m
                [36m>[39m
                  [0mManual Sync[0m
                [36m</h2>[39m
                [36m<label[39m
                  [33mclass[39m=[32m"flex items-center gap-2 mt-2"[39m
                [36m>[39m
                  [36m<input[39m
                    [33mchecked[39m=[32m""[39m
                    [33mclass[39m=[32m"rounded border-gray-600 bg-gray-700 text-blue-500"[39m
                    [33mtype[39m=[32m"checkbox"[39m
                  [36m/>[39m
                  [36m<span[39m
                    [33mclass[39m=[32m"text-sm text-gray-300"[39m
                  [36m>[39m
                    [0mLimit to 10 repositories (faster testing)[0m
                  [36m</span>[39m
                [36m</label>[39m
              [36m</div>[39m
              [36m<button[39m
                [33mclass[39m=[32m"px-6 py-3 rounded-lg font-medium transition-all bg-blue-600 hover:bg-blue-700 active:scale-95 text-white"[39m
              [36m>[39m
                [0m�� Start Sync[0m
              [36m</button>[39m
            [36m</div>[39m
            [36m<div[39m
              [33mclass[39m=[32m"bg-red-900/20 border border-red-800 rounded-lg p-4 mt-4"[39m
            [36m>[39m
              [36m<h3[39m
                [33mclass[39m=[32m"text-red-400 font-semibold mb-2"[39m
              [36m>[39m
                [0mErrors encountered:[0m
              [36m</h3>[39m
              [36m<ul[39m
                [33mclass[39m=[32m"text-sm text-red-300 space-y-1"[39m
              [36m>[39m
                [36m<li>[39m
                  [0m• [0m
                  [0m_repositorySync.repositorySyncService.startSync is not a function[0m
                [36m</li>[39m
              [36m</ul>[39m
            [36m</div>[39m
          [36m</div>[39m
          [36m<div[39m
            [33mclass[39m=[32m"mt-8 bg-blue-900/20 border border-blue-800 rounded-lg p-6"[39m
          [36m>[39m
            [36m<h3[39m
              [33mclass[39m=[32m"text-blue-400 font-semibold mb-3"[39m
            [36m>[39m
              [0mℹ️ Sync Information[0m
            [36m</h3>[39m
            [36m<ul[39m
              [33mclass[39m=[32m"text-blue-300 space-y-2 text-sm"[39m
            [36m>[39m
              [36m<li>[39m
                [0m• Sync will update all existing repositories and clone any new ones[0m
              [36m</li>[39m
              [36m<li>[39m
                [0m• The process may take several minutes depending on repository sizes[0m
              [36m</li>[39m
              [36m<li>[39m
                [0m• Failed syncs for individual repositories won't stop the overall process[0m
              [36m</li>[39m
              [36m<li>[39m
                [0m• Repositories are automatically synced when the application starts[0m
              [36m</li>[39m
            [36m</ul>[39m
          [36m</div>[39m
        [36m</div>[39m
      [36m</div>[39m
    [36m</body>[39m

      289 |     
      290 |     (repositorySyncService.getLastSyncInfo as jest.Mock).mockReturnValue({});
    > 291 |     (repositorySyncService.getSyncStatus as jest.Mock).mockReturnValue({
          |                                    ^
      292 |       isInProgress: false,
      293 |       totalRepositories: 0,
      294 |       completedRepositories: 0,

      at waitForWrapper (node_modules/@testing-library/react/node_modules/@testing-library/dom/dist/wait-for.js:166:27)
      at Object.<anonymous> (src/components/__tests__/RepositorySync.enhanced.test.tsx:291:36)

  ● RepositorySync Component › updates sync context on successful sync

    TypeError: Cannot read properties of undefined (reading 'isInProgress')

      54 |         const status = await repositorySyncService.getSyncStatus();
      55 |         setSyncProgress({
    > 56 |           isRunning: status.isInProgress,
         |                             ^
      57 |           currentRepo: status.currentRepository,
      58 |           totalRepos: status.totalRepositories,
      59 |           completedRepos: status.completedRepositories,

      at src/components/RepositorySync.tsx:56:29

  ● RepositorySync Component › updates sync context on successful sync

    TypeError: Cannot read properties of undefined (reading 'isInProgress')

      54 |         const status = await repositorySyncService.getSyncStatus();
      55 |         setSyncProgress({
    > 56 |           isRunning: status.isInProgress,
         |                             ^
      57 |           currentRepo: status.currentRepository,
      58 |           totalRepos: status.totalRepositories,
      59 |           completedRepos: status.completedRepositories,

      at src/components/RepositorySync.tsx:56:29

  ● RepositorySync Component › updates sync context on successful sync

    expect(jest.fn()).toHaveBeenCalledWith(...expected)

    Expected: {"failedRepositories": [], "success": true, "syncedRepositories": ["repo1"], "timestamp": 2025-08-02T13:52:46.834Z, "totalTime": 5000}

    Number of calls: 0

    Ignored nodes: comments, script, style
    [36m<html>[39m
      [36m<head />[39m
      [36m<body>[39m
        [36m<div>[39m
          [36m<div[39m
            [33mclass[39m=[32m"repository-sync p-8 max-w-4xl mx-auto"[39m
          [36m>[39m
            [36m<div[39m
              [33mclass[39m=[32m"mb-8"[39m
            [36m>[39m
              [36m<a[39m
                [33mhref[39m=[32m"/"[39m
              [36m>[39m
                [0m← Back to Repositories[0m
              [36m</a>[39m
              [36m<h1[39m
                [33mclass[39m=[32m"text-3xl font-bold text-white mb-4"[39m
              [36m>[39m
                [0m�� Repository Sync[0m
              [36m</h1>[39m
              [36m<p[39m
                [33mclass[39m=[32m"text-gray-300"[39m
              [36m>[39m
                [0mSynchronize all repositories from the GitHub account to ensure you have the latest content.[0m
              [36m</p>[39m
            [36m</div>[39m
            [36m<div[39m
              [33mclass[39m=[32m"bg-gray-800 rounded-lg p-6 mb-6"[39m
            [36m>[39m
              [36m<div[39m
                [33mclass[39m=[32m"flex items-center justify-between mb-4"[39m
              [36m>[39m
                [36m<div>[39m
                  [36m<h2[39m
                    [33mclass[39m=[32m"text-xl font-semibold text-white mb-2"[39m
                  [36m>[39m
                    [0mManual Sync[0m
                  [36m</h2>[39m
                  [36m<label[39m
                    [33mclass[39m=[32m"flex items-center gap-2 mt-2"[39m
                  [36m>[39m
                    [36m<input[39m
                      [33mchecked[39m=[32m""[39m
                      [33mclass[39m=[32m"rounded border-gray-600 bg-gray-700 text-blue-500"[39m
                      [33mtype[39m=[32m"checkbox"[39m
                    [36m/>[39m
                    [36m<span[39m
                      [33mclass[39m=[32m"text-sm text-gray-300"[39m
                    [36m>[39m
                      [0mLimit to 10 repositories (faster testing)[0m
                    [36m</span>[39m
                  [36m</label>[39m
                [36m</div>[39m
                [36m<button[39m
                  [33mclass[39m=[32m"px-6 py-3 rounded-lg font-medium transition-all bg-blue-600 hover:bg-blue-700 active:scale-95 text-white"[39m
                [36m>[39m
                  [0m�� Start Sync[0m
                [36m</button>[39m
              [36m</div>[39m
            [36m</div>[39m
            [36m<div[39m
              [33mclass[39m=[32m"mt-8 bg-blue-900/20 border border-blue-800 rounded-lg p-6"[39m
            [36m>[39m
              [36m<h3[39m
                [33mclass[39m=[32m"text-blue-400 font-semibold mb-3"[39m
              [36m>[39m
                [0mℹ️ Sync Information[0m
              [36m</h3>[39m
              [36m<ul[39m
                [33mclass[39m=[32m"text-blue-300 space-y-2 text-sm"[39m
              [36m>[39m
                [36m<li>[39m
                  [0m• Sync will update all existing repositories and clone any new ones[0m
                [36m</li>[39m
                [36m<li>[39m
                  [0m• The process may take several minutes depending on repository sizes[0m
                [36m</li>[39m
                [36m<li>[39m
                  [0m• Failed syncs for individual repositories won't stop the overall process[0m
                [36m</li>[39m
                [36m<li>[39m
                  [0m• Repositories are automatically synced when the application starts[0m
                [36m</li>[39m
              [36m</ul>[39m
            [36m</div>[39m
          [36m</div>[39m
        [36m</div>[39m
      [36m</body>[39m
    [36m</html>[39m



      at src/components/__tests__/RepositorySync.enhanced.test.tsx:331:36
      at runWithExpensiveErrorDiagnosticsDisabled (node_modules/@testing-library/react/node_modules/@testing-library/dom/dist/config.js:47:12)
      at checkCallback (node_modules/@testing-library/react/node_modules/@testing-library/dom/dist/wait-for.js:127:77)
      at node_modules/@testing-library/react/node_modules/@testing-library/dom/dist/wait-for.js:70:9

FAIL src/api/__tests__/repositoryFiles.test.js
  ● Repository Files API › GET /api/repository/:repoName/files › returns file tree for valid repository

    expected 200 "OK", got 404 "Not Found"

      56 |         isFile: () => !filePath.includes('docs')
      57 |       }));
    > 58 |
         | ^
      59 |       const response = await request(app)
      60 |         .get('/api/repository/test-repo/files')
      61 |         .expect(200);

      at Object.<anonymous> (src/api/__tests__/repositoryFiles.test.js:58:82)
      ----
      at Test._assertStatus (node_modules/supertest/lib/test.js:309:14)
      at node_modules/supertest/lib/test.js:365:13
      at Test._assertFunction (node_modules/supertest/lib/test.js:342:13)
      at Test.assert (node_modules/supertest/lib/test.js:195:23)
      at localAssert (node_modules/supertest/lib/test.js:138:14)
      at Server.<anonymous> (node_modules/supertest/lib/test.js:152:11)

  ● Repository Files API › GET /api/repository/:repoName/files › filters out hidden files and node_modules

    expected 200 "OK", got 404 "Not Found"

      74 |       expect(response.body).toEqual({
      75 |         error: 'Repository not found'
    > 76 |       });
         |          ^
      77 |     });
      78 |
      79 |     it('filters out hidden files and node_modules', async () => {

      at Object.<anonymous> (src/api/__tests__/repositoryFiles.test.js:76:82)
      ----
      at Test._assertStatus (node_modules/supertest/lib/test.js:309:14)
      at node_modules/supertest/lib/test.js:365:13
      at Test._assertFunction (node_modules/supertest/lib/test.js:342:13)
      at Test.assert (node_modules/supertest/lib/test.js:195:23)
      at localAssert (node_modules/supertest/lib/test.js:138:14)
      at Server.<anonymous> (node_modules/supertest/lib/test.js:152:11)

  ● Repository Files API › GET /api/repository/:repoName/files › handles filesystem errors gracefully

    expected 500 "Internal Server Error", got 404 "Not Found"

      83 |         isDirectory: () => filePath.includes('node_modules') || filePath.includes('.git'),
      84 |         isFile: () => filePath.includes('.md') || filePath.includes('.DS_Store')
    > 85 |       }));
         |           ^
      86 |
      87 |       const response = await request(app)
      88 |         .get('/api/repository/test-repo/files')

      at Object.<anonymous> (src/api/__tests__/repositoryFiles.test.js:85:82)
      ----
      at Test._assertStatus (node_modules/supertest/lib/test.js:309:14)
      at node_modules/supertest/lib/test.js:365:13
      at Test._assertFunction (node_modules/supertest/lib/test.js:342:13)
      at Test.assert (node_modules/supertest/lib/test.js:195:23)
      at localAssert (node_modules/supertest/lib/test.js:138:14)
      at Server.<anonymous> (node_modules/supertest/lib/test.js:152:11)

  ● Repository Files API › GET /api/repository/:repoName/file › returns file content for valid file

    expected 200 "OK", got 404 "Not Found"

      100 |
      101 |       const response = await request(app)
    > 102 |         .get('/api/repository/test-repo/files')
          |          ^
      103 |         .expect(500);
      104 |
      105 |       expect(response.body).toEqual({

      at Object.<anonymous> (src/api/__tests__/repositoryFiles.test.js:102:10)
      ----
      at Test._assertStatus (node_modules/supertest/lib/test.js:309:14)
      at node_modules/supertest/lib/test.js:365:13
      at Test._assertFunction (node_modules/supertest/lib/test.js:342:13)
      at Test.assert (node_modules/supertest/lib/test.js:195:23)
      at localAssert (node_modules/supertest/lib/test.js:138:14)
      at Server.<anonymous> (node_modules/supertest/lib/test.js:152:11)

  ● Repository Files API › GET /api/repository/:repoName/file › prevents directory traversal attacks

    expected 400 "Bad Request", got 403 "Forbidden"

      122 |       const response = await request(app)
      123 |         .get('/api/repository/test-repo/file')
    > 124 |         .query({ path: 'README.md' })
          |          ^
      125 |         .expect(200);
      126 |
      127 |       expect(response.text).toBe(mockContent);

      at Object.<anonymous> (src/api/__tests__/repositoryFiles.test.js:124:10)
      ----
      at Test._assertStatus (node_modules/supertest/lib/test.js:309:14)
      at node_modules/supertest/lib/test.js:365:13
      at Test._assertFunction (node_modules/supertest/lib/test.js:342:13)
      at Test.assert (node_modules/supertest/lib/test.js:195:23)
      at localAssert (node_modules/supertest/lib/test.js:138:14)
      at Server.<anonymous> (node_modules/supertest/lib/test.js:152:11)

  ● Repository Files API › GET /api/repository/:repoName/file › returns 403 for directory paths

    expected 403 "Forbidden", got 404 "Not Found"

      135 |
      136 |       expect(response.body).toEqual({
    > 137 |         error: 'File path is required'
          |          ^
      138 |       });
      139 |     });
      140 |

      at Object.<anonymous> (src/api/__tests__/repositoryFiles.test.js:137:10)
      ----
      at Test._assertStatus (node_modules/supertest/lib/test.js:309:14)
      at node_modules/supertest/lib/test.js:365:13
      at Test._assertFunction (node_modules/supertest/lib/test.js:342:13)
      at Test.assert (node_modules/supertest/lib/test.js:195:23)
      at localAssert (node_modules/supertest/lib/test.js:138:14)
      at Server.<anonymous> (node_modules/supertest/lib/test.js:152:11)

  ● Repository Files API › GET /api/repository/:repoName/file › handles file read errors gracefully

    expected 500 "Internal Server Error", got 404 "Not Found"

      151 |       });
      152 |     });
    > 153 |
          | ^
      154 |     it('prevents directory traversal attacks', async () => {
      155 |       const response = await request(app)
      156 |         .get('/api/repository/test-repo/file')

      at Object.<anonymous> (src/api/__tests__/repositoryFiles.test.js:153:10)
      ----
      at Test._assertStatus (node_modules/supertest/lib/test.js:309:14)
      at node_modules/supertest/lib/test.js:365:13
      at Test._assertFunction (node_modules/supertest/lib/test.js:342:13)
      at Test.assert (node_modules/supertest/lib/test.js:195:23)
      at localAssert (node_modules/supertest/lib/test.js:138:14)
      at Server.<anonymous> (node_modules/supertest/lib/test.js:152:11)

  ● Repository Files API › GET /api/repository/:repoName/file › handles special characters in file paths

    expected 200 "OK", got 404 "Not Found"

      165 |     it('returns 403 for directory paths', async () => {
      166 |       fs.existsSync.mockReturnValue(true);
    > 167 |       fs.statSync.mockReturnValue({
          |          ^
      168 |         isFile: () => false,
      169 |         isDirectory: () => true
      170 |       });

      at Object.<anonymous> (src/api/__tests__/repositoryFiles.test.js:167:10)
      ----
      at Test._assertStatus (node_modules/supertest/lib/test.js:309:14)
      at node_modules/supertest/lib/test.js:365:13
      at Test._assertFunction (node_modules/supertest/lib/test.js:342:13)
      at Test.assert (node_modules/supertest/lib/test.js:195:23)
      at localAssert (node_modules/supertest/lib/test.js:138:14)
      at Server.<anonymous> (node_modules/supertest/lib/test.js:152:11)

  ● Repository Files API › File tree building › correctly builds nested file tree structure

    expected 200 "OK", got 404 "Not Found"

      193 |         .get('/api/repository/test-repo/file')
      194 |         .query({ path: 'README.md' })
    > 195 |         .expect(500);
          |                      ^
      196 |
      197 |       expect(response.body).toEqual({
      198 |         error: 'Failed to read file'

      at Object.<anonymous> (src/api/__tests__/repositoryFiles.test.js:195:82)
      ----
      at Test._assertStatus (node_modules/supertest/lib/test.js:309:14)
      at node_modules/supertest/lib/test.js:365:13
      at Test._assertFunction (node_modules/supertest/lib/test.js:342:13)
      at Test.assert (node_modules/supertest/lib/test.js:195:23)
      at localAssert (node_modules/supertest/lib/test.js:138:14)
      at Server.<anonymous> (node_modules/supertest/lib/test.js:152:11)

FAIL src/components/styled/__tests__/Header.test.tsx
  ● Header Component › renders the header with Axiom branding

    useAuth must be used within an AuthProvider

      69 |   const context = useContext(AuthContext);
      70 |   if (context === undefined) {
    > 71 |     throw new Error('useAuth must be used within an AuthProvider');
         |           ^
      72 |   }
      73 |   return context;
      74 | };

      at useAuth (src/contexts/BypassAuthContext.tsx:71:11)
      at Header (src/components/styled/Header.tsx:295:61)
      at renderWithHooks (node_modules/react-dom/cjs/react-dom.development.js:15486:18)
      at mountIndeterminateComponent (node_modules/react-dom/cjs/react-dom.development.js:20103:13)
      at beginWork (node_modules/react-dom/cjs/react-dom.development.js:21626:16)
      at beginWork$1 (node_modules/react-dom/cjs/react-dom.development.js:27465:14)
      at performUnitOfWork (node_modules/react-dom/cjs/react-dom.development.js:26599:12)
      at workLoopSync (node_modules/react-dom/cjs/react-dom.development.js:26505:5)
      at renderRootSync (node_modules/react-dom/cjs/react-dom.development.js:26473:7)
      at recoverFromConcurrentError (node_modules/react-dom/cjs/react-dom.development.js:25889:20)
      at performConcurrentWorkOnRoot (node_modules/react-dom/cjs/react-dom.development.js:25789:22)
      at flushActQueue (node_modules/react/cjs/react.development.js:2667:24)
      at act (node_modules/react/cjs/react.development.js:2582:11)
      at actWithWarning (node_modules/react-dom/cjs/react-dom-test-utils.development.js:1740:10)
      at node_modules/@testing-library/react/dist/act-compat.js:63:25
      at renderRoot (node_modules/@testing-library/react/dist/pure.js:159:26)
      at render (node_modules/@testing-library/react/dist/pure.js:246:10)
      at renderWithProviders (src/components/styled/__tests__/Header.test.tsx:21:16)
      at Object.<anonymous> (src/components/styled/__tests__/Header.test.tsx:37:5)

  ● Header Component › renders navigation links

    useAuth must be used within an AuthProvider

      69 |   const context = useContext(AuthContext);
      70 |   if (context === undefined) {
    > 71 |     throw new Error('useAuth must be used within an AuthProvider');
         |           ^
      72 |   }
      73 |   return context;
      74 | };

      at useAuth (src/contexts/BypassAuthContext.tsx:71:11)
      at Header (src/components/styled/Header.tsx:295:61)
      at renderWithHooks (node_modules/react-dom/cjs/react-dom.development.js:15486:18)
      at mountIndeterminateComponent (node_modules/react-dom/cjs/react-dom.development.js:20103:13)
      at beginWork (node_modules/react-dom/cjs/react-dom.development.js:21626:16)
      at beginWork$1 (node_modules/react-dom/cjs/react-dom.development.js:27465:14)
      at performUnitOfWork (node_modules/react-dom/cjs/react-dom.development.js:26599:12)
      at workLoopSync (node_modules/react-dom/cjs/react-dom.development.js:26505:5)
      at renderRootSync (node_modules/react-dom/cjs/react-dom.development.js:26473:7)
      at recoverFromConcurrentError (node_modules/react-dom/cjs/react-dom.development.js:25889:20)
      at performConcurrentWorkOnRoot (node_modules/react-dom/cjs/react-dom.development.js:25789:22)
      at flushActQueue (node_modules/react/cjs/react.development.js:2667:24)
      at act (node_modules/react/cjs/react.development.js:2582:11)
      at actWithWarning (node_modules/react-dom/cjs/react-dom-test-utils.development.js:1740:10)
      at node_modules/@testing-library/react/dist/act-compat.js:63:25
      at renderRoot (node_modules/@testing-library/react/dist/pure.js:159:26)
      at render (node_modules/@testing-library/react/dist/pure.js:246:10)
      at renderWithProviders (src/components/styled/__tests__/Header.test.tsx:21:16)
      at Object.<anonymous> (src/components/styled/__tests__/Header.test.tsx:46:5)

  ● Header Component › renders search button with keyboard shortcut

    useAuth must be used within an AuthProvider

      69 |   const context = useContext(AuthContext);
      70 |   if (context === undefined) {
    > 71 |     throw new Error('useAuth must be used within an AuthProvider');
         |           ^
      72 |   }
      73 |   return context;
      74 | };

      at useAuth (src/contexts/BypassAuthContext.tsx:71:11)
      at Header (src/components/styled/Header.tsx:295:61)
      at renderWithHooks (node_modules/react-dom/cjs/react-dom.development.js:15486:18)
      at mountIndeterminateComponent (node_modules/react-dom/cjs/react-dom.development.js:20103:13)
      at beginWork (node_modules/react-dom/cjs/react-dom.development.js:21626:16)
      at beginWork$1 (node_modules/react-dom/cjs/react-dom.development.js:27465:14)
      at performUnitOfWork (node_modules/react-dom/cjs/react-dom.development.js:26599:12)
      at workLoopSync (node_modules/react-dom/cjs/react-dom.development.js:26505:5)
      at renderRootSync (node_modules/react-dom/cjs/react-dom.development.js:26473:7)
      at recoverFromConcurrentError (node_modules/react-dom/cjs/react-dom.development.js:25889:20)
      at performConcurrentWorkOnRoot (node_modules/react-dom/cjs/react-dom.development.js:25789:22)
      at flushActQueue (node_modules/react/cjs/react.development.js:2667:24)
      at act (node_modules/react/cjs/react.development.js:2582:11)
      at actWithWarning (node_modules/react-dom/cjs/react-dom-test-utils.development.js:1740:10)
      at node_modules/@testing-library/react/dist/act-compat.js:63:25
      at renderRoot (node_modules/@testing-library/react/dist/pure.js:159:26)
      at render (node_modules/@testing-library/react/dist/pure.js:246:10)
      at renderWithProviders (src/components/styled/__tests__/Header.test.tsx:21:16)
      at Object.<anonymous> (src/components/styled/__tests__/Header.test.tsx:60:5)

  ● Header Component › opens search modal when search button is clicked

    useAuth must be used within an AuthProvider

      69 |   const context = useContext(AuthContext);
      70 |   if (context === undefined) {
    > 71 |     throw new Error('useAuth must be used within an AuthProvider');
         |           ^
      72 |   }
      73 |   return context;
      74 | };

      at useAuth (src/contexts/BypassAuthContext.tsx:71:11)
      at Header (src/components/styled/Header.tsx:295:61)
      at renderWithHooks (node_modules/react-dom/cjs/react-dom.development.js:15486:18)
      at mountIndeterminateComponent (node_modules/react-dom/cjs/react-dom.development.js:20103:13)
      at beginWork (node_modules/react-dom/cjs/react-dom.development.js:21626:16)
      at beginWork$1 (node_modules/react-dom/cjs/react-dom.development.js:27465:14)
      at performUnitOfWork (node_modules/react-dom/cjs/react-dom.development.js:26599:12)
      at workLoopSync (node_modules/react-dom/cjs/react-dom.development.js:26505:5)
      at renderRootSync (node_modules/react-dom/cjs/react-dom.development.js:26473:7)
      at recoverFromConcurrentError (node_modules/react-dom/cjs/react-dom.development.js:25889:20)
      at performConcurrentWorkOnRoot (node_modules/react-dom/cjs/react-dom.development.js:25789:22)
      at flushActQueue (node_modules/react/cjs/react.development.js:2667:24)
      at act (node_modules/react/cjs/react.development.js:2582:11)
      at actWithWarning (node_modules/react-dom/cjs/react-dom-test-utils.development.js:1740:10)
      at node_modules/@testing-library/react/dist/act-compat.js:63:25
      at renderRoot (node_modules/@testing-library/react/dist/pure.js:159:26)
      at render (node_modules/@testing-library/react/dist/pure.js:246:10)
      at renderWithProviders (src/components/styled/__tests__/Header.test.tsx:21:16)
      at Object.<anonymous> (src/components/styled/__tests__/Header.test.tsx:70:5)

  ● Header Component › opens search modal with Cmd+K keyboard shortcut

    useAuth must be used within an AuthProvider

      69 |   const context = useContext(AuthContext);
      70 |   if (context === undefined) {
    > 71 |     throw new Error('useAuth must be used within an AuthProvider');
         |           ^
      72 |   }
      73 |   return context;
      74 | };

      at useAuth (src/contexts/BypassAuthContext.tsx:71:11)
      at Header (src/components/styled/Header.tsx:295:61)
      at renderWithHooks (node_modules/react-dom/cjs/react-dom.development.js:15486:18)
      at mountIndeterminateComponent (node_modules/react-dom/cjs/react-dom.development.js:20103:13)
      at beginWork (node_modules/react-dom/cjs/react-dom.development.js:21626:16)
      at beginWork$1 (node_modules/react-dom/cjs/react-dom.development.js:27465:14)
      at performUnitOfWork (node_modules/react-dom/cjs/react-dom.development.js:26599:12)
      at workLoopSync (node_modules/react-dom/cjs/react-dom.development.js:26505:5)
      at renderRootSync (node_modules/react-dom/cjs/react-dom.development.js:26473:7)
      at recoverFromConcurrentError (node_modules/react-dom/cjs/react-dom.development.js:25889:20)
      at performConcurrentWorkOnRoot (node_modules/react-dom/cjs/react-dom.development.js:25789:22)
      at flushActQueue (node_modules/react/cjs/react.development.js:2667:24)
      at act (node_modules/react/cjs/react.development.js:2582:11)
      at actWithWarning (node_modules/react-dom/cjs/react-dom-test-utils.development.js:1740:10)
      at node_modules/@testing-library/react/dist/act-compat.js:63:25
      at renderRoot (node_modules/@testing-library/react/dist/pure.js:159:26)
      at render (node_modules/@testing-library/react/dist/pure.js:246:10)
      at renderWithProviders (src/components/styled/__tests__/Header.test.tsx:21:16)
      at Object.<anonymous> (src/components/styled/__tests__/Header.test.tsx:79:5)

  ● Header Component › opens search modal with Ctrl+K keyboard shortcut

    useAuth must be used within an AuthProvider

      69 |   const context = useContext(AuthContext);
      70 |   if (context === undefined) {
    > 71 |     throw new Error('useAuth must be used within an AuthProvider');
         |           ^
      72 |   }
      73 |   return context;
      74 | };

      at useAuth (src/contexts/BypassAuthContext.tsx:71:11)
      at Header (src/components/styled/Header.tsx:295:61)
      at renderWithHooks (node_modules/react-dom/cjs/react-dom.development.js:15486:18)
      at mountIndeterminateComponent (node_modules/react-dom/cjs/react-dom.development.js:20103:13)
      at beginWork (node_modules/react-dom/cjs/react-dom.development.js:21626:16)
      at beginWork$1 (node_modules/react-dom/cjs/react-dom.development.js:27465:14)
      at performUnitOfWork (node_modules/react-dom/cjs/react-dom.development.js:26599:12)
      at workLoopSync (node_modules/react-dom/cjs/react-dom.development.js:26505:5)
      at renderRootSync (node_modules/react-dom/cjs/react-dom.development.js:26473:7)
      at recoverFromConcurrentError (node_modules/react-dom/cjs/react-dom.development.js:25889:20)
      at performConcurrentWorkOnRoot (node_modules/react-dom/cjs/react-dom.development.js:25789:22)
      at flushActQueue (node_modules/react/cjs/react.development.js:2667:24)
      at act (node_modules/react/cjs/react.development.js:2582:11)
      at actWithWarning (node_modules/react-dom/cjs/react-dom-test-utils.development.js:1740:10)
      at node_modules/@testing-library/react/dist/act-compat.js:63:25
      at renderRoot (node_modules/@testing-library/react/dist/pure.js:159:26)
      at render (node_modules/@testing-library/react/dist/pure.js:246:10)
      at renderWithProviders (src/components/styled/__tests__/Header.test.tsx:21:16)
      at Object.<anonymous> (src/components/styled/__tests__/Header.test.tsx:88:5)

  ● Header Component › closes search modal when escape is pressed

    useAuth must be used within an AuthProvider

      69 |   const context = useContext(AuthContext);
      70 |   if (context === undefined) {
    > 71 |     throw new Error('useAuth must be used within an AuthProvider');
         |           ^
      72 |   }
      73 |   return context;
      74 | };

      at useAuth (src/contexts/BypassAuthContext.tsx:71:11)
      at Header (src/components/styled/Header.tsx:295:61)
      at renderWithHooks (node_modules/react-dom/cjs/react-dom.development.js:15486:18)
      at mountIndeterminateComponent (node_modules/react-dom/cjs/react-dom.development.js:20103:13)
      at beginWork (node_modules/react-dom/cjs/react-dom.development.js:21626:16)
      at beginWork$1 (node_modules/react-dom/cjs/react-dom.development.js:27465:14)
      at performUnitOfWork (node_modules/react-dom/cjs/react-dom.development.js:26599:12)
      at workLoopSync (node_modules/react-dom/cjs/react-dom.development.js:26505:5)
      at renderRootSync (node_modules/react-dom/cjs/react-dom.development.js:26473:7)
      at recoverFromConcurrentError (node_modules/react-dom/cjs/react-dom.development.js:25889:20)
      at performConcurrentWorkOnRoot (node_modules/react-dom/cjs/react-dom.development.js:25789:22)
      at flushActQueue (node_modules/react/cjs/react.development.js:2667:24)
      at act (node_modules/react/cjs/react.development.js:2582:11)
      at actWithWarning (node_modules/react-dom/cjs/react-dom-test-utils.development.js:1740:10)
      at node_modules/@testing-library/react/dist/act-compat.js:63:25
      at renderRoot (node_modules/@testing-library/react/dist/pure.js:159:26)
      at render (node_modules/@testing-library/react/dist/pure.js:246:10)
      at renderWithProviders (src/components/styled/__tests__/Header.test.tsx:21:16)
      at Object.<anonymous> (src/components/styled/__tests__/Header.test.tsx:97:5)

  ● Header Component › closes search modal when close button is clicked

    useAuth must be used within an AuthProvider

      69 |   const context = useContext(AuthContext);
      70 |   if (context === undefined) {
    > 71 |     throw new Error('useAuth must be used within an AuthProvider');
         |           ^
      72 |   }
      73 |   return context;
      74 | };

      at useAuth (src/contexts/BypassAuthContext.tsx:71:11)
      at Header (src/components/styled/Header.tsx:295:61)
      at renderWithHooks (node_modules/react-dom/cjs/react-dom.development.js:15486:18)
      at mountIndeterminateComponent (node_modules/react-dom/cjs/react-dom.development.js:20103:13)
      at beginWork (node_modules/react-dom/cjs/react-dom.development.js:21626:16)
      at beginWork$1 (node_modules/react-dom/cjs/react-dom.development.js:27465:14)
      at performUnitOfWork (node_modules/react-dom/cjs/react-dom.development.js:26599:12)
      at workLoopSync (node_modules/react-dom/cjs/react-dom.development.js:26505:5)
      at renderRootSync (node_modules/react-dom/cjs/react-dom.development.js:26473:7)
      at recoverFromConcurrentError (node_modules/react-dom/cjs/react-dom.development.js:25889:20)
      at performConcurrentWorkOnRoot (node_modules/react-dom/cjs/react-dom.development.js:25789:22)
      at flushActQueue (node_modules/react/cjs/react.development.js:2667:24)
      at act (node_modules/react/cjs/react.development.js:2582:11)
      at actWithWarning (node_modules/react-dom/cjs/react-dom-test-utils.development.js:1740:10)
      at node_modules/@testing-library/react/dist/act-compat.js:63:25
      at renderRoot (node_modules/@testing-library/react/dist/pure.js:159:26)
      at render (node_modules/@testing-library/react/dist/pure.js:246:10)
      at renderWithProviders (src/components/styled/__tests__/Header.test.tsx:21:16)
      at Object.<anonymous> (src/components/styled/__tests__/Header.test.tsx:110:5)

  ● Header Component › prevents default behavior for Cmd+K keypress

    useAuth must be used within an AuthProvider

      69 |   const context = useContext(AuthContext);
      70 |   if (context === undefined) {
    > 71 |     throw new Error('useAuth must be used within an AuthProvider');
         |           ^
      72 |   }
      73 |   return context;
      74 | };

      at useAuth (src/contexts/BypassAuthContext.tsx:71:11)
      at Header (src/components/styled/Header.tsx:295:61)
      at renderWithHooks (node_modules/react-dom/cjs/react-dom.development.js:15486:18)
      at mountIndeterminateComponent (node_modules/react-dom/cjs/react-dom.development.js:20103:13)
      at beginWork (node_modules/react-dom/cjs/react-dom.development.js:21626:16)
      at beginWork$1 (node_modules/react-dom/cjs/react-dom.development.js:27465:14)
      at performUnitOfWork (node_modules/react-dom/cjs/react-dom.development.js:26599:12)
      at workLoopSync (node_modules/react-dom/cjs/react-dom.development.js:26505:5)
      at renderRootSync (node_modules/react-dom/cjs/react-dom.development.js:26473:7)
      at recoverFromConcurrentError (node_modules/react-dom/cjs/react-dom.development.js:25889:20)
      at performConcurrentWorkOnRoot (node_modules/react-dom/cjs/react-dom.development.js:25789:22)
      at flushActQueue (node_modules/react/cjs/react.development.js:2667:24)
      at act (node_modules/react/cjs/react.development.js:2582:11)
      at actWithWarning (node_modules/react-dom/cjs/react-dom-test-utils.development.js:1740:10)
      at node_modules/@testing-library/react/dist/act-compat.js:63:25
      at renderRoot (node_modules/@testing-library/react/dist/pure.js:159:26)
      at render (node_modules/@testing-library/react/dist/pure.js:246:10)
      at renderWithProviders (src/components/styled/__tests__/Header.test.tsx:21:16)
      at Object.<anonymous> (src/components/styled/__tests__/Header.test.tsx:124:5)

  ● Header Component › applies correct styling to header elements

    useAuth must be used within an AuthProvider

      69 |   const context = useContext(AuthContext);
      70 |   if (context === undefined) {
    > 71 |     throw new Error('useAuth must be used within an AuthProvider');
         |           ^
      72 |   }
      73 |   return context;
      74 | };

      at useAuth (src/contexts/BypassAuthContext.tsx:71:11)
      at Header (src/components/styled/Header.tsx:295:61)
      at renderWithHooks (node_modules/react-dom/cjs/react-dom.development.js:15486:18)
      at mountIndeterminateComponent (node_modules/react-dom/cjs/react-dom.development.js:20103:13)
      at beginWork (node_modules/react-dom/cjs/react-dom.development.js:21626:16)
      at beginWork$1 (node_modules/react-dom/cjs/react-dom.development.js:27465:14)
      at performUnitOfWork (node_modules/react-dom/cjs/react-dom.development.js:26599:12)
      at workLoopSync (node_modules/react-dom/cjs/react-dom.development.js:26505:5)
      at renderRootSync (node_modules/react-dom/cjs/react-dom.development.js:26473:7)
      at recoverFromConcurrentError (node_modules/react-dom/cjs/react-dom.development.js:25889:20)
      at performConcurrentWorkOnRoot (node_modules/react-dom/cjs/react-dom.development.js:25789:22)
      at flushActQueue (node_modules/react/cjs/react.development.js:2667:24)
      at act (node_modules/react/cjs/react.development.js:2582:11)
      at actWithWarning (node_modules/react-dom/cjs/react-dom-test-utils.development.js:1740:10)
      at node_modules/@testing-library/react/dist/act-compat.js:63:25
      at renderRoot (node_modules/@testing-library/react/dist/pure.js:159:26)
      at render (node_modules/@testing-library/react/dist/pure.js:246:10)
      at renderWithProviders (src/components/styled/__tests__/Header.test.tsx:21:16)
      at Object.<anonymous> (src/components/styled/__tests__/Header.test.tsx:134:5)

  ● Header Component › handles responsive behavior correctly

    useAuth must be used within an AuthProvider

      69 |   const context = useContext(AuthContext);
      70 |   if (context === undefined) {
    > 71 |     throw new Error('useAuth must be used within an AuthProvider');
         |           ^
      72 |   }
      73 |   return context;
      74 | };

      at useAuth (src/contexts/BypassAuthContext.tsx:71:11)
      at Header (src/components/styled/Header.tsx:295:61)
      at renderWithHooks (node_modules/react-dom/cjs/react-dom.development.js:15486:18)
      at mountIndeterminateComponent (node_modules/react-dom/cjs/react-dom.development.js:20103:13)
      at beginWork (node_modules/react-dom/cjs/react-dom.development.js:21626:16)
      at beginWork$1 (node_modules/react-dom/cjs/react-dom.development.js:27465:14)
      at performUnitOfWork (node_modules/react-dom/cjs/react-dom.development.js:26599:12)
      at workLoopSync (node_modules/react-dom/cjs/react-dom.development.js:26505:5)
      at renderRootSync (node_modules/react-dom/cjs/react-dom.development.js:26473:7)
      at recoverFromConcurrentError (node_modules/react-dom/cjs/react-dom.development.js:25889:20)
      at performConcurrentWorkOnRoot (node_modules/react-dom/cjs/react-dom.development.js:25789:22)
      at flushActQueue (node_modules/react/cjs/react.development.js:2667:24)
      at act (node_modules/react/cjs/react.development.js:2582:11)
      at actWithWarning (node_modules/react-dom/cjs/react-dom-test-utils.development.js:1740:10)
      at node_modules/@testing-library/react/dist/act-compat.js:63:25
      at renderRoot (node_modules/@testing-library/react/dist/pure.js:159:26)
      at render (node_modules/@testing-library/react/dist/pure.js:246:10)
      at renderWithProviders (src/components/styled/__tests__/Header.test.tsx:21:16)
      at Object.<anonymous> (src/components/styled/__tests__/Header.test.tsx:148:5)

FAIL src/components/styled/__tests__/Typography.test.tsx
  ● Heading Components › renders headings with custom color

    expect(element).toHaveStyle()

    - Expected

    - color: rgb(116, 116, 128);
    + color: rgb(97, 97, 97);

      84 |     
      85 |     const heading = screen.getByText('Secondary Heading');
    > 86 |     expect(heading).toHaveStyle('color: #747480');
         |                     ^
      87 |   });
      88 |
      89 |   it('renders headings with custom alignment', () => {

      at Object.<anonymous> (src/components/styled/__tests__/Typography.test.tsx:86:21)

  ● Text Component › renders with custom color

    expect(element).toHaveStyle()

    - Expected

    - color: rgb(116, 116, 128);
    + color: rgb(97, 97, 97);

      122 |     
      123 |     const text = screen.getByText('Secondary text');
    > 124 |     expect(text).toHaveStyle('color: #747480');
          |                  ^
      125 |   });
      126 |
      127 |   it('renders with custom alignment', () => {

      at Object.<anonymous> (src/components/styled/__tests__/Typography.test.tsx:124:18)

  ● Caption Component › renders with custom color

    expect(element).toHaveStyle()

    - Expected

    - color: rgb(116, 116, 128);
    + color: rgb(97, 97, 97);

      155 |     
      156 |     const caption = screen.getByText('Secondary caption');
    > 157 |     expect(caption).toHaveStyle('color: #747480');
          |                     ^
      158 |   });
      159 | });
      160 |

      at Object.<anonymous> (src/components/styled/__tests__/Typography.test.tsx:157:21)

  ● Lead Component › renders with custom color and alignment

    expect(element).toHaveStyle()

    - Expected

    - color: rgb(116, 116, 128);
    + color: rgb(97, 97, 97);

      187 |     
      188 |     const lead = screen.getByText('Centered lead');
    > 189 |     expect(lead).toHaveStyle('color: #747480');
          |                  ^
      190 |     expect(lead).toHaveStyle('text-align: center');
      191 |   });
      192 | });

      at Object.<anonymous> (src/components/styled/__tests__/Typography.test.tsx:189:18)

FAIL src/components/__tests__/APIExplorerView.test.tsx
  ● APIExplorerView › renders API Explorer title with emoji and repo name

    TypeError: Cannot read properties of undefined (reading 'modal')

      102 |   justify-content: center;
      103 |   background-color: ${({ $blur }) => $blur ? theme.colors.background.overlay : theme.colors.background.primary};
    > 104 |   z-index: ${props => props.theme.zIndex.modal};
          |                                          ^
      105 |   
      106 |   ${({ $blur }) => $blur && css`
      107 |     backdrop-filter: blur(4px);

      at result (src/components/styled/Loading.tsx:104:42)
      at componentId (node_modules/styled-components/src/utils/flatten.ts:71:24)
      at e.NODE_ENV [as generateAndInjectStyles] (node_modules/styled-components/src/models/ComponentStyle.ts:90:43)
      at warnTooManyClasses (node_modules/styled-components/src/models/StyledComponent.ts:70:19)
      at componentStyle (node_modules/styled-components/src/models/StyledComponent.ts:172:24)
      at I (node_modules/styled-components/src/models/StyledComponent.ts:270:26)
      at renderWithHooks (node_modules/react-dom/cjs/react-dom.development.js:15486:18)
      at updateForwardRef (node_modules/react-dom/cjs/react-dom.development.js:19245:20)
      at beginWork (node_modules/react-dom/cjs/react-dom.development.js:21675:16)
      at beginWork$1 (node_modules/react-dom/cjs/react-dom.development.js:27465:14)
      at performUnitOfWork (node_modules/react-dom/cjs/react-dom.development.js:26599:12)
      at workLoopSync (node_modules/react-dom/cjs/react-dom.development.js:26505:5)
      at renderRootSync (node_modules/react-dom/cjs/react-dom.development.js:26473:7)
      at recoverFromConcurrentError (node_modules/react-dom/cjs/react-dom.development.js:25889:20)
      at performConcurrentWorkOnRoot (node_modules/react-dom/cjs/react-dom.development.js:25789:22)
      at flushActQueue (node_modules/react/cjs/react.development.js:2667:24)
      at act (node_modules/react/cjs/react.development.js:2582:11)
      at actWithWarning (node_modules/react-dom/cjs/react-dom-test-utils.development.js:1740:10)
      at node_modules/@testing-library/react/dist/act-compat.js:63:25
      at renderRoot (node_modules/@testing-library/react/dist/pure.js:159:26)
      at render (node_modules/@testing-library/react/dist/pure.js:246:10)
      at renderWithRouter (src/components/__tests__/APIExplorerView.test.tsx:9:18)
      at Object.<anonymous> (src/components/__tests__/APIExplorerView.test.tsx:19:5)

  ● APIExplorerView › shows coming soon message

    TypeError: Cannot read properties of undefined (reading 'modal')

      102 |   justify-content: center;
      103 |   background-color: ${({ $blur }) => $blur ? theme.colors.background.overlay : theme.colors.background.primary};
    > 104 |   z-index: ${props => props.theme.zIndex.modal};
          |                                          ^
      105 |   
      106 |   ${({ $blur }) => $blur && css`
      107 |     backdrop-filter: blur(4px);

      at result (src/components/styled/Loading.tsx:104:42)
      at componentId (node_modules/styled-components/src/utils/flatten.ts:71:24)
      at e.NODE_ENV [as generateAndInjectStyles] (node_modules/styled-components/src/models/ComponentStyle.ts:90:43)
      at warnTooManyClasses (node_modules/styled-components/src/models/StyledComponent.ts:70:19)
      at componentStyle (node_modules/styled-components/src/models/StyledComponent.ts:172:24)
      at I (node_modules/styled-components/src/models/StyledComponent.ts:270:26)
      at renderWithHooks (node_modules/react-dom/cjs/react-dom.development.js:15486:18)
      at updateForwardRef (node_modules/react-dom/cjs/react-dom.development.js:19245:20)
      at beginWork (node_modules/react-dom/cjs/react-dom.development.js:21675:16)
      at beginWork$1 (node_modules/react-dom/cjs/react-dom.development.js:27465:14)
      at performUnitOfWork (node_modules/react-dom/cjs/react-dom.development.js:26599:12)
      at workLoopSync (node_modules/react-dom/cjs/react-dom.development.js:26505:5)
      at renderRootSync (node_modules/react-dom/cjs/react-dom.development.js:26473:7)
      at recoverFromConcurrentError (node_modules/react-dom/cjs/react-dom.development.js:25889:20)
      at performConcurrentWorkOnRoot (node_modules/react-dom/cjs/react-dom.development.js:25789:22)
      at flushActQueue (node_modules/react/cjs/react.development.js:2667:24)
      at act (node_modules/react/cjs/react.development.js:2582:11)
      at actWithWarning (node_modules/react-dom/cjs/react-dom-test-utils.development.js:1740:10)
      at node_modules/@testing-library/react/dist/act-compat.js:63:25
      at renderRoot (node_modules/@testing-library/react/dist/pure.js:159:26)
      at render (node_modules/@testing-library/react/dist/pure.js:246:10)
      at renderWithRouter (src/components/__tests__/APIExplorerView.test.tsx:9:18)
      at Object.<anonymous> (src/components/__tests__/APIExplorerView.test.tsx:24:5)

  ● APIExplorerView › has correct text color styling

    TypeError: Cannot read properties of undefined (reading 'modal')

      102 |   justify-content: center;
      103 |   background-color: ${({ $blur }) => $blur ? theme.colors.background.overlay : theme.colors.background.primary};
    > 104 |   z-index: ${props => props.theme.zIndex.modal};
          |                                          ^
      105 |   
      106 |   ${({ $blur }) => $blur && css`
      107 |     backdrop-filter: blur(4px);

      at result (src/components/styled/Loading.tsx:104:42)
      at componentId (node_modules/styled-components/src/utils/flatten.ts:71:24)
      at e.NODE_ENV [as generateAndInjectStyles] (node_modules/styled-components/src/models/ComponentStyle.ts:90:43)
      at warnTooManyClasses (node_modules/styled-components/src/models/StyledComponent.ts:70:19)
      at componentStyle (node_modules/styled-components/src/models/StyledComponent.ts:172:24)
      at I (node_modules/styled-components/src/models/StyledComponent.ts:270:26)
      at renderWithHooks (node_modules/react-dom/cjs/react-dom.development.js:15486:18)
      at updateForwardRef (node_modules/react-dom/cjs/react-dom.development.js:19245:20)
      at beginWork (node_modules/react-dom/cjs/react-dom.development.js:21675:16)
      at beginWork$1 (node_modules/react-dom/cjs/react-dom.development.js:27465:14)
      at performUnitOfWork (node_modules/react-dom/cjs/react-dom.development.js:26599:12)
      at workLoopSync (node_modules/react-dom/cjs/react-dom.development.js:26505:5)
      at renderRootSync (node_modules/react-dom/cjs/react-dom.development.js:26473:7)
      at recoverFromConcurrentError (node_modules/react-dom/cjs/react-dom.development.js:25889:20)
      at performConcurrentWorkOnRoot (node_modules/react-dom/cjs/react-dom.development.js:25789:22)
      at flushActQueue (node_modules/react/cjs/react.development.js:2667:24)
      at act (node_modules/react/cjs/react.development.js:2582:11)
      at actWithWarning (node_modules/react-dom/cjs/react-dom-test-utils.development.js:1740:10)
      at node_modules/@testing-library/react/dist/act-compat.js:63:25
      at renderRoot (node_modules/@testing-library/react/dist/pure.js:159:26)
      at render (node_modules/@testing-library/react/dist/pure.js:246:10)
      at renderWithRouter (src/components/__tests__/APIExplorerView.test.tsx:9:18)
      at Object.<anonymous> (src/components/__tests__/APIExplorerView.test.tsx:29:27)

  ● APIExplorerView › renders with different repository name

    TypeError: Cannot read properties of undefined (reading 'modal')

      102 |   justify-content: center;
      103 |   background-color: ${({ $blur }) => $blur ? theme.colors.background.overlay : theme.colors.background.primary};
    > 104 |   z-index: ${props => props.theme.zIndex.modal};
          |                                          ^
      105 |   
      106 |   ${({ $blur }) => $blur && css`
      107 |     backdrop-filter: blur(4px);

      at result (src/components/styled/Loading.tsx:104:42)
      at componentId (node_modules/styled-components/src/utils/flatten.ts:71:24)
      at e.NODE_ENV [as generateAndInjectStyles] (node_modules/styled-components/src/models/ComponentStyle.ts:90:43)
      at warnTooManyClasses (node_modules/styled-components/src/models/StyledComponent.ts:70:19)
      at componentStyle (node_modules/styled-components/src/models/StyledComponent.ts:172:24)
      at I (node_modules/styled-components/src/models/StyledComponent.ts:270:26)
      at renderWithHooks (node_modules/react-dom/cjs/react-dom.development.js:15486:18)
      at updateForwardRef (node_modules/react-dom/cjs/react-dom.development.js:19245:20)
      at beginWork (node_modules/react-dom/cjs/react-dom.development.js:21675:16)
      at beginWork$1 (node_modules/react-dom/cjs/react-dom.development.js:27465:14)
      at performUnitOfWork (node_modules/react-dom/cjs/react-dom.development.js:26599:12)
      at workLoopSync (node_modules/react-dom/cjs/react-dom.development.js:26505:5)
      at renderRootSync (node_modules/react-dom/cjs/react-dom.development.js:26473:7)
      at recoverFromConcurrentError (node_modules/react-dom/cjs/react-dom.development.js:25889:20)
      at performConcurrentWorkOnRoot (node_modules/react-dom/cjs/react-dom.development.js:25789:22)
      at flushActQueue (node_modules/react/cjs/react.development.js:2667:24)
      at act (node_modules/react/cjs/react.development.js:2582:11)
      at actWithWarning (node_modules/react-dom/cjs/react-dom-test-utils.development.js:1740:10)
      at node_modules/@testing-library/react/dist/act-compat.js:63:25
      at renderRoot (node_modules/@testing-library/react/dist/pure.js:159:26)
      at render (node_modules/@testing-library/react/dist/pure.js:246:10)
      at renderWithRouter (src/components/__tests__/APIExplorerView.test.tsx:9:18)
      at Object.<anonymous> (src/components/__tests__/APIExplorerView.test.tsx:35:5)

  ● APIExplorerView › renders correct heading levels

    TypeError: Cannot read properties of undefined (reading 'modal')

      102 |   justify-content: center;
      103 |   background-color: ${({ $blur }) => $blur ? theme.colors.background.overlay : theme.colors.background.primary};
    > 104 |   z-index: ${props => props.theme.zIndex.modal};
          |                                          ^
      105 |   
      106 |   ${({ $blur }) => $blur && css`
      107 |     backdrop-filter: blur(4px);

      at result (src/components/styled/Loading.tsx:104:42)
      at componentId (node_modules/styled-components/src/utils/flatten.ts:71:24)
      at e.NODE_ENV [as generateAndInjectStyles] (node_modules/styled-components/src/models/ComponentStyle.ts:90:43)
      at warnTooManyClasses (node_modules/styled-components/src/models/StyledComponent.ts:70:19)
      at componentStyle (node_modules/styled-components/src/models/StyledComponent.ts:172:24)
      at I (node_modules/styled-components/src/models/StyledComponent.ts:270:26)
      at renderWithHooks (node_modules/react-dom/cjs/react-dom.development.js:15486:18)
      at updateForwardRef (node_modules/react-dom/cjs/react-dom.development.js:19245:20)
      at beginWork (node_modules/react-dom/cjs/react-dom.development.js:21675:16)
      at beginWork$1 (node_modules/react-dom/cjs/react-dom.development.js:27465:14)
      at performUnitOfWork (node_modules/react-dom/cjs/react-dom.development.js:26599:12)
      at workLoopSync (node_modules/react-dom/cjs/react-dom.development.js:26505:5)
      at renderRootSync (node_modules/react-dom/cjs/react-dom.development.js:26473:7)
      at recoverFromConcurrentError (node_modules/react-dom/cjs/react-dom.development.js:25889:20)
      at performConcurrentWorkOnRoot (node_modules/react-dom/cjs/react-dom.development.js:25789:22)
      at flushActQueue (node_modules/react/cjs/react.development.js:2667:24)
      at act (node_modules/react/cjs/react.development.js:2582:11)
      at actWithWarning (node_modules/react-dom/cjs/react-dom-test-utils.development.js:1740:10)
      at node_modules/@testing-library/react/dist/act-compat.js:63:25
      at renderRoot (node_modules/@testing-library/react/dist/pure.js:159:26)
      at render (node_modules/@testing-library/react/dist/pure.js:246:10)
      at renderWithRouter (src/components/__tests__/APIExplorerView.test.tsx:9:18)
      at Object.<anonymous> (src/components/__tests__/APIExplorerView.test.tsx:40:5)

FAIL src/middleware/__tests__/security.middleware.test.js
  ● Security Middleware › Request Sanitization › sanitizes event handlers

    expect(received).toBe(expected) // Object.is equality

    Expected: "<div >Click me</div>"
    Received: "<div \"alert(1)\">Click me</div>"

      179 |         });
      180 |
    > 181 |       expect(response.body.html).toBe('<div >Click me</div>');
          |                                  ^
      182 |     });
      183 |   });
      184 |

      at Object.<anonymous> (src/middleware/__tests__/security.middleware.test.js:181:34)

  ● Security Middleware › Suspicious Activity Detection › detects path traversal attempts

    expect(received).toBeTruthy()

    Received: null

      219 |       await request(app).get('/test/../../../etc/passwd');
      220 |
    > 221 |       expect(loggedEvent).toBeTruthy();
          |                           ^
      222 |       expect(loggedEvent.type).toBe('suspicious_request');
      223 |       expect(loggedEvent.details.reasons).toContain('Path traversal attempt');
      224 |

      at Object.<anonymous> (src/middleware/__tests__/security.middleware.test.js:221:27)

FAIL src/components/__tests__/SyncStatus.test.tsx
  ● SyncStatus › renders sync in progress status

    TestingLibraryElementError: Unable to find an element with the text: Syncing Repositories. This could be because the text is broken up by multiple elements. In this case, you can provide a function for your text matcher to make your matcher more flexible.

    Ignored nodes: comments, script, style
    [36m<body>[39m
      [36m<div>[39m
        [36m<div[39m
          [33mclass[39m=[32m"bg-white border border-gray-200 rounded-lg shadow-sm "[39m
        [36m>[39m
          [36m<div[39m
            [33mclass[39m=[32m"p-4"[39m
          [36m>[39m
            [36m<div[39m
              [33mclass[39m=[32m"flex items-center justify-between"[39m
            [36m>[39m
              [36m<div[39m
                [33mclass[39m=[32m"flex items-center space-x-3"[39m
              [36m>[39m
                [36m<div[39m
                  [33mclass[39m=[32m"w-3 h-3 rounded-full bg-green-500"[39m
                [36m/>[39m
                [36m<h3[39m
                  [33mclass[39m=[32m"text-sm font-medium text-gray-900"[39m
                [36m>[39m
                  [0mRepository Sync[0m
                [36m</h3>[39m
              [36m</div>[39m
              [36m<div[39m
                [33mclass[39m=[32m"flex items-center space-x-2"[39m
              [36m>[39m
                [36m<span[39m
                  [33mclass[39m=[32m"text-xs text-gray-500"[39m
                [36m>[39m
                  [0mLast sync: [0m
                  [0mNever[0m
                [36m</span>[39m
                [36m<button[39m
                  [33maria-label[39m=[32m"Expand"[39m
                  [33mclass[39m=[32m"p-1 rounded hover:bg-gray-100 transition-colors"[39m
                [36m>[39m
                  [36m<svg[39m
                    [33mclass[39m=[32m"w-4 h-4 text-gray-500 transform transition-transform "[39m
                    [33mfill[39m=[32m"none"[39m
                    [33mstroke[39m=[32m"currentColor"[39m
                    [33mviewBox[39m=[32m"0 0 24 24"[39m
                  [36m>[39m
                    [36m<path[39m
                      [33md[39m=[32m"M19 9l-7 7-7-7"[39m
                      [33mstroke-linecap[39m=[32m"round"[39m
                      [33mstroke-linejoin[39m=[32m"round"[39m
                      [33mstroke-width[39m=[32m"2"[39m
                    [36m/>[39m
                  [36m</svg>[39m
                [36m</button>[39m
              [36m</div>[39m
            [36m</div>[39m
          [36m</div>[39m
        [36m</div>[39m
      [36m</div>[39m
    [36m</body>[39m

      62 |     render(<SyncStatus />);
      63 |
    > 64 |     expect(screen.getByText('Syncing Repositories')).toBeInTheDocument();
         |                   ^
      65 |     expect(screen.getByText('Syncing: test-repo')).toBeInTheDocument();
      66 |     expect(screen.getByText('3 of 10')).toBeInTheDocument();
      67 |   });

      at Object.getElementError (node_modules/@testing-library/react/node_modules/@testing-library/dom/dist/config.js:37:19)
      at node_modules/@testing-library/react/node_modules/@testing-library/dom/dist/query-helpers.js:76:38
      at node_modules/@testing-library/react/node_modules/@testing-library/dom/dist/query-helpers.js:52:17
      at getByText (node_modules/@testing-library/react/node_modules/@testing-library/dom/dist/query-helpers.js:95:19)
      at Object.<anonymous> (src/components/__tests__/SyncStatus.test.tsx:64:19)

  ● SyncStatus › shows progress bar during sync

    expect(received).toHaveStyle()

    received value must be an HTMLElement or an SVGElement.
    Received has value: null

      79 |
      80 |     const progressBar = document.querySelector('.bg-blue-500.transition-all');
    > 81 |     expect(progressBar).toHaveStyle({ width: '25%' });
         |                         ^
      82 |   });
      83 |
      84 |   it('formats last sync timestamp correctly', () => {

      at __EXTERNAL_MATCHER_TRAP__ (node_modules/expect/build/index.js:386:30)
      at Object.toHaveStyle (node_modules/expect/build/index.js:387:15)
      at Object.<anonymous> (src/components/__tests__/SyncStatus.test.tsx:81:25)

  ● SyncStatus › expands and collapses details

    TestingLibraryElementError: Unable to find an element with the text: Synced Repositories (2). This could be because the text is broken up by multiple elements. In this case, you can provide a function for your text matcher to make your matcher more flexible.

    Ignored nodes: comments, script, style
    [36m<body>[39m
      [36m<div>[39m
        [36m<div[39m
          [33mclass[39m=[32m"bg-white border border-gray-200 rounded-lg shadow-sm "[39m
        [36m>[39m
          [36m<div[39m
            [33mclass[39m=[32m"p-4"[39m
          [36m>[39m
            [36m<div[39m
              [33mclass[39m=[32m"flex items-center justify-between"[39m
            [36m>[39m
              [36m<div[39m
                [33mclass[39m=[32m"flex items-center space-x-3"[39m
              [36m>[39m
                [36m<div[39m
                  [33mclass[39m=[32m"w-3 h-3 rounded-full bg-green-500"[39m
                [36m/>[39m
                [36m<h3[39m
                  [33mclass[39m=[32m"text-sm font-medium text-gray-900"[39m
                [36m>[39m
                  [0mRepository Sync[0m
                [36m</h3>[39m
              [36m</div>[39m
              [36m<div[39m
                [33mclass[39m=[32m"flex items-center space-x-2"[39m
              [36m>[39m
                [36m<span[39m
                  [33mclass[39m=[32m"text-xs text-gray-500"[39m
                [36m>[39m
                  [0mLast sync: [0m
                  [0mNever[0m
                [36m</span>[39m
                [36m<button[39m
                  [33maria-label[39m=[32m"Collapse"[39m
                  [33mclass[39m=[32m"p-1 rounded hover:bg-gray-100 transition-colors"[39m
                [36m>[39m
                  [36m<svg[39m
                    [33mclass[39m=[32m"w-4 h-4 text-gray-500 transform transition-transform rotate-180"[39m
                    [33mfill[39m=[32m"none"[39m
                    [33mstroke[39m=[32m"currentColor"[39m
                    [33mviewBox[39m=[32m"0 0 24 24"[39m
                  [36m>[39m
                    [36m<path[39m
                      [33md[39m=[32m"M19 9l-7 7-7-7"[39m
                      [33mstroke-linecap[39m=[32m"round"[39m
                      [33mstroke-linejoin[39m=[32m"round"[39m
                      [33mstroke-width[39m=[32m"2"[39m
                    [36m/>[39m
                  [36m</svg>[39m
                [36m</button>[39m
              [36m</div>[39m
            [36m</div>[39m
            [36m<div[39m
              [33mclass[39m=[32m"mt-4 space-y-3"[39m
            [36m>[39m
              [36m<button[39m
                [33mclass[39m=[32m"w-full px-4 py-2 bg-blue-500 text-white rounded-md hover:bg-blue-600 transition-colors text-sm font-medium"[39m
              [36m>[39m
                [0mSync All Repositories[0m
              [36m</button>[39m
            [36m</div>[39m
          [36m</div>[39m
        [36m</div>[39m
      [36m</div>[39m
    [36m</body>[39m

      109 |     // Click to expand
      110 |     fireEvent.click(screen.getByLabelText('Expand'));
    > 111 |     expect(screen.getByText('Synced Repositories (2)')).toBeInTheDocument();
          |                   ^
      112 |     expect(screen.getByText('repo1')).toBeInTheDocument();
      113 |     expect(screen.getByText('repo2')).toBeInTheDocument();
      114 |

      at Object.getElementError (node_modules/@testing-library/react/node_modules/@testing-library/dom/dist/config.js:37:19)
      at node_modules/@testing-library/react/node_modules/@testing-library/dom/dist/query-helpers.js:76:38
      at node_modules/@testing-library/react/node_modules/@testing-library/dom/dist/query-helpers.js:52:17
      at getByText (node_modules/@testing-library/react/node_modules/@testing-library/dom/dist/query-helpers.js:95:19)
      at Object.<anonymous> (src/components/__tests__/SyncStatus.test.tsx:111:19)

  ● SyncStatus › handles manual sync

    TypeError: _repositorySync.repositorySyncService.getSyncStatus(...).then is not a function

      54 |       console.error('Sync failed:', error);
      55 |     } finally {
    > 56 |       repositorySyncService.getSyncStatus().then(status => setSyncStatus(status));
         |                                             ^
      57 |     }
      58 |   };
      59 |

      at handleManualSync (src/components/SyncStatus.tsx:56:45)

  ● SyncStatus › handles manual sync

    expect(jest.fn()).toHaveBeenCalledWith(...expected)

    Expected: {"failedRepositories": [], "success": true, "syncedRepositories": ["repo1", "repo2"], "timestamp": 2025-08-02T13:52:47.367Z, "totalTime": 5000}

    Number of calls: 0

    Ignored nodes: comments, script, style
    [36m<html>[39m
      [36m<head />[39m
      [36m<body>[39m
        [36m<div>[39m
          [36m<div[39m
            [33mclass[39m=[32m"bg-white border border-gray-200 rounded-lg shadow-sm "[39m
          [36m>[39m
            [36m<div[39m
              [33mclass[39m=[32m"p-4"[39m
            [36m>[39m
              [36m<div[39m
                [33mclass[39m=[32m"flex items-center justify-between"[39m
              [36m>[39m
                [36m<div[39m
                  [33mclass[39m=[32m"flex items-center space-x-3"[39m
                [36m>[39m
                  [36m<div[39m
                    [33mclass[39m=[32m"w-3 h-3 rounded-full bg-blue-500 animate-pulse"[39m
                  [36m/>[39m
                  [36m<h3[39m
                    [33mclass[39m=[32m"text-sm font-medium text-gray-900"[39m
                  [36m>[39m
                    [0mSyncing Repositories[0m
                  [36m</h3>[39m
                [36m</div>[39m
                [36m<div[39m
                  [33mclass[39m=[32m"flex items-center space-x-2"[39m
                [36m>[39m
                  [36m<span[39m
                    [33mclass[39m=[32m"text-xs text-gray-500"[39m
                  [36m>[39m
                    [0mLast sync: [0m
                    [0mNever[0m
                  [36m</span>[39m
                  [36m<button[39m
                    [33maria-label[39m=[32m"Collapse"[39m
                    [33mclass[39m=[32m"p-1 rounded hover:bg-gray-100 transition-colors"[39m
                  [36m>[39m
                    [36m<svg[39m
                      [33mclass[39m=[32m"w-4 h-4 text-gray-500 transform transition-transform rotate-180"[39m
                      [33mfill[39m=[32m"none"[39m
                      [33mstroke[39m=[32m"currentColor"[39m
                      [33mviewBox[39m=[32m"0 0 24 24"[39m
                    [36m>[39m
                      [36m<path[39m
                        [33md[39m=[32m"M19 9l-7 7-7-7"[39m
                        [33mstroke-linecap[39m=[32m"round"[39m
                        [33mstroke-linejoin[39m=[32m"round"[39m
                        [33mstroke-width[39m=[32m"2"[39m
                      [36m/>[39m
                    [36m</svg>[39m
                  [36m</button>[39m
                [36m</div>[39m
              [36m</div>[39m
              [36m<div[39m
                [33mclass[39m=[32m"mt-3"[39m
              [36m>[39m
                [36m<div[39m
                  [33mclass[39m=[32m"flex items-center justify-between text-xs text-gray-600 mb-1"[39m
                [36m>[39m
                  [36m<span>[39m
                    [0mSyncing: [0m
                    [0mInitializing...[0m
                  [36m</span>[39m
                  [36m<span>[39m
                    [0m0[0m
                    [0m of [0m
                    [0m0[0m
                  [36m</span>[39m
                [36m</div>[39m
                [36m<div[39m
                  [33mclass[39m=[32m"w-full bg-gray-200 rounded-full h-2"[39m
                [36m>[39m
                  [36m<div[39m
                    [33mclass[39m=[32m"bg-blue-500 h-2 rounded-full transition-all duration-300"[39m
                    [33mstyle[39m=[32m"width: 0%;"[39m
                  [36m/>[39m
                [36m</div>[39m
              [36m</div>[39m
              [36m<div[39m
                [33mclass[39m=[32m"mt-4 space-y-3"[39m
              [36m/>[39m
            [36m</div>[39m
          [36m</div>[39m
        [36m</div>[39m
      [36m</body>[39m
    [36m</html>[39m

      150 |     await waitFor(() => {
      151 |       expect(mockSyncOnStartup).toHaveBeenCalled();
    > 152 |       expect(onSyncComplete).toHaveBeenCalledWith(mockResult);
          |                              ^
      153 |     });
      154 |   });
      155 |

      at src/components/__tests__/SyncStatus.test.tsx:152:30
      at runWithExpensiveErrorDiagnosticsDisabled (node_modules/@testing-library/react/node_modules/@testing-library/dom/dist/config.js:47:12)
      at checkCallback (node_modules/@testing-library/react/node_modules/@testing-library/dom/dist/wait-for.js:127:77)
      at node_modules/@testing-library/react/node_modules/@testing-library/dom/dist/wait-for.js:70:9

  ● SyncStatus › displays sync errors

    TestingLibraryElementError: Unable to find an element with the text: Sync Errors (2). This could be because the text is broken up by multiple elements. In this case, you can provide a function for your text matcher to make your matcher more flexible.

    Ignored nodes: comments, script, style
    [36m<body>[39m
      [36m<div>[39m
        [36m<div[39m
          [33mclass[39m=[32m"bg-white border border-gray-200 rounded-lg shadow-sm "[39m
        [36m>[39m
          [36m<div[39m
            [33mclass[39m=[32m"p-4"[39m
          [36m>[39m
            [36m<div[39m
              [33mclass[39m=[32m"flex items-center justify-between"[39m
            [36m>[39m
              [36m<div[39m
                [33mclass[39m=[32m"flex items-center space-x-3"[39m
              [36m>[39m
                [36m<div[39m
                  [33mclass[39m=[32m"w-3 h-3 rounded-full bg-green-500"[39m
                [36m/>[39m
                [36m<h3[39m
                  [33mclass[39m=[32m"text-sm font-medium text-gray-900"[39m
                [36m>[39m
                  [0mRepository Sync[0m
                [36m</h3>[39m
              [36m</div>[39m
              [36m<div[39m
                [33mclass[39m=[32m"flex items-center space-x-2"[39m
              [36m>[39m
                [36m<span[39m
                  [33mclass[39m=[32m"text-xs text-gray-500"[39m
                [36m>[39m
                  [0mLast sync: [0m
                  [0mNever[0m
                [36m</span>[39m
                [36m<button[39m
                  [33maria-label[39m=[32m"Collapse"[39m
                  [33mclass[39m=[32m"p-1 rounded hover:bg-gray-100 transition-colors"[39m
                [36m>[39m
                  [36m<svg[39m
                    [33mclass[39m=[32m"w-4 h-4 text-gray-500 transform transition-transform rotate-180"[39m
                    [33mfill[39m=[32m"none"[39m
                    [33mstroke[39m=[32m"currentColor"[39m
                    [33mviewBox[39m=[32m"0 0 24 24"[39m
                  [36m>[39m
                    [36m<path[39m
                      [33md[39m=[32m"M19 9l-7 7-7-7"[39m
                      [33mstroke-linecap[39m=[32m"round"[39m
                      [33mstroke-linejoin[39m=[32m"round"[39m
                      [33mstroke-width[39m=[32m"2"[39m
                    [36m/>[39m
                  [36m</svg>[39m
                [36m</button>[39m
              [36m</div>[39m
            [36m</div>[39m
            [36m<div[39m
              [33mclass[39m=[32m"mt-4 space-y-3"[39m
            [36m>[39m
              [36m<button[39m
                [33mclass[39m=[32m"w-full px-4 py-2 bg-blue-500 text-white rounded-md hover:bg-blue-600 transition-colors text-sm font-medium"[39m
              [36m>[39m
                [0mSync All Repositories[0m
              [36m</button>[39m
            [36m</div>[39m
          [36m</div>[39m
        [36m</div>[39m
      [36m</div>[39m
    [36m</body>[39m

      165 |     fireEvent.click(screen.getByLabelText('Expand'));
      166 |     
    > 167 |     expect(screen.getByText('Sync Errors (2)')).toBeInTheDocument();
          |                   ^
      168 |     expect(screen.getByText('Failed to sync repo1: Network error')).toBeInTheDocument();
      169 |     expect(screen.getByText('Failed to sync repo2: Permission denied')).toBeInTheDocument();
      170 |   });

      at Object.getElementError (node_modules/@testing-library/react/node_modules/@testing-library/dom/dist/config.js:37:19)
      at node_modules/@testing-library/react/node_modules/@testing-library/dom/dist/query-helpers.js:76:38
      at node_modules/@testing-library/react/node_modules/@testing-library/dom/dist/query-helpers.js:52:17
      at getByText (node_modules/@testing-library/react/node_modules/@testing-library/dom/dist/query-helpers.js:95:19)
      at Object.<anonymous> (src/components/__tests__/SyncStatus.test.tsx:167:19)

  ● SyncStatus › polls for updates during sync

    expect(jest.fn()).toHaveBeenCalledTimes(expected)

    Expected number of calls: 1
    Received number of calls: 0

      182 |
      183 |     // Initial call
    > 184 |     expect(mockGetSyncStatus).toHaveBeenCalledTimes(1);
          |                               ^
      185 |
      186 |     // Advance timer by 1 second
      187 |     jest.advanceTimersByTime(1000);

      at Object.<anonymous> (src/components/__tests__/SyncStatus.test.tsx:184:31)

  ● SyncStatus › stops polling when sync completes

    TypeError: Cannot read properties of undefined (reading 'timestamp')

      93 |           <div className="flex items-center space-x-2">
      94 |             <span className="text-xs text-gray-500">
    > 95 |               Last sync: {formatTimestamp(lastSyncInfo.timestamp || syncStatus.lastSyncTime)}
         |                                                        ^
      96 |             </span>
      97 |             <button
      98 |               onClick={() => setIsExpanded(!isExpanded)}

      at SyncStatus (src/components/SyncStatus.tsx:95:56)
      at renderWithHooks (node_modules/react-dom/cjs/react-dom.development.js:15486:18)
      at mountIndeterminateComponent (node_modules/react-dom/cjs/react-dom.development.js:20103:13)
      at beginWork (node_modules/react-dom/cjs/react-dom.development.js:21626:16)
      at beginWork$1 (node_modules/react-dom/cjs/react-dom.development.js:27465:14)
      at performUnitOfWork (node_modules/react-dom/cjs/react-dom.development.js:26599:12)
      at workLoopSync (node_modules/react-dom/cjs/react-dom.development.js:26505:5)
      at renderRootSync (node_modules/react-dom/cjs/react-dom.development.js:26473:7)
      at recoverFromConcurrentError (node_modules/react-dom/cjs/react-dom.development.js:25889:20)
      at performConcurrentWorkOnRoot (node_modules/react-dom/cjs/react-dom.development.js:25789:22)
      at flushActQueue (node_modules/react/cjs/react.development.js:2667:24)
      at act (node_modules/react/cjs/react.development.js:2582:11)
      at actWithWarning (node_modules/react-dom/cjs/react-dom-test-utils.development.js:1740:10)
      at node_modules/@testing-library/react/dist/act-compat.js:63:25
      at renderRoot (node_modules/@testing-library/react/dist/pure.js:159:26)
      at render (node_modules/@testing-library/react/dist/pure.js:246:10)
      at Object.<anonymous> (src/components/__tests__/SyncStatus.test.tsx:196:32)

  ● SyncStatus › shows appropriate status indicator colors

    TypeError: Cannot read properties of undefined (reading 'timestamp')

      93 |           <div className="flex items-center space-x-2">
      94 |             <span className="text-xs text-gray-500">
    > 95 |               Last sync: {formatTimestamp(lastSyncInfo.timestamp || syncStatus.lastSyncTime)}
         |                                                        ^
      96 |             </span>
      97 |             <button
      98 |               onClick={() => setIsExpanded(!isExpanded)}

      at SyncStatus (src/components/SyncStatus.tsx:95:56)
      at renderWithHooks (node_modules/react-dom/cjs/react-dom.development.js:15486:18)
      at mountIndeterminateComponent (node_modules/react-dom/cjs/react-dom.development.js:20103:13)
      at beginWork (node_modules/react-dom/cjs/react-dom.development.js:21626:16)
      at beginWork$1 (node_modules/react-dom/cjs/react-dom.development.js:27465:14)
      at performUnitOfWork (node_modules/react-dom/cjs/react-dom.development.js:26599:12)
      at workLoopSync (node_modules/react-dom/cjs/react-dom.development.js:26505:5)
      at renderRootSync (node_modules/react-dom/cjs/react-dom.development.js:26473:7)
      at recoverFromConcurrentError (node_modules/react-dom/cjs/react-dom.development.js:25889:20)
      at performConcurrentWorkOnRoot (node_modules/react-dom/cjs/react-dom.development.js:25789:22)
      at flushActQueue (node_modules/react/cjs/react.development.js:2667:24)
      at act (node_modules/react/cjs/react.development.js:2582:11)
      at actWithWarning (node_modules/react-dom/cjs/react-dom-test-utils.development.js:1740:10)
      at node_modules/@testing-library/react/dist/act-compat.js:63:25
      at renderRoot (node_modules/@testing-library/react/dist/pure.js:159:26)
      at render (node_modules/@testing-library/react/dist/pure.js:246:10)
      at Object.<anonymous> (src/components/__tests__/SyncStatus.test.tsx:230:32)

  ● SyncStatus › applies custom className

    ReferenceError: container is not defined

      261 |     render(<SyncStatus className="custom-class" />);
      262 |     
    > 263 |     expect(container.firstChild).toHaveClass('custom-class');
          |            ^
      264 |   });
      265 |
      266 |   it('handles sync errors gracefully', async () => {

      at Object.<anonymous> (src/components/__tests__/SyncStatus.test.tsx:263:12)

  ● SyncStatus › handles sync errors gracefully

    TypeError: _repositorySync.repositorySyncService.getSyncStatus(...).then is not a function

      30 |     if (syncStatus.isInProgress) {
      31 |       interval = setInterval(() => {
    > 32 |         repositorySyncService.getSyncStatus().then(status => setSyncStatus(status));
         |                                               ^
      33 |       }, 1000);
      34 |     }
      35 |

      at src/components/SyncStatus.tsx:32:47
      at callTimer (node_modules/@sinonjs/fake-timers/src/fake-timers-src.js:729:24)
      at doTickInner (node_modules/@sinonjs/fake-timers/src/fake-timers-src.js:1289:29)
      at doTick (node_modules/@sinonjs/fake-timers/src/fake-timers-src.js:1370:20)
      at Object.tick (node_modules/@sinonjs/fake-timers/src/fake-timers-src.js:1378:20)
      at FakeTimers.advanceTimersByTime (node_modules/@jest/fake-timers/build/modernFakeTimers.js:101:19)
      at node_modules/@testing-library/react/node_modules/@testing-library/dom/dist/wait-for.js:63:16
      at node_modules/@testing-library/react/dist/act-compat.js:64:24
      at act (node_modules/react/cjs/react.development.js:2512:16)
      at actWithWarning (node_modules/react-dom/cjs/react-dom-test-utils.development.js:1740:10)
      at node_modules/@testing-library/react/dist/act-compat.js:63:25
      at unstable_advanceTimersWrapper (node_modules/@testing-library/react/dist/pure.js:61:35)
      at node_modules/@testing-library/react/node_modules/@testing-library/dom/dist/wait-for.js:62:9

  ● SyncStatus › handles sync errors gracefully

    TypeError: _repositorySync.repositorySyncService.getSyncStatus(...).then is not a function

      54 |       console.error('Sync failed:', error);
      55 |     } finally {
    > 56 |       repositorySyncService.getSyncStatus().then(status => setSyncStatus(status));
         |                                             ^
      57 |     }
      58 |   };
      59 |

      at handleManualSync (src/components/SyncStatus.tsx:56:45)

FAIL src/components/__tests__/PostmanView.test.tsx
  ● PostmanView › renders Postman Collection title with emoji and repo name

    TypeError: Cannot read properties of undefined (reading 'modal')

      102 |   justify-content: center;
      103 |   background-color: ${({ $blur }) => $blur ? theme.colors.background.overlay : theme.colors.background.primary};
    > 104 |   z-index: ${props => props.theme.zIndex.modal};
          |                                          ^
      105 |   
      106 |   ${({ $blur }) => $blur && css`
      107 |     backdrop-filter: blur(4px);

      at result (src/components/styled/Loading.tsx:104:42)
      at componentId (node_modules/styled-components/src/utils/flatten.ts:71:24)
      at e.NODE_ENV [as generateAndInjectStyles] (node_modules/styled-components/src/models/ComponentStyle.ts:90:43)
      at warnTooManyClasses (node_modules/styled-components/src/models/StyledComponent.ts:70:19)
      at componentStyle (node_modules/styled-components/src/models/StyledComponent.ts:172:24)
      at I (node_modules/styled-components/src/models/StyledComponent.ts:270:26)
      at renderWithHooks (node_modules/react-dom/cjs/react-dom.development.js:15486:18)
      at updateForwardRef (node_modules/react-dom/cjs/react-dom.development.js:19245:20)
      at beginWork (node_modules/react-dom/cjs/react-dom.development.js:21675:16)
      at beginWork$1 (node_modules/react-dom/cjs/react-dom.development.js:27465:14)
      at performUnitOfWork (node_modules/react-dom/cjs/react-dom.development.js:26599:12)
      at workLoopSync (node_modules/react-dom/cjs/react-dom.development.js:26505:5)
      at renderRootSync (node_modules/react-dom/cjs/react-dom.development.js:26473:7)
      at recoverFromConcurrentError (node_modules/react-dom/cjs/react-dom.development.js:25889:20)
      at performConcurrentWorkOnRoot (node_modules/react-dom/cjs/react-dom.development.js:25789:22)
      at flushActQueue (node_modules/react/cjs/react.development.js:2667:24)
      at act (node_modules/react/cjs/react.development.js:2582:11)
      at actWithWarning (node_modules/react-dom/cjs/react-dom-test-utils.development.js:1740:10)
      at node_modules/@testing-library/react/dist/act-compat.js:63:25
      at renderRoot (node_modules/@testing-library/react/dist/pure.js:159:26)
      at render (node_modules/@testing-library/react/dist/pure.js:246:10)
      at renderWithRouter (src/components/__tests__/PostmanView.test.tsx:9:18)
      at Object.<anonymous> (src/components/__tests__/PostmanView.test.tsx:19:5)

  ● PostmanView › shows coming soon message

    TypeError: Cannot read properties of undefined (reading 'modal')

      102 |   justify-content: center;
      103 |   background-color: ${({ $blur }) => $blur ? theme.colors.background.overlay : theme.colors.background.primary};
    > 104 |   z-index: ${props => props.theme.zIndex.modal};
          |                                          ^
      105 |   
      106 |   ${({ $blur }) => $blur && css`
      107 |     backdrop-filter: blur(4px);

      at result (src/components/styled/Loading.tsx:104:42)
      at componentId (node_modules/styled-components/src/utils/flatten.ts:71:24)
      at e.NODE_ENV [as generateAndInjectStyles] (node_modules/styled-components/src/models/ComponentStyle.ts:90:43)
      at warnTooManyClasses (node_modules/styled-components/src/models/StyledComponent.ts:70:19)
      at componentStyle (node_modules/styled-components/src/models/StyledComponent.ts:172:24)
      at I (node_modules/styled-components/src/models/StyledComponent.ts:270:26)
      at renderWithHooks (node_modules/react-dom/cjs/react-dom.development.js:15486:18)
      at updateForwardRef (node_modules/react-dom/cjs/react-dom.development.js:19245:20)
      at beginWork (node_modules/react-dom/cjs/react-dom.development.js:21675:16)
      at beginWork$1 (node_modules/react-dom/cjs/react-dom.development.js:27465:14)
      at performUnitOfWork (node_modules/react-dom/cjs/react-dom.development.js:26599:12)
      at workLoopSync (node_modules/react-dom/cjs/react-dom.development.js:26505:5)
      at renderRootSync (node_modules/react-dom/cjs/react-dom.development.js:26473:7)
      at recoverFromConcurrentError (node_modules/react-dom/cjs/react-dom.development.js:25889:20)
      at performConcurrentWorkOnRoot (node_modules/react-dom/cjs/react-dom.development.js:25789:22)
      at flushActQueue (node_modules/react/cjs/react.development.js:2667:24)
      at act (node_modules/react/cjs/react.development.js:2582:11)
      at actWithWarning (node_modules/react-dom/cjs/react-dom-test-utils.development.js:1740:10)
      at node_modules/@testing-library/react/dist/act-compat.js:63:25
      at renderRoot (node_modules/@testing-library/react/dist/pure.js:159:26)
      at render (node_modules/@testing-library/react/dist/pure.js:246:10)
      at renderWithRouter (src/components/__tests__/PostmanView.test.tsx:9:18)
      at Object.<anonymous> (src/components/__tests__/PostmanView.test.tsx:24:5)

  ● PostmanView › has correct text color styling

    TypeError: Cannot read properties of undefined (reading 'modal')

      102 |   justify-content: center;
      103 |   background-color: ${({ $blur }) => $blur ? theme.colors.background.overlay : theme.colors.background.primary};
    > 104 |   z-index: ${props => props.theme.zIndex.modal};
          |                                          ^
      105 |   
      106 |   ${({ $blur }) => $blur && css`
      107 |     backdrop-filter: blur(4px);

      at result (src/components/styled/Loading.tsx:104:42)
      at componentId (node_modules/styled-components/src/utils/flatten.ts:71:24)
      at e.NODE_ENV [as generateAndInjectStyles] (node_modules/styled-components/src/models/ComponentStyle.ts:90:43)
      at warnTooManyClasses (node_modules/styled-components/src/models/StyledComponent.ts:70:19)
      at componentStyle (node_modules/styled-components/src/models/StyledComponent.ts:172:24)
      at I (node_modules/styled-components/src/models/StyledComponent.ts:270:26)
      at renderWithHooks (node_modules/react-dom/cjs/react-dom.development.js:15486:18)
      at updateForwardRef (node_modules/react-dom/cjs/react-dom.development.js:19245:20)
      at beginWork (node_modules/react-dom/cjs/react-dom.development.js:21675:16)
      at beginWork$1 (node_modules/react-dom/cjs/react-dom.development.js:27465:14)
      at performUnitOfWork (node_modules/react-dom/cjs/react-dom.development.js:26599:12)
      at workLoopSync (node_modules/react-dom/cjs/react-dom.development.js:26505:5)
      at renderRootSync (node_modules/react-dom/cjs/react-dom.development.js:26473:7)
      at recoverFromConcurrentError (node_modules/react-dom/cjs/react-dom.development.js:25889:20)
      at performConcurrentWorkOnRoot (node_modules/react-dom/cjs/react-dom.development.js:25789:22)
      at flushActQueue (node_modules/react/cjs/react.development.js:2667:24)
      at act (node_modules/react/cjs/react.development.js:2582:11)
      at actWithWarning (node_modules/react-dom/cjs/react-dom-test-utils.development.js:1740:10)
      at node_modules/@testing-library/react/dist/act-compat.js:63:25
      at renderRoot (node_modules/@testing-library/react/dist/pure.js:159:26)
      at render (node_modules/@testing-library/react/dist/pure.js:246:10)
      at renderWithRouter (src/components/__tests__/PostmanView.test.tsx:9:18)
      at Object.<anonymous> (src/components/__tests__/PostmanView.test.tsx:29:27)

  ● PostmanView › renders with different repository name

    TypeError: Cannot read properties of undefined (reading 'modal')

      102 |   justify-content: center;
      103 |   background-color: ${({ $blur }) => $blur ? theme.colors.background.overlay : theme.colors.background.primary};
    > 104 |   z-index: ${props => props.theme.zIndex.modal};
          |                                          ^
      105 |   
      106 |   ${({ $blur }) => $blur && css`
      107 |     backdrop-filter: blur(4px);

      at result (src/components/styled/Loading.tsx:104:42)
      at componentId (node_modules/styled-components/src/utils/flatten.ts:71:24)
      at e.NODE_ENV [as generateAndInjectStyles] (node_modules/styled-components/src/models/ComponentStyle.ts:90:43)
      at warnTooManyClasses (node_modules/styled-components/src/models/StyledComponent.ts:70:19)
      at componentStyle (node_modules/styled-components/src/models/StyledComponent.ts:172:24)
      at I (node_modules/styled-components/src/models/StyledComponent.ts:270:26)
      at renderWithHooks (node_modules/react-dom/cjs/react-dom.development.js:15486:18)
      at updateForwardRef (node_modules/react-dom/cjs/react-dom.development.js:19245:20)
      at beginWork (node_modules/react-dom/cjs/react-dom.development.js:21675:16)
      at beginWork$1 (node_modules/react-dom/cjs/react-dom.development.js:27465:14)
      at performUnitOfWork (node_modules/react-dom/cjs/react-dom.development.js:26599:12)
      at workLoopSync (node_modules/react-dom/cjs/react-dom.development.js:26505:5)
      at renderRootSync (node_modules/react-dom/cjs/react-dom.development.js:26473:7)
      at recoverFromConcurrentError (node_modules/react-dom/cjs/react-dom.development.js:25889:20)
      at performConcurrentWorkOnRoot (node_modules/react-dom/cjs/react-dom.development.js:25789:22)
      at flushActQueue (node_modules/react/cjs/react.development.js:2667:24)
      at act (node_modules/react/cjs/react.development.js:2582:11)
      at actWithWarning (node_modules/react-dom/cjs/react-dom-test-utils.development.js:1740:10)
      at node_modules/@testing-library/react/dist/act-compat.js:63:25
      at renderRoot (node_modules/@testing-library/react/dist/pure.js:159:26)
      at render (node_modules/@testing-library/react/dist/pure.js:246:10)
      at renderWithRouter (src/components/__tests__/PostmanView.test.tsx:9:18)
      at Object.<anonymous> (src/components/__tests__/PostmanView.test.tsx:35:5)

  ● PostmanView › renders correct heading levels

    TypeError: Cannot read properties of undefined (reading 'modal')

      102 |   justify-content: center;
      103 |   background-color: ${({ $blur }) => $blur ? theme.colors.background.overlay : theme.colors.background.primary};
    > 104 |   z-index: ${props => props.theme.zIndex.modal};
          |                                          ^
      105 |   
      106 |   ${({ $blur }) => $blur && css`
      107 |     backdrop-filter: blur(4px);

      at result (src/components/styled/Loading.tsx:104:42)
      at componentId (node_modules/styled-components/src/utils/flatten.ts:71:24)
      at e.NODE_ENV [as generateAndInjectStyles] (node_modules/styled-components/src/models/ComponentStyle.ts:90:43)
      at warnTooManyClasses (node_modules/styled-components/src/models/StyledComponent.ts:70:19)
      at componentStyle (node_modules/styled-components/src/models/StyledComponent.ts:172:24)
      at I (node_modules/styled-components/src/models/StyledComponent.ts:270:26)
      at renderWithHooks (node_modules/react-dom/cjs/react-dom.development.js:15486:18)
      at updateForwardRef (node_modules/react-dom/cjs/react-dom.development.js:19245:20)
      at beginWork (node_modules/react-dom/cjs/react-dom.development.js:21675:16)
      at beginWork$1 (node_modules/react-dom/cjs/react-dom.development.js:27465:14)
      at performUnitOfWork (node_modules/react-dom/cjs/react-dom.development.js:26599:12)
      at workLoopSync (node_modules/react-dom/cjs/react-dom.development.js:26505:5)
      at renderRootSync (node_modules/react-dom/cjs/react-dom.development.js:26473:7)
      at recoverFromConcurrentError (node_modules/react-dom/cjs/react-dom.development.js:25889:20)
      at performConcurrentWorkOnRoot (node_modules/react-dom/cjs/react-dom.development.js:25789:22)
      at flushActQueue (node_modules/react/cjs/react.development.js:2667:24)
      at act (node_modules/react/cjs/react.development.js:2582:11)
      at actWithWarning (node_modules/react-dom/cjs/react-dom-test-utils.development.js:1740:10)
      at node_modules/@testing-library/react/dist/act-compat.js:63:25
      at renderRoot (node_modules/@testing-library/react/dist/pure.js:159:26)
      at render (node_modules/@testing-library/react/dist/pure.js:246:10)
      at renderWithRouter (src/components/__tests__/PostmanView.test.tsx:9:18)
      at Object.<anonymous> (src/components/__tests__/PostmanView.test.tsx:40:5)

FAIL src/components/__tests__/RepositorySync.test.tsx
  ● RepositorySync › renders sync title with emoji

    useSyncContext must be used within a SyncProvider

      20 |   const context = useContext(SyncContext);
      21 |   if (!context) {
    > 22 |     throw new Error('useSyncContext must be used within a SyncProvider');
         |           ^
      23 |   }
      24 |   return context;
      25 | };

      at useSyncContext (src/contexts/SyncContext.tsx:22:11)
      at RepositorySync (src/components/RepositorySync.tsx:26:46)
      at renderWithHooks (node_modules/react-dom/cjs/react-dom.development.js:15486:18)
      at mountIndeterminateComponent (node_modules/react-dom/cjs/react-dom.development.js:20103:13)
      at beginWork (node_modules/react-dom/cjs/react-dom.development.js:21626:16)
      at beginWork$1 (node_modules/react-dom/cjs/react-dom.development.js:27465:14)
      at performUnitOfWork (node_modules/react-dom/cjs/react-dom.development.js:26599:12)
      at workLoopSync (node_modules/react-dom/cjs/react-dom.development.js:26505:5)
      at renderRootSync (node_modules/react-dom/cjs/react-dom.development.js:26473:7)
      at recoverFromConcurrentError (node_modules/react-dom/cjs/react-dom.development.js:25889:20)
      at performConcurrentWorkOnRoot (node_modules/react-dom/cjs/react-dom.development.js:25789:22)
      at flushActQueue (node_modules/react/cjs/react.development.js:2667:24)
      at act (node_modules/react/cjs/react.development.js:2582:11)
      at actWithWarning (node_modules/react-dom/cjs/react-dom-test-utils.development.js:1740:10)
      at node_modules/@testing-library/react/dist/act-compat.js:63:25
      at renderRoot (node_modules/@testing-library/react/dist/pure.js:159:26)
      at render (node_modules/@testing-library/react/dist/pure.js:246:10)
      at Object.<anonymous> (src/components/__tests__/RepositorySync.test.tsx:8:11)

  ● RepositorySync › renders sync status message

    useSyncContext must be used within a SyncProvider

      20 |   const context = useContext(SyncContext);
      21 |   if (!context) {
    > 22 |     throw new Error('useSyncContext must be used within a SyncProvider');
         |           ^
      23 |   }
      24 |   return context;
      25 | };

      at useSyncContext (src/contexts/SyncContext.tsx:22:11)
      at RepositorySync (src/components/RepositorySync.tsx:26:46)
      at renderWithHooks (node_modules/react-dom/cjs/react-dom.development.js:15486:18)
      at mountIndeterminateComponent (node_modules/react-dom/cjs/react-dom.development.js:20103:13)
      at beginWork (node_modules/react-dom/cjs/react-dom.development.js:21626:16)
      at beginWork$1 (node_modules/react-dom/cjs/react-dom.development.js:27465:14)
      at performUnitOfWork (node_modules/react-dom/cjs/react-dom.development.js:26599:12)
      at workLoopSync (node_modules/react-dom/cjs/react-dom.development.js:26505:5)
      at renderRootSync (node_modules/react-dom/cjs/react-dom.development.js:26473:7)
      at recoverFromConcurrentError (node_modules/react-dom/cjs/react-dom.development.js:25889:20)
      at performConcurrentWorkOnRoot (node_modules/react-dom/cjs/react-dom.development.js:25789:22)
      at flushActQueue (node_modules/react/cjs/react.development.js:2667:24)
      at act (node_modules/react/cjs/react.development.js:2582:11)
      at actWithWarning (node_modules/react-dom/cjs/react-dom-test-utils.development.js:1740:10)
      at node_modules/@testing-library/react/dist/act-compat.js:63:25
      at renderRoot (node_modules/@testing-library/react/dist/pure.js:159:26)
      at render (node_modules/@testing-library/react/dist/pure.js:246:10)
      at Object.<anonymous> (src/components/__tests__/RepositorySync.test.tsx:13:11)

  ● RepositorySync › has correct text color styling

    useSyncContext must be used within a SyncProvider

      20 |   const context = useContext(SyncContext);
      21 |   if (!context) {
    > 22 |     throw new Error('useSyncContext must be used within a SyncProvider');
         |           ^
      23 |   }
      24 |   return context;
      25 | };

      at useSyncContext (src/contexts/SyncContext.tsx:22:11)
      at RepositorySync (src/components/RepositorySync.tsx:26:46)
      at renderWithHooks (node_modules/react-dom/cjs/react-dom.development.js:15486:18)
      at mountIndeterminateComponent (node_modules/react-dom/cjs/react-dom.development.js:20103:13)
      at beginWork (node_modules/react-dom/cjs/react-dom.development.js:21626:16)
      at beginWork$1 (node_modules/react-dom/cjs/react-dom.development.js:27465:14)
      at performUnitOfWork (node_modules/react-dom/cjs/react-dom.development.js:26599:12)
      at workLoopSync (node_modules/react-dom/cjs/react-dom.development.js:26505:5)
      at renderRootSync (node_modules/react-dom/cjs/react-dom.development.js:26473:7)
      at recoverFromConcurrentError (node_modules/react-dom/cjs/react-dom.development.js:25889:20)
      at performConcurrentWorkOnRoot (node_modules/react-dom/cjs/react-dom.development.js:25789:22)
      at flushActQueue (node_modules/react/cjs/react.development.js:2667:24)
      at act (node_modules/react/cjs/react.development.js:2582:11)
      at actWithWarning (node_modules/react-dom/cjs/react-dom-test-utils.development.js:1740:10)
      at node_modules/@testing-library/react/dist/act-compat.js:63:25
      at renderRoot (node_modules/@testing-library/react/dist/pure.js:159:26)
      at render (node_modules/@testing-library/react/dist/pure.js:246:10)
      at Object.<anonymous> (src/components/__tests__/RepositorySync.test.tsx:18:11)

  ● RepositorySync › renders correct heading level

    useSyncContext must be used within a SyncProvider

      20 |   const context = useContext(SyncContext);
      21 |   if (!context) {
    > 22 |     throw new Error('useSyncContext must be used within a SyncProvider');
         |           ^
      23 |   }
      24 |   return context;
      25 | };

      at useSyncContext (src/contexts/SyncContext.tsx:22:11)
      at RepositorySync (src/components/RepositorySync.tsx:26:46)
      at renderWithHooks (node_modules/react-dom/cjs/react-dom.development.js:15486:18)
      at mountIndeterminateComponent (node_modules/react-dom/cjs/react-dom.development.js:20103:13)
      at beginWork (node_modules/react-dom/cjs/react-dom.development.js:21626:16)
      at beginWork$1 (node_modules/react-dom/cjs/react-dom.development.js:27465:14)
      at performUnitOfWork (node_modules/react-dom/cjs/react-dom.development.js:26599:12)
      at workLoopSync (node_modules/react-dom/cjs/react-dom.development.js:26505:5)
      at renderRootSync (node_modules/react-dom/cjs/react-dom.development.js:26473:7)
      at recoverFromConcurrentError (node_modules/react-dom/cjs/react-dom.development.js:25889:20)
      at performConcurrentWorkOnRoot (node_modules/react-dom/cjs/react-dom.development.js:25789:22)
      at flushActQueue (node_modules/react/cjs/react.development.js:2667:24)
      at act (node_modules/react/cjs/react.development.js:2582:11)
      at actWithWarning (node_modules/react-dom/cjs/react-dom-test-utils.development.js:1740:10)
      at node_modules/@testing-library/react/dist/act-compat.js:63:25
      at renderRoot (node_modules/@testing-library/react/dist/pure.js:159:26)
      at render (node_modules/@testing-library/react/dist/pure.js:246:10)
      at Object.<anonymous> (src/components/__tests__/RepositorySync.test.tsx:24:11)

FAIL src/services/__tests__/performanceMonitoring.test.ts
  ● PerformanceMonitoringService › Rating functions › should rate LCP correctly

    TypeError: undefined is not iterable (cannot read property Symbol(Symbol.iterator))

      165 |   private initializeNavigationTiming() {
      166 |     if ('performance' in window && 'getEntriesByType' in performance) {
    > 167 |       const [navigationEntry] = performance.getEntriesByType('navigation') as PerformanceNavigationTiming[];
          |                                 ^
      168 |       if (navigationEntry) {
      169 |         this.metrics.navigationTiming = navigationEntry;
      170 |         

      at PerformanceMonitoringService.initializeNavigationTiming (src/services/performanceMonitoring.ts:167:33)
      at PerformanceMonitoringService.initializeMonitoring (src/services/performanceMonitoring.ts:60:10)
      at new PerformanceMonitoringService (src/services/performanceMonitoring.ts:50:10)
      at Object.<anonymous> (src/services/__tests__/performanceMonitoring.test.ts:202:17)

  ● PerformanceMonitoringService › Rating functions › should rate FID correctly

    TypeError: undefined is not iterable (cannot read property Symbol(Symbol.iterator))

      165 |   private initializeNavigationTiming() {
      166 |     if ('performance' in window && 'getEntriesByType' in performance) {
    > 167 |       const [navigationEntry] = performance.getEntriesByType('navigation') as PerformanceNavigationTiming[];
          |                                 ^
      168 |       if (navigationEntry) {
      169 |         this.metrics.navigationTiming = navigationEntry;
      170 |         

      at PerformanceMonitoringService.initializeNavigationTiming (src/services/performanceMonitoring.ts:167:33)
      at PerformanceMonitoringService.initializeMonitoring (src/services/performanceMonitoring.ts:60:10)
      at new PerformanceMonitoringService (src/services/performanceMonitoring.ts:50:10)
      at Object.<anonymous> (src/services/__tests__/performanceMonitoring.test.ts:202:17)

  ● PerformanceMonitoringService › Rating functions › should rate CLS correctly

    TypeError: undefined is not iterable (cannot read property Symbol(Symbol.iterator))

      165 |   private initializeNavigationTiming() {
      166 |     if ('performance' in window && 'getEntriesByType' in performance) {
    > 167 |       const [navigationEntry] = performance.getEntriesByType('navigation') as PerformanceNavigationTiming[];
          |                                 ^
      168 |       if (navigationEntry) {
      169 |         this.metrics.navigationTiming = navigationEntry;
      170 |         

      at PerformanceMonitoringService.initializeNavigationTiming (src/services/performanceMonitoring.ts:167:33)
      at PerformanceMonitoringService.initializeMonitoring (src/services/performanceMonitoring.ts:60:10)
      at new PerformanceMonitoringService (src/services/performanceMonitoring.ts:50:10)
      at Object.<anonymous> (src/services/__tests__/performanceMonitoring.test.ts:202:17)

  ● PerformanceMonitoringService › Custom metrics › should track custom metrics

    TypeError: undefined is not iterable (cannot read property Symbol(Symbol.iterator))

      165 |   private initializeNavigationTiming() {
      166 |     if ('performance' in window && 'getEntriesByType' in performance) {
    > 167 |       const [navigationEntry] = performance.getEntriesByType('navigation') as PerformanceNavigationTiming[];
          |                                 ^
      168 |       if (navigationEntry) {
      169 |         this.metrics.navigationTiming = navigationEntry;
      170 |         

      at PerformanceMonitoringService.initializeNavigationTiming (src/services/performanceMonitoring.ts:167:33)
      at PerformanceMonitoringService.initializeMonitoring (src/services/performanceMonitoring.ts:60:10)
      at new PerformanceMonitoringService (src/services/performanceMonitoring.ts:50:10)
      at Object.<anonymous> (src/services/__tests__/performanceMonitoring.test.ts:281:17)

  ● PerformanceMonitoringService › Custom metrics › should rate custom metrics correctly

    TypeError: undefined is not iterable (cannot read property Symbol(Symbol.iterator))

      165 |   private initializeNavigationTiming() {
      166 |     if ('performance' in window && 'getEntriesByType' in performance) {
    > 167 |       const [navigationEntry] = performance.getEntriesByType('navigation') as PerformanceNavigationTiming[];
          |                                 ^
      168 |       if (navigationEntry) {
      169 |         this.metrics.navigationTiming = navigationEntry;
      170 |         

      at PerformanceMonitoringService.initializeNavigationTiming (src/services/performanceMonitoring.ts:167:33)
      at PerformanceMonitoringService.initializeMonitoring (src/services/performanceMonitoring.ts:60:10)
      at new PerformanceMonitoringService (src/services/performanceMonitoring.ts:50:10)
      at Object.<anonymous> (src/services/__tests__/performanceMonitoring.test.ts:281:17)

  ● PerformanceMonitoringService › Custom metrics › should use startMeasure helper

    TypeError: undefined is not iterable (cannot read property Symbol(Symbol.iterator))

      165 |   private initializeNavigationTiming() {
      166 |     if ('performance' in window && 'getEntriesByType' in performance) {
    > 167 |       const [navigationEntry] = performance.getEntriesByType('navigation') as PerformanceNavigationTiming[];
          |                                 ^
      168 |       if (navigationEntry) {
      169 |         this.metrics.navigationTiming = navigationEntry;
      170 |         

      at PerformanceMonitoringService.initializeNavigationTiming (src/services/performanceMonitoring.ts:167:33)
      at PerformanceMonitoringService.initializeMonitoring (src/services/performanceMonitoring.ts:60:10)
      at new PerformanceMonitoringService (src/services/performanceMonitoring.ts:50:10)
      at Object.<anonymous> (src/services/__tests__/performanceMonitoring.test.ts:281:17)

  ● PerformanceMonitoringService › Listeners and subscriptions › should notify listeners when metrics change

    TypeError: undefined is not iterable (cannot read property Symbol(Symbol.iterator))

      165 |   private initializeNavigationTiming() {
      166 |     if ('performance' in window && 'getEntriesByType' in performance) {
    > 167 |       const [navigationEntry] = performance.getEntriesByType('navigation') as PerformanceNavigationTiming[];
          |                                 ^
      168 |       if (navigationEntry) {
      169 |         this.metrics.navigationTiming = navigationEntry;
      170 |         

      at PerformanceMonitoringService.initializeNavigationTiming (src/services/performanceMonitoring.ts:167:33)
      at PerformanceMonitoringService.initializeMonitoring (src/services/performanceMonitoring.ts:60:10)
      at new PerformanceMonitoringService (src/services/performanceMonitoring.ts:50:10)
      at Object.<anonymous> (src/services/__tests__/performanceMonitoring.test.ts:329:17)

  ● PerformanceMonitoringService › Listeners and subscriptions › should handle unsubscribe correctly

    TypeError: undefined is not iterable (cannot read property Symbol(Symbol.iterator))

      165 |   private initializeNavigationTiming() {
      166 |     if ('performance' in window && 'getEntriesByType' in performance) {
    > 167 |       const [navigationEntry] = performance.getEntriesByType('navigation') as PerformanceNavigationTiming[];
          |                                 ^
      168 |       if (navigationEntry) {
      169 |         this.metrics.navigationTiming = navigationEntry;
      170 |         

      at PerformanceMonitoringService.initializeNavigationTiming (src/services/performanceMonitoring.ts:167:33)
      at PerformanceMonitoringService.initializeMonitoring (src/services/performanceMonitoring.ts:60:10)
      at new PerformanceMonitoringService (src/services/performanceMonitoring.ts:50:10)
      at Object.<anonymous> (src/services/__tests__/performanceMonitoring.test.ts:329:17)

  ● PerformanceMonitoringService › Listeners and subscriptions › should handle multiple listeners

    TypeError: undefined is not iterable (cannot read property Symbol(Symbol.iterator))

      165 |   private initializeNavigationTiming() {
      166 |     if ('performance' in window && 'getEntriesByType' in performance) {
    > 167 |       const [navigationEntry] = performance.getEntriesByType('navigation') as PerformanceNavigationTiming[];
          |                                 ^
      168 |       if (navigationEntry) {
      169 |         this.metrics.navigationTiming = navigationEntry;
      170 |         

      at PerformanceMonitoringService.initializeNavigationTiming (src/services/performanceMonitoring.ts:167:33)
      at PerformanceMonitoringService.initializeMonitoring (src/services/performanceMonitoring.ts:60:10)
      at new PerformanceMonitoringService (src/services/performanceMonitoring.ts:50:10)
      at Object.<anonymous> (src/services/__tests__/performanceMonitoring.test.ts:329:17)

  ● PerformanceMonitoringService › Performance summary › should calculate performance summary

    TypeError: undefined is not iterable (cannot read property Symbol(Symbol.iterator))

      165 |   private initializeNavigationTiming() {
      166 |     if ('performance' in window && 'getEntriesByType' in performance) {
    > 167 |       const [navigationEntry] = performance.getEntriesByType('navigation') as PerformanceNavigationTiming[];
          |                                 ^
      168 |       if (navigationEntry) {
      169 |         this.metrics.navigationTiming = navigationEntry;
      170 |         

      at PerformanceMonitoringService.initializeNavigationTiming (src/services/performanceMonitoring.ts:167:33)
      at PerformanceMonitoringService.initializeMonitoring (src/services/performanceMonitoring.ts:60:10)
      at new PerformanceMonitoringService (src/services/performanceMonitoring.ts:50:10)
      at Object.<anonymous> (src/services/__tests__/performanceMonitoring.test.ts:384:17)

  ● PerformanceMonitoringService › Performance summary › should calculate overall score correctly

    TypeError: undefined is not iterable (cannot read property Symbol(Symbol.iterator))

      165 |   private initializeNavigationTiming() {
      166 |     if ('performance' in window && 'getEntriesByType' in performance) {
    > 167 |       const [navigationEntry] = performance.getEntriesByType('navigation') as PerformanceNavigationTiming[];
          |                                 ^
      168 |       if (navigationEntry) {
      169 |         this.metrics.navigationTiming = navigationEntry;
      170 |         

      at PerformanceMonitoringService.initializeNavigationTiming (src/services/performanceMonitoring.ts:167:33)
      at PerformanceMonitoringService.initializeMonitoring (src/services/performanceMonitoring.ts:60:10)
      at new PerformanceMonitoringService (src/services/performanceMonitoring.ts:50:10)
      at Object.<anonymous> (src/services/__tests__/performanceMonitoring.test.ts:384:17)

  ● PerformanceMonitoringService › Performance summary › should handle empty metrics in summary

    TypeError: undefined is not iterable (cannot read property Symbol(Symbol.iterator))

      165 |   private initializeNavigationTiming() {
      166 |     if ('performance' in window && 'getEntriesByType' in performance) {
    > 167 |       const [navigationEntry] = performance.getEntriesByType('navigation') as PerformanceNavigationTiming[];
          |                                 ^
      168 |       if (navigationEntry) {
      169 |         this.metrics.navigationTiming = navigationEntry;
      170 |         

      at PerformanceMonitoringService.initializeNavigationTiming (src/services/performanceMonitoring.ts:167:33)
      at PerformanceMonitoringService.initializeMonitoring (src/services/performanceMonitoring.ts:60:10)
      at new PerformanceMonitoringService (src/services/performanceMonitoring.ts:50:10)
      at Object.<anonymous> (src/services/__tests__/performanceMonitoring.test.ts:384:17)

  ● PerformanceMonitoringService › Resource timing › should track resource timing

    TypeError: undefined is not iterable (cannot read property Symbol(Symbol.iterator))

      165 |   private initializeNavigationTiming() {
      166 |     if ('performance' in window && 'getEntriesByType' in performance) {
    > 167 |       const [navigationEntry] = performance.getEntriesByType('navigation') as PerformanceNavigationTiming[];
          |                                 ^
      168 |       if (navigationEntry) {
      169 |         this.metrics.navigationTiming = navigationEntry;
      170 |         

      at PerformanceMonitoringService.initializeNavigationTiming (src/services/performanceMonitoring.ts:167:33)
      at PerformanceMonitoringService.initializeMonitoring (src/services/performanceMonitoring.ts:60:10)
      at new PerformanceMonitoringService (src/services/performanceMonitoring.ts:50:10)
      at Object.<anonymous> (src/services/__tests__/performanceMonitoring.test.ts:443:17)

  ● PerformanceMonitoringService › Error handling › should handle PerformanceObserver not supported

    expect(received).not.toThrow()

    Error name:    "TypeError"
    Error message: "undefined is not iterable (cannot read property Symbol(Symbol.iterator))"

          165 |   private initializeNavigationTiming() {
          166 |     if ('performance' in window && 'getEntriesByType' in performance) {
        > 167 |       const [navigationEntry] = performance.getEntriesByType('navigation') as PerformanceNavigationTiming[];
              |                                 ^
          168 |       if (navigationEntry) {
          169 |         this.metrics.navigationTiming = navigationEntry;
          170 |

      at PerformanceMonitoringService.initializeNavigationTiming (src/services/performanceMonitoring.ts:167:33)
      at PerformanceMonitoringService.initializeMonitoring (src/services/performanceMonitoring.ts:60:10)
      at new PerformanceMonitoringService (src/services/performanceMonitoring.ts:50:10)
      at src/services/__tests__/performanceMonitoring.test.ts:471:19
      at Object.<anonymous> (node_modules/expect/build/toThrowMatchers.js:83:11)
      at Object.toThrow (node_modules/expect/build/index.js:382:21)
      at Object.<anonymous> (src/services/__tests__/performanceMonitoring.test.ts:472:14)
      at Object.<anonymous> (src/services/__tests__/performanceMonitoring.test.ts:472:14)

  ● PerformanceMonitoringService › Error handling › should handle observation errors gracefully

    TypeError: undefined is not iterable (cannot read property Symbol(Symbol.iterator))

      165 |   private initializeNavigationTiming() {
      166 |     if ('performance' in window && 'getEntriesByType' in performance) {
    > 167 |       const [navigationEntry] = performance.getEntriesByType('navigation') as PerformanceNavigationTiming[];
          |                                 ^
      168 |       if (navigationEntry) {
      169 |         this.metrics.navigationTiming = navigationEntry;
      170 |         

      at PerformanceMonitoringService.initializeNavigationTiming (src/services/performanceMonitoring.ts:167:33)
      at PerformanceMonitoringService.initializeMonitoring (src/services/performanceMonitoring.ts:60:10)
      at new PerformanceMonitoringService (src/services/performanceMonitoring.ts:50:10)
      at Object.<anonymous> (src/services/__tests__/performanceMonitoring.test.ts:494:17)

  ● PerformanceMonitoringService › Cleanup › should disconnect all observers on destroy

    TypeError: undefined is not iterable (cannot read property Symbol(Symbol.iterator))

      165 |   private initializeNavigationTiming() {
      166 |     if ('performance' in window && 'getEntriesByType' in performance) {
    > 167 |       const [navigationEntry] = performance.getEntriesByType('navigation') as PerformanceNavigationTiming[];
          |                                 ^
      168 |       if (navigationEntry) {
      169 |         this.metrics.navigationTiming = navigationEntry;
      170 |         

      at PerformanceMonitoringService.initializeNavigationTiming (src/services/performanceMonitoring.ts:167:33)
      at PerformanceMonitoringService.initializeMonitoring (src/services/performanceMonitoring.ts:60:10)
      at new PerformanceMonitoringService (src/services/performanceMonitoring.ts:50:10)
      at Object.<anonymous> (src/services/__tests__/performanceMonitoring.test.ts:504:17)

  ● PerformanceMonitoringService › Cleanup › should clear all listeners on destroy

    TypeError: undefined is not iterable (cannot read property Symbol(Symbol.iterator))

      165 |   private initializeNavigationTiming() {
      166 |     if ('performance' in window && 'getEntriesByType' in performance) {
    > 167 |       const [navigationEntry] = performance.getEntriesByType('navigation') as PerformanceNavigationTiming[];
          |                                 ^
      168 |       if (navigationEntry) {
      169 |         this.metrics.navigationTiming = navigationEntry;
      170 |         

      at PerformanceMonitoringService.initializeNavigationTiming (src/services/performanceMonitoring.ts:167:33)
      at PerformanceMonitoringService.initializeMonitoring (src/services/performanceMonitoring.ts:60:10)
      at new PerformanceMonitoringService (src/services/performanceMonitoring.ts:50:10)
      at Object.<anonymous> (src/services/__tests__/performanceMonitoring.test.ts:514:17)

FAIL src/components/__tests__/MermaidDiagram.test.tsx
  ● MermaidDiagram › renders loading state initially

    createRoot(...): Target container is not a DOM element.

      56 |
      57 |   it('renders loading state initially', () => {
    > 58 |     render(<MermaidDiagram content="graph TD; A-->B;" />);
         |           ^
      59 |     expect(screen.getByText('Loading Mermaid...')).toBeInTheDocument();
      60 |   });
      61 |

      at createRoot (node_modules/react-dom/cjs/react-dom.development.js:29384:11)
      at Object.createRoot$1 [as createRoot] (node_modules/react-dom/cjs/react-dom.development.js:29855:10)
      at Object.<anonymous>.exports.createRoot (node_modules/react-dom/client.js:12:16)
      at createConcurrentRoot (node_modules/@testing-library/react/dist/pure.js:109:27)
      at render (node_modules/@testing-library/react/dist/pure.js:221:12)
      at Object.<anonymous> (src/components/__tests__/MermaidDiagram.test.tsx:58:11)

  ● MermaidDiagram › renders diagram successfully

    createRoot(...): Target container is not a DOM element.

      61 |
      62 |   it('renders diagram successfully', async () => {
    > 63 |     render(<MermaidDiagram content="graph TD; A-->B;" />);
         |           ^
      64 |     
      65 |     await waitFor(() => {
      66 |       expect(document.documentElement).toHaveTextContent(''); // Verify component rendered

      at createRoot (node_modules/react-dom/cjs/react-dom.development.js:29384:11)
      at Object.createRoot$1 [as createRoot] (node_modules/react-dom/cjs/react-dom.development.js:29855:10)
      at Object.<anonymous>.exports.createRoot (node_modules/react-dom/client.js:12:16)
      at createConcurrentRoot (node_modules/@testing-library/react/dist/pure.js:109:27)
      at render (node_modules/@testing-library/react/dist/pure.js:221:12)
      at Object.<anonymous> (src/components/__tests__/MermaidDiagram.test.tsx:63:11)

  ● MermaidDiagram › displays error for invalid syntax

    createRoot(...): Target container is not a DOM element.

      73 |     mockMermaidAPI.parse.mockResolvedValue(false);
      74 |     
    > 75 |     render(<MermaidDiagram content="invalid mermaid syntax" />);
         |           ^
      76 |     
      77 |     await waitFor(() => {
      78 |       expect(screen.getByText('Failed to render Mermaid diagram')).toBeInTheDocument();

      at createRoot (node_modules/react-dom/cjs/react-dom.development.js:29384:11)
      at Object.createRoot$1 [as createRoot] (node_modules/react-dom/cjs/react-dom.development.js:29855:10)
      at Object.<anonymous>.exports.createRoot (node_modules/react-dom/client.js:12:16)
      at createConcurrentRoot (node_modules/@testing-library/react/dist/pure.js:109:27)
      at render (node_modules/@testing-library/react/dist/pure.js:221:12)
      at Object.<anonymous> (src/components/__tests__/MermaidDiagram.test.tsx:75:11)

  ● MermaidDiagram › shows diagram source in error details

    createRoot(...): Target container is not a DOM element.

      84 |     mockMermaidAPI.parse.mockRejectedValue(new Error('Parse error'));
      85 |     
    > 86 |     render(<MermaidDiagram content="graph TD; A-->B;" />);
         |           ^
      87 |     
      88 |     await waitFor(() => {
      89 |       expect(screen.getByText('View diagram source')).toBeInTheDocument();

      at createRoot (node_modules/react-dom/cjs/react-dom.development.js:29384:11)
      at Object.createRoot$1 [as createRoot] (node_modules/react-dom/cjs/react-dom.development.js:29855:10)
      at Object.<anonymous>.exports.createRoot (node_modules/react-dom/client.js:12:16)
      at createConcurrentRoot (node_modules/@testing-library/react/dist/pure.js:109:27)
      at render (node_modules/@testing-library/react/dist/pure.js:221:12)
      at Object.<anonymous> (src/components/__tests__/MermaidDiagram.test.tsx:86:11)

  ● MermaidDiagram › renders with title

    createRoot(...): Target container is not a DOM element.

       95 |
       96 |   it('renders with title', async () => {
    >  97 |     render(
          |           ^
       98 |       <MermaidDiagram 
       99 |         content="graph TD; A-->B;" 
      100 |         title="Test Flow Chart"

      at createRoot (node_modules/react-dom/cjs/react-dom.development.js:29384:11)
      at Object.createRoot$1 [as createRoot] (node_modules/react-dom/cjs/react-dom.development.js:29855:10)
      at Object.<anonymous>.exports.createRoot (node_modules/react-dom/client.js:12:16)
      at createConcurrentRoot (node_modules/@testing-library/react/dist/pure.js:109:27)
      at render (node_modules/@testing-library/react/dist/pure.js:221:12)
      at Object.<anonymous> (src/components/__tests__/MermaidDiagram.test.tsx:97:11)

  ● MermaidDiagram › handles download functionality

    RangeError: Maximum call stack size exceeded

      126 |         return mockScript as any;
      127 |       }
    > 128 |       return document.createElement(tag);
          |       ^
      129 |     });
      130 |     
      131 |     render(

      at Document.<anonymous> (src/components/__tests__/MermaidDiagram.test.tsx:128:7)
      at Document.<anonymous> (src/components/__tests__/MermaidDiagram.test.tsx:128:23)
      at Document.<anonymous> (src/components/__tests__/MermaidDiagram.test.tsx:128:23)
      at Document.<anonymous> (src/components/__tests__/MermaidDiagram.test.tsx:128:23)
      at Document.<anonymous> (src/components/__tests__/MermaidDiagram.test.tsx:128:23)
      at Document.<anonymous> (src/components/__tests__/MermaidDiagram.test.tsx:128:23)
      at Document.<anonymous> (src/components/__tests__/MermaidDiagram.test.tsx:128:23)
      at Document.<anonymous> (src/components/__tests__/MermaidDiagram.test.tsx:128:23)
      at Document.<anonymous> (src/components/__tests__/MermaidDiagram.test.tsx:128:23)
      at Document.<anonymous> (src/components/__tests__/MermaidDiagram.test.tsx:128:23)
      at Document.<anonymous> (src/components/__tests__/MermaidDiagram.test.tsx:128:23)
      at Document.<anonymous> (src/components/__tests__/MermaidDiagram.test.tsx:128:23)
      at Document.<anonymous> (src/components/__tests__/MermaidDiagram.test.tsx:128:23)
      at Document.<anonymous> (src/components/__tests__/MermaidDiagram.test.tsx:128:23)
      at Document.<anonymous> (src/components/__tests__/MermaidDiagram.test.tsx:128:23)
      at Document.<anonymous> (src/components/__tests__/MermaidDiagram.test.tsx:128:23)
      at Document.<anonymous> (src/components/__tests__/MermaidDiagram.test.tsx:128:23)
      at Document.<anonymous> (src/components/__tests__/MermaidDiagram.test.tsx:128:23)
      at Document.<anonymous> (src/components/__tests__/MermaidDiagram.test.tsx:128:23)
      at Document.<anonymous> (src/components/__tests__/MermaidDiagram.test.tsx:128:23)
      at Document.<anonymous> (src/components/__tests__/MermaidDiagram.test.tsx:128:23)
      at Document.<anonymous> (src/components/__tests__/MermaidDiagram.test.tsx:128:23)
      at Document.<anonymous> (src/components/__tests__/MermaidDiagram.test.tsx:128:23)
      at Document.<anonymous> (src/components/__tests__/MermaidDiagram.test.tsx:128:23)
      at Document.<anonymous> (src/components/__tests__/MermaidDiagram.test.tsx:128:23)

  ● MermaidDiagram › applies custom theme

    TypeError: Cannot read properties of undefined (reading 'initialize')

      148 |
      149 |   it('applies custom theme', async () => {
    > 150 |     const initializeSpy = (window as any).mermaid.initialize;
          |                                                   ^
      151 |     
      152 |     render(
      153 |       <MermaidDiagram 

      at Object.<anonymous> (src/components/__tests__/MermaidDiagram.test.tsx:150:51)

  ● MermaidDiagram › calls onError callback when error occurs

    createRoot(...): Target container is not a DOM element.

      170 |     mockMermaidAPI.render.mockRejectedValue(mockError);
      171 |     
    > 172 |     render(
          |           ^
      173 |       <MermaidDiagram 
      174 |         content="graph TD; A-->B;"
      175 |         onError={onError}

      at createRoot (node_modules/react-dom/cjs/react-dom.development.js:29384:11)
      at Object.createRoot$1 [as createRoot] (node_modules/react-dom/cjs/react-dom.development.js:29855:10)
      at Object.<anonymous>.exports.createRoot (node_modules/react-dom/client.js:12:16)
      at createConcurrentRoot (node_modules/@testing-library/react/dist/pure.js:109:27)
      at render (node_modules/@testing-library/react/dist/pure.js:221:12)
      at Object.<anonymous> (src/components/__tests__/MermaidDiagram.test.tsx:172:11)

  ● MermaidDiagram › handles empty content gracefully

    createRoot(...): Target container is not a DOM element.

      185 |     mockMermaidAPI.parse.mockResolvedValue(false);
      186 |     
    > 187 |     render(<MermaidDiagram content="" />);
          |           ^
      188 |     
      189 |     await waitFor(() => {
      190 |       expect(screen.getByText('Failed to render Mermaid diagram')).toBeInTheDocument();

      at createRoot (node_modules/react-dom/cjs/react-dom.development.js:29384:11)
      at Object.createRoot$1 [as createRoot] (node_modules/react-dom/cjs/react-dom.development.js:29855:10)
      at Object.<anonymous>.exports.createRoot (node_modules/react-dom/client.js:12:16)
      at createConcurrentRoot (node_modules/@testing-library/react/dist/pure.js:109:27)
      at render (node_modules/@testing-library/react/dist/pure.js:221:12)
      at Object.<anonymous> (src/components/__tests__/MermaidDiagram.test.tsx:187:11)

  ● MermaidDiagram › re-renders when content changes

    createRoot(...): Target container is not a DOM element.

      193 |
      194 |   it('re-renders when content changes', async () => {
    > 195 |     const { rerender } = render(<MermaidDiagram content="graph TD; A-->B;" />);
          |                                ^
      196 |     
      197 |     await waitFor(() => {
      198 |       expect(mockMermaidAPI.render).toHaveBeenCalledWith(

      at createRoot (node_modules/react-dom/cjs/react-dom.development.js:29384:11)
      at Object.createRoot$1 [as createRoot] (node_modules/react-dom/cjs/react-dom.development.js:29855:10)
      at Object.<anonymous>.exports.createRoot (node_modules/react-dom/client.js:12:16)
      at createConcurrentRoot (node_modules/@testing-library/react/dist/pure.js:109:27)
      at render (node_modules/@testing-library/react/dist/pure.js:221:12)
      at Object.<anonymous> (src/components/__tests__/MermaidDiagram.test.tsx:195:32)

  ● MermaidDiagram › handles script loading error

    createRoot(...): Target container is not a DOM element.

      225 |     });
      226 |     
    > 227 |     render(
          |           ^
      228 |       <MermaidDiagram 
      229 |         content="graph TD; A-->B;"
      230 |         onError={onError}

      at createRoot (node_modules/react-dom/cjs/react-dom.development.js:29384:11)
      at Object.createRoot$1 [as createRoot] (node_modules/react-dom/cjs/react-dom.development.js:29855:10)
      at Object.<anonymous>.exports.createRoot (node_modules/react-dom/client.js:12:16)
      at createConcurrentRoot (node_modules/@testing-library/react/dist/pure.js:109:27)
      at render (node_modules/@testing-library/react/dist/pure.js:221:12)
      at Object.<anonymous> (src/components/__tests__/MermaidDiagram.test.tsx:227:11)

FAIL src/__tests__/documentApiIntegration.test.ts
  ● Document API Integration Tests › Markdown Content Quality › documents have proper structure for rendering

    expect(received).toBeGreaterThan(expected)

    Expected: > 90
    Received:   NaN

      92 |       }
      93 |
    > 94 |       expect(qualityPercentage).toBeGreaterThan(90);
         |                                 ^
      95 |     });
      96 |   });
      97 |

      at Object.<anonymous> (src/__tests__/documentApiIntegration.test.ts:94:33)

  ● Document API Integration Tests › Content Formatting › documents use consistent markdown formatting

    expect(received).toBeGreaterThan(expected)

    Expected: > 80
    Received:   0

      254 |       console.log(`  Clean Formatting: ${formattingStats.cleanFormatting} (${cleanPercentage.toFixed(1)}%)`);
      255 |
    > 256 |       expect(cleanPercentage).toBeGreaterThan(80);
          |                               ^
      257 |     });
      258 |   });
      259 | });

      at Object.<anonymous> (src/__tests__/documentApiIntegration.test.ts:256:31)

FAIL src/components/__tests__/EnhancedMarkdownViewer.mock.test.tsx
  ● EnhancedMarkdownViewer (Mock) › renders content

    expect(element).toHaveTextContent()

    Expected element to have text content:
      # Test Markdown

      This is a test.
    Received:
      # Test Markdown This is a test.

      28 |     
      29 |     expect(screen.getByTestId('enhanced-markdown-viewer')).toBeInTheDocument();
    > 30 |     expect(screen.getByTestId('markdown-content')).toHaveTextContent(content);
         |                                                    ^
      31 |   });
      32 |
      33 |   it('applies custom className', () => {

      at Object.<anonymous> (src/components/__tests__/EnhancedMarkdownViewer.mock.test.tsx:30:52)

  ● EnhancedMarkdownViewer (Mock) › renders with multiline content

    expect(element).toHaveTextContent()

    Expected element to have text content:
      # Heading 1
      ## Heading 2
      ### Heading 3

      This is a paragraph with **bold** and *italic* text.

      - List item 1
      - List item 2
      - List item 3
    Received:
      # Heading 1 ## Heading 2 ### Heading 3 This is a paragraph with **bold** and *italic* text. - List item 1 - List item 2 - List item 3

      59 |     render(<EnhancedMarkdownViewer content={content} />);
      60 |     
    > 61 |     expect(screen.getByTestId('markdown-content')).toHaveTextContent(content);
         |                                                    ^
      62 |   });
      63 |
      64 |   it('updates when content changes', () => {

      at Object.<anonymous> (src/components/__tests__/EnhancedMarkdownViewer.mock.test.tsx:61:52)

  ● EnhancedMarkdownViewer (Mock) › renders code blocks as plain text

    expect(element).toHaveTextContent()

    Expected element to have text content:
      ```javascript
      const hello = "world";
      ```
    Received:
      ```javascript const hello = "world"; ```

      83 |     render(<EnhancedMarkdownViewer content={content} />);
      84 |     
    > 85 |     expect(screen.getByTestId('markdown-content')).toHaveTextContent(content);
         |                                                    ^
      86 |   });
      87 |
      88 |   it('renders links as plain text', () => {

      at Object.<anonymous> (src/components/__tests__/EnhancedMarkdownViewer.mock.test.tsx:85:52)

  ● EnhancedMarkdownViewer (Mock) › renders tables as plain text

    expect(element).toHaveTextContent()

    Expected element to have text content:
      | Header 1 | Header 2 |
      |----------|----------|
      | Cell 1   | Cell 2   |
    Received:
      | Header 1 | Header 2 | |----------|----------| | Cell 1 | Cell 2 |

      107 |     render(<EnhancedMarkdownViewer content={content} />);
      108 |     
    > 109 |     expect(screen.getByTestId('markdown-content')).toHaveTextContent(content);
          |                                                    ^
      110 |   });
      111 | });

      at Object.<anonymous> (src/components/__tests__/EnhancedMarkdownViewer.mock.test.tsx:109:52)

FAIL src/components/__tests__/ExampleComponent.test.tsx
  ● ExampleComponent › loads API data when button is clicked

    TypeError: (0 , _testUtils.createMockApiDetectionResult) is not a function

      62 |
      63 |   it('loads API data when button is clicked', async () => {
    > 64 |     const mockApiData = createMockApiDetectionResult({
         |                                                     ^
      65 |       hasAnyApis: true,
      66 |       apis: {
      67 |         rest: [{ file: 'api.yaml' }],

      at Object.<anonymous> (src/components/__tests__/ExampleComponent.test.tsx:64:53)

  ● ExampleComponent › shows no APIs message when repository has no APIs

    TypeError: (0 , _testUtils.createMockApiDetectionResult) is not a function

      105 |
      106 |   it('shows no APIs message when repository has no APIs', async () => {
    > 107 |     const mockApiData = createMockApiDetectionResult({
          |                                                     ^
      108 |       hasAnyApis: false
      109 |     });
      110 |

      at Object.<anonymous> (src/components/__tests__/ExampleComponent.test.tsx:107:53)

FAIL src/__tests__/index.test.tsx
  ● index.tsx › renders App component in StrictMode

    expect(jest.fn()).toHaveBeenCalledWith(...expected)

    Expected: <UNDEFINED><default /></UNDEFINED>

    Number of calls: 0

      65 |     // Import index.tsx
      66 |     require('../index');
    > 67 |
         | ^
      68 |     expect(mockRoot.render).toHaveBeenCalledTimes(1);
      69 |   });
      70 |

      at Object.<anonymous> (src/__tests__/index.test.tsx:67:29)

  ● index.tsx › calls render exactly once

    expect(jest.fn()).toHaveBeenCalledTimes(expected)

    Expected number of calls: 1
    Received number of calls: 0

      80 |     }).toThrow();
      81 |   });
    > 82 | });
         |    ^

      at Object.<anonymous> (src/__tests__/index.test.tsx:82:29)

  ● index.tsx › handles missing root element gracefully

    NotFoundError: The node to be removed is not a child of this node.



FAIL src/components/__tests__/AdvancedSearch.test.tsx (6.283 s)
  ● AdvancedSearch › performs search when typing

    TestingLibraryElementError: Found multiple elements with the text: test-repo

    Here are the matching elements:

    Ignored nodes: comments, script, style
    [36m<h3[39m
      [33mclass[39m=[32m"font-medium text-lg flex items-center gap-2"[39m
    [36m>[39m
      [0mtest-repo[0m
      [36m<span[39m
        [33mclass[39m=[32m"text-xs px-2 py-0.5 bg-gray-100 text-gray-600 rounded"[39m
      [36m>[39m
        [0mrepository[0m
      [36m</span>[39m
    [36m</h3>[39m

    Ignored nodes: comments, script, style
    [36m<span>[39m
      [0mtest-repo[0m
    [36m</span>[39m

    (If this is intentional, then use the `*AllBy*` variant of the query (like `queryAllByText`, `getAllByText`, or `findAllByText`)).

    Ignored nodes: comments, script, style
    [36m<body>[39m
      [36m<div>[39m
        [36m<div[39m
          [33mclass[39m=[32m"advanced-search "[39m
        [36m>[39m
          [36m<div[39m
            [33mclass[39m=[32m"relative"[39m
          [36m>[39m
            [36m<div[39m
              [33mclass[39m=[32m"flex items-center gap-2 mb-4"[39m
            [36m>[39m
              [36m<div[39m
                [33mclass[39m=[32m"relative flex-1"[39m
              [36m>[39m
                [36m<svg[39m
                  [33mclass[39m=[32m"absolute left-3 top-1/2 -translate-y-1/2 w-5 h-5 text-gray-400"[39m
                  [33mfill[39m=[32m"none"[39m
                  [33mheight[39m=[32m"24"[39m
                  [33mstroke[39m=[32m"currentColor"[39m
                  [33mstroke-linecap[39m=[32m"round"[39m
                  [33mstroke-linejoin[39m=[32m"round"[39m
                  [33mstroke-width[39m=[32m"2"[39m
                  [33mviewBox[39m=[32m"0 0 24 24"[39m
                  [33mwidth[39m=[32m"24"[39m
                  [33mxmlns[39m=[32m"http://www.w3.org/2000/svg"[39m
                [36m>[39m
                  [36m<circle[39m
                    [33mcx[39m=[32m"11"[39m
                    [33mcy[39m=[32m"11"[39m
                    [33mr[39m=[32m"8"[39m
                  [36m/>[39m
                  [36m<path[39m
                    [33md[39m=[32m"m21 21-4.3-4.3"[39m
                  [36m/>[39m
                [36m</svg>[39m
                [36m<input[39m
                  [33mclass[39m=[32m"w-full pl-10 pr-4 py-2 border rounded-lg focus:outline-none focus:ring-2 focus:ring-blue-500"[39m
                  [33mplaceholder[39m=[32m"Search repositories, documentation, APIs..."[39m
                  [33mtype[39m=[32m"text"[39m
                  [33mvalue[39m=[32m"test"[39m
                [36m/>[39m
                [36m<button[39m
                  [33mclass[39m=[32m"absolute right-3 top-1/2 -translate-y-1/2 text-gray-400 hover:text-gray-600"[39m
                [36m>[39m
                  [36m<svg[39m
                    [33mclass[39m=[32m"w-4 h-4"[39m
                    [33mfill[39m=[32m"none"[39m
                    [33mheight[39m=[32m"24"[39m
                    [33mstroke[39m=[32m"currentColor"[39m
                    [33mstroke-linecap[39m=[32m"round"[39m
                    [33mstroke-linejoin[39m=[32m"round"[39m
                    [33mstroke-width[39m=[32m"2"[39m
                    [33mviewBox[39m=[32m"0 0 24 24"[39m
                    [33mwidth[39m=[32m"24"[39m
                    [33mxmlns[39m=[32m"http://www.w3.org/2000/svg"[39m
                  [36m>[39m
                    [36m<path[39m
                      [33md[39m=[32m"M18 6 6 18"[39m
                    [36m/>[39m
                    [36m<path[39m
                      [33md[39m=[32m"m6 6 12 12"[39m
                    [36m/>[39m
                  [36m</svg>[39m
                [36m</button>[39m
              [36m</div>[39m
              [36m<button[39m
                [33mclass[39m=[32m"flex items-center gap-2 px-4 py-2 border rounded-lg hover:bg-gray-50 "[39m
              [36m>[39m
                [36m<svg[39m
                  [33mclass[39m=[32m"w-4 h-4"[39m
                  [33mfill[39m=[32m"none"[39m
                  [33mheight[39m=[32m"24"[39m
                  [33mstroke[39m=[32m"currentColor"[39m
                  [33mstroke-linecap[39m=[32m"round"[39m
                  [33mstroke-linejoin[39m=[32m"round"[39m
                  [33mstroke-width[39m=[32m"2"[39m
                  [33mviewBox[39m=[32m"0 0 24 24"[39m
                  [33mwidth[39m=[32m"24"[39m
                  [33mxmlns[39m=[32m"http://www.w3.org/2000/svg"[39m
                [36m>[39m
                  [36m<polygon[39m
                    [33mpoints[39m=[32m"22 3 2 3 10 12.46 10 19 14 21 14 12.46 22 3"[39m
                  [36m/>[39m
                [36m</svg>[39m
                [0mFilters[0m
              [36m</button>[39m
            [36m</div>[39m
            [36m<div[39m
              [33mclass[39m=[32m"flex gap-2 mb-4"[39m
            [36m>[39m
              [36m<button[39m
                [33mclass[39m=[32m"px-4 py-1 rounded-full text-sm capitalize bg-blue-500 text-white"[39m
              [36m>[39m
                [0mall[0m
              [36m</button>[39m
              [36m<button[39m
                [33mclass[39m=[32m"px-4 py-1 rounded-full text-sm capitalize bg-gray-100 text-gray-700 hover:bg-gray-200"[39m
              [36m>[39m
                [0mrepositories[0m
              [36m</button>[39m
              [36m<button[39m
                [33mclass[39m=[32m"px-4 py-1 rounded-full text-sm capitalize bg-gray-100 text-gray-700 hover:bg-gray-200"[39m
              [36m>[39m
                [0mdocumentation[0m
              [36m</button>[39m
              [36m<button[39m
                [33mclass[39m=[32m"px-4 py-1 rounded-full text-sm capitalize bg-gray-100 text-gray-700 hover:bg-gray-200"[39m
              [36m>[39m
                [0mapis[0m
              [36m</button>[39m
            [36m</div>[39m
          [36m</div>[39m
          [36m<div>[39m
            [36m<div[39m
              [33mclass[39m=[32m"flex items-center justify-between mb-4"[39m
            [36m>[39m
              [36m<p[39m
                [33mclass[39m=[32m"text-sm text-gray-600"[39m
              [36m>[39m
                [0mFound [0m
                [0m1[0m
                [0m results[0m
                [36m<span[39m
                  [33mclass[39m=[32m"text-gray-400"[39m
                [36m>[39m
                  [0m in [0m
                  [0m50[0m
                  [0mms[0m
                [36m</span>[39m
              [36m</p>[39m
            [36m</div>[39m
            [36m<div[39m
              [33mclass[39m=[32m"space-y-3"[39m
            [36m>[39m
              [36m<div[39m
                [33mclass[39m=[32m"p-4 bg-white border rounded-lg hover:shadow-md cursor-pointer transition-shadow"[39m
              [36m>[39m
                [36m<div[39m
                  [33mclass[39m=[32m"flex items-start gap-3"[39m
                [36m>[39m
                  [36m<div[39m
                    [33mclass[39m=[32m"text-gray-400 mt-1"[39m
                  [36m>[39m
                    [36m<svg[39m
                      [33mclass[39m=[32m"w-4 h-4"[39m
                      [33mfill[39m=[32m"none"[39m
                      [33mheight[39m=[32m"24"[39m
                      [33mstroke[39m=[32m"currentColor"[39m
                      [33mstroke-linecap[39m=[32m"round"[39m
                      [33mstroke-linejoin[39m=[32m"round"[39m
                      [33mstroke-width[39m=[32m"2"[39m
                      [33mviewBox[39m=[32m"0 0 24 24"[39m
                      [33mwidth[39m=[32m"24"[39m
                      [33mxmlns[39m=[32m"http://www.w3.org/2000/svg"[39m
                    [36m>[39m
                      [36m<path[39m
                        [33md[39m=[32m"M21 8a2 2 0 0 0-1-1.73l-7-4a2 2 0 0 0-2 0l-7 4A2 2 0 0 0 3 8v8a2 2 0 0 0 1 1.73l7 4a2 2 0 0 0 2 0l7-4A2 2 0 0 0 21 16Z"[39m
                      [36m/>[39m
                      [36m<path[39m
                        [33md[39m=[32m"m3.3 7 8.7 5 8.7-5"[39m
                      [36m/>[39m
                      [36m<path[39m
                        [33md[39m=[32m"M12 22V12"[39m
                      [36m/>[39m
                    [36m</svg>[39m
                  [36m</div>[39m
                  [36m<div[39m
                    [33mclass[39m=[32m"flex-1"[39m
                  [36m>[39m
                    [36m<h3[39m
                      [33mclass[39m=[32m"font-medium text-lg flex items-center gap-2"[39m
                    [36m>[39m
                      [0mtest-repo[0m
                      [36m<span[39m
                        [33mclass[39m=[32m"text-xs px-2 py-0.5 bg-gray-100 text-gray-600 rounded"[39m
                      [36m>[39m
                        [0mrepository[0m
                      [36m</span>[39m
                    [36m</h3>[39m
                    [36m<div[39m
                      [33mclass[39m=[32m"flex items-center gap-4 mt-2 text-xs text-gray-500"[39m
                    [36m>[39m
                      [36m<span>[39m
                        [0mtest-repo[0m
                      [36m</span>[39m
                    [36m</div>[39m
                  [36m</div>[39m
                [36m</div>[39m
              [36m</div>[39m
            [36m</div>[39m
          [36m</div>[39m
        [36m</div>[39m
      [36m</div>[39m
    [36m</body>[39m

      93 |     );
      94 |
    > 95 |     render(<AdvancedSearch />);
         |                           ^
      96 |     
      97 |     const input = screen.getByPlaceholderText('Search repositories, documentation, APIs...');
      98 |     await userEvent.type(input, 'test');

      at Object.getElementError (node_modules/@testing-library/react/node_modules/@testing-library/dom/dist/config.js:37:19)
      at getElementError (node_modules/@testing-library/react/node_modules/@testing-library/dom/dist/query-helpers.js:20:35)
      at getMultipleElementsFoundError (node_modules/@testing-library/react/node_modules/@testing-library/dom/dist/query-helpers.js:23:10)
      at node_modules/@testing-library/react/node_modules/@testing-library/dom/dist/query-helpers.js:55:13
      at node_modules/@testing-library/react/node_modules/@testing-library/dom/dist/query-helpers.js:95:19
      at Object.<anonymous> (src/components/__tests__/AdvancedSearch.test.tsx:95:27)

  ● AdvancedSearch › displays search suggestions

    Unable to find an element with the text: test-repo. This could be because the text is broken up by multiple elements. In this case, you can provide a function for your text matcher to make your matcher more flexible.

    Ignored nodes: comments, script, style
    [36m<body>[39m
      [36m<div>[39m
        [36m<div[39m
          [33mclass[39m=[32m"advanced-search "[39m
        [36m>[39m
          [36m<div[39m
            [33mclass[39m=[32m"relative"[39m
          [36m>[39m
            [36m<div[39m
              [33mclass[39m=[32m"flex items-center gap-2 mb-4"[39m
            [36m>[39m
              [36m<div[39m
                [33mclass[39m=[32m"relative flex-1"[39m
              [36m>[39m
                [36m<svg[39m
                  [33mclass[39m=[32m"absolute left-3 top-1/2 -translate-y-1/2 w-5 h-5 text-gray-400"[39m
                  [33mfill[39m=[32m"none"[39m
                  [33mheight[39m=[32m"24"[39m
                  [33mstroke[39m=[32m"currentColor"[39m
                  [33mstroke-linecap[39m=[32m"round"[39m
                  [33mstroke-linejoin[39m=[32m"round"[39m
                  [33mstroke-width[39m=[32m"2"[39m
                  [33mviewBox[39m=[32m"0 0 24 24"[39m
                  [33mwidth[39m=[32m"24"[39m
                  [33mxmlns[39m=[32m"http://www.w3.org/2000/svg"[39m
                [36m>[39m
                  [36m<circle[39m
                    [33mcx[39m=[32m"11"[39m
                    [33mcy[39m=[32m"11"[39m
                    [33mr[39m=[32m"8"[39m
                  [36m/>[39m
                  [36m<path[39m
                    [33md[39m=[32m"m21 21-4.3-4.3"[39m
                  [36m/>[39m
                [36m</svg>[39m
                [36m<input[39m
                  [33mclass[39m=[32m"w-full pl-10 pr-4 py-2 border rounded-lg focus:outline-none focus:ring-2 focus:ring-blue-500"[39m
                  [33mplaceholder[39m=[32m"Search repositories, documentation, APIs..."[39m
                  [33mtype[39m=[32m"text"[39m
                  [33mvalue[39m=[32m"te"[39m
                [36m/>[39m
                [36m<button[39m
                  [33mclass[39m=[32m"absolute right-3 top-1/2 -translate-y-1/2 text-gray-400 hover:text-gray-600"[39m
                [36m>[39m
                  [36m<svg[39m
                    [33mclass[39m=[32m"w-4 h-4"[39m
                    [33mfill[39m=[32m"none"[39m
                    [33mheight[39m=[32m"24"[39m
                    [33mstroke[39m=[32m"currentColor"[39m
                    [33mstroke-linecap[39m=[32m"round"[39m
                    [33mstroke-linejoin[39m=[32m"round"[39m
                    [33mstroke-width[39m=[32m"2"[39m
                    [33mviewBox[39m=[32m"0 0 24 24"[39m
                    [33mwidth[39m=[32m"24"[39m
                    [33mxmlns[39m=[32m"http://www.w3.org/2000/svg"[39m
                  [36m>[39m
                    [36m<path[39m
                      [33md[39m=[32m"M18 6 6 18"[39m
                    [36m/>[39m
                    [36m<path[39m
                      [33md[39m=[32m"m6 6 12 12"[39m
                    [36m/>[39m
                  [36m</svg>[39m
                [36m</button>[39m
              [36m</div>[39m
              [36m<button[39m
                [33mclass[39m=[32m"flex items-center gap-2 px-4 py-2 border rounded-lg hover:bg-gray-50 "[39m
              [36m>[39m
                [36m<svg[39m
                  [33mclass[39m=[32m"w-4 h-4"[39m
                  [33mfill[39m=[32m"none"[39m
                  [33mheight[39m=[32m"24"[39m
                  [33mstroke[39m=[32m"currentColor"[39m
                  [33mstroke-linecap[39m=[32m"round"[39m
                  [33mstroke-linejoin[39m=[32m"round"[39m
                  [33mstroke-width[39m=[32m"2"[39m
                  [33mviewBox[39m=[32m"0 0 24 24"[39m
                  [33mwidth[39m=[32m"24"[39m
                  [33mxmlns[39m=[32m"http://www.w3.org/2000/svg"[39m
                [36m>[39m
                  [36m<polygon[39m
                    [33mpoints[39m=[32m"22 3 2 3 10 12.46 10 19 14 21 14 12.46 22 3"[39m
                  [36m/>[39m
                [36m</svg>[39m
                [0mFilters[0m
              [36m</button>[39m
            [36m</div>[39m
            [36m<div[39m
              [33mclass[39m=[32m"flex gap-2 mb-4"[39m
            [36m>[39m
              [36m<button[39m
                [33mclass[39m=[32m"px-4 py-1 rounded-full text-sm capitalize bg-blue-500 text-white"[39m
              [36m>[39m
                [0mall[0m
              [36m</button>[39m
              [36m<button[39m
                [33mclass[39m=[32m"px-4 py-1 rounded-full text-sm capitalize bg-gray-100 text-gray-700 hover:bg-gray-200"[39m
              [36m>[39m
                [0mrepositories[0m
              [36m</button>[39m
              [36m<button[39m
                [33mclass[39m=[32m"px-4 py-1 rounded-full text-sm capitalize bg-gray-100 text-gray-700 hover:bg-gray-200"[39m
              [36m>[39m
                [0mdocumentation[0m
              [36m</button>[39m
              [36m<button[39m
                [33mclass[39m=[32m"px-4 py-1 rounded-full text-sm capitalize bg-gray-100 text-gray-700 hover:bg-gray-200"[39m
              [36m>[39m
                [0mapis[0m
              [36m</button>[39m
            [36m</div>[39m
          [36m</div>[39m
        [36m</div>[39m
      [36m</div>[39m
    [36m</body>[39m

      117 |   });
      118 |
    > 119 |   it('selects suggestion on click', async () => {
          |                               ^
      120 |     const suggestions = ['test-repo'];
      121 |     (searchService.getSuggestions as jest.Mock).mockResolvedValue(suggestions);
      122 |

      at waitForWrapper (node_modules/@testing-library/react/node_modules/@testing-library/dom/dist/wait-for.js:166:27)
      at Object.<anonymous> (src/components/__tests__/AdvancedSearch.test.tsx:119:31)

  ● AdvancedSearch › selects suggestion on click

    Unable to find an element with the text: test-repo. This could be because the text is broken up by multiple elements. In this case, you can provide a function for your text matcher to make your matcher more flexible.

    Ignored nodes: comments, script, style
    [36m<body>[39m
      [36m<div>[39m
        [36m<div[39m
          [33mclass[39m=[32m"advanced-search "[39m
        [36m>[39m
          [36m<div[39m
            [33mclass[39m=[32m"relative"[39m
          [36m>[39m
            [36m<div[39m
              [33mclass[39m=[32m"flex items-center gap-2 mb-4"[39m
            [36m>[39m
              [36m<div[39m
                [33mclass[39m=[32m"relative flex-1"[39m
              [36m>[39m
                [36m<svg[39m
                  [33mclass[39m=[32m"absolute left-3 top-1/2 -translate-y-1/2 w-5 h-5 text-gray-400"[39m
                  [33mfill[39m=[32m"none"[39m
                  [33mheight[39m=[32m"24"[39m
                  [33mstroke[39m=[32m"currentColor"[39m
                  [33mstroke-linecap[39m=[32m"round"[39m
                  [33mstroke-linejoin[39m=[32m"round"[39m
                  [33mstroke-width[39m=[32m"2"[39m
                  [33mviewBox[39m=[32m"0 0 24 24"[39m
                  [33mwidth[39m=[32m"24"[39m
                  [33mxmlns[39m=[32m"http://www.w3.org/2000/svg"[39m
                [36m>[39m
                  [36m<circle[39m
                    [33mcx[39m=[32m"11"[39m
                    [33mcy[39m=[32m"11"[39m
                    [33mr[39m=[32m"8"[39m
                  [36m/>[39m
                  [36m<path[39m
                    [33md[39m=[32m"m21 21-4.3-4.3"[39m
                  [36m/>[39m
                [36m</svg>[39m
                [36m<input[39m
                  [33mclass[39m=[32m"w-full pl-10 pr-4 py-2 border rounded-lg focus:outline-none focus:ring-2 focus:ring-blue-500"[39m
                  [33mplaceholder[39m=[32m"Search repositories, documentation, APIs..."[39m
                  [33mtype[39m=[32m"text"[39m
                  [33mvalue[39m=[32m"te"[39m
                [36m/>[39m
                [36m<button[39m
                  [33mclass[39m=[32m"absolute right-3 top-1/2 -translate-y-1/2 text-gray-400 hover:text-gray-600"[39m
                [36m>[39m
                  [36m<svg[39m
                    [33mclass[39m=[32m"w-4 h-4"[39m
                    [33mfill[39m=[32m"none"[39m
                    [33mheight[39m=[32m"24"[39m
                    [33mstroke[39m=[32m"currentColor"[39m
                    [33mstroke-linecap[39m=[32m"round"[39m
                    [33mstroke-linejoin[39m=[32m"round"[39m
                    [33mstroke-width[39m=[32m"2"[39m
                    [33mviewBox[39m=[32m"0 0 24 24"[39m
                    [33mwidth[39m=[32m"24"[39m
                    [33mxmlns[39m=[32m"http://www.w3.org/2000/svg"[39m
                  [36m>[39m
                    [36m<path[39m
                      [33md[39m=[32m"M18 6 6 18"[39m
                    [36m/>[39m
                    [36m<path[39m
                      [33md[39m=[32m"m6 6 12 12"[39m
                    [36m/>[39m
                  [36m</svg>[39m
                [36m</button>[39m
              [36m</div>[39m
              [36m<button[39m
                [33mclass[39m=[32m"flex items-center gap-2 px-4 py-2 border rounded-lg hover:bg-gray-50 "[39m
              [36m>[39m
                [36m<svg[39m
                  [33mclass[39m=[32m"w-4 h-4"[39m
                  [33mfill[39m=[32m"none"[39m
                  [33mheight[39m=[32m"24"[39m
                  [33mstroke[39m=[32m"currentColor"[39m
                  [33mstroke-linecap[39m=[32m"round"[39m
                  [33mstroke-linejoin[39m=[32m"round"[39m
                  [33mstroke-width[39m=[32m"2"[39m
                  [33mviewBox[39m=[32m"0 0 24 24"[39m
                  [33mwidth[39m=[32m"24"[39m
                  [33mxmlns[39m=[32m"http://www.w3.org/2000/svg"[39m
                [36m>[39m
                  [36m<polygon[39m
                    [33mpoints[39m=[32m"22 3 2 3 10 12.46 10 19 14 21 14 12.46 22 3"[39m
                  [36m/>[39m
                [36m</svg>[39m
                [0mFilters[0m
              [36m</button>[39m
            [36m</div>[39m
            [36m<div[39m
              [33mclass[39m=[32m"flex gap-2 mb-4"[39m
            [36m>[39m
              [36m<button[39m
                [33mclass[39m=[32m"px-4 py-1 rounded-full text-sm capitalize bg-blue-500 text-white"[39m
              [36m>[39m
                [0mall[0m
              [36m</button>[39m
              [36m<button[39m
                [33mclass[39m=[32m"px-4 py-1 rounded-full text-sm capitalize bg-gray-100 text-gray-700 hover:bg-gray-200"[39m
              [36m>[39m
                [0mrepositories[0m
              [36m</button>[39m
              [36m<button[39m
                [33mclass[39m=[32m"px-4 py-1 rounded-full text-sm capitalize bg-gray-100 text-gray-700 hover:bg-gray-200"[39m
              [36m>[39m
                [0mdocumentation[0m
              [36m</button>[39m
              [36m<button[39m
                [33mclass[39m=[32m"px-4 py-1 rounded-full text-sm capitalize bg-gray-100 text-gray-700 hover:bg-gray-200"[39m
              [36m>[39m
                [0mapis[0m
              [36m</button>[39m
            [36m</div>[39m
          [36m</div>[39m
        [36m</div>[39m
      [36m</div>[39m
    [36m</body>[39m

      133 |
      134 |     expect(input).toHaveValue('test-repo');
    > 135 |   });
          |      ^
      136 |
      137 |   it('toggles filters panel', () => {
      138 |     render(<AdvancedSearch />);

      at waitForWrapper (node_modules/@testing-library/react/node_modules/@testing-library/dom/dist/wait-for.js:166:27)
      at Object.<anonymous> (src/components/__tests__/AdvancedSearch.test.tsx:135:31)

  ● AdvancedSearch › applies filters to search

    expect(jest.fn()).toHaveBeenLastCalledWith(...expected)

    Expected: {"filters": {"languages": ["TypeScript"]}, "limit": 20, "query": "test", "scope": "all"}
    Received
           4: {"filters": {}, "limit": 20, "query": "test", "scope": "all"}
    ->     5
              Object {
                "filters": Object {
            -     "languages": Array [
            -       "TypeScript",
            -     ],
            +     "languages": "TypeScript",
                },
                "limit": 20,
                "query": "test",
                "scope": "all",
              },

    Number of calls: 5

    Ignored nodes: comments, script, style
    [36m<html>[39m
      [36m<head />[39m
      [36m<body>[39m
        [36m<div>[39m
          [36m<div[39m
            [33mclass[39m=[32m"advanced-search "[39m
          [36m>[39m
            [36m<div[39m
              [33mclass[39m=[32m"relative"[39m
            [36m>[39m
              [36m<div[39m
                [33mclass[39m=[32m"flex items-center gap-2 mb-4"[39m
              [36m>[39m
                [36m<div[39m
                  [33mclass[39m=[32m"relative flex-1"[39m
                [36m>[39m
                  [36m<svg[39m
                    [33mclass[39m=[32m"absolute left-3 top-1/2 -translate-y-1/2 w-5 h-5 text-gray-400"[39m
                    [33mfill[39m=[32m"none"[39m
                    [33mheight[39m=[32m"24"[39m
                    [33mstroke[39m=[32m"currentColor"[39m
                    [33mstroke-linecap[39m=[32m"round"[39m
                    [33mstroke-linejoin[39m=[32m"round"[39m
                    [33mstroke-width[39m=[32m"2"[39m
                    [33mviewBox[39m=[32m"0 0 24 24"[39m
                    [33mwidth[39m=[32m"24"[39m
                    [33mxmlns[39m=[32m"http://www.w3.org/2000/svg"[39m
                  [36m>[39m
                    [36m<circle[39m
                      [33mcx[39m=[32m"11"[39m
                      [33mcy[39m=[32m"11"[39m
                      [33mr[39m=[32m"8"[39m
                    [36m/>[39m
                    [36m<path[39m
                      [33md[39m=[32m"m21 21-4.3-4.3"[39m
                    [36m/>[39m
                  [36m</svg>[39m
                  [36m<input[39m
                    [33mclass[39m=[32m"w-full pl-10 pr-4 py-2 border rounded-lg focus:outline-none focus:ring-2 focus:ring-blue-500"[39m
                    [33mplaceholder[39m=[32m"Search repositories, documentation, APIs..."[39m
                    [33mtype[39m=[32m"text"[39m
                    [33mvalue[39m=[32m"test"[39m
                  [36m/>[39m
                  [36m<button[39m
                    [33mclass[39m=[32m"absolute right-3 top-1/2 -translate-y-1/2 text-gray-400 hover:text-gray-600"[39m
                  [36m>[39m
                    [36m<svg[39m
                      [33mclass[39m=[32m"w-4 h-4"[39m
                      [33mfill[39m=[32m"none"[39m
                      [33mheight[39m=[32m"24"[39m
                      [33mstroke[39m=[32m"currentColor"[39m
                      [33mstroke-linecap[39m=[32m"round"[39m
                      [33mstroke-linejoin[39m=[32m"round"[39m
                      [33mstroke-width[39m=[32m"2"[39m
                      [33mviewBox[39m=[32m"0 0 24 24"[39m
                      [33mwidth[39m=[32m"24"[39m
                      [33mxmlns[39m=[32m"http://www.w3.org/2000/svg"[39m
                    [36m>[39m
                      [36m<path[39m
                        [33md[39m=[32m"M18 6 6 18"[39m
                      [36m/>[39m
                      [36m<path[39m
                        [33md[39m=[32m"m6 6 12 12"[39m
                      [36m/>[39m
                    [36m</svg>[39m
                  [36m</button>[39m
                [36m</div>[39m
                [36m<button[39m
                  [33mclass[39m=[32m"flex items-center gap-2 px-4 py-2 border rounded-lg hover:bg-gray-50 bg-gray-50"[39m
                [36m>[39m
                  [36m<svg[39m
                    [33mclass[39m=[32m"w-4 h-4"[39m
                    [33mfill[39m=[32m"none"[39m
                    [33mheight[39m=[32m"24"[39m
                    [33mstroke[39m=[32m"currentColor"[39m
                    [33mstroke-linecap[39m=[32m"round"[39m
                    [33mstroke-linejoin[39m=[32m"round"[39m
                    [33mstroke-width[39m=[32m"2"[39m
                    [33mviewBox[39m=[32m"0 0 24 24"[39m
                    [33mwidth[39m=[32m"24"[39m
                    [33mxmlns[39m=[32m"http://www.w3.org/2000/svg"[39m
                  [36m>[39m
                    [36m<polygon[39m
                      [33mpoints[39m=[32m"22 3 2 3 10 12.46 10 19 14 21 14 12.46 22 3"[39m
                    [36m/>[39m
                  [36m</svg>[39m
                  [0mFilters[0m
                  [36m<span[39m
                    [33mclass[39m=[32m"bg-blue-500 text-white text-xs px-2 py-0.5 rounded-full"[39m
                  [36m>[39m
                    [0m1[0m
                  [36m</span>[39m
                [36m</button>[39m
              [36m</div>[39m
              [36m<div[39m
                [33mclass[39m=[32m"flex gap-2 mb-4"[39m
              [36m>[39m
                [36m<button[39m
                  [33mclass[39m=[32m"px-4 py-1 rounded-full text-sm capitalize bg-blue-500 text-white"[39m
                [36m>[39m
                  [0mall[0m
                [36m</button>[39m
                [36m<button[39m
                  [33mclass[39m=[32m"px-4 py-1 rounded-full text-sm capitalize bg-gray-100 text-gray-700 hover:bg-gray-200"[39m
                [36m>[39m
                  [0mrepositories[0m
                [36m</button>[39m
                [36m<button[39m
                  [33mclass[39m=[32m"px-4 py-1 rounded-full text-sm capitalize bg-gray-100 text-gray-700 hover:bg-gray-200"[39m
                [36m>[39m
                  [0mdocumentation[0m
                [36m</button>[39m
                [36m<button[39m
                  [33mclass[39m=[32m"px-4 py-1 rounded-full text-sm capitalize bg-gray-100 text-gray-700 hover:bg-gray-200"[39m
                [36m>[39m
                  [0mapis[0m
                [36m</button>[39m
              [36m</div>[39m
            [36m</div>[39m
            [36m<div[39m
              [33mclass[39m=[32m"mb-4 p-4 bg-gray-50 rounded-lg"[39m
            [36m>[39m
              [36m<div[39m
                [33mclass[39m=[32m"flex items-center justify-between mb-3"[39m
              [36m>[39m
                [36m<h3[39m
                  [33mclass[39m=[32m"font-medium"[39m
                [36m>[39m
                  [0mFilters[0m
                [36m</h3>[39m
                [36m<button[39m
                  [33mclass[39m=[32m"text-sm text-blue-500 hover:text-blue-600"[39m
                [36m>[39m
                  [0mClear all[0m
                [36m</button>[39m
              [36m</div>[39m
              [36m<div[39m
                [33mclass[39m=[32m"space-y-3"[39m
              [36m>[39m
                [36m<div>[39m
                  [36m<h4[39m
                    [33mclass[39m=[32m"text-sm font-medium mb-2"[39m
                  [36m>[39m
                    [0mLanguage[0m
                  [36m</h4>[39m
                  [36m<div[39m
                    [33mclass[39m=[32m"flex flex-wrap gap-2"[39m
                  [36m>[39m
                    [36m<button[39m
                      [33mclass[39m=[32m"px-3 py-1 text-sm rounded-full bg-blue-500 text-white"[39m
                    [36m>[39m
                      [0mTypeScript[0m
                      [0m ([0m
                      [0m3[0m
                      [0m)[0m
                    [36m</button>[39m
                  [36m</div>[39m
                [36m</div>[39m
              [36m</div>[39m
            [36m</div>[39m
            [36m<div>[39m
              [36m<div[39m
                [33mclass[39m=[32m"flex items-center justify-between mb-4"[39m
              [36m>[39m
                [36m<p[39m
                  [33mclass[39m=[32m"text-sm text-gray-600"[39m
                [36m>[39m
                  [0mFound [0m
                  [0m0[0m
                  [0m results[0m
                  [36m<span[39m
                    [33mclass[39m=[32m"text-gray-400"[39m
                  [36m>[39m
                    [0m in [0m
                    [0m50[0m
                    [0mms[0m
                  [36m</span>[39m
                [36m</p>[39m
              [36m</div>[39m
              [36m<div[39m
                [33mclass[39m=[32m"space-y-3"[39m
              [36m/>[39m
              [36m<div[39m
                [33mclass[39m=[32m"text-center py-8 text-gray-500"[39m
              [36m>[39m
                [36m<p>[39m
                  [0mNo results found for "[0m
                  [0mtest[0m
                  [0m"[0m
                [36m</p>[39m
              [36m</div>[39m
            [36m</div>[39m
          [36m</div>[39m
        [36m</div>[39m
      [36m</body>[39m
    [36m</html>[39m

      258 |     const mockResponse = {
      259 |       query: 'test',
    > 260 |       results: [],
          |                   ^
      261 |       totalCount: 0,
      262 |       facets: {
      263 |         repositories: [],

      at src/components/__tests__/AdvancedSearch.test.tsx:260:51
      at runWithExpensiveErrorDiagnosticsDisabled (node_modules/@testing-library/react/node_modules/@testing-library/dom/dist/config.js:47:12)
      at checkCallback (node_modules/@testing-library/react/node_modules/@testing-library/dom/dist/wait-for.js:127:77)
      at checkRealTimersCallback (node_modules/@testing-library/react/node_modules/@testing-library/dom/dist/wait-for.js:121:16)
      at Timeout.task [as _onTimeout] (node_modules/jsdom/lib/jsdom/browser/Window.js:516:19)

  ● AdvancedSearch › calls onResultSelect when result is clicked

    Found multiple elements with the text: test-repo

    Here are the matching elements:

    Ignored nodes: comments, script, style
    [36m<h3[39m
      [33mclass[39m=[32m"font-medium text-lg flex items-center gap-2"[39m
    [36m>[39m
      [0mtest-repo[0m
      [36m<span[39m
        [33mclass[39m=[32m"text-xs px-2 py-0.5 bg-gray-100 text-gray-600 rounded"[39m
      [36m>[39m
        [0mrepository[0m
      [36m</span>[39m
    [36m</h3>[39m

    Ignored nodes: comments, script, style
    [36m<span>[39m
      [0mtest-repo[0m
    [36m</span>[39m

    (If this is intentional, then use the `*AllBy*` variant of the query (like `queryAllByText`, `getAllByText`, or `findAllByText`)).

    Ignored nodes: comments, script, style
    [36m<body>[39m
      [36m<div>[39m
        [36m<div[39m
          [33mclass[39m=[32m"advanced-search "[39m
        [36m>[39m
          [36m<div[39m
            [33mclass[39m=[32m"relative"[39m
          [36m>[39m
            [36m<div[39m
              [33mclass[39m=[32m"flex items-center gap-2 mb-4"[39m
            [36m>[39m
              [36m<div[39m
                [33mclass[39m=[32m"relative flex-1"[39m
              [36m>[39m
                [36m<svg[39m
                  [33mclass[39m=[32m"absolute left-3 top-1/2 -translate-y-1/2 w-5 h-5 text-gray-400"[39m
                  [33mfill[39m=[32m"none"[39m
                  [33mheight[39m=[32m"24"[39m
                  [33mstroke[39m=[32m"currentColor"[39m
                  [33mstroke-linecap[39m=[32m"round"[39m
                  [33mstroke-linejoin[39m=[32m"round"[39m
                  [33mstroke-width[39m=[32m"2"[39m
                  [33mviewBox[39m=[32m"0 0 24 24"[39m
                  [33mwidth[39m=[32m"24"[39m
                  [33mxmlns[39m=[32m"http://www.w3.org/2000/svg"[39m
                [36m>[39m
                  [36m<circle[39m
                    [33mcx[39m=[32m"11"[39m
                    [33mcy[39m=[32m"11"[39m
                    [33mr[39m=[32m"8"[39m
                  [36m/>[39m
                  [36m<path[39m
                    [33md[39m=[32m"m21 21-4.3-4.3"[39m
                  [36m/>[39m
                [36m</svg>[39m
                [36m<input[39m
                  [33mclass[39m=[32m"w-full pl-10 pr-4 py-2 border rounded-lg focus:outline-none focus:ring-2 focus:ring-blue-500"[39m
                  [33mplaceholder[39m=[32m"Search repositories, documentation, APIs..."[39m
                  [33mtype[39m=[32m"text"[39m
                  [33mvalue[39m=[32m"test"[39m
                [36m/>[39m
                [36m<button[39m
                  [33mclass[39m=[32m"absolute right-3 top-1/2 -translate-y-1/2 text-gray-400 hover:text-gray-600"[39m
                [36m>[39m
                  [36m<svg[39m
                    [33mclass[39m=[32m"w-4 h-4"[39m
                    [33mfill[39m=[32m"none"[39m
                    [33mheight[39m=[32m"24"[39m
                    [33mstroke[39m=[32m"currentColor"[39m
                    [33mstroke-linecap[39m=[32m"round"[39m
                    [33mstroke-linejoin[39m=[32m"round"[39m
                    [33mstroke-width[39m=[32m"2"[39m
                    [33mviewBox[39m=[32m"0 0 24 24"[39m
                    [33mwidth[39m=[32m"24"[39m
                    [33mxmlns[39m=[32m"http://www.w3.org/2000/svg"[39m
                  [36m>[39m
                    [36m<path[39m
                      [33md[39m=[32m"M18 6 6 18"[39m
                    [36m/>[39m
                    [36m<path[39m
                      [33md[39m=[32m"m6 6 12 12"[39m
                    [36m/>[39m
                  [36m</svg>[39m
                [36m</button>[39m
              [36m</div>[39m
              [36m<button[39m
                [33mclass[39m=[32m"flex items-center gap-2 px-4 py-2 border rounded-lg hover:bg-gray-50 "[39m
              [36m>[39m
                [36m<svg[39m
                  [33mclass[39m=[32m"w-4 h-4"[39m
                  [33mfill[39m=[32m"none"[39m
                  [33mheight[39m=[32m"24"[39m
                  [33mstroke[39m=[32m"currentColor"[39m
                  [33mstroke-linecap[39m=[32m"round"[39m
                  [33mstroke-linejoin[39m=[32m"round"[39m
                  [33mstroke-width[39m=[32m"2"[39m
                  [33mviewBox[39m=[32m"0 0 24 24"[39m
                  [33mwidth[39m=[32m"24"[39m
                  [33mxmlns[39m=[32m"http://www.w3.org/2000/svg"[39m
                [36m>[39m
                  [36m<polygon[39m
                    [33mpoints[39m=[32m"22 3 2 3 10 12.46 10 19 14 21 14 12.46 22 3"[39m
                  [36m/>[39m
                [36m</svg>[39m
                [0mFilters[0m
              [36m</button>[39m
            [36m</div>[39m
            [36m<div[39m
              [33mclass[39m=[32m"flex gap-2 mb-4"[39m
            [36m>[39m
              [36m<button[39m
                [33mclass[39m=[32m"px-4 py-1 rounded-full text-sm capitalize bg-blue-500 text-white"[39m
              [36m>[39m
                [0mall[0m
              [36m</button>[39m
              [36m<button[39m
                [33mclass[39m=[32m"px-4 py-1 rounded-full text-sm capitalize bg-gray-100 text-gray-700 hover:bg-gray-200"[39m
              [36m>[39m
                [0mrepositories[0m
              [36m</button>[39m
              [36m<button[39m
                [33mclass[39m=[32m"px-4 py-1 rounded-full text-sm capitalize bg-gray-100 text-gray-700 hover:bg-gray-200"[39m
              [36m>[39m
                [0mdocumentation[0m
              [36m</button>[39m
              [36m<button[39m
                [33mclass[39m=[32m"px-4 py-1 rounded-full text-sm capitalize bg-gray-100 text-gray-700 hover:bg-gray-200"[39m
              [36m>[39m
                [0mapis[0m
              [36m</button>[39m
            [36m</div>[39m
          [36m</div>[39m
          [36m<div>[39m
            [36m<div[39m
              [33mclass[39m=[32m"flex items-center justify-between mb-4"[39m
            [36m>[39m
              [36m<p[39m
                [33mclass[39m=[32m"text-sm text-gray-600"[39m
              [36m>[39m
                [0mFound [0m
                [0m1[0m
                [0m results[0m
                [36m<span[39m
                  [33mclass[39m=[32m"text-gray-400"[39m
                [36m>[39m
                  [0m in [0m
                  [0m50[0m
                  [0mms[0m
                [36m</span>[39m
              [36m</p>[39m
            [36m</div>[39m
            [36m<div[39m
              [33mclass[39m=[32m"space-y-3"[39m
            [36m>[39m
              [36m<div[39m
                [33mclass[39m=[32m"p-4 bg-white border rounded-lg hover:shadow-md cursor-pointer transition-shadow"[39m
              [36m>[39m
                [36m<div[39m
                  [33mclass[39m=[32m"flex items-start gap-3"[39m
                [36m>[39m
                  [36m<div[39m
                    [33mclass[39m=[32m"text-gray-400 mt-1"[39m
                  [36m>[39m
                    [36m<svg[39m
                      [33mclass[39m=[32m"w-4 h-4"[39m
                      [33mfill[39m=[32m"none"[39m
                      [33mheight[39m=[32m"24"[39m
                      [33mstroke[39m=[32m"currentColor"[39m
                      [33mstroke-linecap[39m=[32m"round"[39m
                      [33mstroke-linejoin[39m=[32m"round"[39m
                      [33mstroke-width[39m=[32m"2"[39m
                      [33mviewBox[39m=[32m"0 0 24 24"[39m
                      [33mwidth[39m=[32m"24"[39m
                      [33mxmlns[39m=[32m"http://www.w3.org/2000/svg"[39m
                    [36m>[39m
                      [36m<path[39m
                        [33md[39m=[32m"M21 8a2 2 0 0 0-1-1.73l-7-4a2 2 0 0 0-2 0l-7 4A2 2 0 0 0 3 8v8a2 2 0 0 0 1 1.73l7 4a2 2 0 0 0 2 0l7-4A2 2 0 0 0 21 16Z"[39m
                      [36m/>[39m
                      [36m<path[39m
                        [33md[39m=[32m"m3.3 7 8.7 5 8.7-5"[39m
                      [36m/>[39m
                      [36m<path[39m
                        [33md[39m=[32m"M12 22V12"[39m
                      [36m/>[39m
                    [36m</svg>[39m
                  [36m</div>[39m
                  [36m<div[39m
                    [33mclass[39m=[32m"flex-1"[39m
                  [36m>[39m
                    [36m<h3[39m
                      [33mclass[39m=[32m"font-medium text-lg flex items-center gap-2"[39m
                    [36m>[39m
                      [0mtest-repo[0m
                      [36m<span[39m
                        [33mclass[39m=[32m"text-xs px-2 py-0.5 bg-gray-100 text-gray-600 rounded"[39m
                      [36m>[39m
                        [0mrepository[0m
                      [36m</span>[39m
                    [36m</h3>[39m
                    [36m<div[39m
                      [33mclass[39m=[32m"flex items-center gap-4 mt-2 text-xs text-gray-500"[39m
                    [36m>[39m
                      [36m<span>[39m
                        [0mtest-repo[0m
                      [36m</span>[39m
                    [36m</div>[39m
                  [36m</div>[39m
                [36m</div>[39m
              [36m</div>[39m
            [36m</div>[39m
          [36m</div>[39m
        [36m</div>[39m
      [36m</div>[39m
    [36m</body>[39m

      345 |     const mockResponse = {
      346 |       query: 'nonexistent',
    > 347 |       results: [],
          |                   ^
      348 |       totalCount: 0,
      349 |       facets: {
      350 |         repositories: [],

      at waitForWrapper (node_modules/@testing-library/react/node_modules/@testing-library/dom/dist/wait-for.js:166:27)
      at Object.<anonymous> (src/components/__tests__/AdvancedSearch.test.tsx:347:31)

  ● AdvancedSearch › handles keyboard navigation for suggestions

    Unable to find an element with the text: test-repo. This could be because the text is broken up by multiple elements. In this case, you can provide a function for your text matcher to make your matcher more flexible.

    Ignored nodes: comments, script, style
    [36m<body>[39m
      [36m<div>[39m
        [36m<div[39m
          [33mclass[39m=[32m"advanced-search "[39m
        [36m>[39m
          [36m<div[39m
            [33mclass[39m=[32m"relative"[39m
          [36m>[39m
            [36m<div[39m
              [33mclass[39m=[32m"flex items-center gap-2 mb-4"[39m
            [36m>[39m
              [36m<div[39m
                [33mclass[39m=[32m"relative flex-1"[39m
              [36m>[39m
                [36m<svg[39m
                  [33mclass[39m=[32m"absolute left-3 top-1/2 -translate-y-1/2 w-5 h-5 text-gray-400"[39m
                  [33mfill[39m=[32m"none"[39m
                  [33mheight[39m=[32m"24"[39m
                  [33mstroke[39m=[32m"currentColor"[39m
                  [33mstroke-linecap[39m=[32m"round"[39m
                  [33mstroke-linejoin[39m=[32m"round"[39m
                  [33mstroke-width[39m=[32m"2"[39m
                  [33mviewBox[39m=[32m"0 0 24 24"[39m
                  [33mwidth[39m=[32m"24"[39m
                  [33mxmlns[39m=[32m"http://www.w3.org/2000/svg"[39m
                [36m>[39m
                  [36m<circle[39m
                    [33mcx[39m=[32m"11"[39m
                    [33mcy[39m=[32m"11"[39m
                    [33mr[39m=[32m"8"[39m
                  [36m/>[39m
                  [36m<path[39m
                    [33md[39m=[32m"m21 21-4.3-4.3"[39m
                  [36m/>[39m
                [36m</svg>[39m
                [36m<input[39m
                  [33mclass[39m=[32m"w-full pl-10 pr-4 py-2 border rounded-lg focus:outline-none focus:ring-2 focus:ring-blue-500"[39m
                  [33mplaceholder[39m=[32m"Search repositories, documentation, APIs..."[39m
                  [33mtype[39m=[32m"text"[39m
                  [33mvalue[39m=[32m"te"[39m
                [36m/>[39m
                [36m<button[39m
                  [33mclass[39m=[32m"absolute right-3 top-1/2 -translate-y-1/2 text-gray-400 hover:text-gray-600"[39m
                [36m>[39m
                  [36m<svg[39m
                    [33mclass[39m=[32m"w-4 h-4"[39m
                    [33mfill[39m=[32m"none"[39m
                    [33mheight[39m=[32m"24"[39m
                    [33mstroke[39m=[32m"currentColor"[39m
                    [33mstroke-linecap[39m=[32m"round"[39m
                    [33mstroke-linejoin[39m=[32m"round"[39m
                    [33mstroke-width[39m=[32m"2"[39m
                    [33mviewBox[39m=[32m"0 0 24 24"[39m
                    [33mwidth[39m=[32m"24"[39m
                    [33mxmlns[39m=[32m"http://www.w3.org/2000/svg"[39m
                  [36m>[39m
                    [36m<path[39m
                      [33md[39m=[32m"M18 6 6 18"[39m
                    [36m/>[39m
                    [36m<path[39m
                      [33md[39m=[32m"m6 6 12 12"[39m
                    [36m/>[39m
                  [36m</svg>[39m
                [36m</button>[39m
              [36m</div>[39m
              [36m<button[39m
                [33mclass[39m=[32m"flex items-center gap-2 px-4 py-2 border rounded-lg hover:bg-gray-50 "[39m
              [36m>[39m
                [36m<svg[39m
                  [33mclass[39m=[32m"w-4 h-4"[39m
                  [33mfill[39m=[32m"none"[39m
                  [33mheight[39m=[32m"24"[39m
                  [33mstroke[39m=[32m"currentColor"[39m
                  [33mstroke-linecap[39m=[32m"round"[39m
                  [33mstroke-linejoin[39m=[32m"round"[39m
                  [33mstroke-width[39m=[32m"2"[39m
                  [33mviewBox[39m=[32m"0 0 24 24"[39m
                  [33mwidth[39m=[32m"24"[39m
                  [33mxmlns[39m=[32m"http://www.w3.org/2000/svg"[39m
                [36m>[39m
                  [36m<polygon[39m
                    [33mpoints[39m=[32m"22 3 2 3 10 12.46 10 19 14 21 14 12.46 22 3"[39m
                  [36m/>[39m
                [36m</svg>[39m
                [0mFilters[0m
              [36m</button>[39m
            [36m</div>[39m
            [36m<div[39m
              [33mclass[39m=[32m"flex gap-2 mb-4"[39m
            [36m>[39m
              [36m<button[39m
                [33mclass[39m=[32m"px-4 py-1 rounded-full text-sm capitalize bg-blue-500 text-white"[39m
              [36m>[39m
                [0mall[0m
              [36m</button>[39m
              [36m<button[39m
                [33mclass[39m=[32m"px-4 py-1 rounded-full text-sm capitalize bg-gray-100 text-gray-700 hover:bg-gray-200"[39m
              [36m>[39m
                [0mrepositories[0m
              [36m</button>[39m
              [36m<button[39m
                [33mclass[39m=[32m"px-4 py-1 rounded-full text-sm capitalize bg-gray-100 text-gray-700 hover:bg-gray-200"[39m
              [36m>[39m
                [0mdocumentation[0m
              [36m</button>[39m
              [36m<button[39m
                [33mclass[39m=[32m"px-4 py-1 rounded-full text-sm capitalize bg-gray-100 text-gray-700 hover:bg-gray-200"[39m
              [36m>[39m
                [0mapis[0m
              [36m</button>[39m
            [36m</div>[39m
          [36m</div>[39m
        [36m</div>[39m
      [36m</div>[39m
    [36m</body>[39m

      390 |     // Press enter to select
      391 |     fireEvent.keyDown(input, { key: 'Enter' });
    > 392 |     
          |     ^
      393 |     expect(input).toHaveValue('test-repo');
      394 |   });
      395 | });

      at waitForWrapper (node_modules/@testing-library/react/node_modules/@testing-library/dom/dist/wait-for.js:166:27)
      at Object.<anonymous> (src/components/__tests__/AdvancedSearch.test.tsx:392:31)

FAIL src/__tests__/enhancedViewerIntegration.test.tsx
  ● Test suite failed to run

    Jest encountered an unexpected token

    Jest failed to parse a file. This happens e.g. when your code or its dependencies use non-standard JavaScript syntax, or when Jest is not configured to support such syntax.

    Out of the box Jest supports Babel, which will be used to transform your files into valid JS based on your Babel configuration.

    By default "node_modules" folder is ignored by transformers.

    Here's what you can do:
     • If you are trying to use ECMAScript Modules, see https://jestjs.io/docs/ecmascript-modules for how to enable it.
     • If you are trying to use TypeScript, see https://jestjs.io/docs/getting-started#using-typescript
     • To have some of your "node_modules" files transformed, you can specify a custom "transformIgnorePatterns" in your config.
     • If you need a custom transformation specify a "transform" option in your config.
     • If you simply want to mock your non-JS modules (e.g. binary assets) you can stub them out with the "moduleNameMapper" config option.

    You'll find more details and examples of these config options in the docs:
    https://jestjs.io/docs/configuration
    For information about custom transformations, see:
    https://jestjs.io/docs/code-transformation

    Details:

    /Users/lisasimon/repos/axiom-innovation-repos/axiom-ai-experience-center/node_modules/remark-gfm/index.js:6
    import {gfm} from 'micromark-extension-gfm'
    ^^^^^^

    SyntaxError: Cannot use import statement outside a module

      12 | import React, { useState, useEffect, useRef, useMemo } from 'react';
      13 | import ReactMarkdown from 'react-markdown';
    > 14 | import remarkGfm from 'remark-gfm';
         | ^
      15 | import rehypeHighlight from 'rehype-highlight';
      16 | import rehypeSlug from 'rehype-slug';
      17 | import rehypeAutolinkHeadings from 'rehype-autolink-headings';

      at Runtime.createScriptFromCode (node_modules/jest-runtime/build/index.js:1728:14)
      at Object.<anonymous> (src/components/EnhancedMarkdownViewer.tsx:14:1)
      at Object.<anonymous> (src/__tests__/enhancedViewerIntegration.test.tsx:6:1)

FAIL src/components/__tests__/EnhancedMarkdownViewer.test.tsx
  ● Test suite failed to run

    Jest encountered an unexpected token

    Jest failed to parse a file. This happens e.g. when your code or its dependencies use non-standard JavaScript syntax, or when Jest is not configured to support such syntax.

    Out of the box Jest supports Babel, which will be used to transform your files into valid JS based on your Babel configuration.

    By default "node_modules" folder is ignored by transformers.

    Here's what you can do:
     • If you are trying to use ECMAScript Modules, see https://jestjs.io/docs/ecmascript-modules for how to enable it.
     • If you are trying to use TypeScript, see https://jestjs.io/docs/getting-started#using-typescript
     • To have some of your "node_modules" files transformed, you can specify a custom "transformIgnorePatterns" in your config.
     • If you need a custom transformation specify a "transform" option in your config.
     • If you simply want to mock your non-JS modules (e.g. binary assets) you can stub them out with the "moduleNameMapper" config option.

    You'll find more details and examples of these config options in the docs:
    https://jestjs.io/docs/configuration
    For information about custom transformations, see:
    https://jestjs.io/docs/code-transformation

    Details:

    /Users/lisasimon/repos/axiom-innovation-repos/axiom-ai-experience-center/node_modules/remark-gfm/index.js:6
    import {gfm} from 'micromark-extension-gfm'
    ^^^^^^

    SyntaxError: Cannot use import statement outside a module

      12 | import React, { useState, useEffect, useRef, useMemo } from 'react';
      13 | import ReactMarkdown from 'react-markdown';
    > 14 | import remarkGfm from 'remark-gfm';
         | ^
      15 | import rehypeHighlight from 'rehype-highlight';
      16 | import rehypeSlug from 'rehype-slug';
      17 | import rehypeAutolinkHeadings from 'rehype-autolink-headings';

      at Runtime.createScriptFromCode (node_modules/jest-runtime/build/index.js:1728:14)
      at Object.<anonymous> (src/components/EnhancedMarkdownViewer.tsx:14:1)
      at Object.<anonymous> (src/components/__tests__/EnhancedMarkdownViewer.test.tsx:5:1)

FAIL src/components/__tests__/DocumentationView.test.tsx
  ● Test suite failed to run

    Jest encountered an unexpected token

    Jest failed to parse a file. This happens e.g. when your code or its dependencies use non-standard JavaScript syntax, or when Jest is not configured to support such syntax.

    Out of the box Jest supports Babel, which will be used to transform your files into valid JS based on your Babel configuration.

    By default "node_modules" folder is ignored by transformers.

    Here's what you can do:
     • If you are trying to use ECMAScript Modules, see https://jestjs.io/docs/ecmascript-modules for how to enable it.
     • If you are trying to use TypeScript, see https://jestjs.io/docs/getting-started#using-typescript
     • To have some of your "node_modules" files transformed, you can specify a custom "transformIgnorePatterns" in your config.
     • If you need a custom transformation specify a "transform" option in your config.
     • If you simply want to mock your non-JS modules (e.g. binary assets) you can stub them out with the "moduleNameMapper" config option.

    You'll find more details and examples of these config options in the docs:
    https://jestjs.io/docs/configuration
    For information about custom transformations, see:
    https://jestjs.io/docs/code-transformation

    Details:

    /Users/lisasimon/repos/axiom-innovation-repos/axiom-ai-experience-center/node_modules/remark-gfm/index.js:6
    import {gfm} from 'micromark-extension-gfm'
    ^^^^^^

    SyntaxError: Cannot use import statement outside a module

      12 | import React, { useState, useEffect, useRef, useMemo } from 'react';
      13 | import ReactMarkdown from 'react-markdown';
    > 14 | import remarkGfm from 'remark-gfm';
         | ^
      15 | import rehypeHighlight from 'rehype-highlight';
      16 | import rehypeSlug from 'rehype-slug';
      17 | import rehypeAutolinkHeadings from 'rehype-autolink-headings';

      at Runtime.createScriptFromCode (node_modules/jest-runtime/build/index.js:1728:14)
      at Object.<anonymous> (src/components/EnhancedMarkdownViewer.tsx:14:1)
      at Object.<anonymous> (src/components/DocumentationView.tsx:9:1)
      at Object.<anonymous> (src/components/__tests__/DocumentationView.test.tsx:5:1)


Test Suites: 30 failed, 15 passed, 45 total
Tests:       167 failed, 1 skipped, 306 passed, 474 total
Snapshots:   0 total
Time:        8.168 s
Ran all test suites related to changed files.

